build-and-deploy	Set up job	﻿2026-02-17T18:25:47.5149669Z Current runner version: '2.331.0'
build-and-deploy	Set up job	2026-02-17T18:25:47.5173868Z ##[group]Runner Image Provisioner
build-and-deploy	Set up job	2026-02-17T18:25:47.5174790Z Hosted Compute Agent
build-and-deploy	Set up job	2026-02-17T18:25:47.5175443Z Version: 20260123.484
build-and-deploy	Set up job	2026-02-17T18:25:47.5176085Z Commit: 6bd6555ca37d84114959e1c76d2c01448ff61c5d
build-and-deploy	Set up job	2026-02-17T18:25:47.5176815Z Build Date: 2026-01-23T19:41:17Z
build-and-deploy	Set up job	2026-02-17T18:25:47.5177534Z Worker ID: {4634cc5e-3417-4042-9f98-fd2d368ed4b5}
build-and-deploy	Set up job	2026-02-17T18:25:47.5178508Z Azure Region: westcentralus
build-and-deploy	Set up job	2026-02-17T18:25:47.5179181Z ##[endgroup]
build-and-deploy	Set up job	2026-02-17T18:25:47.5180692Z ##[group]Operating System
build-and-deploy	Set up job	2026-02-17T18:25:47.5181652Z Ubuntu
build-and-deploy	Set up job	2026-02-17T18:25:47.5182287Z 24.04.3
build-and-deploy	Set up job	2026-02-17T18:25:47.5182797Z LTS
build-and-deploy	Set up job	2026-02-17T18:25:47.5183323Z ##[endgroup]
build-and-deploy	Set up job	2026-02-17T18:25:47.5183919Z ##[group]Runner Image
build-and-deploy	Set up job	2026-02-17T18:25:47.5184503Z Image: ubuntu-24.04
build-and-deploy	Set up job	2026-02-17T18:25:47.5185095Z Version: 20260209.23.1
build-and-deploy	Set up job	2026-02-17T18:25:47.5186091Z Included Software: https://github.com/actions/runner-images/blob/ubuntu24/20260209.23/images/ubuntu/Ubuntu2404-Readme.md
build-and-deploy	Set up job	2026-02-17T18:25:47.5187761Z Image Release: https://github.com/actions/runner-images/releases/tag/ubuntu24%2F20260209.23
build-and-deploy	Set up job	2026-02-17T18:25:47.5188992Z ##[endgroup]
build-and-deploy	Set up job	2026-02-17T18:25:47.5190162Z ##[group]GITHUB_TOKEN Permissions
build-and-deploy	Set up job	2026-02-17T18:25:47.5192467Z Contents: read
build-and-deploy	Set up job	2026-02-17T18:25:47.5193107Z Metadata: read
build-and-deploy	Set up job	2026-02-17T18:25:47.5193711Z Packages: read
build-and-deploy	Set up job	2026-02-17T18:25:47.5194240Z ##[endgroup]
build-and-deploy	Set up job	2026-02-17T18:25:47.5196456Z Secret source: Actions
build-and-deploy	Set up job	2026-02-17T18:25:47.5197210Z Prepare workflow directory
build-and-deploy	Set up job	2026-02-17T18:25:47.5566933Z Prepare all required actions
build-and-deploy	Set up job	2026-02-17T18:25:47.5606459Z Getting action download info
build-and-deploy	Set up job	2026-02-17T18:25:47.9954933Z Download action repository 'actions/checkout@v4' (SHA:34e114876b0b11c390a56381ad16ebd13914f8d5)
build-and-deploy	Set up job	2026-02-17T18:25:48.1210382Z Download action repository 'docker/login-action@v3' (SHA:c94ce9fb468520275223c153574b00df6fe4bcc9)
build-and-deploy	Set up job	2026-02-17T18:25:48.9151817Z Download action repository 'docker/build-push-action@v5' (SHA:ca052bb54ab0790a636c9b5f226502c73d547a25)
build-and-deploy	Set up job	2026-02-17T18:25:49.7802312Z Download action repository 'appleboy/ssh-action@v1.0.3' (SHA:029f5b4aeeeb58fdfe1410a5d17f967dacf36262)
build-and-deploy	Set up job	2026-02-17T18:25:50.4564685Z Complete job name: build-and-deploy
build-and-deploy	Build appleboy/ssh-action@v1.0.3	﻿2026-02-17T18:25:50.4987782Z ##[group]Build container for action use: '/home/runner/work/_actions/appleboy/ssh-action/v1.0.3/Dockerfile'.
build-and-deploy	Build appleboy/ssh-action@v1.0.3	2026-02-17T18:25:50.5031352Z ##[command]/usr/bin/docker build -t 859912:7cac645d52ce489a9729cf33f245c7aa -f "/home/runner/work/_actions/appleboy/ssh-action/v1.0.3/Dockerfile" "/home/runner/work/_actions/appleboy/ssh-action/v1.0.3"
build-and-deploy	Build appleboy/ssh-action@v1.0.3	2026-02-17T18:25:53.3084912Z #0 building with "default" instance using docker driver
build-and-deploy	Build appleboy/ssh-action@v1.0.3	2026-02-17T18:25:53.3085560Z 
build-and-deploy	Build appleboy/ssh-action@v1.0.3	2026-02-17T18:25:53.3085774Z #1 [internal] load build definition from Dockerfile
build-and-deploy	Build appleboy/ssh-action@v1.0.3	2026-02-17T18:25:53.3086189Z #1 transferring dockerfile: 149B done
build-and-deploy	Build appleboy/ssh-action@v1.0.3	2026-02-17T18:25:53.3086577Z #1 DONE 0.0s
build-and-deploy	Build appleboy/ssh-action@v1.0.3	2026-02-17T18:25:53.3086768Z 
build-and-deploy	Build appleboy/ssh-action@v1.0.3	2026-02-17T18:25:53.3086999Z #2 [internal] load metadata for ghcr.io/appleboy/drone-ssh:1.7.3
build-and-deploy	Build appleboy/ssh-action@v1.0.3	2026-02-17T18:25:53.8589676Z #2 DONE 0.7s
build-and-deploy	Build appleboy/ssh-action@v1.0.3	2026-02-17T18:25:54.0599039Z 
build-and-deploy	Build appleboy/ssh-action@v1.0.3	2026-02-17T18:25:54.0599822Z #3 [internal] load .dockerignore
build-and-deploy	Build appleboy/ssh-action@v1.0.3	2026-02-17T18:25:54.0600387Z #3 transferring context: 2B done
build-and-deploy	Build appleboy/ssh-action@v1.0.3	2026-02-17T18:25:54.0600839Z #3 DONE 0.0s
build-and-deploy	Build appleboy/ssh-action@v1.0.3	2026-02-17T18:25:54.0601409Z 
build-and-deploy	Build appleboy/ssh-action@v1.0.3	2026-02-17T18:25:54.0601700Z #4 [internal] load build context
build-and-deploy	Build appleboy/ssh-action@v1.0.3	2026-02-17T18:25:54.0602336Z #4 transferring context: 108B done
build-and-deploy	Build appleboy/ssh-action@v1.0.3	2026-02-17T18:25:54.0602874Z #4 DONE 0.0s
build-and-deploy	Build appleboy/ssh-action@v1.0.3	2026-02-17T18:25:54.0603123Z 
build-and-deploy	Build appleboy/ssh-action@v1.0.3	2026-02-17T18:25:54.0603836Z #5 [1/2] FROM ghcr.io/appleboy/drone-ssh:1.7.3@sha256:179cbd253771007f2ebcaf7a3860afe059207351de1f3378efafac93bd310158
build-and-deploy	Build appleboy/ssh-action@v1.0.3	2026-02-17T18:25:54.0605281Z #5 resolve ghcr.io/appleboy/drone-ssh:1.7.3@sha256:179cbd253771007f2ebcaf7a3860afe059207351de1f3378efafac93bd310158 0.0s done
build-and-deploy	Build appleboy/ssh-action@v1.0.3	2026-02-17T18:25:54.0637464Z #5 sha256:47353a6f9201a145b687290e5ae0278ac269faf4bb61bee3e9246c37a8d74277 0B / 2.44MB 0.2s
build-and-deploy	Build appleboy/ssh-action@v1.0.3	2026-02-17T18:25:54.2564912Z #5 sha256:47353a6f9201a145b687290e5ae0278ac269faf4bb61bee3e9246c37a8d74277 2.44MB / 2.44MB 0.2s done
build-and-deploy	Build appleboy/ssh-action@v1.0.3	2026-02-17T18:25:54.2566326Z #5 sha256:066e5b821e26d8313055e0314c056e6c297847bcf963e5df10e7aa03107f2246 125B / 125B 0.2s done
build-and-deploy	Build appleboy/ssh-action@v1.0.3	2026-02-17T18:25:54.2567674Z #5 sha256:7e20f48a19643465f486f59127b8f4e0f4114bedc8bd5260fb4f92d5fda95f1c 1.20kB / 1.20kB 0.2s done
build-and-deploy	Build appleboy/ssh-action@v1.0.3	2026-02-17T18:25:54.2568887Z #5 sha256:654aaee5654be60f81172539ecd74485cf8bbe2e9137bab0d429862c31c676f6 284.83kB / 284.83kB 0.2s done
build-and-deploy	Build appleboy/ssh-action@v1.0.3	2026-02-17T18:25:54.2569867Z #5 sha256:1207c741d8c9b028d98c4006013f9de959da3c55f85b91ed5e4583438a0112ca 0B / 3.38MB 0.2s
build-and-deploy	Build appleboy/ssh-action@v1.0.3	2026-02-17T18:25:54.3682872Z #5 sha256:1207c741d8c9b028d98c4006013f9de959da3c55f85b91ed5e4583438a0112ca 3.38MB / 3.38MB 0.2s done
build-and-deploy	Build appleboy/ssh-action@v1.0.3	2026-02-17T18:25:54.3684198Z #5 extracting sha256:1207c741d8c9b028d98c4006013f9de959da3c55f85b91ed5e4583438a0112ca 0.1s done
build-and-deploy	Build appleboy/ssh-action@v1.0.3	2026-02-17T18:25:54.3684749Z #5 DONE 0.5s
build-and-deploy	Build appleboy/ssh-action@v1.0.3	2026-02-17T18:25:54.5893277Z 
build-and-deploy	Build appleboy/ssh-action@v1.0.3	2026-02-17T18:25:54.5895083Z #5 [1/2] FROM ghcr.io/appleboy/drone-ssh:1.7.3@sha256:179cbd253771007f2ebcaf7a3860afe059207351de1f3378efafac93bd310158
build-and-deploy	Build appleboy/ssh-action@v1.0.3	2026-02-17T18:25:54.5896552Z #5 extracting sha256:654aaee5654be60f81172539ecd74485cf8bbe2e9137bab0d429862c31c676f6 0.0s done
build-and-deploy	Build appleboy/ssh-action@v1.0.3	2026-02-17T18:25:54.5897321Z #5 extracting sha256:7e20f48a19643465f486f59127b8f4e0f4114bedc8bd5260fb4f92d5fda95f1c done
build-and-deploy	Build appleboy/ssh-action@v1.0.3	2026-02-17T18:25:54.5898360Z #5 extracting sha256:066e5b821e26d8313055e0314c056e6c297847bcf963e5df10e7aa03107f2246 done
build-and-deploy	Build appleboy/ssh-action@v1.0.3	2026-02-17T18:25:54.5899142Z #5 extracting sha256:47353a6f9201a145b687290e5ae0278ac269faf4bb61bee3e9246c37a8d74277 0.0s done
build-and-deploy	Build appleboy/ssh-action@v1.0.3	2026-02-17T18:25:54.5899687Z #5 DONE 0.6s
build-and-deploy	Build appleboy/ssh-action@v1.0.3	2026-02-17T18:25:54.5899874Z 
build-and-deploy	Build appleboy/ssh-action@v1.0.3	2026-02-17T18:25:54.5900069Z #6 [2/2] COPY entrypoint.sh /bin/entrypoint.sh
build-and-deploy	Build appleboy/ssh-action@v1.0.3	2026-02-17T18:25:55.1682493Z #6 DONE 0.7s
build-and-deploy	Build appleboy/ssh-action@v1.0.3	2026-02-17T18:25:55.2879520Z 
build-and-deploy	Build appleboy/ssh-action@v1.0.3	2026-02-17T18:25:55.2880121Z #7 exporting to image
build-and-deploy	Build appleboy/ssh-action@v1.0.3	2026-02-17T18:25:55.2880934Z #7 exporting layers 0.0s done
build-and-deploy	Build appleboy/ssh-action@v1.0.3	2026-02-17T18:25:55.2881800Z #7 exporting manifest sha256:0aa150abb62eed5693aa334c04bfcca76191c396ca753f5447acc129fc05ba9c done
build-and-deploy	Build appleboy/ssh-action@v1.0.3	2026-02-17T18:25:55.2882898Z #7 exporting config sha256:bb085cf9a838ed51e775e1d9046043f27cf0c9bb1a19108e512ed8ffdea66320 done
build-and-deploy	Build appleboy/ssh-action@v1.0.3	2026-02-17T18:25:55.2884290Z #7 exporting attestation manifest sha256:48b4e759dc216022f769dfffeee487a393211ef17663793622959cf7337ea6ce 0.0s done
build-and-deploy	Build appleboy/ssh-action@v1.0.3	2026-02-17T18:25:55.2885659Z #7 exporting manifest list sha256:9da821a9cac6e1251ba80ffd1075148d0914a4ecd8c115af1697af78d3209842 done
build-and-deploy	Build appleboy/ssh-action@v1.0.3	2026-02-17T18:25:55.2887374Z #7 naming to docker.io/library/859912:7cac645d52ce489a9729cf33f245c7aa done
build-and-deploy	Build appleboy/ssh-action@v1.0.3	2026-02-17T18:25:55.2888633Z #7 unpacking to docker.io/library/859912:7cac645d52ce489a9729cf33f245c7aa 0.0s done
build-and-deploy	Build appleboy/ssh-action@v1.0.3	2026-02-17T18:25:55.2889512Z #7 DONE 0.1s
build-and-deploy	Build appleboy/ssh-action@v1.0.3	2026-02-17T18:25:55.2965876Z ##[endgroup]
build-and-deploy	Checkout code	﻿2026-02-17T18:25:55.3234496Z ##[group]Run actions/checkout@v4
build-and-deploy	Checkout code	2026-02-17T18:25:55.3235268Z with:
build-and-deploy	Checkout code	2026-02-17T18:25:55.3235591Z   repository: stanisloveme-cloud/UPGRADE
build-and-deploy	Checkout code	2026-02-17T18:25:55.3236207Z   token: ***
build-and-deploy	Checkout code	2026-02-17T18:25:55.3236489Z   ssh-strict: true
build-and-deploy	Checkout code	2026-02-17T18:25:55.3236792Z   ssh-user: git
build-and-deploy	Checkout code	2026-02-17T18:25:55.3237198Z   persist-credentials: true
build-and-deploy	Checkout code	2026-02-17T18:25:55.3237515Z   clean: true
build-and-deploy	Checkout code	2026-02-17T18:25:55.3237998Z   sparse-checkout-cone-mode: true
build-and-deploy	Checkout code	2026-02-17T18:25:55.3238360Z   fetch-depth: 1
build-and-deploy	Checkout code	2026-02-17T18:25:55.3238655Z   fetch-tags: false
build-and-deploy	Checkout code	2026-02-17T18:25:55.3239025Z   show-progress: true
build-and-deploy	Checkout code	2026-02-17T18:25:55.3239326Z   lfs: false
build-and-deploy	Checkout code	2026-02-17T18:25:55.3239625Z   submodules: false
build-and-deploy	Checkout code	2026-02-17T18:25:55.3239956Z   set-safe-directory: true
build-and-deploy	Checkout code	2026-02-17T18:25:55.3240632Z ##[endgroup]
build-and-deploy	Checkout code	2026-02-17T18:25:55.4238874Z Syncing repository: stanisloveme-cloud/UPGRADE
build-and-deploy	Checkout code	2026-02-17T18:25:55.4240473Z ##[group]Getting Git version info
build-and-deploy	Checkout code	2026-02-17T18:25:55.4240946Z Working directory is '/home/runner/work/UPGRADE/UPGRADE'
build-and-deploy	Checkout code	2026-02-17T18:25:55.4241830Z [command]/usr/bin/git version
build-and-deploy	Checkout code	2026-02-17T18:25:55.4248843Z git version 2.52.0
build-and-deploy	Checkout code	2026-02-17T18:25:55.4271314Z ##[endgroup]
build-and-deploy	Checkout code	2026-02-17T18:25:55.4291314Z Temporarily overriding HOME='/home/runner/work/_temp/9c90760d-1bf9-44db-8391-e09174cd1651' before making global git config changes
build-and-deploy	Checkout code	2026-02-17T18:25:55.4292921Z Adding repository directory to the temporary git global config as a safe directory
build-and-deploy	Checkout code	2026-02-17T18:25:55.4296029Z [command]/usr/bin/git config --global --add safe.directory /home/runner/work/UPGRADE/UPGRADE
build-and-deploy	Checkout code	2026-02-17T18:25:55.4330521Z Deleting the contents of '/home/runner/work/UPGRADE/UPGRADE'
build-and-deploy	Checkout code	2026-02-17T18:25:55.4333746Z ##[group]Initializing the repository
build-and-deploy	Checkout code	2026-02-17T18:25:55.4337454Z [command]/usr/bin/git init /home/runner/work/UPGRADE/UPGRADE
build-and-deploy	Checkout code	2026-02-17T18:25:55.4415636Z hint: Using 'master' as the name for the initial branch. This default branch name
build-and-deploy	Checkout code	2026-02-17T18:25:55.4416794Z hint: will change to "main" in Git 3.0. To configure the initial branch name
build-and-deploy	Checkout code	2026-02-17T18:25:55.4418088Z hint: to use in all of your new repositories, which will suppress this warning,
build-and-deploy	Checkout code	2026-02-17T18:25:55.4418970Z hint: call:
build-and-deploy	Checkout code	2026-02-17T18:25:55.4419418Z hint:
build-and-deploy	Checkout code	2026-02-17T18:25:55.4420318Z hint: 	git config --global init.defaultBranch <name>
build-and-deploy	Checkout code	2026-02-17T18:25:55.4421075Z hint:
build-and-deploy	Checkout code	2026-02-17T18:25:55.4421724Z hint: Names commonly chosen instead of 'master' are 'main', 'trunk' and
build-and-deploy	Checkout code	2026-02-17T18:25:55.4422332Z hint: 'development'. The just-created branch can be renamed via this command:
build-and-deploy	Checkout code	2026-02-17T18:25:55.4422857Z hint:
build-and-deploy	Checkout code	2026-02-17T18:25:55.4423178Z hint: 	git branch -m <name>
build-and-deploy	Checkout code	2026-02-17T18:25:55.4423494Z hint:
build-and-deploy	Checkout code	2026-02-17T18:25:55.4423949Z hint: Disable this message with "git config set advice.defaultBranchName false"
build-and-deploy	Checkout code	2026-02-17T18:25:55.4424584Z Initialized empty Git repository in /home/runner/work/UPGRADE/UPGRADE/.git/
build-and-deploy	Checkout code	2026-02-17T18:25:55.4431730Z [command]/usr/bin/git remote add origin https://github.com/stanisloveme-cloud/UPGRADE
build-and-deploy	Checkout code	2026-02-17T18:25:55.4506866Z ##[endgroup]
build-and-deploy	Checkout code	2026-02-17T18:25:55.4507572Z ##[group]Disabling automatic garbage collection
build-and-deploy	Checkout code	2026-02-17T18:25:55.4511400Z [command]/usr/bin/git config --local gc.auto 0
build-and-deploy	Checkout code	2026-02-17T18:25:55.4536071Z ##[endgroup]
build-and-deploy	Checkout code	2026-02-17T18:25:55.4536607Z ##[group]Setting up auth
build-and-deploy	Checkout code	2026-02-17T18:25:55.4542925Z [command]/usr/bin/git config --local --name-only --get-regexp core\.sshCommand
build-and-deploy	Checkout code	2026-02-17T18:25:55.4571489Z [command]/usr/bin/git submodule foreach --recursive sh -c "git config --local --name-only --get-regexp 'core\.sshCommand' && git config --local --unset-all 'core.sshCommand' || :"
build-and-deploy	Checkout code	2026-02-17T18:25:55.4839704Z [command]/usr/bin/git config --local --name-only --get-regexp http\.https\:\/\/github\.com\/\.extraheader
build-and-deploy	Checkout code	2026-02-17T18:25:55.4864232Z [command]/usr/bin/git submodule foreach --recursive sh -c "git config --local --name-only --get-regexp 'http\.https\:\/\/github\.com\/\.extraheader' && git config --local --unset-all 'http.https://github.com/.extraheader' || :"
build-and-deploy	Checkout code	2026-02-17T18:25:55.5038861Z [command]/usr/bin/git config --local --name-only --get-regexp ^includeIf\.gitdir:
build-and-deploy	Checkout code	2026-02-17T18:25:55.5067675Z [command]/usr/bin/git submodule foreach --recursive git config --local --show-origin --name-only --get-regexp remote.origin.url
build-and-deploy	Checkout code	2026-02-17T18:25:55.5246662Z [command]/usr/bin/git config --local http.https://github.com/.extraheader AUTHORIZATION: basic ***
build-and-deploy	Checkout code	2026-02-17T18:25:55.5275212Z ##[endgroup]
build-and-deploy	Checkout code	2026-02-17T18:25:55.5275978Z ##[group]Fetching the repository
build-and-deploy	Checkout code	2026-02-17T18:25:55.5283854Z [command]/usr/bin/git -c protocol.version=2 fetch --no-tags --prune --no-recurse-submodules --depth=1 origin +eafd30cfbed9599b4a7ea0c1f6100c52b6cb1759:refs/remotes/origin/main
build-and-deploy	Checkout code	2026-02-17T18:25:56.4594748Z From https://github.com/stanisloveme-cloud/UPGRADE
build-and-deploy	Checkout code	2026-02-17T18:25:56.4595799Z  * [new ref]         eafd30cfbed9599b4a7ea0c1f6100c52b6cb1759 -> origin/main
build-and-deploy	Checkout code	2026-02-17T18:25:56.4625066Z ##[endgroup]
build-and-deploy	Checkout code	2026-02-17T18:25:56.4626001Z ##[group]Determining the checkout info
build-and-deploy	Checkout code	2026-02-17T18:25:56.4627005Z ##[endgroup]
build-and-deploy	Checkout code	2026-02-17T18:25:56.4632607Z [command]/usr/bin/git sparse-checkout disable
build-and-deploy	Checkout code	2026-02-17T18:25:56.4669929Z [command]/usr/bin/git config --local --unset-all extensions.worktreeConfig
build-and-deploy	Checkout code	2026-02-17T18:25:56.4693258Z ##[group]Checking out the ref
build-and-deploy	Checkout code	2026-02-17T18:25:56.4698320Z [command]/usr/bin/git checkout --progress --force -B main refs/remotes/origin/main
build-and-deploy	Checkout code	2026-02-17T18:25:56.5894956Z Switched to a new branch 'main'
build-and-deploy	Checkout code	2026-02-17T18:25:56.5895849Z branch 'main' set up to track 'origin/main'.
build-and-deploy	Checkout code	2026-02-17T18:25:56.5905327Z ##[endgroup]
build-and-deploy	Checkout code	2026-02-17T18:25:56.5938565Z [command]/usr/bin/git log -1 --format=%H
build-and-deploy	Checkout code	2026-02-17T18:25:56.5958244Z eafd30cfbed9599b4a7ea0c1f6100c52b6cb1759
build-and-deploy	Log in to Docker Hub	﻿2026-02-17T18:25:56.6151820Z ##[group]Run docker/login-action@v3
build-and-deploy	Log in to Docker Hub	2026-02-17T18:25:56.6152236Z with:
build-and-deploy	Log in to Docker Hub	2026-02-17T18:25:56.6152641Z   username: ***
build-and-deploy	Log in to Docker Hub	2026-02-17T18:25:56.6153073Z   password: ***
build-and-deploy	Log in to Docker Hub	2026-02-17T18:25:56.6153406Z   logout: true
build-and-deploy	Log in to Docker Hub	2026-02-17T18:25:56.6153691Z ##[endgroup]
build-and-deploy	Log in to Docker Hub	2026-02-17T18:25:56.8898905Z Logging into docker.io...
build-and-deploy	Log in to Docker Hub	2026-02-17T18:25:57.3294650Z Login Succeeded!
build-and-deploy	Build and Push Backend	﻿2026-02-17T18:25:57.3471024Z ##[group]Run docker/build-push-action@v5
build-and-deploy	Build and Push Backend	2026-02-17T18:25:57.3471326Z with:
build-and-deploy	Build and Push Backend	2026-02-17T18:25:57.3471518Z   context: .
build-and-deploy	Build and Push Backend	2026-02-17T18:25:57.3471720Z   file: Dockerfile
build-and-deploy	Build and Push Backend	2026-02-17T18:25:57.3471932Z   push: true
build-and-deploy	Build and Push Backend	2026-02-17T18:25:57.3472196Z   tags: ***/upgrade-backend:latest
build-and-deploy	Build and Push Backend	2026-02-17T18:25:57.3472566Z   cache-from: type=registry,ref=***/upgrade-backend:buildcache
build-and-deploy	Build and Push Backend	2026-02-17T18:25:57.3473031Z   cache-to: type=registry,ref=***/upgrade-backend:buildcache,mode=max
build-and-deploy	Build and Push Backend	2026-02-17T18:25:57.3473397Z   load: false
build-and-deploy	Build and Push Backend	2026-02-17T18:25:57.3473616Z   no-cache: false
build-and-deploy	Build and Push Backend	2026-02-17T18:25:57.3473829Z   pull: false
build-and-deploy	Build and Push Backend	2026-02-17T18:25:57.3474141Z   github-token: ***
build-and-deploy	Build and Push Backend	2026-02-17T18:25:57.3474351Z ##[endgroup]
build-and-deploy	Build and Push Backend	2026-02-17T18:25:57.5488889Z ##[group]GitHub Actions runtime token ACs
build-and-deploy	Build and Push Backend	2026-02-17T18:25:57.5498810Z refs/heads/main: read/write
build-and-deploy	Build and Push Backend	2026-02-17T18:25:57.5500026Z ##[endgroup]
build-and-deploy	Build and Push Backend	2026-02-17T18:25:57.5501439Z ##[group]Docker info
build-and-deploy	Build and Push Backend	2026-02-17T18:25:57.5539258Z [command]/usr/bin/docker version
build-and-deploy	Build and Push Backend	2026-02-17T18:25:57.5732052Z Client: Docker Engine - Community
build-and-deploy	Build and Push Backend	2026-02-17T18:25:57.5736053Z  Version:           29.1.5
build-and-deploy	Build and Push Backend	2026-02-17T18:25:57.5736453Z  API version:       1.52
build-and-deploy	Build and Push Backend	2026-02-17T18:25:57.5736702Z  Go version:        go1.25.6
build-and-deploy	Build and Push Backend	2026-02-17T18:25:57.5736952Z  Git commit:        0e6fee6
build-and-deploy	Build and Push Backend	2026-02-17T18:25:57.5737216Z  Built:             Fri Jan 16 12:48:47 2026
build-and-deploy	Build and Push Backend	2026-02-17T18:25:57.5737497Z  OS/Arch:           linux/amd64
build-and-deploy	Build and Push Backend	2026-02-17T18:25:57.5737736Z  Context:           default
build-and-deploy	Build and Push Backend	2026-02-17T18:25:57.5738060Z 
build-and-deploy	Build and Push Backend	2026-02-17T18:25:57.5738183Z Server: Docker Engine - Community
build-and-deploy	Build and Push Backend	2026-02-17T18:25:57.5738457Z  Engine:
build-and-deploy	Build and Push Backend	2026-02-17T18:25:57.5738660Z   Version:          29.1.5
build-and-deploy	Build and Push Backend	2026-02-17T18:25:57.5738922Z   API version:      1.52 (minimum version 1.44)
build-and-deploy	Build and Push Backend	2026-02-17T18:25:57.5739210Z   Go version:       go1.25.6
build-and-deploy	Build and Push Backend	2026-02-17T18:25:57.5739448Z   Git commit:       3b01d64
build-and-deploy	Build and Push Backend	2026-02-17T18:25:57.5739688Z   Built:            Fri Jan 16 12:48:47 2026
build-and-deploy	Build and Push Backend	2026-02-17T18:25:57.5739975Z   OS/Arch:          linux/amd64
build-and-deploy	Build and Push Backend	2026-02-17T18:25:57.5740226Z   Experimental:     false
build-and-deploy	Build and Push Backend	2026-02-17T18:25:57.5740453Z  containerd:
build-and-deploy	Build and Push Backend	2026-02-17T18:25:57.5740666Z   Version:          v2.2.1
build-and-deploy	Build and Push Backend	2026-02-17T18:25:57.5740974Z   GitCommit:        dea7da592f5d1d2b7755e3a161be07f43fad8f75
build-and-deploy	Build and Push Backend	2026-02-17T18:25:57.5741287Z  runc:
build-and-deploy	Build and Push Backend	2026-02-17T18:25:57.5741477Z   Version:          1.3.4
build-and-deploy	Build and Push Backend	2026-02-17T18:25:57.5741717Z   GitCommit:        v1.3.4-0-gd6d73eb8
build-and-deploy	Build and Push Backend	2026-02-17T18:25:57.5741974Z  docker-init:
build-and-deploy	Build and Push Backend	2026-02-17T18:25:57.5742190Z   Version:          0.19.0
build-and-deploy	Build and Push Backend	2026-02-17T18:25:57.5742414Z   GitCommit:        de40ad0
build-and-deploy	Build and Push Backend	2026-02-17T18:25:57.5783078Z [command]/usr/bin/docker info
build-and-deploy	Build and Push Backend	2026-02-17T18:25:59.3699120Z Client: Docker Engine - Community
build-and-deploy	Build and Push Backend	2026-02-17T18:25:59.3699602Z  Version:    29.1.5
build-and-deploy	Build and Push Backend	2026-02-17T18:25:59.3699912Z  Context:    default
build-and-deploy	Build and Push Backend	2026-02-17T18:25:59.3700247Z  Debug Mode: false
build-and-deploy	Build and Push Backend	2026-02-17T18:25:59.3700545Z  Plugins:
build-and-deploy	Build and Push Backend	2026-02-17T18:25:59.3700868Z   buildx: Docker Buildx (Docker Inc.)
build-and-deploy	Build and Push Backend	2026-02-17T18:25:59.3701287Z     Version:  v0.31.1
build-and-deploy	Build and Push Backend	2026-02-17T18:25:59.3701784Z     Path:     /usr/libexec/docker/cli-plugins/docker-buildx
build-and-deploy	Build and Push Backend	2026-02-17T18:25:59.3702144Z   compose: Docker Compose (Docker Inc.)
build-and-deploy	Build and Push Backend	2026-02-17T18:25:59.3702451Z     Version:  v2.40.3
build-and-deploy	Build and Push Backend	2026-02-17T18:25:59.3702727Z     Path:     /usr/libexec/docker/cli-plugins/docker-compose
build-and-deploy	Build and Push Backend	2026-02-17T18:25:59.3702961Z 
build-and-deploy	Build and Push Backend	2026-02-17T18:25:59.3703045Z Server:
build-and-deploy	Build and Push Backend	2026-02-17T18:25:59.3703235Z  Containers: 0
build-and-deploy	Build and Push Backend	2026-02-17T18:25:59.3703438Z   Running: 0
build-and-deploy	Build and Push Backend	2026-02-17T18:25:59.3703632Z   Paused: 0
build-and-deploy	Build and Push Backend	2026-02-17T18:25:59.3703820Z   Stopped: 0
build-and-deploy	Build and Push Backend	2026-02-17T18:25:59.3704015Z  Images: 2
build-and-deploy	Build and Push Backend	2026-02-17T18:25:59.3704268Z  Server Version: 29.1.5
build-and-deploy	Build and Push Backend	2026-02-17T18:25:59.3704783Z  Storage Driver: overlayfs
build-and-deploy	Build and Push Backend	2026-02-17T18:25:59.3705070Z   driver-type: io.containerd.snapshotter.v1
build-and-deploy	Build and Push Backend	2026-02-17T18:25:59.3705359Z  Logging Driver: json-file
build-and-deploy	Build and Push Backend	2026-02-17T18:25:59.3705644Z  Cgroup Driver: systemd
build-and-deploy	Build and Push Backend	2026-02-17T18:25:59.3705861Z  Cgroup Version: 2
build-and-deploy	Build and Push Backend	2026-02-17T18:25:59.3706061Z  Plugins:
build-and-deploy	Build and Push Backend	2026-02-17T18:25:59.3706344Z   Volume: local
build-and-deploy	Build and Push Backend	2026-02-17T18:25:59.3706703Z   Network: bridge host ipvlan macvlan null overlay
build-and-deploy	Build and Push Backend	2026-02-17T18:25:59.3707341Z   Log: awslogs fluentd gcplogs gelf journald json-file local splunk syslog
build-and-deploy	Build and Push Backend	2026-02-17T18:25:59.3708393Z  CDI spec directories:
build-and-deploy	Build and Push Backend	2026-02-17T18:25:59.3708752Z   /etc/cdi
build-and-deploy	Build and Push Backend	2026-02-17T18:25:59.3709052Z   /var/run/cdi
build-and-deploy	Build and Push Backend	2026-02-17T18:25:59.3709357Z  Swarm: inactive
build-and-deploy	Build and Push Backend	2026-02-17T18:25:59.3709738Z  Runtimes: io.containerd.runc.v2 runc
build-and-deploy	Build and Push Backend	2026-02-17T18:25:59.3710168Z  Default Runtime: runc
build-and-deploy	Build and Push Backend	2026-02-17T18:25:59.3710512Z  Init Binary: docker-init
build-and-deploy	Build and Push Backend	2026-02-17T18:25:59.3710990Z  containerd version: dea7da592f5d1d2b7755e3a161be07f43fad8f75
build-and-deploy	Build and Push Backend	2026-02-17T18:25:59.3711528Z  runc version: v1.3.4-0-gd6d73eb8
build-and-deploy	Build and Push Backend	2026-02-17T18:25:59.3711918Z  init version: de40ad0
build-and-deploy	Build and Push Backend	2026-02-17T18:25:59.3712253Z  Security Options:
build-and-deploy	Build and Push Backend	2026-02-17T18:25:59.3712525Z   apparmor
build-and-deploy	Build and Push Backend	2026-02-17T18:25:59.3712796Z   seccomp
build-and-deploy	Build and Push Backend	2026-02-17T18:25:59.3713091Z    Profile: builtin
build-and-deploy	Build and Push Backend	2026-02-17T18:25:59.3713407Z   cgroupns
build-and-deploy	Build and Push Backend	2026-02-17T18:25:59.3713725Z  Kernel Version: 6.14.0-1017-azure
build-and-deploy	Build and Push Backend	2026-02-17T18:25:59.3714154Z  Operating System: Ubuntu 24.04.3 LTS
build-and-deploy	Build and Push Backend	2026-02-17T18:25:59.3714626Z  OSType: linux
build-and-deploy	Build and Push Backend	2026-02-17T18:25:59.3714927Z  Architecture: x86_64
build-and-deploy	Build and Push Backend	2026-02-17T18:25:59.3715255Z  CPUs: 4
build-and-deploy	Build and Push Backend	2026-02-17T18:25:59.3715542Z  Total Memory: 15.61GiB
build-and-deploy	Build and Push Backend	2026-02-17T18:25:59.3715904Z  Name: runnervmjduv7
build-and-deploy	Build and Push Backend	2026-02-17T18:25:59.3716251Z  ID: 169aa517-19ec-4d49-bd61-4bb79f5886f6
build-and-deploy	Build and Push Backend	2026-02-17T18:25:59.3716694Z  Docker Root Dir: /var/lib/docker
build-and-deploy	Build and Push Backend	2026-02-17T18:25:59.3717127Z  Debug Mode: false
build-and-deploy	Build and Push Backend	2026-02-17T18:25:59.3717623Z  Username: ***
build-and-deploy	Build and Push Backend	2026-02-17T18:25:59.3718232Z  Experimental: false
build-and-deploy	Build and Push Backend	2026-02-17T18:25:59.3718596Z  Insecure Registries:
build-and-deploy	Build and Push Backend	2026-02-17T18:25:59.3725802Z   ::1/128
build-and-deploy	Build and Push Backend	2026-02-17T18:25:59.3726238Z   127.0.0.0/8
build-and-deploy	Build and Push Backend	2026-02-17T18:25:59.3726613Z  Live Restore Enabled: false
build-and-deploy	Build and Push Backend	2026-02-17T18:25:59.3727083Z  Firewall Backend: iptables
build-and-deploy	Build and Push Backend	2026-02-17T18:25:59.3727360Z 
build-and-deploy	Build and Push Backend	2026-02-17T18:25:59.3728226Z ##[endgroup]
build-and-deploy	Build and Push Backend	2026-02-17T18:25:59.3728932Z ##[group]Proxy configuration
build-and-deploy	Build and Push Backend	2026-02-17T18:25:59.3729363Z No proxy configuration found
build-and-deploy	Build and Push Backend	2026-02-17T18:25:59.3730087Z ##[endgroup]
build-and-deploy	Build and Push Backend	2026-02-17T18:25:59.4449176Z ##[group]Buildx version
build-and-deploy	Build and Push Backend	2026-02-17T18:25:59.4470753Z [command]/usr/bin/docker buildx version
build-and-deploy	Build and Push Backend	2026-02-17T18:25:59.5049323Z github.com/docker/buildx v0.31.1 a2675950d46b2cb171b23c2015ca44fb88607531
build-and-deploy	Build and Push Backend	2026-02-17T18:25:59.5070964Z ##[endgroup]
build-and-deploy	Build and Push Backend	2026-02-17T18:25:59.5085695Z ##[group]Builder info
build-and-deploy	Build and Push Backend	2026-02-17T18:25:59.5884563Z {
build-and-deploy	Build and Push Backend	2026-02-17T18:25:59.5885054Z   "nodes": [
build-and-deploy	Build and Push Backend	2026-02-17T18:25:59.5885348Z     {
build-and-deploy	Build and Push Backend	2026-02-17T18:25:59.5885663Z       "name": "default",
build-and-deploy	Build and Push Backend	2026-02-17T18:25:59.5886108Z       "endpoint": "default",
build-and-deploy	Build and Push Backend	2026-02-17T18:25:59.5886360Z       "status": "running",
build-and-deploy	Build and Push Backend	2026-02-17T18:25:59.5886608Z       "buildkit": "v0.26.3",
build-and-deploy	Build and Push Backend	2026-02-17T18:25:59.5886994Z       "platforms": "linux/amd64,linux/amd64/v2,linux/amd64/v3,linux/amd64/v4",
build-and-deploy	Build and Push Backend	2026-02-17T18:25:59.5887361Z       "features": {
build-and-deploy	Build and Push Backend	2026-02-17T18:25:59.5887686Z         "Automatically load images to the Docker Engine image store": true,
build-and-deploy	Build and Push Backend	2026-02-17T18:25:59.5888251Z         "Cache export": true,
build-and-deploy	Build and Push Backend	2026-02-17T18:25:59.5888510Z         "Direct push": true,
build-and-deploy	Build and Push Backend	2026-02-17T18:25:59.5888753Z         "Docker exporter": true,
build-and-deploy	Build and Push Backend	2026-02-17T18:25:59.5889012Z         "Multi-platform build": true,
build-and-deploy	Build and Push Backend	2026-02-17T18:25:59.5889301Z         "OCI exporter": true
build-and-deploy	Build and Push Backend	2026-02-17T18:25:59.5889530Z       },
build-and-deploy	Build and Push Backend	2026-02-17T18:25:59.5889736Z       "labels": {
build-and-deploy	Build and Push Backend	2026-02-17T18:25:59.5890081Z         "org.mobyproject.buildkit.worker.apparmor.profile": "docker-default",
build-and-deploy	Build and Push Backend	2026-02-17T18:25:59.5890604Z         "org.mobyproject.buildkit.worker.containerd.namespace": "moby",
build-and-deploy	Build and Push Backend	2026-02-17T18:25:59.5891160Z         "org.mobyproject.buildkit.worker.containerd.uuid": "1d24cf55-4f30-453a-b931-c9265de8620e",
build-and-deploy	Build and Push Backend	2026-02-17T18:25:59.5892024Z         "org.mobyproject.buildkit.worker.executor": "containerd",
build-and-deploy	Build and Push Backend	2026-02-17T18:25:59.5892467Z         "org.mobyproject.buildkit.worker.hostname": "runnervmjduv7",
build-and-deploy	Build and Push Backend	2026-02-17T18:25:59.5892942Z         "org.mobyproject.buildkit.worker.moby.host-gateway-ip": "172.17.0.1",
build-and-deploy	Build and Push Backend	2026-02-17T18:25:59.5893401Z         "org.mobyproject.buildkit.worker.network": "host",
build-and-deploy	Build and Push Backend	2026-02-17T18:25:59.5893814Z         "org.mobyproject.buildkit.worker.selinux.enabled": "false",
build-and-deploy	Build and Push Backend	2026-02-17T18:25:59.5894248Z         "org.mobyproject.buildkit.worker.snapshotter": "overlayfs"
build-and-deploy	Build and Push Backend	2026-02-17T18:25:59.5894695Z       },
build-and-deploy	Build and Push Backend	2026-02-17T18:25:59.5894879Z       "gcPolicy": [
build-and-deploy	Build and Push Backend	2026-02-17T18:25:59.5895083Z         {
build-and-deploy	Build and Push Backend	2026-02-17T18:25:59.5895265Z           "all": false,
build-and-deploy	Build and Push Backend	2026-02-17T18:25:59.5895480Z           "filter": [
build-and-deploy	Build and Push Backend	2026-02-17T18:25:59.5895709Z             "type==source.local",
build-and-deploy	Build and Push Backend	2026-02-17T18:25:59.5895965Z             "type==exec.cachemount",
build-and-deploy	Build and Push Backend	2026-02-17T18:25:59.5896237Z             "type==source.git.checkout"
build-and-deploy	Build and Push Backend	2026-02-17T18:25:59.5896492Z           ],
build-and-deploy	Build and Push Backend	2026-02-17T18:25:59.5896695Z           "keepDuration": "48h0m0s"
build-and-deploy	Build and Push Backend	2026-02-17T18:25:59.5896938Z         },
build-and-deploy	Build and Push Backend	2026-02-17T18:25:59.5897116Z         {
build-and-deploy	Build and Push Backend	2026-02-17T18:25:59.5897299Z           "all": false,
build-and-deploy	Build and Push Backend	2026-02-17T18:25:59.5897531Z           "keepDuration": "1440h0m0s"
build-and-deploy	Build and Push Backend	2026-02-17T18:25:59.5897771Z         },
build-and-deploy	Build and Push Backend	2026-02-17T18:25:59.5898113Z         {
build-and-deploy	Build and Push Backend	2026-02-17T18:25:59.5898308Z           "all": false
build-and-deploy	Build and Push Backend	2026-02-17T18:25:59.5898517Z         },
build-and-deploy	Build and Push Backend	2026-02-17T18:25:59.5898696Z         {
build-and-deploy	Build and Push Backend	2026-02-17T18:25:59.5898893Z           "all": true
build-and-deploy	Build and Push Backend	2026-02-17T18:25:59.5899093Z         }
build-and-deploy	Build and Push Backend	2026-02-17T18:25:59.5899281Z       ]
build-and-deploy	Build and Push Backend	2026-02-17T18:25:59.5899461Z     }
build-and-deploy	Build and Push Backend	2026-02-17T18:25:59.5899630Z   ],
build-and-deploy	Build and Push Backend	2026-02-17T18:25:59.5899820Z   "name": "default",
build-and-deploy	Build and Push Backend	2026-02-17T18:25:59.5900035Z   "driver": "docker",
build-and-deploy	Build and Push Backend	2026-02-17T18:25:59.5900275Z   "lastActivity": "2026-02-17T18:25:53.000Z"
build-and-deploy	Build and Push Backend	2026-02-17T18:25:59.5900540Z }
build-and-deploy	Build and Push Backend	2026-02-17T18:25:59.5901075Z ##[endgroup]
build-and-deploy	Build and Push Backend	2026-02-17T18:25:59.7268659Z [command]/usr/bin/docker buildx build --cache-from type=registry,ref=***/upgrade-backend:buildcache --cache-to type=registry,ref=***/upgrade-backend:buildcache,mode=max --file Dockerfile --iidfile /home/runner/work/_temp/docker-actions-toolkit-3irQO9/build-iidfile-2f4d9c3dc0.txt --tag ***/upgrade-backend:latest --metadata-file /home/runner/work/_temp/docker-actions-toolkit-3irQO9/build-metadata-868002ad26.json --push .
build-and-deploy	Build and Push Backend	2026-02-17T18:25:59.9440340Z #0 building with "default" instance using docker driver
build-and-deploy	Build and Push Backend	2026-02-17T18:25:59.9441227Z 
build-and-deploy	Build and Push Backend	2026-02-17T18:25:59.9441631Z #1 [internal] load build definition from Dockerfile
build-and-deploy	Build and Push Backend	2026-02-17T18:25:59.9443181Z #1 transferring dockerfile: 271B done
build-and-deploy	Build and Push Backend	2026-02-17T18:25:59.9443588Z #1 DONE 0.0s
build-and-deploy	Build and Push Backend	2026-02-17T18:25:59.9443781Z 
build-and-deploy	Build and Push Backend	2026-02-17T18:25:59.9444045Z #2 [auth] library/node:pull token for registry-1.docker.io
build-and-deploy	Build and Push Backend	2026-02-17T18:26:00.0939188Z #2 DONE 0.0s
build-and-deploy	Build and Push Backend	2026-02-17T18:26:00.0939477Z 
build-and-deploy	Build and Push Backend	2026-02-17T18:26:00.0939705Z #3 [internal] load metadata for docker.io/library/node:20-alpine
build-and-deploy	Build and Push Backend	2026-02-17T18:26:00.6272167Z #3 DONE 0.8s
build-and-deploy	Build and Push Backend	2026-02-17T18:26:00.7703182Z 
build-and-deploy	Build and Push Backend	2026-02-17T18:26:00.7703938Z #4 [internal] load .dockerignore
build-and-deploy	Build and Push Backend	2026-02-17T18:26:00.7704476Z #4 transferring context: 91B done
build-and-deploy	Build and Push Backend	2026-02-17T18:26:00.7704916Z #4 DONE 0.0s
build-and-deploy	Build and Push Backend	2026-02-17T18:26:00.7705124Z 
build-and-deploy	Build and Push Backend	2026-02-17T18:26:00.7705282Z #5 [internal] load build context
build-and-deploy	Build and Push Backend	2026-02-17T18:26:00.7705713Z #5 DONE 0.0s
build-and-deploy	Build and Push Backend	2026-02-17T18:26:00.7705901Z 
build-and-deploy	Build and Push Backend	2026-02-17T18:26:00.7706512Z #6 [1/7] FROM docker.io/library/node:20-alpine@sha256:09e2b3d9726018aecf269bd35325f46bf75046a643a66d28360ec71132750ec8
build-and-deploy	Build and Push Backend	2026-02-17T18:26:00.7707505Z #6 resolve docker.io/library/node:20-alpine@sha256:09e2b3d9726018aecf269bd35325f46bf75046a643a66d28360ec71132750ec8 done
build-and-deploy	Build and Push Backend	2026-02-17T18:26:00.7708216Z #6 DONE 0.0s
build-and-deploy	Build and Push Backend	2026-02-17T18:26:00.7708345Z 
build-and-deploy	Build and Push Backend	2026-02-17T18:26:00.7708673Z #7 [auth] ***/upgrade-backend:pull token for registry-1.docker.io
build-and-deploy	Build and Push Backend	2026-02-17T18:26:00.9210586Z #7 DONE 0.0s
build-and-deploy	Build and Push Backend	2026-02-17T18:26:00.9210930Z 
build-and-deploy	Build and Push Backend	2026-02-17T18:26:00.9211471Z #8 importing cache manifest from ***/upgrade-backend:buildcache
build-and-deploy	Build and Push Backend	2026-02-17T18:26:01.0946800Z #8 inferred cache manifest type: application/vnd.oci.image.manifest.v1+json done
build-and-deploy	Build and Push Backend	2026-02-17T18:26:01.3231668Z #8 DONE 0.7s
build-and-deploy	Build and Push Backend	2026-02-17T18:26:01.5429459Z 
build-and-deploy	Build and Push Backend	2026-02-17T18:26:01.5429966Z #5 [internal] load build context
build-and-deploy	Build and Push Backend	2026-02-17T18:26:01.5430523Z #5 transferring context: 1.27MB 0.0s done
build-and-deploy	Build and Push Backend	2026-02-17T18:26:01.5430839Z #5 DONE 0.0s
build-and-deploy	Build and Push Backend	2026-02-17T18:26:01.5430965Z 
build-and-deploy	Build and Push Backend	2026-02-17T18:26:01.5431096Z #9 [3/7] COPY package*.json ./
build-and-deploy	Build and Push Backend	2026-02-17T18:26:01.5431331Z #9 CACHED
build-and-deploy	Build and Push Backend	2026-02-17T18:26:01.5431440Z 
build-and-deploy	Build and Push Backend	2026-02-17T18:26:01.5431523Z #10 [2/7] WORKDIR /app
build-and-deploy	Build and Push Backend	2026-02-17T18:26:01.5432085Z #10 CACHED
build-and-deploy	Build and Push Backend	2026-02-17T18:26:01.5432187Z 
build-and-deploy	Build and Push Backend	2026-02-17T18:26:01.5432274Z #11 [4/7] RUN npm ci
build-and-deploy	Build and Push Backend	2026-02-17T18:26:01.5456358Z #11 sha256:7484bed79808a7c51825340b60074147a3eb9dce2fa3c88c746b283272edc679 0B / 231.20MB 0.2s
build-and-deploy	Build and Push Backend	2026-02-17T18:26:01.6559494Z #11 sha256:fbb15fc6ab406b9b3c3c490c9f82208de8c43a3c4212d69ce490c359db3a97e0 0B / 100.72kB 0.2s
build-and-deploy	Build and Push Backend	2026-02-17T18:26:01.6560624Z #11 sha256:e31b2016552274339ed88ed4a438d78bf37e0f6bdf328d02207b2a598c1ef86d 445B / 445B 0.3s done
build-and-deploy	Build and Push Backend	2026-02-17T18:26:01.6561488Z #11 sha256:1b100f0c4d8d2f5b76484f9e31ed3f6b5764e9a7fbe538e9f38057541b03d6e1 0B / 93B 0.2s
build-and-deploy	Build and Push Backend	2026-02-17T18:26:01.8062597Z #11 sha256:7484bed79808a7c51825340b60074147a3eb9dce2fa3c88c746b283272edc679 13.63MB / 231.20MB 0.3s
build-and-deploy	Build and Push Backend	2026-02-17T18:26:01.8063901Z #11 sha256:fbb15fc6ab406b9b3c3c490c9f82208de8c43a3c4212d69ce490c359db3a97e0 100.72kB / 100.72kB 0.3s done
build-and-deploy	Build and Push Backend	2026-02-17T18:26:01.8064718Z #11 sha256:1b100f0c4d8d2f5b76484f9e31ed3f6b5764e9a7fbe538e9f38057541b03d6e1 93B / 93B 0.3s done
build-and-deploy	Build and Push Backend	2026-02-17T18:26:01.8065325Z #11 sha256:eb87f4721c91769ed5206f34a9ab6ec98fc1d5235c12c2fc956665b1155e9ecb 0B / 1.26MB 0.2s
build-and-deploy	Build and Push Backend	2026-02-17T18:26:01.9539569Z #11 sha256:7484bed79808a7c51825340b60074147a3eb9dce2fa3c88c746b283272edc679 32.51MB / 231.20MB 0.5s
build-and-deploy	Build and Push Backend	2026-02-17T18:26:01.9540817Z #11 sha256:eb87f4721c91769ed5206f34a9ab6ec98fc1d5235c12c2fc956665b1155e9ecb 1.26MB / 1.26MB 0.2s done
build-and-deploy	Build and Push Backend	2026-02-17T18:26:01.9541886Z #11 sha256:ad6d96c196e3198e14ea37df8bba4f54bf92fb525eb65e49fa4027c7dee13f80 0B / 42.78MB 0.2s
build-and-deploy	Build and Push Backend	2026-02-17T18:26:01.9542748Z #11 sha256:589002ba0eaed121a1dbf42f6648f29e5be55d5c8a6ee0f8eaa0285cc21ac153 3.86MB / 3.86MB 0.3s done
build-and-deploy	Build and Push Backend	2026-02-17T18:26:02.1168131Z #11 sha256:7484bed79808a7c51825340b60074147a3eb9dce2fa3c88c746b283272edc679 48.23MB / 231.20MB 0.6s
build-and-deploy	Build and Push Backend	2026-02-17T18:26:02.1170285Z #11 sha256:ad6d96c196e3198e14ea37df8bba4f54bf92fb525eb65e49fa4027c7dee13f80 16.78MB / 42.78MB 0.5s
build-and-deploy	Build and Push Backend	2026-02-17T18:26:02.1171530Z #11 extracting sha256:589002ba0eaed121a1dbf42f6648f29e5be55d5c8a6ee0f8eaa0285cc21ac153 0.1s done
build-and-deploy	Build and Push Backend	2026-02-17T18:26:02.2664249Z #11 sha256:ad6d96c196e3198e14ea37df8bba4f54bf92fb525eb65e49fa4027c7dee13f80 31.46MB / 42.78MB 0.6s
build-and-deploy	Build and Push Backend	2026-02-17T18:26:02.4461503Z #11 sha256:7484bed79808a7c51825340b60074147a3eb9dce2fa3c88c746b283272edc679 85.98MB / 231.20MB 1.1s
build-and-deploy	Build and Push Backend	2026-02-17T18:26:02.4463024Z #11 sha256:ad6d96c196e3198e14ea37df8bba4f54bf92fb525eb65e49fa4027c7dee13f80 42.78MB / 42.78MB 0.7s done
build-and-deploy	Build and Push Backend	2026-02-17T18:26:02.4464104Z #11 extracting sha256:ad6d96c196e3198e14ea37df8bba4f54bf92fb525eb65e49fa4027c7dee13f80
build-and-deploy	Build and Push Backend	2026-02-17T18:26:02.5965421Z #11 sha256:7484bed79808a7c51825340b60074147a3eb9dce2fa3c88c746b283272edc679 110.10MB / 231.20MB 1.2s
build-and-deploy	Build and Push Backend	2026-02-17T18:26:02.7460190Z #11 sha256:7484bed79808a7c51825340b60074147a3eb9dce2fa3c88c746b283272edc679 128.97MB / 231.20MB 1.4s
build-and-deploy	Build and Push Backend	2026-02-17T18:26:02.8964000Z #11 sha256:7484bed79808a7c51825340b60074147a3eb9dce2fa3c88c746b283272edc679 148.90MB / 231.20MB 1.5s
build-and-deploy	Build and Push Backend	2026-02-17T18:26:03.0458695Z #11 sha256:7484bed79808a7c51825340b60074147a3eb9dce2fa3c88c746b283272edc679 161.48MB / 231.20MB 1.7s
build-and-deploy	Build and Push Backend	2026-02-17T18:26:03.1531683Z #11 extracting sha256:ad6d96c196e3198e14ea37df8bba4f54bf92fb525eb65e49fa4027c7dee13f80 0.8s done
build-and-deploy	Build and Push Backend	2026-02-17T18:26:03.1533412Z #11 extracting sha256:eb87f4721c91769ed5206f34a9ab6ec98fc1d5235c12c2fc956665b1155e9ecb 0.0s done
build-and-deploy	Build and Push Backend	2026-02-17T18:26:03.3460116Z #11 sha256:7484bed79808a7c51825340b60074147a3eb9dce2fa3c88c746b283272edc679 197.13MB / 231.20MB 2.0s
build-and-deploy	Build and Push Backend	2026-02-17T18:26:03.3462499Z #11 extracting sha256:e31b2016552274339ed88ed4a438d78bf37e0f6bdf328d02207b2a598c1ef86d done
build-and-deploy	Build and Push Backend	2026-02-17T18:26:03.3465562Z #11 extracting sha256:1b100f0c4d8d2f5b76484f9e31ed3f6b5764e9a7fbe538e9f38057541b03d6e1 done
build-and-deploy	Build and Push Backend	2026-02-17T18:26:03.3467327Z #11 extracting sha256:fbb15fc6ab406b9b3c3c490c9f82208de8c43a3c4212d69ce490c359db3a97e0 done
build-and-deploy	Build and Push Backend	2026-02-17T18:26:03.4959976Z #11 sha256:7484bed79808a7c51825340b60074147a3eb9dce2fa3c88c746b283272edc679 209.72MB / 231.20MB 2.1s
build-and-deploy	Build and Push Backend	2026-02-17T18:26:03.6463337Z #11 sha256:7484bed79808a7c51825340b60074147a3eb9dce2fa3c88c746b283272edc679 229.64MB / 231.20MB 2.3s
build-and-deploy	Build and Push Backend	2026-02-17T18:26:03.9201837Z #11 sha256:7484bed79808a7c51825340b60074147a3eb9dce2fa3c88c746b283272edc679 231.20MB / 231.20MB 2.5s done
build-and-deploy	Build and Push Backend	2026-02-17T18:26:03.9202727Z #11 DONE 2.6s
build-and-deploy	Build and Push Backend	2026-02-17T18:26:04.0727927Z 
build-and-deploy	Build and Push Backend	2026-02-17T18:26:04.0728343Z #11 [4/7] RUN npm ci
build-and-deploy	Build and Push Backend	2026-02-17T18:26:04.0729022Z #11 extracting sha256:7484bed79808a7c51825340b60074147a3eb9dce2fa3c88c746b283272edc679
build-and-deploy	Build and Push Backend	2026-02-17T18:26:09.2052375Z #11 extracting sha256:7484bed79808a7c51825340b60074147a3eb9dce2fa3c88c746b283272edc679 5.3s done
build-and-deploy	Build and Push Backend	2026-02-17T18:26:09.2053167Z #11 DONE 7.9s
build-and-deploy	Build and Push Backend	2026-02-17T18:26:09.3562614Z 
build-and-deploy	Build and Push Backend	2026-02-17T18:26:09.3563113Z #12 [5/7] COPY . .
build-and-deploy	Build and Push Backend	2026-02-17T18:26:11.3124136Z #12 DONE 2.1s
build-and-deploy	Build and Push Backend	2026-02-17T18:26:11.4635000Z 
build-and-deploy	Build and Push Backend	2026-02-17T18:26:11.4635643Z #13 [6/7] RUN npx prisma generate
build-and-deploy	Build and Push Backend	2026-02-17T18:26:12.7665432Z #13 1.454 Loaded Prisma config from prisma.config.ts.
build-and-deploy	Build and Push Backend	2026-02-17T18:26:12.7665842Z #13 1.454 
build-and-deploy	Build and Push Backend	2026-02-17T18:26:12.8825172Z #13 1.569 Prisma schema loaded from prisma/schema.prisma.
build-and-deploy	Build and Push Backend	2026-02-17T18:26:13.2423583Z #13 1.929 
build-and-deploy	Build and Push Backend	2026-02-17T18:26:13.2425220Z #13 1.929 ✔ Generated Prisma Client (v7.4.0) to ./node_modules/@prisma/client in 218ms
build-and-deploy	Build and Push Backend	2026-02-17T18:26:13.2426149Z #13 1.929 
build-and-deploy	Build and Push Backend	2026-02-17T18:26:13.2426839Z #13 1.929 Start by importing your Prisma Client (See: https://pris.ly/d/importing-client)
build-and-deploy	Build and Push Backend	2026-02-17T18:26:13.2427571Z #13 1.929 
build-and-deploy	Build and Push Backend	2026-02-17T18:26:13.2428087Z #13 1.929 
build-and-deploy	Build and Push Backend	2026-02-17T18:26:13.4308765Z #13 DONE 2.0s
build-and-deploy	Build and Push Backend	2026-02-17T18:26:13.4309104Z 
build-and-deploy	Build and Push Backend	2026-02-17T18:26:13.4309289Z #14 [7/7] RUN npm run build
build-and-deploy	Build and Push Backend	2026-02-17T18:26:13.5333028Z #14 0.253 
build-and-deploy	Build and Push Backend	2026-02-17T18:26:13.5333668Z #14 0.253 > upgrade-crm@0.0.1 build
build-and-deploy	Build and Push Backend	2026-02-17T18:26:13.5334304Z #14 0.253 > nest build
build-and-deploy	Build and Push Backend	2026-02-17T18:26:13.5334748Z #14 0.253 
build-and-deploy	Build and Push Backend	2026-02-17T18:26:17.7537485Z #14 DONE 4.5s
build-and-deploy	Build and Push Backend	2026-02-17T18:26:17.9053514Z 
build-and-deploy	Build and Push Backend	2026-02-17T18:26:17.9055692Z #15 exporting to image
build-and-deploy	Build and Push Backend	2026-02-17T18:26:17.9057275Z #15 exporting layers
build-and-deploy	Build and Push Backend	2026-02-17T18:26:18.1484680Z #15 exporting layers 0.4s done
build-and-deploy	Build and Push Backend	2026-02-17T18:26:18.3088484Z #15 exporting manifest sha256:cc6fb10d000e1dddd779709a5c45f1de735ab61035dc369f3577e52653309751 done
build-and-deploy	Build and Push Backend	2026-02-17T18:26:18.3089231Z #15 exporting config sha256:8a7c6412660472f119f3bc164e81a4c85845c8c19f6d893fb0e9c0a25c3d939f done
build-and-deploy	Build and Push Backend	2026-02-17T18:26:18.3089932Z #15 exporting attestation manifest sha256:a4a1a436711c92e34a078ae6c197b271612e42e879707879f7ca4eaa5c8631d4 done
build-and-deploy	Build and Push Backend	2026-02-17T18:26:18.3090612Z #15 exporting manifest list sha256:46192b85cd85b818a3a61160a14d78973b3c2a3491583636f3393d63438a53f0 done
build-and-deploy	Build and Push Backend	2026-02-17T18:26:18.3091268Z #15 naming to docker.io/***/upgrade-backend:latest done
build-and-deploy	Build and Push Backend	2026-02-17T18:26:18.3091591Z #15 pushing layers
build-and-deploy	Build and Push Backend	2026-02-17T18:26:18.4600537Z #15 ...
build-and-deploy	Build and Push Backend	2026-02-17T18:26:18.4600873Z 
build-and-deploy	Build and Push Backend	2026-02-17T18:26:18.4601480Z #16 [auth] ***/upgrade-backend:pull,push token for registry-1.docker.io
build-and-deploy	Build and Push Backend	2026-02-17T18:26:18.4602205Z #16 DONE 0.0s
build-and-deploy	Build and Push Backend	2026-02-17T18:26:18.6090532Z 
build-and-deploy	Build and Push Backend	2026-02-17T18:26:18.6091165Z #15 exporting to image
build-and-deploy	Build and Push Backend	2026-02-17T18:26:20.5076478Z #15 pushing layers 2.3s done
build-and-deploy	Build and Push Backend	2026-02-17T18:26:20.5077290Z #15 pushing manifest for docker.io/***/upgrade-backend:latest@sha256:46192b85cd85b818a3a61160a14d78973b3c2a3491583636f3393d63438a53f0
build-and-deploy	Build and Push Backend	2026-02-17T18:26:23.0772553Z #15 pushing manifest for docker.io/***/upgrade-backend:latest@sha256:46192b85cd85b818a3a61160a14d78973b3c2a3491583636f3393d63438a53f0 2.6s done
build-and-deploy	Build and Push Backend	2026-02-17T18:26:23.2205788Z #15 DONE 5.3s
build-and-deploy	Build and Push Backend	2026-02-17T18:26:23.2206024Z 
build-and-deploy	Build and Push Backend	2026-02-17T18:26:23.2206139Z #17 exporting cache to registry
build-and-deploy	Build and Push Backend	2026-02-17T18:26:23.2206424Z #17 preparing build cache for export
build-and-deploy	Build and Push Backend	2026-02-17T18:26:23.2206898Z #17 writing layer sha256:1b100f0c4d8d2f5b76484f9e31ed3f6b5764e9a7fbe538e9f38057541b03d6e1 0.1s done
build-and-deploy	Build and Push Backend	2026-02-17T18:26:23.2207516Z #17 writing layer sha256:589002ba0eaed121a1dbf42f6648f29e5be55d5c8a6ee0f8eaa0285cc21ac153
build-and-deploy	Build and Push Backend	2026-02-17T18:26:23.3647061Z #17 writing layer sha256:589002ba0eaed121a1dbf42f6648f29e5be55d5c8a6ee0f8eaa0285cc21ac153 0.0s done
build-and-deploy	Build and Push Backend	2026-02-17T18:26:23.3647793Z #17 writing layer sha256:7484bed79808a7c51825340b60074147a3eb9dce2fa3c88c746b283272edc679 0.0s done
build-and-deploy	Build and Push Backend	2026-02-17T18:26:23.3648644Z #17 writing layer sha256:8950aad1c2f4db240fa644f492efa9e43e5855c2c4be1ec33d13ff5d141da855 0.0s done
build-and-deploy	Build and Push Backend	2026-02-17T18:26:23.3649263Z #17 writing layer sha256:a43f74befc543e8a0b84e85031b77afb7f16369a28f1f90939dfddfe50cff136
build-and-deploy	Build and Push Backend	2026-02-17T18:26:23.4648500Z #17 writing layer sha256:a43f74befc543e8a0b84e85031b77afb7f16369a28f1f90939dfddfe50cff136 0.1s done
build-and-deploy	Build and Push Backend	2026-02-17T18:26:23.4649774Z #17 writing layer sha256:ad6d96c196e3198e14ea37df8bba4f54bf92fb525eb65e49fa4027c7dee13f80 0.0s done
build-and-deploy	Build and Push Backend	2026-02-17T18:26:23.4650643Z #17 writing layer sha256:d6dcaaebf2462090c145a43f6f040c13aeedf34804638fac6dd06b57054596e8
build-and-deploy	Build and Push Backend	2026-02-17T18:26:23.6165217Z #17 writing layer sha256:d6dcaaebf2462090c145a43f6f040c13aeedf34804638fac6dd06b57054596e8 0.1s done
build-and-deploy	Build and Push Backend	2026-02-17T18:26:23.6165970Z #17 writing layer sha256:e31b2016552274339ed88ed4a438d78bf37e0f6bdf328d02207b2a598c1ef86d 0.0s done
build-and-deploy	Build and Push Backend	2026-02-17T18:26:23.6166597Z #17 writing layer sha256:eb87f4721c91769ed5206f34a9ab6ec98fc1d5235c12c2fc956665b1155e9ecb 0.1s done
build-and-deploy	Build and Push Backend	2026-02-17T18:26:23.6167207Z #17 writing layer sha256:fbb15fc6ab406b9b3c3c490c9f82208de8c43a3c4212d69ce490c359db3a97e0
build-and-deploy	Build and Push Backend	2026-02-17T18:26:23.8166537Z #17 writing layer sha256:fbb15fc6ab406b9b3c3c490c9f82208de8c43a3c4212d69ce490c359db3a97e0 0.0s done
build-and-deploy	Build and Push Backend	2026-02-17T18:26:23.8167255Z #17 writing config sha256:bf6ab9527d7f990d1fd5417c82036301947668657fa5b74e03e3ffa77781f51d
build-and-deploy	Build and Push Backend	2026-02-17T18:26:24.5501006Z #17 writing config sha256:bf6ab9527d7f990d1fd5417c82036301947668657fa5b74e03e3ffa77781f51d 0.9s done
build-and-deploy	Build and Push Backend	2026-02-17T18:26:24.5501753Z #17 writing cache image manifest sha256:9e03a6236d931b392a53ebfef59823103666b722f4d5a2e28c635d0328905671
build-and-deploy	Build and Push Backend	2026-02-17T18:26:26.4155452Z #17 preparing build cache for export 3.3s done
build-and-deploy	Build and Push Backend	2026-02-17T18:26:26.4156939Z #17 writing cache image manifest sha256:9e03a6236d931b392a53ebfef59823103666b722f4d5a2e28c635d0328905671 1.9s done
build-and-deploy	Build and Push Backend	2026-02-17T18:26:26.4158707Z #17 DONE 3.3s
build-and-deploy	Build and Push Backend	2026-02-17T18:26:26.4552306Z 
build-and-deploy	Build and Push Backend	2026-02-17T18:26:26.4553007Z #18 resolving provenance for metadata file
build-and-deploy	Build and Push Backend	2026-02-17T18:26:26.4553468Z #18 DONE 0.0s
build-and-deploy	Build and Push Backend	2026-02-17T18:26:26.4596164Z ##[group]ImageID
build-and-deploy	Build and Push Backend	2026-02-17T18:26:26.4596567Z sha256:46192b85cd85b818a3a61160a14d78973b3c2a3491583636f3393d63438a53f0
build-and-deploy	Build and Push Backend	2026-02-17T18:26:26.4599180Z ##[endgroup]
build-and-deploy	Build and Push Backend	2026-02-17T18:26:26.4599782Z ##[group]Digest
build-and-deploy	Build and Push Backend	2026-02-17T18:26:26.4600319Z sha256:46192b85cd85b818a3a61160a14d78973b3c2a3491583636f3393d63438a53f0
build-and-deploy	Build and Push Backend	2026-02-17T18:26:26.4601164Z ##[endgroup]
build-and-deploy	Build and Push Backend	2026-02-17T18:26:26.4601753Z ##[group]Metadata
build-and-deploy	Build and Push Backend	2026-02-17T18:26:26.4602067Z {
build-and-deploy	Build and Push Backend	2026-02-17T18:26:26.4602360Z   "buildx.build.provenance": {
build-and-deploy	Build and Push Backend	2026-02-17T18:26:26.4602745Z     "builder": {
build-and-deploy	Build and Push Backend	2026-02-17T18:26:26.4603047Z       "id": ""
build-and-deploy	Build and Push Backend	2026-02-17T18:26:26.4603363Z     },
build-and-deploy	Build and Push Backend	2026-02-17T18:26:26.4603827Z     "buildType": "https://mobyproject.org/buildkit@v1",
build-and-deploy	Build and Push Backend	2026-02-17T18:26:26.4604371Z     "materials": [
build-and-deploy	Build and Push Backend	2026-02-17T18:26:26.4604793Z       {
build-and-deploy	Build and Push Backend	2026-02-17T18:26:26.4605254Z         "uri": "pkg:docker/node@20-alpine?platform=linux%2Famd64",
build-and-deploy	Build and Push Backend	2026-02-17T18:26:26.4605849Z         "digest": {
build-and-deploy	Build and Push Backend	2026-02-17T18:26:26.4606488Z           "sha256": "09e2b3d9726018aecf269bd35325f46bf75046a643a66d28360ec71132750ec8"
build-and-deploy	Build and Push Backend	2026-02-17T18:26:26.4607240Z         }
build-and-deploy	Build and Push Backend	2026-02-17T18:26:26.4607589Z       }
build-and-deploy	Build and Push Backend	2026-02-17T18:26:26.4608279Z     ],
build-and-deploy	Build and Push Backend	2026-02-17T18:26:26.4608515Z     "invocation": {
build-and-deploy	Build and Push Backend	2026-02-17T18:26:26.4608739Z       "configSource": {
build-and-deploy	Build and Push Backend	2026-02-17T18:26:26.4609008Z         "entryPoint": "Dockerfile"
build-and-deploy	Build and Push Backend	2026-02-17T18:26:26.4609273Z       },
build-and-deploy	Build and Push Backend	2026-02-17T18:26:26.4609489Z       "parameters": {
build-and-deploy	Build and Push Backend	2026-02-17T18:26:26.4609752Z         "frontend": "dockerfile.v0",
build-and-deploy	Build and Push Backend	2026-02-17T18:26:26.4610047Z         "locals": [
build-and-deploy	Build and Push Backend	2026-02-17T18:26:26.4610276Z           {
build-and-deploy	Build and Push Backend	2026-02-17T18:26:26.4610494Z             "name": "context"
build-and-deploy	Build and Push Backend	2026-02-17T18:26:26.4610750Z           },
build-and-deploy	Build and Push Backend	2026-02-17T18:26:26.4611228Z           {
build-and-deploy	Build and Push Backend	2026-02-17T18:26:26.4611451Z             "name": "dockerfile"
build-and-deploy	Build and Push Backend	2026-02-17T18:26:26.4611730Z           }
build-and-deploy	Build and Push Backend	2026-02-17T18:26:26.4611950Z         ]
build-and-deploy	Build and Push Backend	2026-02-17T18:26:26.4612153Z       },
build-and-deploy	Build and Push Backend	2026-02-17T18:26:26.4612371Z       "environment": {
build-and-deploy	Build and Push Backend	2026-02-17T18:26:26.4612660Z         "platform": "linux/amd64"
build-and-deploy	Build and Push Backend	2026-02-17T18:26:26.4612941Z       }
build-and-deploy	Build and Push Backend	2026-02-17T18:26:26.4613152Z     }
build-and-deploy	Build and Push Backend	2026-02-17T18:26:26.4613388Z   },
build-and-deploy	Build and Push Backend	2026-02-17T18:26:26.4613717Z   "buildx.build.ref": "default/default/t3l3vc4hbbnp1woa6rd2nfi5o",
build-and-deploy	Build and Push Backend	2026-02-17T18:26:26.4614745Z   "cache.manifest": "{\"mediaType\":\"application/vnd.oci.image.manifest.v1+json\",\"digest\":\"sha256:9e03a6236d931b392a53ebfef59823103666b722f4d5a2e28c635d0328905671\",\"size\":3546}",
build-and-deploy	Build and Push Backend	2026-02-17T18:26:26.4615547Z   "containerimage.descriptor": {
build-and-deploy	Build and Push Backend	2026-02-17T18:26:26.4615925Z     "mediaType": "application/vnd.oci.image.index.v1+json",
build-and-deploy	Build and Push Backend	2026-02-17T18:26:26.4616460Z     "digest": "sha256:46192b85cd85b818a3a61160a14d78973b3c2a3491583636f3393d63438a53f0",
build-and-deploy	Build and Push Backend	2026-02-17T18:26:26.4616919Z     "size": 856
build-and-deploy	Build and Push Backend	2026-02-17T18:26:26.4617175Z   },
build-and-deploy	Build and Push Backend	2026-02-17T18:26:26.4617714Z   "containerimage.digest": "sha256:46192b85cd85b818a3a61160a14d78973b3c2a3491583636f3393d63438a53f0",
build-and-deploy	Build and Push Backend	2026-02-17T18:26:26.4618636Z   "image.name": "docker.io/***/upgrade-backend:latest"
build-and-deploy	Build and Push Backend	2026-02-17T18:26:26.4618972Z }
build-and-deploy	Build and Push Backend	2026-02-17T18:26:26.4619662Z ##[endgroup]
build-and-deploy	Build and Push Frontend	﻿2026-02-17T18:26:26.4738259Z ##[group]Run docker/build-push-action@v5
build-and-deploy	Build and Push Frontend	2026-02-17T18:26:26.4738557Z with:
build-and-deploy	Build and Push Frontend	2026-02-17T18:26:26.4738764Z   context: ./client
build-and-deploy	Build and Push Frontend	2026-02-17T18:26:26.4738974Z   file: client/Dockerfile
build-and-deploy	Build and Push Frontend	2026-02-17T18:26:26.4739205Z   push: true
build-and-deploy	Build and Push Frontend	2026-02-17T18:26:26.4739458Z   tags: ***/upgrade-frontend:latest
build-and-deploy	Build and Push Frontend	2026-02-17T18:26:26.4739829Z   cache-from: type=registry,ref=***/upgrade-frontend:buildcache
build-and-deploy	Build and Push Frontend	2026-02-17T18:26:26.4740298Z   cache-to: type=registry,ref=***/upgrade-frontend:buildcache,mode=max
build-and-deploy	Build and Push Frontend	2026-02-17T18:26:26.4740657Z   load: false
build-and-deploy	Build and Push Frontend	2026-02-17T18:26:26.4740856Z   no-cache: false
build-and-deploy	Build and Push Frontend	2026-02-17T18:26:26.4741060Z   pull: false
build-and-deploy	Build and Push Frontend	2026-02-17T18:26:26.4741392Z   github-token: ***
build-and-deploy	Build and Push Frontend	2026-02-17T18:26:26.4741596Z ##[endgroup]
build-and-deploy	Build and Push Frontend	2026-02-17T18:26:26.6800471Z ##[group]GitHub Actions runtime token ACs
build-and-deploy	Build and Push Frontend	2026-02-17T18:26:26.6810146Z refs/heads/main: read/write
build-and-deploy	Build and Push Frontend	2026-02-17T18:26:26.6810962Z ##[endgroup]
build-and-deploy	Build and Push Frontend	2026-02-17T18:26:26.6813417Z ##[group]Docker info
build-and-deploy	Build and Push Frontend	2026-02-17T18:26:26.6848749Z [command]/usr/bin/docker version
build-and-deploy	Build and Push Frontend	2026-02-17T18:26:26.7020303Z Client: Docker Engine - Community
build-and-deploy	Build and Push Frontend	2026-02-17T18:26:26.7020873Z  Version:           29.1.5
build-and-deploy	Build and Push Frontend	2026-02-17T18:26:26.7021121Z  API version:       1.52
build-and-deploy	Build and Push Frontend	2026-02-17T18:26:26.7021363Z  Go version:        go1.25.6
build-and-deploy	Build and Push Frontend	2026-02-17T18:26:26.7021599Z  Git commit:        0e6fee6
build-and-deploy	Build and Push Frontend	2026-02-17T18:26:26.7022932Z  Built:             Fri Jan 16 12:48:47 2026
build-and-deploy	Build and Push Frontend	2026-02-17T18:26:26.7023493Z  OS/Arch:           linux/amd64
build-and-deploy	Build and Push Frontend	2026-02-17T18:26:26.7023914Z  Context:           default
build-and-deploy	Build and Push Frontend	2026-02-17T18:26:26.7024195Z 
build-and-deploy	Build and Push Frontend	2026-02-17T18:26:26.7024387Z Server: Docker Engine - Community
build-and-deploy	Build and Push Frontend	2026-02-17T18:26:26.7024809Z  Engine:
build-and-deploy	Build and Push Frontend	2026-02-17T18:26:26.7025144Z   Version:          29.1.5
build-and-deploy	Build and Push Frontend	2026-02-17T18:26:26.7025594Z   API version:      1.52 (minimum version 1.44)
build-and-deploy	Build and Push Frontend	2026-02-17T18:26:26.7026029Z   Go version:       go1.25.6
build-and-deploy	Build and Push Frontend	2026-02-17T18:26:26.7026285Z   Git commit:       3b01d64
build-and-deploy	Build and Push Frontend	2026-02-17T18:26:26.7026656Z   Built:            Fri Jan 16 12:48:47 2026
build-and-deploy	Build and Push Frontend	2026-02-17T18:26:26.7027012Z   OS/Arch:          linux/amd64
build-and-deploy	Build and Push Frontend	2026-02-17T18:26:26.7027252Z   Experimental:     false
build-and-deploy	Build and Push Frontend	2026-02-17T18:26:26.7027490Z  containerd:
build-and-deploy	Build and Push Frontend	2026-02-17T18:26:26.7027694Z   Version:          v2.2.1
build-and-deploy	Build and Push Frontend	2026-02-17T18:26:26.7028144Z   GitCommit:        dea7da592f5d1d2b7755e3a161be07f43fad8f75
build-and-deploy	Build and Push Frontend	2026-02-17T18:26:26.7028466Z  runc:
build-and-deploy	Build and Push Frontend	2026-02-17T18:26:26.7028654Z   Version:          1.3.4
build-and-deploy	Build and Push Frontend	2026-02-17T18:26:26.7028886Z   GitCommit:        v1.3.4-0-gd6d73eb8
build-and-deploy	Build and Push Frontend	2026-02-17T18:26:26.7029150Z  docker-init:
build-and-deploy	Build and Push Frontend	2026-02-17T18:26:26.7029349Z   Version:          0.19.0
build-and-deploy	Build and Push Frontend	2026-02-17T18:26:26.7029572Z   GitCommit:        de40ad0
build-and-deploy	Build and Push Frontend	2026-02-17T18:26:26.7057604Z [command]/usr/bin/docker info
build-and-deploy	Build and Push Frontend	2026-02-17T18:26:26.7727176Z Client: Docker Engine - Community
build-and-deploy	Build and Push Frontend	2026-02-17T18:26:26.7728276Z  Version:    29.1.5
build-and-deploy	Build and Push Frontend	2026-02-17T18:26:26.7728607Z  Context:    default
build-and-deploy	Build and Push Frontend	2026-02-17T18:26:26.7728969Z  Debug Mode: false
build-and-deploy	Build and Push Frontend	2026-02-17T18:26:26.7729306Z  Plugins:
build-and-deploy	Build and Push Frontend	2026-02-17T18:26:26.7729674Z   buildx: Docker Buildx (Docker Inc.)
build-and-deploy	Build and Push Frontend	2026-02-17T18:26:26.7730120Z     Version:  v0.31.1
build-and-deploy	Build and Push Frontend	2026-02-17T18:26:26.7730595Z     Path:     /usr/libexec/docker/cli-plugins/docker-buildx
build-and-deploy	Build and Push Frontend	2026-02-17T18:26:26.7731183Z   compose: Docker Compose (Docker Inc.)
build-and-deploy	Build and Push Frontend	2026-02-17T18:26:26.7731601Z     Version:  v2.40.3
build-and-deploy	Build and Push Frontend	2026-02-17T18:26:26.7732073Z     Path:     /usr/libexec/docker/cli-plugins/docker-compose
build-and-deploy	Build and Push Frontend	2026-02-17T18:26:26.7732485Z 
build-and-deploy	Build and Push Frontend	2026-02-17T18:26:26.7732621Z Server:
build-and-deploy	Build and Push Frontend	2026-02-17T18:26:26.7732927Z  Containers: 0
build-and-deploy	Build and Push Frontend	2026-02-17T18:26:26.7733258Z   Running: 0
build-and-deploy	Build and Push Frontend	2026-02-17T18:26:26.7733576Z   Paused: 0
build-and-deploy	Build and Push Frontend	2026-02-17T18:26:26.7733889Z   Stopped: 0
build-and-deploy	Build and Push Frontend	2026-02-17T18:26:26.7734204Z  Images: 3
build-and-deploy	Build and Push Frontend	2026-02-17T18:26:26.7734527Z  Server Version: 29.1.5
build-and-deploy	Build and Push Frontend	2026-02-17T18:26:26.7734920Z  Storage Driver: overlayfs
build-and-deploy	Build and Push Frontend	2026-02-17T18:26:26.7735389Z   driver-type: io.containerd.snapshotter.v1
build-and-deploy	Build and Push Frontend	2026-02-17T18:26:26.7735924Z  Logging Driver: json-file
build-and-deploy	Build and Push Frontend	2026-02-17T18:26:26.7736333Z  Cgroup Driver: systemd
build-and-deploy	Build and Push Frontend	2026-02-17T18:26:26.7736724Z  Cgroup Version: 2
build-and-deploy	Build and Push Frontend	2026-02-17T18:26:26.7737055Z  Plugins:
build-and-deploy	Build and Push Frontend	2026-02-17T18:26:26.7737369Z   Volume: local
build-and-deploy	Build and Push Frontend	2026-02-17T18:26:26.7737804Z   Network: bridge host ipvlan macvlan null overlay
build-and-deploy	Build and Push Frontend	2026-02-17T18:26:26.7738696Z   Log: awslogs fluentd gcplogs gelf journald json-file local splunk syslog
build-and-deploy	Build and Push Frontend	2026-02-17T18:26:26.7739724Z  CDI spec directories:
build-and-deploy	Build and Push Frontend	2026-02-17T18:26:26.7740099Z   /etc/cdi
build-and-deploy	Build and Push Frontend	2026-02-17T18:26:26.7740415Z   /var/run/cdi
build-and-deploy	Build and Push Frontend	2026-02-17T18:26:26.7740754Z  Swarm: inactive
build-and-deploy	Build and Push Frontend	2026-02-17T18:26:26.7741124Z  Runtimes: io.containerd.runc.v2 runc
build-and-deploy	Build and Push Frontend	2026-02-17T18:26:26.7741590Z  Default Runtime: runc
build-and-deploy	Build and Push Frontend	2026-02-17T18:26:26.7742005Z  Init Binary: docker-init
build-and-deploy	Build and Push Frontend	2026-02-17T18:26:26.7742549Z  containerd version: dea7da592f5d1d2b7755e3a161be07f43fad8f75
build-and-deploy	Build and Push Frontend	2026-02-17T18:26:26.7743174Z  runc version: v1.3.4-0-gd6d73eb8
build-and-deploy	Build and Push Frontend	2026-02-17T18:26:26.7743629Z  init version: de40ad0
build-and-deploy	Build and Push Frontend	2026-02-17T18:26:26.7744076Z  Security Options:
build-and-deploy	Build and Push Frontend	2026-02-17T18:26:26.7744446Z   apparmor
build-and-deploy	Build and Push Frontend	2026-02-17T18:26:26.7744769Z   seccomp
build-and-deploy	Build and Push Frontend	2026-02-17T18:26:26.7745102Z    Profile: builtin
build-and-deploy	Build and Push Frontend	2026-02-17T18:26:26.7745479Z   cgroupns
build-and-deploy	Build and Push Frontend	2026-02-17T18:26:26.7745826Z  Kernel Version: 6.14.0-1017-azure
build-and-deploy	Build and Push Frontend	2026-02-17T18:26:26.7746302Z  Operating System: Ubuntu 24.04.3 LTS
build-and-deploy	Build and Push Frontend	2026-02-17T18:26:26.7746773Z  OSType: linux
build-and-deploy	Build and Push Frontend	2026-02-17T18:26:26.7747136Z  Architecture: x86_64
build-and-deploy	Build and Push Frontend	2026-02-17T18:26:26.7747482Z  CPUs: 4
build-and-deploy	Build and Push Frontend	2026-02-17T18:26:26.7747805Z  Total Memory: 15.61GiB
build-and-deploy	Build and Push Frontend	2026-02-17T18:26:26.7748336Z  Name: runnervmjduv7
build-and-deploy	Build and Push Frontend	2026-02-17T18:26:26.7748764Z  ID: 169aa517-19ec-4d49-bd61-4bb79f5886f6
build-and-deploy	Build and Push Frontend	2026-02-17T18:26:26.7749277Z  Docker Root Dir: /var/lib/docker
build-and-deploy	Build and Push Frontend	2026-02-17T18:26:26.7749692Z  Debug Mode: false
build-and-deploy	Build and Push Frontend	2026-02-17T18:26:26.7750167Z  Username: ***
build-and-deploy	Build and Push Frontend	2026-02-17T18:26:26.7750530Z  Experimental: false
build-and-deploy	Build and Push Frontend	2026-02-17T18:26:26.7750926Z  Insecure Registries:
build-and-deploy	Build and Push Frontend	2026-02-17T18:26:26.7751332Z   ::1/128
build-and-deploy	Build and Push Frontend	2026-02-17T18:26:26.7751647Z   127.0.0.0/8
build-and-deploy	Build and Push Frontend	2026-02-17T18:26:26.7752016Z  Live Restore Enabled: false
build-and-deploy	Build and Push Frontend	2026-02-17T18:26:26.7752436Z  Firewall Backend: iptables
build-and-deploy	Build and Push Frontend	2026-02-17T18:26:26.7752698Z 
build-and-deploy	Build and Push Frontend	2026-02-17T18:26:26.7753217Z ##[endgroup]
build-and-deploy	Build and Push Frontend	2026-02-17T18:26:26.7753797Z ##[group]Proxy configuration
build-and-deploy	Build and Push Frontend	2026-02-17T18:26:26.7754960Z No proxy configuration found
build-and-deploy	Build and Push Frontend	2026-02-17T18:26:26.7755581Z ##[endgroup]
build-and-deploy	Build and Push Frontend	2026-02-17T18:26:26.8409602Z ##[group]Buildx version
build-and-deploy	Build and Push Frontend	2026-02-17T18:26:26.8433543Z [command]/usr/bin/docker buildx version
build-and-deploy	Build and Push Frontend	2026-02-17T18:26:26.8971707Z github.com/docker/buildx v0.31.1 a2675950d46b2cb171b23c2015ca44fb88607531
build-and-deploy	Build and Push Frontend	2026-02-17T18:26:26.8994938Z ##[endgroup]
build-and-deploy	Build and Push Frontend	2026-02-17T18:26:26.8995691Z ##[group]Builder info
build-and-deploy	Build and Push Frontend	2026-02-17T18:26:26.9697693Z {
build-and-deploy	Build and Push Frontend	2026-02-17T18:26:26.9698634Z   "nodes": [
build-and-deploy	Build and Push Frontend	2026-02-17T18:26:26.9698986Z     {
build-and-deploy	Build and Push Frontend	2026-02-17T18:26:26.9699330Z       "name": "default",
build-and-deploy	Build and Push Frontend	2026-02-17T18:26:26.9699747Z       "endpoint": "default",
build-and-deploy	Build and Push Frontend	2026-02-17T18:26:26.9700163Z       "status": "running",
build-and-deploy	Build and Push Frontend	2026-02-17T18:26:26.9700570Z       "buildkit": "v0.26.3",
build-and-deploy	Build and Push Frontend	2026-02-17T18:26:26.9701163Z       "platforms": "linux/amd64,linux/amd64/v2,linux/amd64/v3,linux/amd64/v4",
build-and-deploy	Build and Push Frontend	2026-02-17T18:26:26.9701792Z       "features": {
build-and-deploy	Build and Push Frontend	2026-02-17T18:26:26.9702129Z         "Automatically load images to the Docker Engine image store": true,
build-and-deploy	Build and Push Frontend	2026-02-17T18:26:26.9702497Z         "Cache export": true,
build-and-deploy	Build and Push Frontend	2026-02-17T18:26:26.9702751Z         "Direct push": true,
build-and-deploy	Build and Push Frontend	2026-02-17T18:26:26.9702991Z         "Docker exporter": true,
build-and-deploy	Build and Push Frontend	2026-02-17T18:26:26.9703256Z         "Multi-platform build": true,
build-and-deploy	Build and Push Frontend	2026-02-17T18:26:26.9703545Z         "OCI exporter": true
build-and-deploy	Build and Push Frontend	2026-02-17T18:26:26.9703761Z       },
build-and-deploy	Build and Push Frontend	2026-02-17T18:26:26.9703945Z       "labels": {
build-and-deploy	Build and Push Frontend	2026-02-17T18:26:26.9704293Z         "org.mobyproject.buildkit.worker.apparmor.profile": "docker-default",
build-and-deploy	Build and Push Frontend	2026-02-17T18:26:26.9704798Z         "org.mobyproject.buildkit.worker.containerd.namespace": "moby",
build-and-deploy	Build and Push Frontend	2026-02-17T18:26:26.9705363Z         "org.mobyproject.buildkit.worker.containerd.uuid": "1d24cf55-4f30-453a-b931-c9265de8620e",
build-and-deploy	Build and Push Frontend	2026-02-17T18:26:26.9705900Z         "org.mobyproject.buildkit.worker.executor": "containerd",
build-and-deploy	Build and Push Frontend	2026-02-17T18:26:26.9706326Z         "org.mobyproject.buildkit.worker.hostname": "runnervmjduv7",
build-and-deploy	Build and Push Frontend	2026-02-17T18:26:26.9706802Z         "org.mobyproject.buildkit.worker.moby.host-gateway-ip": "172.17.0.1",
build-and-deploy	Build and Push Frontend	2026-02-17T18:26:26.9707248Z         "org.mobyproject.buildkit.worker.network": "host",
build-and-deploy	Build and Push Frontend	2026-02-17T18:26:26.9707667Z         "org.mobyproject.buildkit.worker.selinux.enabled": "false",
build-and-deploy	Build and Push Frontend	2026-02-17T18:26:26.9708396Z         "org.mobyproject.buildkit.worker.snapshotter": "overlayfs"
build-and-deploy	Build and Push Frontend	2026-02-17T18:26:26.9708735Z       },
build-and-deploy	Build and Push Frontend	2026-02-17T18:26:26.9708931Z       "gcPolicy": [
build-and-deploy	Build and Push Frontend	2026-02-17T18:26:26.9709130Z         {
build-and-deploy	Build and Push Frontend	2026-02-17T18:26:26.9709316Z           "all": false,
build-and-deploy	Build and Push Frontend	2026-02-17T18:26:26.9709537Z           "filter": [
build-and-deploy	Build and Push Frontend	2026-02-17T18:26:26.9709757Z             "type==source.local",
build-and-deploy	Build and Push Frontend	2026-02-17T18:26:26.9710017Z             "type==exec.cachemount",
build-and-deploy	Build and Push Frontend	2026-02-17T18:26:26.9710280Z             "type==source.git.checkout"
build-and-deploy	Build and Push Frontend	2026-02-17T18:26:26.9710528Z           ],
build-and-deploy	Build and Push Frontend	2026-02-17T18:26:26.9710735Z           "keepDuration": "48h0m0s"
build-and-deploy	Build and Push Frontend	2026-02-17T18:26:26.9710974Z         },
build-and-deploy	Build and Push Frontend	2026-02-17T18:26:26.9711152Z         {
build-and-deploy	Build and Push Frontend	2026-02-17T18:26:26.9711336Z           "all": false,
build-and-deploy	Build and Push Frontend	2026-02-17T18:26:26.9711558Z           "keepDuration": "1440h0m0s"
build-and-deploy	Build and Push Frontend	2026-02-17T18:26:26.9711805Z         },
build-and-deploy	Build and Push Frontend	2026-02-17T18:26:26.9711974Z         {
build-and-deploy	Build and Push Frontend	2026-02-17T18:26:26.9725324Z           "all": false
build-and-deploy	Build and Push Frontend	2026-02-17T18:26:26.9725714Z         },
build-and-deploy	Build and Push Frontend	2026-02-17T18:26:26.9725931Z         {
build-and-deploy	Build and Push Frontend	2026-02-17T18:26:26.9726137Z           "all": true
build-and-deploy	Build and Push Frontend	2026-02-17T18:26:26.9726355Z         }
build-and-deploy	Build and Push Frontend	2026-02-17T18:26:26.9726532Z       ]
build-and-deploy	Build and Push Frontend	2026-02-17T18:26:26.9726714Z     }
build-and-deploy	Build and Push Frontend	2026-02-17T18:26:26.9726888Z   ],
build-and-deploy	Build and Push Frontend	2026-02-17T18:26:26.9727072Z   "name": "default",
build-and-deploy	Build and Push Frontend	2026-02-17T18:26:26.9727308Z   "driver": "docker",
build-and-deploy	Build and Push Frontend	2026-02-17T18:26:26.9727552Z   "lastActivity": "2026-02-17T18:25:59.000Z"
build-and-deploy	Build and Push Frontend	2026-02-17T18:26:26.9727959Z }
build-and-deploy	Build and Push Frontend	2026-02-17T18:26:26.9728577Z ##[endgroup]
build-and-deploy	Build and Push Frontend	2026-02-17T18:26:27.1033596Z [command]/usr/bin/docker buildx build --cache-from type=registry,ref=***/upgrade-frontend:buildcache --cache-to type=registry,ref=***/upgrade-frontend:buildcache,mode=max --file client/Dockerfile --iidfile /home/runner/work/_temp/docker-actions-toolkit-QspgaS/build-iidfile-da9d545b64.txt --tag ***/upgrade-frontend:latest --metadata-file /home/runner/work/_temp/docker-actions-toolkit-QspgaS/build-metadata-13210f402a.json --push ./client
build-and-deploy	Build and Push Frontend	2026-02-17T18:26:27.1895842Z #0 building with "default" instance using docker driver
build-and-deploy	Build and Push Frontend	2026-02-17T18:26:27.1896481Z 
build-and-deploy	Build and Push Frontend	2026-02-17T18:26:27.1896912Z #1 [internal] load build definition from Dockerfile
build-and-deploy	Build and Push Frontend	2026-02-17T18:26:27.1897503Z #1 DONE 0.0s
build-and-deploy	Build and Push Frontend	2026-02-17T18:26:27.3351836Z 
build-and-deploy	Build and Push Frontend	2026-02-17T18:26:27.3352423Z #1 [internal] load build definition from Dockerfile
build-and-deploy	Build and Push Frontend	2026-02-17T18:26:27.3352975Z #1 transferring dockerfile: 342B done
build-and-deploy	Build and Push Frontend	2026-02-17T18:26:27.3353357Z #1 DONE 0.0s
build-and-deploy	Build and Push Frontend	2026-02-17T18:26:27.3353546Z 
build-and-deploy	Build and Push Frontend	2026-02-17T18:26:27.3353807Z #2 [auth] library/nginx:pull token for registry-1.docker.io
build-and-deploy	Build and Push Frontend	2026-02-17T18:26:27.4853544Z #2 DONE 0.0s
build-and-deploy	Build and Push Frontend	2026-02-17T18:26:27.4853738Z 
build-and-deploy	Build and Push Frontend	2026-02-17T18:26:27.4853936Z #3 [internal] load metadata for docker.io/library/node:18-alpine
build-and-deploy	Build and Push Frontend	2026-02-17T18:26:27.6634166Z #3 DONE 0.5s
build-and-deploy	Build and Push Frontend	2026-02-17T18:26:27.6634486Z 
build-and-deploy	Build and Push Frontend	2026-02-17T18:26:27.6634700Z #4 [internal] load metadata for docker.io/library/nginx:alpine
build-and-deploy	Build and Push Frontend	2026-02-17T18:26:27.9883313Z #4 DONE 0.8s
build-and-deploy	Build and Push Frontend	2026-02-17T18:26:28.1285209Z 
build-and-deploy	Build and Push Frontend	2026-02-17T18:26:28.1285809Z #5 [internal] load .dockerignore
build-and-deploy	Build and Push Frontend	2026-02-17T18:26:28.1286194Z #5 transferring context: 2B done
build-and-deploy	Build and Push Frontend	2026-02-17T18:26:28.1286452Z #5 DONE 0.0s
build-and-deploy	Build and Push Frontend	2026-02-17T18:26:28.1286610Z 
build-and-deploy	Build and Push Frontend	2026-02-17T18:26:28.1286713Z #6 [internal] load build context
build-and-deploy	Build and Push Frontend	2026-02-17T18:26:28.1286947Z #6 DONE 0.0s
build-and-deploy	Build and Push Frontend	2026-02-17T18:26:28.1287064Z 
build-and-deploy	Build and Push Frontend	2026-02-17T18:26:28.1287450Z #7 [build 1/6] FROM docker.io/library/node:18-alpine@sha256:8d6421d663b4c28fd3ebc498332f249011d118945588d0a35cb9bc4b8ca09d9e
build-and-deploy	Build and Push Frontend	2026-02-17T18:26:28.1288417Z #7 resolve docker.io/library/node:18-alpine@sha256:8d6421d663b4c28fd3ebc498332f249011d118945588d0a35cb9bc4b8ca09d9e 0.0s done
build-and-deploy	Build and Push Frontend	2026-02-17T18:26:28.1288947Z #7 DONE 0.0s
build-and-deploy	Build and Push Frontend	2026-02-17T18:26:28.1289068Z 
build-and-deploy	Build and Push Frontend	2026-02-17T18:26:28.1289433Z #8 [stage-1 1/3] FROM docker.io/library/nginx:alpine@sha256:1d13701a5f9f3fb01aaa88cef2344d65b6b5bf6b7d9fa4cf0dca557a8d7702ba
build-and-deploy	Build and Push Frontend	2026-02-17T18:26:28.1290249Z #8 resolve docker.io/library/nginx:alpine@sha256:1d13701a5f9f3fb01aaa88cef2344d65b6b5bf6b7d9fa4cf0dca557a8d7702ba 0.0s done
build-and-deploy	Build and Push Frontend	2026-02-17T18:26:28.1290781Z #8 DONE 0.0s
build-and-deploy	Build and Push Frontend	2026-02-17T18:26:28.1290913Z 
build-and-deploy	Build and Push Frontend	2026-02-17T18:26:28.2796400Z #9 [auth] ***/upgrade-frontend:pull token for registry-1.docker.io
build-and-deploy	Build and Push Frontend	2026-02-17T18:26:28.2797212Z #9 DONE 0.0s
build-and-deploy	Build and Push Frontend	2026-02-17T18:26:28.2797342Z 
build-and-deploy	Build and Push Frontend	2026-02-17T18:26:28.2797565Z #10 importing cache manifest from ***/upgrade-frontend:buildcache
build-and-deploy	Build and Push Frontend	2026-02-17T18:26:28.5281563Z #10 inferred cache manifest type: application/vnd.oci.image.manifest.v1+json done
build-and-deploy	Build and Push Frontend	2026-02-17T18:26:28.7368914Z #10 DONE 0.7s
build-and-deploy	Build and Push Frontend	2026-02-17T18:26:28.9736280Z 
build-and-deploy	Build and Push Frontend	2026-02-17T18:26:28.9737684Z #6 [internal] load build context
build-and-deploy	Build and Push Frontend	2026-02-17T18:26:28.9738553Z #6 transferring context: 258.29kB done
build-and-deploy	Build and Push Frontend	2026-02-17T18:26:28.9739058Z #6 DONE 0.0s
build-and-deploy	Build and Push Frontend	2026-02-17T18:26:28.9739263Z 
build-and-deploy	Build and Push Frontend	2026-02-17T18:26:28.9739457Z #11 [build 3/6] COPY package*.json ./
build-and-deploy	Build and Push Frontend	2026-02-17T18:26:28.9739972Z #11 CACHED
build-and-deploy	Build and Push Frontend	2026-02-17T18:26:28.9740158Z 
build-and-deploy	Build and Push Frontend	2026-02-17T18:26:28.9740306Z #12 [build 2/6] WORKDIR /app
build-and-deploy	Build and Push Frontend	2026-02-17T18:26:28.9740644Z #12 CACHED
build-and-deploy	Build and Push Frontend	2026-02-17T18:26:28.9740810Z 
build-and-deploy	Build and Push Frontend	2026-02-17T18:26:28.9740956Z #13 [build 4/6] RUN npm ci
build-and-deploy	Build and Push Frontend	2026-02-17T18:26:28.9741308Z #13 CACHED
build-and-deploy	Build and Push Frontend	2026-02-17T18:26:28.9741490Z 
build-and-deploy	Build and Push Frontend	2026-02-17T18:26:28.9741614Z #14 [build 5/6] COPY . .
build-and-deploy	Build and Push Frontend	2026-02-17T18:26:28.9741968Z #14 CACHED
build-and-deploy	Build and Push Frontend	2026-02-17T18:26:28.9742135Z 
build-and-deploy	Build and Push Frontend	2026-02-17T18:26:28.9742280Z #15 [build 6/6] RUN npm run build
build-and-deploy	Build and Push Frontend	2026-02-17T18:26:28.9742677Z #15 CACHED
build-and-deploy	Build and Push Frontend	2026-02-17T18:26:28.9742922Z 
build-and-deploy	Build and Push Frontend	2026-02-17T18:26:28.9743206Z #16 [stage-1 2/3] COPY --from=build /app/dist /usr/share/nginx/html
build-and-deploy	Build and Push Frontend	2026-02-17T18:26:28.9743764Z #16 CACHED
build-and-deploy	Build and Push Frontend	2026-02-17T18:26:28.9743924Z 
build-and-deploy	Build and Push Frontend	2026-02-17T18:26:28.9744067Z #17 exporting to image
build-and-deploy	Build and Push Frontend	2026-02-17T18:26:28.9744401Z #17 exporting layers done
build-and-deploy	Build and Push Frontend	2026-02-17T18:26:28.9745104Z #17 exporting manifest sha256:5c00ae4b665a83b136bbc6fa1b79e3a816a4ed42780e5753cb53487d58bb02f1 done
build-and-deploy	Build and Push Frontend	2026-02-17T18:26:28.9746054Z #17 exporting config sha256:8afd17436c1a7c05f5bb229e69fb5a889f60df656327aec0779825cd2eeb7a0b done
build-and-deploy	Build and Push Frontend	2026-02-17T18:26:28.9747079Z #17 exporting attestation manifest sha256:dad7f772ed3d7cd6d6230f4281a7462966ac3cf4ba9a3b2460ccd93c7c3720e7 done
build-and-deploy	Build and Push Frontend	2026-02-17T18:26:28.9748552Z #17 exporting manifest list sha256:8d12b3a07f2ecaf4edbf110f97dd2ecfec7ed308b6e671d231526a295d2be7cc done
build-and-deploy	Build and Push Frontend	2026-02-17T18:26:28.9749530Z #17 naming to docker.io/***/upgrade-frontend:latest done
build-and-deploy	Build and Push Frontend	2026-02-17T18:26:29.4257615Z #17 ...
build-and-deploy	Build and Push Frontend	2026-02-17T18:26:29.4258059Z 
build-and-deploy	Build and Push Frontend	2026-02-17T18:26:29.4258341Z #18 [stage-1 3/3] COPY nginx.conf /etc/nginx/conf.d/default.conf
build-and-deploy	Build and Push Frontend	2026-02-17T18:26:29.4258880Z #18 sha256:45543dc70cad630627e67b8746489fd857171392151b6699638f68215d95af61 438B / 438B 0.1s done
build-and-deploy	Build and Push Frontend	2026-02-17T18:26:29.4259523Z #18 sha256:955a8478f9aceb66cbf2f579fa3c24e1af278d1fa3ffd3043d6260e21d2f7416 1.21kB / 1.21kB 0.2s done
build-and-deploy	Build and Push Frontend	2026-02-17T18:26:29.4260187Z #18 sha256:5e7756927bef33a266e1221356d5da8553139cb80bc5b1b3827010811d9ea268 20.24MB / 20.24MB 0.4s done
build-and-deploy	Build and Push Frontend	2026-02-17T18:26:29.4260808Z #18 sha256:399d0898a94e0084f81499a3e3c29824357118c7ce551648ea1dbab813884661 404B / 404B 0.2s done
build-and-deploy	Build and Push Frontend	2026-02-17T18:26:29.4261701Z #18 sha256:3e2c181db1b0985ce357c7aaf48ac615f30f392cd15d5c5ba34c4faa1f4f39a2 626B / 626B 0.1s done
build-and-deploy	Build and Push Frontend	2026-02-17T18:26:29.4262334Z #18 sha256:6d397a54a185dd0b6638d1a3934b81daef7a140741e12697377d6279066f7ca7 1.40kB / 1.40kB 0.1s done
build-and-deploy	Build and Push Frontend	2026-02-17T18:26:29.4262996Z #18 sha256:35d5b00f012cd4ad6b717b8ab95dfb1ad99b79f711eb4f55e01067f37a6138de 634.32kB / 634.32kB 0.3s done
build-and-deploy	Build and Push Frontend	2026-02-17T18:26:29.4263663Z #18 sha256:bca5d04786e112d958f100a66f8257b2aeefc14b64d81e405c3c44acff2fb000 1.86MB / 1.86MB 0.2s done
build-and-deploy	Build and Push Frontend	2026-02-17T18:26:29.4264294Z #18 sha256:6b7b6c7061b76cdb8601e18722d12ae3232f0ddcfa1d2983754abcc6ce0a8a83 954B / 954B 0.1s done
build-and-deploy	Build and Push Frontend	2026-02-17T18:26:29.4264735Z #18 DONE 0.5s
build-and-deploy	Build and Push Frontend	2026-02-17T18:26:29.4264860Z 
build-and-deploy	Build and Push Frontend	2026-02-17T18:26:29.4264950Z #17 exporting to image
build-and-deploy	Build and Push Frontend	2026-02-17T18:26:29.4265188Z #17 pushing layers
build-and-deploy	Build and Push Frontend	2026-02-17T18:26:29.5767990Z #17 ...
build-and-deploy	Build and Push Frontend	2026-02-17T18:26:29.5768217Z 
build-and-deploy	Build and Push Frontend	2026-02-17T18:26:29.5768588Z #19 [auth] ***/upgrade-frontend:pull,push token for registry-1.docker.io
build-and-deploy	Build and Push Frontend	2026-02-17T18:26:29.5768996Z #19 DONE 0.0s
build-and-deploy	Build and Push Frontend	2026-02-17T18:26:29.7259282Z 
build-and-deploy	Build and Push Frontend	2026-02-17T18:26:29.7259639Z #17 exporting to image
build-and-deploy	Build and Push Frontend	2026-02-17T18:26:30.4784414Z #17 pushing layers 1.2s done
build-and-deploy	Build and Push Frontend	2026-02-17T18:26:30.4785692Z #17 pushing manifest for docker.io/***/upgrade-frontend:latest@sha256:8d12b3a07f2ecaf4edbf110f97dd2ecfec7ed308b6e671d231526a295d2be7cc
build-and-deploy	Build and Push Frontend	2026-02-17T18:26:32.5368759Z #17 pushing manifest for docker.io/***/upgrade-frontend:latest@sha256:8d12b3a07f2ecaf4edbf110f97dd2ecfec7ed308b6e671d231526a295d2be7cc 2.1s done
build-and-deploy	Build and Push Frontend	2026-02-17T18:26:32.7048644Z #17 DONE 3.8s
build-and-deploy	Build and Push Frontend	2026-02-17T18:26:32.7049003Z 
build-and-deploy	Build and Push Frontend	2026-02-17T18:26:32.7049245Z #20 exporting cache to registry
build-and-deploy	Build and Push Frontend	2026-02-17T18:26:32.7049747Z #20 preparing build cache for export
build-and-deploy	Build and Push Frontend	2026-02-17T18:26:32.7939586Z #20 writing layer sha256:1e5a4c89cee5c0826c540ab06d4b6b491c96eda01837f430bd47f0d26702d6e3
build-and-deploy	Build and Push Frontend	2026-02-17T18:26:32.9389658Z #20 writing layer sha256:1e5a4c89cee5c0826c540ab06d4b6b491c96eda01837f430bd47f0d26702d6e3 0.0s done
build-and-deploy	Build and Push Frontend	2026-02-17T18:26:32.9390416Z #20 writing layer sha256:25ff2da83641908f65c3a74d80409d6b1b62ccfaab220b9ea70b80df5a2e0549 0.0s done
build-and-deploy	Build and Push Frontend	2026-02-17T18:26:32.9391052Z #20 writing layer sha256:35d5b00f012cd4ad6b717b8ab95dfb1ad99b79f711eb4f55e01067f37a6138de 0.0s done
build-and-deploy	Build and Push Frontend	2026-02-17T18:26:32.9391662Z #20 writing layer sha256:399d0898a94e0084f81499a3e3c29824357118c7ce551648ea1dbab813884661
build-and-deploy	Build and Push Frontend	2026-02-17T18:26:33.0880747Z #20 writing layer sha256:399d0898a94e0084f81499a3e3c29824357118c7ce551648ea1dbab813884661 0.0s done
build-and-deploy	Build and Push Frontend	2026-02-17T18:26:33.0881512Z #20 writing layer sha256:3e2c181db1b0985ce357c7aaf48ac615f30f392cd15d5c5ba34c4faa1f4f39a2 0.0s done
build-and-deploy	Build and Push Frontend	2026-02-17T18:26:33.0882147Z #20 writing layer sha256:41d1a570d69bed8660e49cdf58418fa5b6e0e5b9ee8dc70c5ebfd90f9b117cc9 0.1s done
build-and-deploy	Build and Push Frontend	2026-02-17T18:26:33.0882748Z #20 writing layer sha256:45543dc70cad630627e67b8746489fd857171392151b6699638f68215d95af61
build-and-deploy	Build and Push Frontend	2026-02-17T18:26:33.1912822Z #20 writing layer sha256:45543dc70cad630627e67b8746489fd857171392151b6699638f68215d95af61 0.0s done
build-and-deploy	Build and Push Frontend	2026-02-17T18:26:33.1913595Z #20 writing layer sha256:49267cdd9798ec2691d0a19a86fc8ae9653ea10ff956ce585747c227691322ac 0.1s done
build-and-deploy	Build and Push Frontend	2026-02-17T18:26:33.1914225Z #20 writing layer sha256:589002ba0eaed121a1dbf42f6648f29e5be55d5c8a6ee0f8eaa0285cc21ac153
build-and-deploy	Build and Push Frontend	2026-02-17T18:26:33.3407537Z #20 writing layer sha256:589002ba0eaed121a1dbf42f6648f29e5be55d5c8a6ee0f8eaa0285cc21ac153 0.0s done
build-and-deploy	Build and Push Frontend	2026-02-17T18:26:33.3408464Z #20 writing layer sha256:5e7756927bef33a266e1221356d5da8553139cb80bc5b1b3827010811d9ea268 0.0s done
build-and-deploy	Build and Push Frontend	2026-02-17T18:26:33.3409107Z #20 writing layer sha256:6b7b6c7061b76cdb8601e18722d12ae3232f0ddcfa1d2983754abcc6ce0a8a83 0.1s done
build-and-deploy	Build and Push Frontend	2026-02-17T18:26:33.3409702Z #20 writing layer sha256:6d397a54a185dd0b6638d1a3934b81daef7a140741e12697377d6279066f7ca7
build-and-deploy	Build and Push Frontend	2026-02-17T18:26:33.4838609Z #20 writing layer sha256:6d397a54a185dd0b6638d1a3934b81daef7a140741e12697377d6279066f7ca7 0.0s done
build-and-deploy	Build and Push Frontend	2026-02-17T18:26:33.4839413Z #20 writing layer sha256:811b30919085567ba617d21d484399608a50ea03dae6df2df826d7378aebdf3e 0.0s done
build-and-deploy	Build and Push Frontend	2026-02-17T18:26:33.4840411Z #20 writing layer sha256:8778889ec11f6dec7e5a189263364a6cb3b64836d3668fcabfa04eba6a702c14 0.0s done
build-and-deploy	Build and Push Frontend	2026-02-17T18:26:33.4841017Z #20 writing layer sha256:955a8478f9aceb66cbf2f579fa3c24e1af278d1fa3ffd3043d6260e21d2f7416
build-and-deploy	Build and Push Frontend	2026-02-17T18:26:33.6358181Z #20 writing layer sha256:955a8478f9aceb66cbf2f579fa3c24e1af278d1fa3ffd3043d6260e21d2f7416 0.0s done
build-and-deploy	Build and Push Frontend	2026-02-17T18:26:33.6358924Z #20 writing layer sha256:a1b9b22da7ae27841f9a719a15ac1408bc2db12281a6192175ef03c95d0d2e58 0.0s done
build-and-deploy	Build and Push Frontend	2026-02-17T18:26:33.6359582Z #20 writing layer sha256:bca5d04786e112d958f100a66f8257b2aeefc14b64d81e405c3c44acff2fb000 0.1s done
build-and-deploy	Build and Push Frontend	2026-02-17T18:26:33.6360189Z #20 writing layer sha256:dd71dde834b5c203d162902e6b8994cb2309ae049a0eabc4efea161b2b5a3d0e
build-and-deploy	Build and Push Frontend	2026-02-17T18:26:33.7369202Z #20 writing layer sha256:dd71dde834b5c203d162902e6b8994cb2309ae049a0eabc4efea161b2b5a3d0e 0.1s done
build-and-deploy	Build and Push Frontend	2026-02-17T18:26:33.7369940Z #20 writing layer sha256:f18232174bc91741fdf3da96d85011092101a032a93a388b79e99e69c2d5c870 0.0s done
build-and-deploy	Build and Push Frontend	2026-02-17T18:26:33.7370546Z #20 writing config sha256:8e50175a686d1d66ae8870017e0fb9f77bffc7b498266ac3a9eb10cc4df72cb3
build-and-deploy	Build and Push Frontend	2026-02-17T18:26:33.9345764Z #20 writing config sha256:8e50175a686d1d66ae8870017e0fb9f77bffc7b498266ac3a9eb10cc4df72cb3 0.0s done
build-and-deploy	Build and Push Frontend	2026-02-17T18:26:33.9347068Z #20 writing cache image manifest sha256:74afd1709fefa29b555b84b2d9d690113df2e8cea7f86bac3de79bfa479e6ccf
build-and-deploy	Build and Push Frontend	2026-02-17T18:26:35.6229081Z #20 preparing build cache for export 3.1s done
build-and-deploy	Build and Push Frontend	2026-02-17T18:26:35.6230473Z #20 writing cache image manifest sha256:74afd1709fefa29b555b84b2d9d690113df2e8cea7f86bac3de79bfa479e6ccf 1.8s done
build-and-deploy	Build and Push Frontend	2026-02-17T18:26:35.6231312Z #20 DONE 3.1s
build-and-deploy	Build and Push Frontend	2026-02-17T18:26:35.6587256Z 
build-and-deploy	Build and Push Frontend	2026-02-17T18:26:35.6587955Z #21 resolving provenance for metadata file
build-and-deploy	Build and Push Frontend	2026-02-17T18:26:35.6588364Z #21 DONE 0.0s
build-and-deploy	Build and Push Frontend	2026-02-17T18:26:35.6631477Z ##[group]ImageID
build-and-deploy	Build and Push Frontend	2026-02-17T18:26:35.6631933Z sha256:8d12b3a07f2ecaf4edbf110f97dd2ecfec7ed308b6e671d231526a295d2be7cc
build-and-deploy	Build and Push Frontend	2026-02-17T18:26:35.6633636Z ##[endgroup]
build-and-deploy	Build and Push Frontend	2026-02-17T18:26:35.6634223Z ##[group]Digest
build-and-deploy	Build and Push Frontend	2026-02-17T18:26:35.6634623Z sha256:8d12b3a07f2ecaf4edbf110f97dd2ecfec7ed308b6e671d231526a295d2be7cc
build-and-deploy	Build and Push Frontend	2026-02-17T18:26:35.6636055Z ##[endgroup]
build-and-deploy	Build and Push Frontend	2026-02-17T18:26:35.6636468Z ##[group]Metadata
build-and-deploy	Build and Push Frontend	2026-02-17T18:26:35.6636664Z {
build-and-deploy	Build and Push Frontend	2026-02-17T18:26:35.6636863Z   "buildx.build.provenance": {
build-and-deploy	Build and Push Frontend	2026-02-17T18:26:35.6637116Z     "builder": {
build-and-deploy	Build and Push Frontend	2026-02-17T18:26:35.6637310Z       "id": ""
build-and-deploy	Build and Push Frontend	2026-02-17T18:26:35.6637497Z     },
build-and-deploy	Build and Push Frontend	2026-02-17T18:26:35.6637789Z     "buildType": "https://mobyproject.org/buildkit@v1",
build-and-deploy	Build and Push Frontend	2026-02-17T18:26:35.6638353Z     "materials": [
build-and-deploy	Build and Push Frontend	2026-02-17T18:26:35.6638553Z       {
build-and-deploy	Build and Push Frontend	2026-02-17T18:26:35.6638819Z         "uri": "pkg:docker/nginx@alpine?platform=linux%2Famd64",
build-and-deploy	Build and Push Frontend	2026-02-17T18:26:35.6639137Z         "digest": {
build-and-deploy	Build and Push Frontend	2026-02-17T18:26:35.6639521Z           "sha256": "1d13701a5f9f3fb01aaa88cef2344d65b6b5bf6b7d9fa4cf0dca557a8d7702ba"
build-and-deploy	Build and Push Frontend	2026-02-17T18:26:35.6639948Z         }
build-and-deploy	Build and Push Frontend	2026-02-17T18:26:35.6640127Z       },
build-and-deploy	Build and Push Frontend	2026-02-17T18:26:35.6640340Z       {
build-and-deploy	Build and Push Frontend	2026-02-17T18:26:35.6640593Z         "uri": "pkg:docker/node@18-alpine?platform=linux%2Famd64",
build-and-deploy	Build and Push Frontend	2026-02-17T18:26:35.6640958Z         "digest": {
build-and-deploy	Build and Push Frontend	2026-02-17T18:26:35.6641291Z           "sha256": "8d6421d663b4c28fd3ebc498332f249011d118945588d0a35cb9bc4b8ca09d9e"
build-and-deploy	Build and Push Frontend	2026-02-17T18:26:35.6641662Z         }
build-and-deploy	Build and Push Frontend	2026-02-17T18:26:35.6641844Z       }
build-and-deploy	Build and Push Frontend	2026-02-17T18:26:35.6642043Z     ],
build-and-deploy	Build and Push Frontend	2026-02-17T18:26:35.6642252Z     "invocation": {
build-and-deploy	Build and Push Frontend	2026-02-17T18:26:35.6642515Z       "configSource": {
build-and-deploy	Build and Push Frontend	2026-02-17T18:26:35.6642780Z         "entryPoint": "Dockerfile"
build-and-deploy	Build and Push Frontend	2026-02-17T18:26:35.6643077Z       },
build-and-deploy	Build and Push Frontend	2026-02-17T18:26:35.6643314Z       "parameters": {
build-and-deploy	Build and Push Frontend	2026-02-17T18:26:35.6643578Z         "frontend": "dockerfile.v0",
build-and-deploy	Build and Push Frontend	2026-02-17T18:26:35.6643881Z         "locals": [
build-and-deploy	Build and Push Frontend	2026-02-17T18:26:35.6644102Z           {
build-and-deploy	Build and Push Frontend	2026-02-17T18:26:35.6644350Z             "name": "context"
build-and-deploy	Build and Push Frontend	2026-02-17T18:26:35.6644619Z           },
build-and-deploy	Build and Push Frontend	2026-02-17T18:26:35.6644832Z           {
build-and-deploy	Build and Push Frontend	2026-02-17T18:26:35.6645050Z             "name": "dockerfile"
build-and-deploy	Build and Push Frontend	2026-02-17T18:26:35.6645333Z           }
build-and-deploy	Build and Push Frontend	2026-02-17T18:26:35.6645537Z         ]
build-and-deploy	Build and Push Frontend	2026-02-17T18:26:35.6645750Z       },
build-and-deploy	Build and Push Frontend	2026-02-17T18:26:35.6646254Z       "environment": {
build-and-deploy	Build and Push Frontend	2026-02-17T18:26:35.6646521Z         "platform": "linux/amd64"
build-and-deploy	Build and Push Frontend	2026-02-17T18:26:35.6646820Z       }
build-and-deploy	Build and Push Frontend	2026-02-17T18:26:35.6647026Z     }
build-and-deploy	Build and Push Frontend	2026-02-17T18:26:35.6647233Z   },
build-and-deploy	Build and Push Frontend	2026-02-17T18:26:35.6647538Z   "buildx.build.ref": "default/default/j8fs0qumzw5z45a3ixud192dt",
build-and-deploy	Build and Push Frontend	2026-02-17T18:26:35.6648709Z   "cache.manifest": "{\"mediaType\":\"application/vnd.oci.image.manifest.v1+json\",\"digest\":\"sha256:74afd1709fefa29b555b84b2d9d690113df2e8cea7f86bac3de79bfa479e6ccf\",\"size\":7176}",
build-and-deploy	Build and Push Frontend	2026-02-17T18:26:35.6649539Z   "containerimage.descriptor": {
build-and-deploy	Build and Push Frontend	2026-02-17T18:26:35.6649914Z     "mediaType": "application/vnd.oci.image.index.v1+json",
build-and-deploy	Build and Push Frontend	2026-02-17T18:26:35.6650440Z     "digest": "sha256:8d12b3a07f2ecaf4edbf110f97dd2ecfec7ed308b6e671d231526a295d2be7cc",
build-and-deploy	Build and Push Frontend	2026-02-17T18:26:35.6650937Z     "size": 856
build-and-deploy	Build and Push Frontend	2026-02-17T18:26:35.6651155Z   },
build-and-deploy	Build and Push Frontend	2026-02-17T18:26:35.6651595Z   "containerimage.digest": "sha256:8d12b3a07f2ecaf4edbf110f97dd2ecfec7ed308b6e671d231526a295d2be7cc",
build-and-deploy	Build and Push Frontend	2026-02-17T18:26:35.6652323Z   "image.name": "docker.io/***/upgrade-frontend:latest"
build-and-deploy	Build and Push Frontend	2026-02-17T18:26:35.6652649Z }
build-and-deploy	Build and Push Frontend	2026-02-17T18:26:35.6653083Z ##[endgroup]
build-and-deploy	Read Configuration	﻿2026-02-17T18:26:35.6741055Z ##[group]Run {
build-and-deploy	Read Configuration	2026-02-17T18:26:35.6741390Z [36;1m{[0m
build-and-deploy	Read Configuration	2026-02-17T18:26:35.6741639Z [36;1m  echo 'COMPOSE_CONFIG<<EOF'[0m
build-and-deploy	Read Configuration	2026-02-17T18:26:35.6741992Z [36;1m  cat docker-compose.prod.yml[0m
build-and-deploy	Read Configuration	2026-02-17T18:26:35.6742272Z [36;1m  echo EOF[0m
build-and-deploy	Read Configuration	2026-02-17T18:26:35.6742513Z [36;1m} >> "$GITHUB_ENV"[0m
build-and-deploy	Read Configuration	2026-02-17T18:26:35.6773057Z shell: /usr/bin/bash -e {0}
build-and-deploy	Read Configuration	2026-02-17T18:26:35.6773364Z ##[endgroup]
build-and-deploy	Deploy to Server via SSH	﻿2026-02-17T18:26:35.6933111Z ##[group]Run appleboy/ssh-action@v1.0.3
build-and-deploy	Deploy to Server via SSH	2026-02-17T18:26:35.6933409Z with:
build-and-deploy	Deploy to Server via SSH	2026-02-17T18:26:35.6933648Z   host: ***
build-and-deploy	Deploy to Server via SSH	2026-02-17T18:26:35.6933856Z   username: ***
build-and-deploy	Deploy to Server via SSH	2026-02-17T18:26:35.6935555Z   key: ***
build-and-deploy	Deploy to Server via SSH	2026-02-17T18:26:35.6935761Z   envs: COMPOSE_CONFIG
build-and-deploy	Deploy to Server via SSH	2026-02-17T18:26:35.6941528Z   script: # Stop on first error
build-and-deploy	Deploy to Server via SSH	set -e
build-and-deploy	Deploy to Server via SSH	
build-and-deploy	Deploy to Server via SSH	# Export variables for docker-compose
build-and-deploy	Deploy to Server via SSH	export DOCKER_USERNAME=***
build-and-deploy	Deploy to Server via SSH	
build-and-deploy	Deploy to Server via SSH	# Login to Docker Hub to avoid rate limits
build-and-deploy	Deploy to Server via SSH	echo "***" | docker login -u "***" --password-stdin
build-and-deploy	Deploy to Server via SSH	
build-and-deploy	Deploy to Server via SSH	# Pull the latest images
build-and-deploy	Deploy to Server via SSH	docker pull ***/upgrade-backend:latest
build-and-deploy	Deploy to Server via SSH	docker pull ***/upgrade-frontend:latest
build-and-deploy	Deploy to Server via SSH	
build-and-deploy	Deploy to Server via SSH	# Create project directory
build-and-deploy	Deploy to Server via SSH	mkdir -p ~/upgrade-crm
build-and-deploy	Deploy to Server via SSH	cd ~/upgrade-crm
build-and-deploy	Deploy to Server via SSH	
build-and-deploy	Deploy to Server via SSH	# Write config file directly (Single Source of Truth)
build-and-deploy	Deploy to Server via SSH	echo "$COMPOSE_CONFIG" > docker-compose.prod.yml
build-and-deploy	Deploy to Server via SSH	
build-and-deploy	Deploy to Server via SSH	# DEBUG: Verify config file content
build-and-deploy	Deploy to Server via SSH	echo "=== DOCKER COMPOSE CONFIG ==="
build-and-deploy	Deploy to Server via SSH	cat docker-compose.prod.yml
build-and-deploy	Deploy to Server via SSH	
build-and-deploy	Deploy to Server via SSH	# Restart services using new images
build-and-deploy	Deploy to Server via SSH	# Prioritize 'docker compose' (v2)
build-and-deploy	Deploy to Server via SSH	if docker compose version &> /dev/null; then
build-and-deploy	Deploy to Server via SSH	    DC_CMD="docker compose"
build-and-deploy	Deploy to Server via SSH	elif command -v docker-compose &> /dev/null; then
build-and-deploy	Deploy to Server via SSH	    DC_CMD="docker-compose"
build-and-deploy	Deploy to Server via SSH	else
build-and-deploy	Deploy to Server via SSH	    echo "Error: Docker Compose not found"
build-and-deploy	Deploy to Server via SSH	    exit 1
build-and-deploy	Deploy to Server via SSH	fi
build-and-deploy	Deploy to Server via SSH	
build-and-deploy	Deploy to Server via SSH	$DC_CMD -f docker-compose.prod.yml down
build-and-deploy	Deploy to Server via SSH	$DC_CMD -f docker-compose.prod.yml up -d
build-and-deploy	Deploy to Server via SSH	
build-and-deploy	Deploy to Server via SSH	# Run database migrations
build-and-deploy	Deploy to Server via SSH	echo "=== RUNNING MIGRATIONS ==="
build-and-deploy	Deploy to Server via SSH	sleep 10
build-and-deploy	Deploy to Server via SSH	$DC_CMD -f docker-compose.prod.yml exec -T app npx prisma migrate deploy
build-and-deploy	Deploy to Server via SSH	
build-and-deploy	Deploy to Server via SSH	# Run database seeding
build-and-deploy	Deploy to Server via SSH	echo "=== RUNNING SEEDING ==="
build-and-deploy	Deploy to Server via SSH	$DC_CMD -f docker-compose.prod.yml exec -T app npx prisma db seed
build-and-deploy	Deploy to Server via SSH	
build-and-deploy	Deploy to Server via SSH	# Prune unused images
build-and-deploy	Deploy to Server via SSH	docker image prune -f
build-and-deploy	Deploy to Server via SSH	
build-and-deploy	Deploy to Server via SSH	# DEBUG: Show running containers and logs
build-and-deploy	Deploy to Server via SSH	echo "=== RUNNING CONTAINERS ==="
build-and-deploy	Deploy to Server via SSH	docker ps -a
build-and-deploy	Deploy to Server via SSH	
build-and-deploy	Deploy to Server via SSH	echo "=== NGINX CONFIG CHECKSUM ==="
build-and-deploy	Deploy to Server via SSH	$DC_CMD -f docker-compose.prod.yml exec -T frontend cat /etc/nginx/conf.d/default.conf
build-and-deploy	Deploy to Server via SSH	
build-and-deploy	Deploy to Server via SSH	echo "=== FRONTEND LOGS ==="
build-and-deploy	Deploy to Server via SSH	docker logs -n 20 upgrade-crm-frontend-1 || docker logs -n 20 upgrade-crm_frontend_1 || echo "Container name prediction failed"
build-and-deploy	Deploy to Server via SSH	
build-and-deploy	Deploy to Server via SSH	echo "=== BACKEND LOGS ==="
build-and-deploy	Deploy to Server via SSH	docker logs -n 50 upgrade-crm-app-1 || docker logs -n 50 upgrade-crm_app_1 || echo "Container name prediction failed"
build-and-deploy	Deploy to Server via SSH	
build-and-deploy	Deploy to Server via SSH	2026-02-17T18:26:35.6947098Z   port: 22
build-and-deploy	Deploy to Server via SSH	2026-02-17T18:26:35.6947292Z   timeout: 30s
build-and-deploy	Deploy to Server via SSH	2026-02-17T18:26:35.6947506Z   command_timeout: 10m
build-and-deploy	Deploy to Server via SSH	2026-02-17T18:26:35.6947721Z   proxy_port: 22
build-and-deploy	Deploy to Server via SSH	2026-02-17T18:26:35.6948107Z   proxy_timeout: 30s
build-and-deploy	Deploy to Server via SSH	2026-02-17T18:26:35.6948390Z env:
build-and-deploy	Deploy to Server via SSH	2026-02-17T18:26:35.6952037Z   COMPOSE_CONFIG: services:
build-and-deploy	Deploy to Server via SSH	  app:
build-and-deploy	Deploy to Server via SSH	    # Use image from Docker Hub (built by CI/CD)
build-and-deploy	Deploy to Server via SSH	    image: ${DOCKER_USERNAME}/upgrade-backend:latest
build-and-deploy	Deploy to Server via SSH	    ports:
build-and-deploy	Deploy to Server via SSH	      - '3000:3000'
build-and-deploy	Deploy to Server via SSH	    environment:
build-and-deploy	Deploy to Server via SSH	      DATABASE_URL: ***db:5432/upgrade_crm
build-and-deploy	Deploy to Server via SSH	      POSTGRES_USER: upgrade
build-and-deploy	Deploy to Server via SSH	      POSTGRES_PASSWORD: upgrade_pass
build-and-deploy	Deploy to Server via SSH	      POSTGRES_DB: upgrade_crm
build-and-deploy	Deploy to Server via SSH	      # Allow frontend CORS if needed
build-and-deploy	Deploy to Server via SSH	      FRONTEND_URL: http://devupgrade.***.ru
build-and-deploy	Deploy to Server via SSH	      REDIS_URL: redis://redis:6379
build-and-deploy	Deploy to Server via SSH	    depends_on:
build-and-deploy	Deploy to Server via SSH	      db:
build-and-deploy	Deploy to Server via SSH	        condition: service_healthy
build-and-deploy	Deploy to Server via SSH	      redis:
build-and-deploy	Deploy to Server via SSH	        condition: service_started
build-and-deploy	Deploy to Server via SSH	    restart: always
build-and-deploy	Deploy to Server via SSH	
build-and-deploy	Deploy to Server via SSH	  frontend:
build-and-deploy	Deploy to Server via SSH	    # Use image from Docker Hub (built by CI/CD)
build-and-deploy	Deploy to Server via SSH	    image: ${DOCKER_USERNAME}/upgrade-frontend:latest
build-and-deploy	Deploy to Server via SSH	    ports:
build-and-deploy	Deploy to Server via SSH	      - '80:80'
build-and-deploy	Deploy to Server via SSH	    depends_on:
build-and-deploy	Deploy to Server via SSH	      - app
build-and-deploy	Deploy to Server via SSH	    restart: always
build-and-deploy	Deploy to Server via SSH	
build-and-deploy	Deploy to Server via SSH	  db:
build-and-deploy	Deploy to Server via SSH	    image: postgres:15-alpine
build-and-deploy	Deploy to Server via SSH	    environment:
build-and-deploy	Deploy to Server via SSH	      POSTGRES_USER: upgrade
build-and-deploy	Deploy to Server via SSH	      POSTGRES_PASSWORD: upgrade_pass
build-and-deploy	Deploy to Server via SSH	      POSTGRES_DB: upgrade_crm
build-and-deploy	Deploy to Server via SSH	    volumes:
build-and-deploy	Deploy to Server via SSH	      - pgdata:/var/lib/postgresql/data
build-and-deploy	Deploy to Server via SSH	    healthcheck:
build-and-deploy	Deploy to Server via SSH	      test: [ 'CMD-SHELL', 'pg_isready -U upgrade -d upgrade_crm' ]
build-and-deploy	Deploy to Server via SSH	      interval: 5s
build-and-deploy	Deploy to Server via SSH	      timeout: 5s
build-and-deploy	Deploy to Server via SSH	      retries: 5
build-and-deploy	Deploy to Server via SSH	    restart: always
build-and-deploy	Deploy to Server via SSH	
build-and-deploy	Deploy to Server via SSH	  redis:
build-and-deploy	Deploy to Server via SSH	    image: redis:7-alpine
build-and-deploy	Deploy to Server via SSH	    restart: always
build-and-deploy	Deploy to Server via SSH	
build-and-deploy	Deploy to Server via SSH	volumes:
build-and-deploy	Deploy to Server via SSH	  pgdata:
build-and-deploy	Deploy to Server via SSH	2026-02-17T18:26:35.6955784Z ##[endgroup]
build-and-deploy	Deploy to Server via SSH	2026-02-17T18:26:35.7066787Z ##[command]/usr/bin/docker run --name cac645d52ce489a9729cf33f245c7aa_0dcdb0 --label 859912 --workdir /github/workspace --rm -e "COMPOSE_CONFIG" -e "INPUT_HOST" -e "INPUT_USERNAME" -e "INPUT_KEY" -e "INPUT_ENVS" -e "INPUT_SCRIPT" -e "INPUT_PORT" -e "INPUT_PASSPHRASE" -e "INPUT_PASSWORD" -e "INPUT_SYNC" -e "INPUT_USE_INSECURE_CIPHER" -e "INPUT_CIPHER" -e "INPUT_TIMEOUT" -e "INPUT_COMMAND_TIMEOUT" -e "INPUT_KEY_PATH" -e "INPUT_FINGERPRINT" -e "INPUT_PROXY_HOST" -e "INPUT_PROXY_PORT" -e "INPUT_PROXY_USERNAME" -e "INPUT_PROXY_PASSWORD" -e "INPUT_PROXY_PASSPHRASE" -e "INPUT_PROXY_TIMEOUT" -e "INPUT_PROXY_KEY" -e "INPUT_PROXY_KEY_PATH" -e "INPUT_PROXY_FINGERPRINT" -e "INPUT_PROXY_CIPHER" -e "INPUT_PROXY_USE_INSECURE_CIPHER" -e "INPUT_SCRIPT_STOP" -e "INPUT_ENVS_FORMAT" -e "INPUT_DEBUG" -e "INPUT_ALLENVS" -e "INPUT_REQUEST_PTY" -e "HOME" -e "GITHUB_JOB" -e "GITHUB_REF" -e "GITHUB_SHA" -e "GITHUB_REPOSITORY" -e "GITHUB_REPOSITORY_OWNER" -e "GITHUB_REPOSITORY_OWNER_ID" -e "GITHUB_RUN_ID" -e "GITHUB_RUN_NUMBER" -e "GITHUB_RETENTION_DAYS" -e "GITHUB_RUN_ATTEMPT" -e "GITHUB_ACTOR_ID" -e "GITHUB_ACTOR" -e "GITHUB_WORKFLOW" -e "GITHUB_HEAD_REF" -e "GITHUB_BASE_REF" -e "GITHUB_EVENT_NAME" -e "GITHUB_SERVER_URL" -e "GITHUB_API_URL" -e "GITHUB_GRAPHQL_URL" -e "GITHUB_REF_NAME" -e "GITHUB_REF_PROTECTED" -e "GITHUB_REF_TYPE" -e "GITHUB_WORKFLOW_REF" -e "GITHUB_WORKFLOW_SHA" -e "GITHUB_REPOSITORY_ID" -e "GITHUB_TRIGGERING_ACTOR" -e "GITHUB_WORKSPACE" -e "GITHUB_ACTION" -e "GITHUB_EVENT_PATH" -e "GITHUB_ACTION_REPOSITORY" -e "GITHUB_ACTION_REF" -e "GITHUB_PATH" -e "GITHUB_ENV" -e "GITHUB_STEP_SUMMARY" -e "GITHUB_STATE" -e "GITHUB_OUTPUT" -e "RUNNER_OS" -e "RUNNER_ARCH" -e "RUNNER_NAME" -e "RUNNER_ENVIRONMENT" -e "RUNNER_TOOL_CACHE" -e "RUNNER_TEMP" -e "RUNNER_WORKSPACE" -e "ACTIONS_RUNTIME_URL" -e "ACTIONS_RUNTIME_TOKEN" -e "ACTIONS_CACHE_URL" -e "ACTIONS_RESULTS_URL" -e "ACTIONS_ORCHESTRATION_ID" -e GITHUB_ACTIONS=true -e CI=true -v "/var/run/docker.sock":"/var/run/docker.sock" -v "/home/runner/work/_temp":"/github/runner_temp" -v "/home/runner/work/_temp/_github_home":"/github/home" -v "/home/runner/work/_temp/_github_workflow":"/github/workflow" -v "/home/runner/work/_temp/_runner_file_commands":"/github/file_commands" -v "/home/runner/work/UPGRADE/UPGRADE":"/github/workspace" 859912:7cac645d52ce489a9729cf33f245c7aa
build-and-deploy	Deploy to Server via SSH	2026-02-17T18:26:35.8533062Z ======CMD======
build-and-deploy	Deploy to Server via SSH	2026-02-17T18:26:35.8533476Z # Stop on first error
build-and-deploy	Deploy to Server via SSH	2026-02-17T18:26:35.8533825Z set -e
build-and-deploy	Deploy to Server via SSH	2026-02-17T18:26:35.8534041Z 
build-and-deploy	Deploy to Server via SSH	2026-02-17T18:26:35.8534250Z # Export variables for docker-compose
build-and-deploy	Deploy to Server via SSH	2026-02-17T18:26:35.8534866Z export DOCKER_USERNAME=***
build-and-deploy	Deploy to Server via SSH	2026-02-17T18:26:35.8535085Z 
build-and-deploy	Deploy to Server via SSH	2026-02-17T18:26:35.8535226Z # Login to Docker Hub to avoid rate limits
build-and-deploy	Deploy to Server via SSH	2026-02-17T18:26:35.8535749Z echo "***" | docker login -u "***" --password-stdin
build-and-deploy	Deploy to Server via SSH	2026-02-17T18:26:35.8535980Z 
build-and-deploy	Deploy to Server via SSH	2026-02-17T18:26:35.8536081Z # Pull the latest images
build-and-deploy	Deploy to Server via SSH	2026-02-17T18:26:35.8536361Z docker pull ***/upgrade-backend:latest
build-and-deploy	Deploy to Server via SSH	2026-02-17T18:26:35.8536986Z docker pull ***/upgrade-frontend:latest
build-and-deploy	Deploy to Server via SSH	2026-02-17T18:26:35.8537195Z 
build-and-deploy	Deploy to Server via SSH	2026-02-17T18:26:35.8537299Z # Create project directory
build-and-deploy	Deploy to Server via SSH	2026-02-17T18:26:35.8537552Z mkdir -p ~/upgrade-crm
build-and-deploy	Deploy to Server via SSH	2026-02-17T18:26:35.8537777Z cd ~/upgrade-crm
build-and-deploy	Deploy to Server via SSH	2026-02-17T18:26:35.8538447Z 
build-and-deploy	Deploy to Server via SSH	2026-02-17T18:26:35.8538695Z # Write config file directly (Single Source of Truth)
build-and-deploy	Deploy to Server via SSH	2026-02-17T18:26:35.8539107Z echo "$COMPOSE_CONFIG" > docker-compose.prod.yml
build-and-deploy	Deploy to Server via SSH	2026-02-17T18:26:35.8539321Z 
build-and-deploy	Deploy to Server via SSH	2026-02-17T18:26:35.8539422Z # DEBUG: Verify config file content
build-and-deploy	Deploy to Server via SSH	2026-02-17T18:26:35.8539711Z echo "=== DOCKER COMPOSE CONFIG ==="
build-and-deploy	Deploy to Server via SSH	2026-02-17T18:26:35.8540001Z cat docker-compose.prod.yml
build-and-deploy	Deploy to Server via SSH	2026-02-17T18:26:35.8540163Z 
build-and-deploy	Deploy to Server via SSH	2026-02-17T18:26:35.8540266Z # Restart services using new images
build-and-deploy	Deploy to Server via SSH	2026-02-17T18:26:35.8540533Z # Prioritize 'docker compose' (v2)
build-and-deploy	Deploy to Server via SSH	2026-02-17T18:26:35.8540808Z if docker compose version &> /dev/null; then
build-and-deploy	Deploy to Server via SSH	2026-02-17T18:26:35.8541089Z     DC_CMD="docker compose"
build-and-deploy	Deploy to Server via SSH	2026-02-17T18:26:35.8541359Z elif command -v docker-compose &> /dev/null; then
build-and-deploy	Deploy to Server via SSH	2026-02-17T18:26:35.8541671Z     DC_CMD="docker-compose"
build-and-deploy	Deploy to Server via SSH	2026-02-17T18:26:35.8541886Z else
build-and-deploy	Deploy to Server via SSH	2026-02-17T18:26:35.8542090Z     echo "Error: Docker Compose not found"
build-and-deploy	Deploy to Server via SSH	2026-02-17T18:26:35.8542356Z     exit 1
build-and-deploy	Deploy to Server via SSH	2026-02-17T18:26:35.8542538Z fi
build-and-deploy	Deploy to Server via SSH	2026-02-17T18:26:35.8542637Z 
build-and-deploy	Deploy to Server via SSH	2026-02-17T18:26:35.8542746Z $DC_CMD -f docker-compose.prod.yml down
build-and-deploy	Deploy to Server via SSH	2026-02-17T18:26:35.8543049Z $DC_CMD -f docker-compose.prod.yml up -d
build-and-deploy	Deploy to Server via SSH	2026-02-17T18:26:35.8543235Z 
build-and-deploy	Deploy to Server via SSH	2026-02-17T18:26:35.8543332Z # Run database migrations
build-and-deploy	Deploy to Server via SSH	2026-02-17T18:26:35.8543586Z echo "=== RUNNING MIGRATIONS ==="
build-and-deploy	Deploy to Server via SSH	2026-02-17T18:26:35.8544048Z sleep 10
build-and-deploy	Deploy to Server via SSH	2026-02-17T18:26:35.8544355Z $DC_CMD -f docker-compose.prod.yml exec -T app npx prisma migrate deploy
build-and-deploy	Deploy to Server via SSH	2026-02-17T18:26:35.8544639Z 
build-and-deploy	Deploy to Server via SSH	2026-02-17T18:26:35.8544732Z # Run database seeding
build-and-deploy	Deploy to Server via SSH	2026-02-17T18:26:35.8544970Z echo "=== RUNNING SEEDING ==="
build-and-deploy	Deploy to Server via SSH	2026-02-17T18:26:35.8545295Z $DC_CMD -f docker-compose.prod.yml exec -T app npx prisma db seed
build-and-deploy	Deploy to Server via SSH	2026-02-17T18:26:35.8545558Z 
build-and-deploy	Deploy to Server via SSH	2026-02-17T18:26:35.8545653Z # Prune unused images
build-and-deploy	Deploy to Server via SSH	2026-02-17T18:26:35.8545884Z docker image prune -f
build-and-deploy	Deploy to Server via SSH	2026-02-17T18:26:35.8546021Z 
build-and-deploy	Deploy to Server via SSH	2026-02-17T18:26:35.8546130Z # DEBUG: Show running containers and logs
build-and-deploy	Deploy to Server via SSH	2026-02-17T18:26:35.8546409Z echo "=== RUNNING CONTAINERS ==="
build-and-deploy	Deploy to Server via SSH	2026-02-17T18:26:35.8546657Z docker ps -a
build-and-deploy	Deploy to Server via SSH	2026-02-17T18:26:35.8546776Z 
build-and-deploy	Deploy to Server via SSH	2026-02-17T18:26:35.8546877Z echo "=== NGINX CONFIG CHECKSUM ==="
build-and-deploy	Deploy to Server via SSH	2026-02-17T18:26:35.8547271Z $DC_CMD -f docker-compose.prod.yml exec -T frontend cat /etc/nginx/conf.d/default.conf
build-and-deploy	Deploy to Server via SSH	2026-02-17T18:26:35.8547598Z 
build-and-deploy	Deploy to Server via SSH	2026-02-17T18:26:35.8547695Z echo "=== FRONTEND LOGS ==="
build-and-deploy	Deploy to Server via SSH	2026-02-17T18:26:35.8548597Z docker logs -n 20 upgrade-crm-frontend-1 || docker logs -n 20 upgrade-crm_frontend_1 || echo "Container name prediction failed"
build-and-deploy	Deploy to Server via SSH	2026-02-17T18:26:35.8549341Z 
build-and-deploy	Deploy to Server via SSH	2026-02-17T18:26:35.8549437Z echo "=== BACKEND LOGS ==="
build-and-deploy	Deploy to Server via SSH	2026-02-17T18:26:35.8549895Z docker logs -n 50 upgrade-crm-app-1 || docker logs -n 50 upgrade-crm_app_1 || echo "Container name prediction failed"
build-and-deploy	Deploy to Server via SSH	2026-02-17T18:26:35.8550291Z 
build-and-deploy	Deploy to Server via SSH	2026-02-17T18:26:35.8550371Z ======END======
build-and-deploy	Deploy to Server via SSH	2026-02-17T18:26:39.4705835Z out: Login Succeeded
build-and-deploy	Deploy to Server via SSH	2026-02-17T18:26:41.3184991Z out: latest: Pulling from ***/upgrade-backend
build-and-deploy	Deploy to Server via SSH	2026-02-17T18:26:41.8622055Z out: 589002ba0eae: Already exists
build-and-deploy	Deploy to Server via SSH	2026-02-17T18:26:41.8689440Z out: ad6d96c196e3: Already exists
build-and-deploy	Deploy to Server via SSH	2026-02-17T18:26:41.8778242Z out: eb87f4721c91: Already exists
build-and-deploy	Deploy to Server via SSH	2026-02-17T18:26:41.8905911Z out: e31b20165522: Already exists
build-and-deploy	Deploy to Server via SSH	2026-02-17T18:26:41.9022482Z out: 1b100f0c4d8d: Already exists
build-and-deploy	Deploy to Server via SSH	2026-02-17T18:26:41.9086392Z out: fbb15fc6ab40: Already exists
build-and-deploy	Deploy to Server via SSH	2026-02-17T18:26:41.9161283Z out: 7484bed79808: Already exists
build-and-deploy	Deploy to Server via SSH	2026-02-17T18:26:41.9242094Z out: a43f74befc54: Pulling fs layer
build-and-deploy	Deploy to Server via SSH	2026-02-17T18:26:41.9242478Z out: d6dcaaebf246: Pulling fs layer
build-and-deploy	Deploy to Server via SSH	2026-02-17T18:26:41.9242756Z out: 8950aad1c2f4: Pulling fs layer
build-and-deploy	Deploy to Server via SSH	2026-02-17T18:26:42.8454081Z out: d6dcaaebf246: Verifying Checksum
build-and-deploy	Deploy to Server via SSH	2026-02-17T18:26:42.8454513Z out: d6dcaaebf246: Download complete
build-and-deploy	Deploy to Server via SSH	2026-02-17T18:26:43.1242496Z out: a43f74befc54: Verifying Checksum
build-and-deploy	Deploy to Server via SSH	2026-02-17T18:26:43.1242879Z out: a43f74befc54: Download complete
build-and-deploy	Deploy to Server via SSH	2026-02-17T18:26:43.2587391Z out: 8950aad1c2f4: Verifying Checksum
build-and-deploy	Deploy to Server via SSH	2026-02-17T18:26:43.2587783Z out: 8950aad1c2f4: Download complete
build-and-deploy	Deploy to Server via SSH	2026-02-17T18:26:43.2705339Z out: a43f74befc54: Pull complete
build-and-deploy	Deploy to Server via SSH	2026-02-17T18:26:43.4554865Z out: d6dcaaebf246: Pull complete
build-and-deploy	Deploy to Server via SSH	2026-02-17T18:26:43.6067785Z out: 8950aad1c2f4: Pull complete
build-and-deploy	Deploy to Server via SSH	2026-02-17T18:26:43.6311181Z out: Digest: sha256:46192b85cd85b818a3a61160a14d78973b3c2a3491583636f3393d63438a53f0
build-and-deploy	Deploy to Server via SSH	2026-02-17T18:26:43.6358222Z out: Status: Downloaded newer image for ***/upgrade-backend:latest
build-and-deploy	Deploy to Server via SSH	2026-02-17T18:26:43.6395283Z out: docker.io/***/upgrade-backend:latest
build-and-deploy	Deploy to Server via SSH	2026-02-17T18:26:45.4294705Z out: latest: Pulling from ***/upgrade-frontend
build-and-deploy	Deploy to Server via SSH	2026-02-17T18:26:45.4689453Z out: Digest: sha256:8d12b3a07f2ecaf4edbf110f97dd2ecfec7ed308b6e671d231526a295d2be7cc
build-and-deploy	Deploy to Server via SSH	2026-02-17T18:26:45.4727037Z out: Status: Image is up to date for ***/upgrade-frontend:latest
build-and-deploy	Deploy to Server via SSH	2026-02-17T18:26:45.4769205Z out: docker.io/***/upgrade-frontend:latest
build-and-deploy	Deploy to Server via SSH	2026-02-17T18:26:45.4845129Z out: === DOCKER COMPOSE CONFIG ===
build-and-deploy	Deploy to Server via SSH	2026-02-17T18:26:45.4869335Z out: services:
build-and-deploy	Deploy to Server via SSH	2026-02-17T18:26:45.4869799Z out:   app:
build-and-deploy	Deploy to Server via SSH	2026-02-17T18:26:45.4870213Z out:     # Use image from Docker Hub (built by CI/CD)
build-and-deploy	Deploy to Server via SSH	2026-02-17T18:26:45.4870717Z out:     image: ${DOCKER_USERNAME}/upgrade-backend:latest
build-and-deploy	Deploy to Server via SSH	2026-02-17T18:26:45.4871023Z out:     ports:
build-and-deploy	Deploy to Server via SSH	2026-02-17T18:26:45.4871243Z out:       - '3000:3000'
build-and-deploy	Deploy to Server via SSH	2026-02-17T18:26:45.4871485Z out:     environment:
build-and-deploy	Deploy to Server via SSH	2026-02-17T18:26:45.4872045Z out:       DATABASE_URL: ***db:5432/upgrade_crm
build-and-deploy	Deploy to Server via SSH	2026-02-17T18:26:45.4872342Z out:       POSTGRES_USER: upgrade
build-and-deploy	Deploy to Server via SSH	2026-02-17T18:26:45.4872616Z out:       POSTGRES_PASSWORD: upgrade_pass
build-and-deploy	Deploy to Server via SSH	2026-02-17T18:26:45.4873160Z out:       POSTGRES_DB: upgrade_crm
build-and-deploy	Deploy to Server via SSH	2026-02-17T18:26:45.4873445Z out:       # Allow frontend CORS if needed
build-and-deploy	Deploy to Server via SSH	2026-02-17T18:26:45.4873802Z out:       FRONTEND_URL: http://devupgrade.***.ru
build-and-deploy	Deploy to Server via SSH	2026-02-17T18:26:45.4874126Z out:       REDIS_URL: redis://redis:6379
build-and-deploy	Deploy to Server via SSH	2026-02-17T18:26:45.4874397Z out:     depends_on:
build-and-deploy	Deploy to Server via SSH	2026-02-17T18:26:45.4874623Z out:       db:
build-and-deploy	Deploy to Server via SSH	2026-02-17T18:26:45.4874846Z out:         condition: service_healthy
build-and-deploy	Deploy to Server via SSH	2026-02-17T18:26:45.4875115Z out:       redis:
build-and-deploy	Deploy to Server via SSH	2026-02-17T18:26:45.4875341Z out:         condition: service_started
build-and-deploy	Deploy to Server via SSH	2026-02-17T18:26:45.4875602Z out:     restart: always
build-and-deploy	Deploy to Server via SSH	2026-02-17T18:26:45.4875832Z out:   frontend:
build-and-deploy	Deploy to Server via SSH	2026-02-17T18:26:45.4876077Z out:     # Use image from Docker Hub (built by CI/CD)
build-and-deploy	Deploy to Server via SSH	2026-02-17T18:26:45.4876420Z out:     image: ${DOCKER_USERNAME}/upgrade-frontend:latest
build-and-deploy	Deploy to Server via SSH	2026-02-17T18:26:45.4876731Z out:     ports:
build-and-deploy	Deploy to Server via SSH	2026-02-17T18:26:45.4876929Z out:       - '80:80'
build-and-deploy	Deploy to Server via SSH	2026-02-17T18:26:45.4877137Z out:     depends_on:
build-and-deploy	Deploy to Server via SSH	2026-02-17T18:26:45.4877352Z out:       - app
build-and-deploy	Deploy to Server via SSH	2026-02-17T18:26:45.4877552Z out:     restart: always
build-and-deploy	Deploy to Server via SSH	2026-02-17T18:26:45.4877773Z out:   db:
build-and-deploy	Deploy to Server via SSH	2026-02-17T18:26:45.4878211Z out:     image: postgres:15-alpine
build-and-deploy	Deploy to Server via SSH	2026-02-17T18:26:45.4878471Z out:     environment:
build-and-deploy	Deploy to Server via SSH	2026-02-17T18:26:45.4878701Z out:       POSTGRES_USER: upgrade
build-and-deploy	Deploy to Server via SSH	2026-02-17T18:26:45.4878967Z out:       POSTGRES_PASSWORD: upgrade_pass
build-and-deploy	Deploy to Server via SSH	2026-02-17T18:26:45.4879252Z out:       POSTGRES_DB: upgrade_crm
build-and-deploy	Deploy to Server via SSH	2026-02-17T18:26:45.4879509Z out:     volumes:
build-and-deploy	Deploy to Server via SSH	2026-02-17T18:26:45.4879738Z out:       - pgdata:/var/lib/postgresql/data
build-and-deploy	Deploy to Server via SSH	2026-02-17T18:26:45.4880015Z out:     healthcheck:
build-and-deploy	Deploy to Server via SSH	2026-02-17T18:26:45.4880313Z out:       test: [ 'CMD-SHELL', 'pg_isready -U upgrade -d upgrade_crm' ]
build-and-deploy	Deploy to Server via SSH	2026-02-17T18:26:45.4880644Z out:       interval: 5s
build-and-deploy	Deploy to Server via SSH	2026-02-17T18:26:45.4880863Z out:       timeout: 5s
build-and-deploy	Deploy to Server via SSH	2026-02-17T18:26:45.4881089Z out:       retries: 5
build-and-deploy	Deploy to Server via SSH	2026-02-17T18:26:45.4881299Z out:     restart: always
build-and-deploy	Deploy to Server via SSH	2026-02-17T18:26:45.4881527Z out:   redis:
build-and-deploy	Deploy to Server via SSH	2026-02-17T18:26:45.4881735Z out:     image: redis:7-alpine
build-and-deploy	Deploy to Server via SSH	2026-02-17T18:26:45.4881985Z out:     restart: always
build-and-deploy	Deploy to Server via SSH	2026-02-17T18:26:45.4882223Z out: volumes:
build-and-deploy	Deploy to Server via SSH	2026-02-17T18:26:45.4882432Z out:   pgdata:
build-and-deploy	Deploy to Server via SSH	2026-02-17T18:26:45.8296304Z err:  Container upgrade-crm-frontend-1  Stopping
build-and-deploy	Deploy to Server via SSH	2026-02-17T18:26:46.1669864Z err:  Container upgrade-crm-frontend-1  Stopped
build-and-deploy	Deploy to Server via SSH	2026-02-17T18:26:46.1670325Z err:  Container upgrade-crm-frontend-1  Removing
build-and-deploy	Deploy to Server via SSH	2026-02-17T18:26:46.2005445Z err:  Container upgrade-crm-frontend-1  Removed
build-and-deploy	Deploy to Server via SSH	2026-02-17T18:26:46.2006274Z err:  Container upgrade-crm-app-1  Stopping
build-and-deploy	Deploy to Server via SSH	2026-02-17T18:26:46.2098489Z err:  Container upgrade-crm-app-1  Stopped
build-and-deploy	Deploy to Server via SSH	2026-02-17T18:26:46.2098900Z err:  Container upgrade-crm-app-1  Removing
build-and-deploy	Deploy to Server via SSH	2026-02-17T18:26:46.2434904Z err:  Container upgrade-crm-app-1  Removed
build-and-deploy	Deploy to Server via SSH	2026-02-17T18:26:46.2435512Z err:  Container upgrade-crm-redis-1  Stopping
build-and-deploy	Deploy to Server via SSH	2026-02-17T18:26:46.2435856Z err:  Container upgrade-crm-db-1  Stopping
build-and-deploy	Deploy to Server via SSH	2026-02-17T18:26:46.5690312Z err:  Container upgrade-crm-redis-1  Stopped
build-and-deploy	Deploy to Server via SSH	2026-02-17T18:26:46.5691103Z err:  Container upgrade-crm-redis-1  Removing
build-and-deploy	Deploy to Server via SSH	2026-02-17T18:26:46.5691691Z err:  Container upgrade-crm-db-1  Stopped
build-and-deploy	Deploy to Server via SSH	2026-02-17T18:26:46.5692029Z err:  Container upgrade-crm-db-1  Removing
build-and-deploy	Deploy to Server via SSH	2026-02-17T18:26:46.5919745Z err:  Container upgrade-crm-db-1  Removed
build-and-deploy	Deploy to Server via SSH	2026-02-17T18:26:46.6015692Z err:  Container upgrade-crm-redis-1  Removed
build-and-deploy	Deploy to Server via SSH	2026-02-17T18:26:46.6031312Z err:  Network upgrade-crm_default  Removing
build-and-deploy	Deploy to Server via SSH	2026-02-17T18:26:46.7611920Z err:  Network upgrade-crm_default  Removed
build-and-deploy	Deploy to Server via SSH	2026-02-17T18:26:46.9338910Z err:  Network upgrade-crm_default  Creating
build-and-deploy	Deploy to Server via SSH	2026-02-17T18:26:47.0318931Z err:  Network upgrade-crm_default  Created
build-and-deploy	Deploy to Server via SSH	2026-02-17T18:26:47.0339300Z err:  Container upgrade-crm-db-1  Creating
build-and-deploy	Deploy to Server via SSH	2026-02-17T18:26:47.0345458Z err:  Container upgrade-crm-redis-1  Creating
build-and-deploy	Deploy to Server via SSH	2026-02-17T18:26:47.1471268Z err:  Container upgrade-crm-db-1  Created
build-and-deploy	Deploy to Server via SSH	2026-02-17T18:26:47.1545697Z err:  Container upgrade-crm-redis-1  Created
build-and-deploy	Deploy to Server via SSH	2026-02-17T18:26:47.1546087Z err:  Container upgrade-crm-app-1  Creating
build-and-deploy	Deploy to Server via SSH	2026-02-17T18:26:47.2174703Z err:  Container upgrade-crm-app-1  Created
build-and-deploy	Deploy to Server via SSH	2026-02-17T18:26:47.2175379Z err:  Container upgrade-crm-frontend-1  Creating
build-and-deploy	Deploy to Server via SSH	2026-02-17T18:26:47.2766508Z err:  Container upgrade-crm-frontend-1  Created
build-and-deploy	Deploy to Server via SSH	2026-02-17T18:26:47.2853053Z err:  Container upgrade-crm-db-1  Starting
build-and-deploy	Deploy to Server via SSH	2026-02-17T18:26:47.2853426Z err:  Container upgrade-crm-redis-1  Starting
build-and-deploy	Deploy to Server via SSH	2026-02-17T18:26:47.6896527Z err:  Container upgrade-crm-db-1  Started
build-and-deploy	Deploy to Server via SSH	2026-02-17T18:26:47.7182805Z err:  Container upgrade-crm-redis-1  Started
build-and-deploy	Deploy to Server via SSH	2026-02-17T18:26:47.7183232Z err:  Container upgrade-crm-db-1  Waiting
build-and-deploy	Deploy to Server via SSH	2026-02-17T18:26:53.2213711Z err:  Container upgrade-crm-db-1  Healthy
build-and-deploy	Deploy to Server via SSH	2026-02-17T18:26:53.2214238Z err:  Container upgrade-crm-app-1  Starting
build-and-deploy	Deploy to Server via SSH	2026-02-17T18:26:53.5833742Z err:  Container upgrade-crm-app-1  Started
build-and-deploy	Deploy to Server via SSH	2026-02-17T18:26:53.5834186Z err:  Container upgrade-crm-frontend-1  Starting
build-and-deploy	Deploy to Server via SSH	2026-02-17T18:26:54.1018712Z err:  Container upgrade-crm-frontend-1  Started
build-and-deploy	Deploy to Server via SSH	2026-02-17T18:26:54.1136734Z out: === RUNNING MIGRATIONS ===
build-and-deploy	Deploy to Server via SSH	2026-02-17T18:27:04.2900601Z err: Error response from daemon: Container b3010ec38f649e2ff484e69f84b17143361f49243c243d7fa8ff7a55bc97ecce is restarting, wait until the container is running
build-and-deploy	Deploy to Server via SSH	2026-02-17T18:27:04.3002773Z 2026/02/17 18:27:04 Process exited with status 1
build-and-deploy	Post Build and Push Frontend	﻿2026-02-17T18:27:04.3711703Z Post job cleanup.
build-and-deploy	Post Build and Push Frontend	2026-02-17T18:27:04.5788202Z ##[group]Removing temp folder /home/runner/work/_temp/docker-actions-toolkit-QspgaS
build-and-deploy	Post Build and Push Frontend	2026-02-17T18:27:04.5805713Z ##[endgroup]
build-and-deploy	Post Build and Push Frontend	2026-02-17T18:27:04.5806758Z ##[group]Post cache
build-and-deploy	Post Build and Push Frontend	2026-02-17T18:27:04.5808278Z State not set
build-and-deploy	Post Build and Push Frontend	2026-02-17T18:27:04.5808926Z ##[endgroup]
build-and-deploy	Post Build and Push Backend	﻿2026-02-17T18:27:04.5946806Z Post job cleanup.
build-and-deploy	Post Build and Push Backend	2026-02-17T18:27:04.7995734Z ##[group]Removing temp folder /home/runner/work/_temp/docker-actions-toolkit-3irQO9
build-and-deploy	Post Build and Push Backend	2026-02-17T18:27:04.8008663Z ##[endgroup]
build-and-deploy	Post Build and Push Backend	2026-02-17T18:27:04.8009355Z ##[group]Post cache
build-and-deploy	Post Build and Push Backend	2026-02-17T18:27:04.8010213Z State not set
build-and-deploy	Post Build and Push Backend	2026-02-17T18:27:04.8011044Z ##[endgroup]
build-and-deploy	Post Log in to Docker Hub	﻿2026-02-17T18:27:04.8104272Z Post job cleanup.
build-and-deploy	Post Log in to Docker Hub	2026-02-17T18:27:05.0841219Z ##[group]Logout from docker.io
build-and-deploy	Post Log in to Docker Hub	2026-02-17T18:27:05.0883704Z [command]/usr/bin/docker logout docker.io
build-and-deploy	Post Log in to Docker Hub	2026-02-17T18:27:05.1008466Z Removing login credentials for docker.io
build-and-deploy	Post Log in to Docker Hub	2026-02-17T18:27:05.1032703Z ##[endgroup]
build-and-deploy	Post Log in to Docker Hub	2026-02-17T18:27:05.1033372Z ##[group]Post cache
build-and-deploy	Post Log in to Docker Hub	2026-02-17T18:27:05.1034269Z State not set
build-and-deploy	Post Log in to Docker Hub	2026-02-17T18:27:05.1035160Z ##[endgroup]
build-and-deploy	Post Checkout code	﻿2026-02-17T18:27:05.1142630Z Post job cleanup.
build-and-deploy	Post Checkout code	2026-02-17T18:27:05.2039234Z [command]/usr/bin/git version
build-and-deploy	Post Checkout code	2026-02-17T18:27:05.2087089Z git version 2.52.0
build-and-deploy	Post Checkout code	2026-02-17T18:27:05.2144879Z Temporarily overriding HOME='/home/runner/work/_temp/8d4bdd88-044e-4f39-b868-ea838ab9f01d' before making global git config changes
build-and-deploy	Post Checkout code	2026-02-17T18:27:05.2146263Z Adding repository directory to the temporary git global config as a safe directory
build-and-deploy	Post Checkout code	2026-02-17T18:27:05.2152731Z [command]/usr/bin/git config --global --add safe.directory /home/runner/work/UPGRADE/UPGRADE
build-and-deploy	Post Checkout code	2026-02-17T18:27:05.2191543Z [command]/usr/bin/git config --local --name-only --get-regexp core\.sshCommand
build-and-deploy	Post Checkout code	2026-02-17T18:27:05.2219638Z [command]/usr/bin/git submodule foreach --recursive sh -c "git config --local --name-only --get-regexp 'core\.sshCommand' && git config --local --unset-all 'core.sshCommand' || :"
build-and-deploy	Post Checkout code	2026-02-17T18:27:05.2413437Z [command]/usr/bin/git config --local --name-only --get-regexp http\.https\:\/\/github\.com\/\.extraheader
build-and-deploy	Post Checkout code	2026-02-17T18:27:05.2433422Z http.https://github.com/.extraheader
build-and-deploy	Post Checkout code	2026-02-17T18:27:05.2448534Z [command]/usr/bin/git config --local --unset-all http.https://github.com/.extraheader
build-and-deploy	Post Checkout code	2026-02-17T18:27:05.2473647Z [command]/usr/bin/git submodule foreach --recursive sh -c "git config --local --name-only --get-regexp 'http\.https\:\/\/github\.com\/\.extraheader' && git config --local --unset-all 'http.https://github.com/.extraheader' || :"
build-and-deploy	Post Checkout code	2026-02-17T18:27:05.2648583Z [command]/usr/bin/git config --local --name-only --get-regexp ^includeIf\.gitdir:
build-and-deploy	Post Checkout code	2026-02-17T18:27:05.2675064Z [command]/usr/bin/git submodule foreach --recursive git config --local --show-origin --name-only --get-regexp remote.origin.url
build-and-deploy	Complete job	﻿2026-02-17T18:27:05.2953547Z Cleaning up orphan processes
