build-and-deploy	Set up job	﻿2026-02-19T20:00:35.2624557Z Current runner version: '2.331.0'
build-and-deploy	Set up job	2026-02-19T20:00:35.2649665Z ##[group]Runner Image Provisioner
build-and-deploy	Set up job	2026-02-19T20:00:35.2650716Z Hosted Compute Agent
build-and-deploy	Set up job	2026-02-19T20:00:35.2651424Z Version: 20260123.484
build-and-deploy	Set up job	2026-02-19T20:00:35.2652150Z Commit: 6bd6555ca37d84114959e1c76d2c01448ff61c5d
build-and-deploy	Set up job	2026-02-19T20:00:35.2653016Z Build Date: 2026-01-23T19:41:17Z
build-and-deploy	Set up job	2026-02-19T20:00:35.2653734Z Worker ID: {020b2b68-57f3-4739-bf82-c7548719c5ec}
build-and-deploy	Set up job	2026-02-19T20:00:35.2654769Z Azure Region: centralus
build-and-deploy	Set up job	2026-02-19T20:00:35.2655448Z ##[endgroup]
build-and-deploy	Set up job	2026-02-19T20:00:35.2657048Z ##[group]Operating System
build-and-deploy	Set up job	2026-02-19T20:00:35.2657799Z Ubuntu
build-and-deploy	Set up job	2026-02-19T20:00:35.2658404Z 24.04.3
build-and-deploy	Set up job	2026-02-19T20:00:35.2658966Z LTS
build-and-deploy	Set up job	2026-02-19T20:00:35.2659519Z ##[endgroup]
build-and-deploy	Set up job	2026-02-19T20:00:35.2660600Z ##[group]Runner Image
build-and-deploy	Set up job	2026-02-19T20:00:35.2661262Z Image: ubuntu-24.04
build-and-deploy	Set up job	2026-02-19T20:00:35.2661958Z Version: 20260201.15.1
build-and-deploy	Set up job	2026-02-19T20:00:35.2663083Z Included Software: https://github.com/actions/runner-images/blob/ubuntu24/20260201.15/images/ubuntu/Ubuntu2404-Readme.md
build-and-deploy	Set up job	2026-02-19T20:00:35.2665372Z Image Release: https://github.com/actions/runner-images/releases/tag/ubuntu24%2F20260201.15
build-and-deploy	Set up job	2026-02-19T20:00:35.2666418Z ##[endgroup]
build-and-deploy	Set up job	2026-02-19T20:00:35.2667778Z ##[group]GITHUB_TOKEN Permissions
build-and-deploy	Set up job	2026-02-19T20:00:35.2670019Z Contents: read
build-and-deploy	Set up job	2026-02-19T20:00:35.2670850Z Metadata: read
build-and-deploy	Set up job	2026-02-19T20:00:35.2671451Z Packages: read
build-and-deploy	Set up job	2026-02-19T20:00:35.2672138Z ##[endgroup]
build-and-deploy	Set up job	2026-02-19T20:00:35.2674741Z Secret source: Actions
build-and-deploy	Set up job	2026-02-19T20:00:35.2675640Z Prepare workflow directory
build-and-deploy	Set up job	2026-02-19T20:00:35.3066401Z Prepare all required actions
build-and-deploy	Set up job	2026-02-19T20:00:35.3105799Z Getting action download info
build-and-deploy	Set up job	2026-02-19T20:00:35.7445418Z Download action repository 'actions/checkout@v4' (SHA:34e114876b0b11c390a56381ad16ebd13914f8d5)
build-and-deploy	Set up job	2026-02-19T20:00:35.8671557Z Download action repository 'docker/login-action@v3' (SHA:c94ce9fb468520275223c153574b00df6fe4bcc9)
build-and-deploy	Set up job	2026-02-19T20:00:36.4813884Z Download action repository 'docker/build-push-action@v5' (SHA:ca052bb54ab0790a636c9b5f226502c73d547a25)
build-and-deploy	Set up job	2026-02-19T20:00:37.1920790Z Download action repository 'appleboy/ssh-action@v1.0.3' (SHA:029f5b4aeeeb58fdfe1410a5d17f967dacf36262)
build-and-deploy	Set up job	2026-02-19T20:00:37.7913605Z Complete job name: build-and-deploy
build-and-deploy	Build appleboy/ssh-action@v1.0.3	﻿2026-02-19T20:00:37.8426847Z ##[group]Build container for action use: '/home/runner/work/_actions/appleboy/ssh-action/v1.0.3/Dockerfile'.
build-and-deploy	Build appleboy/ssh-action@v1.0.3	2026-02-19T20:00:37.8484686Z ##[command]/usr/bin/docker build -t 8bc69a:0c93c01045f246fa860c92f70c36455f -f "/home/runner/work/_actions/appleboy/ssh-action/v1.0.3/Dockerfile" "/home/runner/work/_actions/appleboy/ssh-action/v1.0.3"
build-and-deploy	Build appleboy/ssh-action@v1.0.3	2026-02-19T20:00:40.8837399Z #0 building with "default" instance using docker driver
build-and-deploy	Build appleboy/ssh-action@v1.0.3	2026-02-19T20:00:40.8837968Z 
build-and-deploy	Build appleboy/ssh-action@v1.0.3	2026-02-19T20:00:40.8838209Z #1 [internal] load build definition from Dockerfile
build-and-deploy	Build appleboy/ssh-action@v1.0.3	2026-02-19T20:00:40.8838719Z #1 transferring dockerfile: 149B done
build-and-deploy	Build appleboy/ssh-action@v1.0.3	2026-02-19T20:00:40.8839236Z #1 DONE 0.0s
build-and-deploy	Build appleboy/ssh-action@v1.0.3	2026-02-19T20:00:40.8839445Z 
build-and-deploy	Build appleboy/ssh-action@v1.0.3	2026-02-19T20:00:40.8839692Z #2 [internal] load metadata for ghcr.io/appleboy/drone-ssh:1.7.3
build-and-deploy	Build appleboy/ssh-action@v1.0.3	2026-02-19T20:00:41.4198833Z #2 DONE 0.7s
build-and-deploy	Build appleboy/ssh-action@v1.0.3	2026-02-19T20:00:41.5401185Z 
build-and-deploy	Build appleboy/ssh-action@v1.0.3	2026-02-19T20:00:41.5401939Z #3 [internal] load .dockerignore
build-and-deploy	Build appleboy/ssh-action@v1.0.3	2026-02-19T20:00:41.5402918Z #3 transferring context: 2B done
build-and-deploy	Build appleboy/ssh-action@v1.0.3	2026-02-19T20:00:41.5403344Z #3 DONE 0.0s
build-and-deploy	Build appleboy/ssh-action@v1.0.3	2026-02-19T20:00:41.5403755Z 
build-and-deploy	Build appleboy/ssh-action@v1.0.3	2026-02-19T20:00:41.5403903Z #4 [internal] load build context
build-and-deploy	Build appleboy/ssh-action@v1.0.3	2026-02-19T20:00:41.5404702Z #4 transferring context: 108B done
build-and-deploy	Build appleboy/ssh-action@v1.0.3	2026-02-19T20:00:41.5405183Z #4 DONE 0.0s
build-and-deploy	Build appleboy/ssh-action@v1.0.3	2026-02-19T20:00:41.5405389Z 
build-and-deploy	Build appleboy/ssh-action@v1.0.3	2026-02-19T20:00:41.5405883Z #5 [1/2] FROM ghcr.io/appleboy/drone-ssh:1.7.3@sha256:179cbd253771007f2ebcaf7a3860afe059207351de1f3378efafac93bd310158
build-and-deploy	Build appleboy/ssh-action@v1.0.3	2026-02-19T20:00:41.5407006Z #5 resolve ghcr.io/appleboy/drone-ssh:1.7.3@sha256:179cbd253771007f2ebcaf7a3860afe059207351de1f3378efafac93bd310158 done
build-and-deploy	Build appleboy/ssh-action@v1.0.3	2026-02-19T20:00:41.5407912Z #5 sha256:1207c741d8c9b028d98c4006013f9de959da3c55f85b91ed5e4583438a0112ca 0B / 3.38MB 0.1s
build-and-deploy	Build appleboy/ssh-action@v1.0.3	2026-02-19T20:00:41.5408778Z #5 sha256:654aaee5654be60f81172539ecd74485cf8bbe2e9137bab0d429862c31c676f6 0B / 284.83kB 0.1s
build-and-deploy	Build appleboy/ssh-action@v1.0.3	2026-02-19T20:00:41.5410064Z #5 sha256:7e20f48a19643465f486f59127b8f4e0f4114bedc8bd5260fb4f92d5fda95f1c 0B / 1.20kB 0.1s
build-and-deploy	Build appleboy/ssh-action@v1.0.3	2026-02-19T20:00:41.5411268Z #5 sha256:179cbd253771007f2ebcaf7a3860afe059207351de1f3378efafac93bd310158 2.38kB / 2.38kB done
build-and-deploy	Build appleboy/ssh-action@v1.0.3	2026-02-19T20:00:41.5412132Z #5 sha256:1a52f94820e830bc9734623deb03bbafa6a248fba19cdc2e5605c70d90d91441 1.24kB / 1.24kB done
build-and-deploy	Build appleboy/ssh-action@v1.0.3	2026-02-19T20:00:41.5412926Z #5 sha256:c4781b8d012b16b6c7468dc9104fad0a63f2a8815b2af8b7176bb544253ea8c7 3.86kB / 3.86kB done
build-and-deploy	Build appleboy/ssh-action@v1.0.3	2026-02-19T20:00:41.6691369Z #5 sha256:1207c741d8c9b028d98c4006013f9de959da3c55f85b91ed5e4583438a0112ca 3.38MB / 3.38MB 0.2s done
build-and-deploy	Build appleboy/ssh-action@v1.0.3	2026-02-19T20:00:41.6693258Z #5 sha256:654aaee5654be60f81172539ecd74485cf8bbe2e9137bab0d429862c31c676f6 284.83kB / 284.83kB 0.2s done
build-and-deploy	Build appleboy/ssh-action@v1.0.3	2026-02-19T20:00:41.6694930Z #5 sha256:7e20f48a19643465f486f59127b8f4e0f4114bedc8bd5260fb4f92d5fda95f1c 1.20kB / 1.20kB 0.2s done
build-and-deploy	Build appleboy/ssh-action@v1.0.3	2026-02-19T20:00:41.6695881Z #5 extracting sha256:1207c741d8c9b028d98c4006013f9de959da3c55f85b91ed5e4583438a0112ca 0.1s done
build-and-deploy	Build appleboy/ssh-action@v1.0.3	2026-02-19T20:00:41.6696794Z #5 sha256:066e5b821e26d8313055e0314c056e6c297847bcf963e5df10e7aa03107f2246 0B / 125B 0.2s
build-and-deploy	Build appleboy/ssh-action@v1.0.3	2026-02-19T20:00:41.6697549Z #5 sha256:47353a6f9201a145b687290e5ae0278ac269faf4bb61bee3e9246c37a8d74277 0B / 2.44MB 0.2s
build-and-deploy	Build appleboy/ssh-action@v1.0.3	2026-02-19T20:00:41.8408196Z #5 sha256:066e5b821e26d8313055e0314c056e6c297847bcf963e5df10e7aa03107f2246 125B / 125B 0.3s done
build-and-deploy	Build appleboy/ssh-action@v1.0.3	2026-02-19T20:00:41.8409602Z #5 sha256:47353a6f9201a145b687290e5ae0278ac269faf4bb61bee3e9246c37a8d74277 2.44MB / 2.44MB 0.3s done
build-and-deploy	Build appleboy/ssh-action@v1.0.3	2026-02-19T20:00:41.8410556Z #5 extracting sha256:654aaee5654be60f81172539ecd74485cf8bbe2e9137bab0d429862c31c676f6 0.0s done
build-and-deploy	Build appleboy/ssh-action@v1.0.3	2026-02-19T20:00:43.2042399Z #5 extracting sha256:7e20f48a19643465f486f59127b8f4e0f4114bedc8bd5260fb4f92d5fda95f1c
build-and-deploy	Build appleboy/ssh-action@v1.0.3	2026-02-19T20:00:43.4430014Z #5 extracting sha256:7e20f48a19643465f486f59127b8f4e0f4114bedc8bd5260fb4f92d5fda95f1c done
build-and-deploy	Build appleboy/ssh-action@v1.0.3	2026-02-19T20:00:43.4431679Z #5 extracting sha256:066e5b821e26d8313055e0314c056e6c297847bcf963e5df10e7aa03107f2246 done
build-and-deploy	Build appleboy/ssh-action@v1.0.3	2026-02-19T20:00:43.4433077Z #5 extracting sha256:47353a6f9201a145b687290e5ae0278ac269faf4bb61bee3e9246c37a8d74277 0.0s done
build-and-deploy	Build appleboy/ssh-action@v1.0.3	2026-02-19T20:00:43.4434812Z #5 DONE 1.8s
build-and-deploy	Build appleboy/ssh-action@v1.0.3	2026-02-19T20:00:43.4435320Z 
build-and-deploy	Build appleboy/ssh-action@v1.0.3	2026-02-19T20:00:43.4435722Z #6 [2/2] COPY entrypoint.sh /bin/entrypoint.sh
build-and-deploy	Build appleboy/ssh-action@v1.0.3	2026-02-19T20:00:43.4436518Z #6 DONE 0.0s
build-and-deploy	Build appleboy/ssh-action@v1.0.3	2026-02-19T20:00:43.4437652Z 
build-and-deploy	Build appleboy/ssh-action@v1.0.3	2026-02-19T20:00:43.4437869Z #7 exporting to image
build-and-deploy	Build appleboy/ssh-action@v1.0.3	2026-02-19T20:00:43.4438540Z #7 exporting layers
build-and-deploy	Build appleboy/ssh-action@v1.0.3	2026-02-19T20:00:44.0048377Z #7 exporting layers 0.7s done
build-and-deploy	Build appleboy/ssh-action@v1.0.3	2026-02-19T20:00:44.0227322Z #7 writing image sha256:47984aaa414c0da131fecf2ba85670f43682c739d981f32ef4664e648805fd5e done
build-and-deploy	Build appleboy/ssh-action@v1.0.3	2026-02-19T20:00:44.0228674Z #7 naming to docker.io/library/8bc69a:0c93c01045f246fa860c92f70c36455f done
build-and-deploy	Build appleboy/ssh-action@v1.0.3	2026-02-19T20:00:44.0229654Z #7 DONE 0.7s
build-and-deploy	Build appleboy/ssh-action@v1.0.3	2026-02-19T20:00:44.0361637Z ##[endgroup]
build-and-deploy	Checkout code	﻿2026-02-19T20:00:44.0690127Z ##[group]Run actions/checkout@v4
build-and-deploy	Checkout code	2026-02-19T20:00:44.0690767Z with:
build-and-deploy	Checkout code	2026-02-19T20:00:44.0691023Z   repository: stanisloveme-cloud/UPGRADE
build-and-deploy	Checkout code	2026-02-19T20:00:44.0691543Z   token: ***
build-and-deploy	Checkout code	2026-02-19T20:00:44.0691789Z   ssh-strict: true
build-and-deploy	Checkout code	2026-02-19T20:00:44.0692010Z   ssh-user: git
build-and-deploy	Checkout code	2026-02-19T20:00:44.0692241Z   persist-credentials: true
build-and-deploy	Checkout code	2026-02-19T20:00:44.0692507Z   clean: true
build-and-deploy	Checkout code	2026-02-19T20:00:44.0692734Z   sparse-checkout-cone-mode: true
build-and-deploy	Checkout code	2026-02-19T20:00:44.0692992Z   fetch-depth: 1
build-and-deploy	Checkout code	2026-02-19T20:00:44.0693200Z   fetch-tags: false
build-and-deploy	Checkout code	2026-02-19T20:00:44.0693426Z   show-progress: true
build-and-deploy	Checkout code	2026-02-19T20:00:44.0693642Z   lfs: false
build-and-deploy	Checkout code	2026-02-19T20:00:44.0693877Z   submodules: false
build-and-deploy	Checkout code	2026-02-19T20:00:44.0694404Z   set-safe-directory: true
build-and-deploy	Checkout code	2026-02-19T20:00:44.0695018Z ##[endgroup]
build-and-deploy	Checkout code	2026-02-19T20:00:44.1781487Z Syncing repository: stanisloveme-cloud/UPGRADE
build-and-deploy	Checkout code	2026-02-19T20:00:44.1782910Z ##[group]Getting Git version info
build-and-deploy	Checkout code	2026-02-19T20:00:44.1783323Z Working directory is '/home/runner/work/UPGRADE/UPGRADE'
build-and-deploy	Checkout code	2026-02-19T20:00:44.1783974Z [command]/usr/bin/git version
build-and-deploy	Checkout code	2026-02-19T20:00:44.1802282Z git version 2.52.0
build-and-deploy	Checkout code	2026-02-19T20:00:44.1828919Z ##[endgroup]
build-and-deploy	Checkout code	2026-02-19T20:00:44.1850771Z Temporarily overriding HOME='/home/runner/work/_temp/45203f17-99fe-4529-a289-424e4c156e1f' before making global git config changes
build-and-deploy	Checkout code	2026-02-19T20:00:44.1852431Z Adding repository directory to the temporary git global config as a safe directory
build-and-deploy	Checkout code	2026-02-19T20:00:44.1857047Z [command]/usr/bin/git config --global --add safe.directory /home/runner/work/UPGRADE/UPGRADE
build-and-deploy	Checkout code	2026-02-19T20:00:44.1899148Z Deleting the contents of '/home/runner/work/UPGRADE/UPGRADE'
build-and-deploy	Checkout code	2026-02-19T20:00:44.1902925Z ##[group]Initializing the repository
build-and-deploy	Checkout code	2026-02-19T20:00:44.1908100Z [command]/usr/bin/git init /home/runner/work/UPGRADE/UPGRADE
build-and-deploy	Checkout code	2026-02-19T20:00:44.2020234Z hint: Using 'master' as the name for the initial branch. This default branch name
build-and-deploy	Checkout code	2026-02-19T20:00:44.2021460Z hint: will change to "main" in Git 3.0. To configure the initial branch name
build-and-deploy	Checkout code	2026-02-19T20:00:44.2022104Z hint: to use in all of your new repositories, which will suppress this warning,
build-and-deploy	Checkout code	2026-02-19T20:00:44.2022586Z hint: call:
build-and-deploy	Checkout code	2026-02-19T20:00:44.2022808Z hint:
build-and-deploy	Checkout code	2026-02-19T20:00:44.2023592Z hint: 	git config --global init.defaultBranch <name>
build-and-deploy	Checkout code	2026-02-19T20:00:44.2024569Z hint:
build-and-deploy	Checkout code	2026-02-19T20:00:44.2024973Z hint: Names commonly chosen instead of 'master' are 'main', 'trunk' and
build-and-deploy	Checkout code	2026-02-19T20:00:44.2025786Z hint: 'development'. The just-created branch can be renamed via this command:
build-and-deploy	Checkout code	2026-02-19T20:00:44.2026531Z hint:
build-and-deploy	Checkout code	2026-02-19T20:00:44.2026951Z hint: 	git branch -m <name>
build-and-deploy	Checkout code	2026-02-19T20:00:44.2027402Z hint:
build-and-deploy	Checkout code	2026-02-19T20:00:44.2028055Z hint: Disable this message with "git config set advice.defaultBranchName false"
build-and-deploy	Checkout code	2026-02-19T20:00:44.2029117Z Initialized empty Git repository in /home/runner/work/UPGRADE/UPGRADE/.git/
build-and-deploy	Checkout code	2026-02-19T20:00:44.2038531Z [command]/usr/bin/git remote add origin https://github.com/stanisloveme-cloud/UPGRADE
build-and-deploy	Checkout code	2026-02-19T20:00:44.2076943Z ##[endgroup]
build-and-deploy	Checkout code	2026-02-19T20:00:44.2078154Z ##[group]Disabling automatic garbage collection
build-and-deploy	Checkout code	2026-02-19T20:00:44.2087421Z [command]/usr/bin/git config --local gc.auto 0
build-and-deploy	Checkout code	2026-02-19T20:00:44.2120749Z ##[endgroup]
build-and-deploy	Checkout code	2026-02-19T20:00:44.2121391Z ##[group]Setting up auth
build-and-deploy	Checkout code	2026-02-19T20:00:44.2128829Z [command]/usr/bin/git config --local --name-only --get-regexp core\.sshCommand
build-and-deploy	Checkout code	2026-02-19T20:00:44.2160653Z [command]/usr/bin/git submodule foreach --recursive sh -c "git config --local --name-only --get-regexp 'core\.sshCommand' && git config --local --unset-all 'core.sshCommand' || :"
build-and-deploy	Checkout code	2026-02-19T20:00:44.2527273Z [command]/usr/bin/git config --local --name-only --get-regexp http\.https\:\/\/github\.com\/\.extraheader
build-and-deploy	Checkout code	2026-02-19T20:00:44.2559601Z [command]/usr/bin/git submodule foreach --recursive sh -c "git config --local --name-only --get-regexp 'http\.https\:\/\/github\.com\/\.extraheader' && git config --local --unset-all 'http.https://github.com/.extraheader' || :"
build-and-deploy	Checkout code	2026-02-19T20:00:44.2787176Z [command]/usr/bin/git config --local --name-only --get-regexp ^includeIf\.gitdir:
build-and-deploy	Checkout code	2026-02-19T20:00:44.2819876Z [command]/usr/bin/git submodule foreach --recursive git config --local --show-origin --name-only --get-regexp remote.origin.url
build-and-deploy	Checkout code	2026-02-19T20:00:44.3051253Z [command]/usr/bin/git config --local http.https://github.com/.extraheader AUTHORIZATION: basic ***
build-and-deploy	Checkout code	2026-02-19T20:00:44.3086635Z ##[endgroup]
build-and-deploy	Checkout code	2026-02-19T20:00:44.3087157Z ##[group]Fetching the repository
build-and-deploy	Checkout code	2026-02-19T20:00:44.3095193Z [command]/usr/bin/git -c protocol.version=2 fetch --no-tags --prune --no-recurse-submodules --depth=1 origin +902f315da7d604429db50d6f6bd5035fb4396f11:refs/remotes/origin/main
build-and-deploy	Checkout code	2026-02-19T20:00:45.0873589Z From https://github.com/stanisloveme-cloud/UPGRADE
build-and-deploy	Checkout code	2026-02-19T20:00:45.0874846Z  * [new ref]         902f315da7d604429db50d6f6bd5035fb4396f11 -> origin/main
build-and-deploy	Checkout code	2026-02-19T20:00:45.0906926Z ##[endgroup]
build-and-deploy	Checkout code	2026-02-19T20:00:45.0907670Z ##[group]Determining the checkout info
build-and-deploy	Checkout code	2026-02-19T20:00:45.0910025Z ##[endgroup]
build-and-deploy	Checkout code	2026-02-19T20:00:45.0915731Z [command]/usr/bin/git sparse-checkout disable
build-and-deploy	Checkout code	2026-02-19T20:00:45.0957644Z [command]/usr/bin/git config --local --unset-all extensions.worktreeConfig
build-and-deploy	Checkout code	2026-02-19T20:00:45.0983255Z ##[group]Checking out the ref
build-and-deploy	Checkout code	2026-02-19T20:00:45.0987935Z [command]/usr/bin/git checkout --progress --force -B main refs/remotes/origin/main
build-and-deploy	Checkout code	2026-02-19T20:00:45.2199368Z Switched to a new branch 'main'
build-and-deploy	Checkout code	2026-02-19T20:00:45.2200645Z branch 'main' set up to track 'origin/main'.
build-and-deploy	Checkout code	2026-02-19T20:00:45.2216928Z ##[endgroup]
build-and-deploy	Checkout code	2026-02-19T20:00:45.2256870Z [command]/usr/bin/git log -1 --format=%H
build-and-deploy	Checkout code	2026-02-19T20:00:45.2279571Z 902f315da7d604429db50d6f6bd5035fb4396f11
build-and-deploy	Log in to Docker Hub	﻿2026-02-19T20:00:45.2497603Z ##[group]Run docker/login-action@v3
build-and-deploy	Log in to Docker Hub	2026-02-19T20:00:45.2497930Z with:
build-and-deploy	Log in to Docker Hub	2026-02-19T20:00:45.2498244Z   username: ***
build-and-deploy	Log in to Docker Hub	2026-02-19T20:00:45.2498562Z   password: ***
build-and-deploy	Log in to Docker Hub	2026-02-19T20:00:45.2498781Z   logout: true
build-and-deploy	Log in to Docker Hub	2026-02-19T20:00:45.2498989Z ##[endgroup]
build-and-deploy	Log in to Docker Hub	2026-02-19T20:00:45.5636860Z Logging into docker.io...
build-and-deploy	Log in to Docker Hub	2026-02-19T20:00:45.9382709Z Login Succeeded!
build-and-deploy	Build and Push Backend	﻿2026-02-19T20:00:45.9567786Z ##[group]Run docker/build-push-action@v5
build-and-deploy	Build and Push Backend	2026-02-19T20:00:45.9568130Z with:
build-and-deploy	Build and Push Backend	2026-02-19T20:00:45.9568330Z   context: .
build-and-deploy	Build and Push Backend	2026-02-19T20:00:45.9568540Z   file: Dockerfile
build-and-deploy	Build and Push Backend	2026-02-19T20:00:45.9568748Z   push: true
build-and-deploy	Build and Push Backend	2026-02-19T20:00:45.9569008Z   tags: ***/upgrade-backend:latest
build-and-deploy	Build and Push Backend	2026-02-19T20:00:45.9569275Z   load: false
build-and-deploy	Build and Push Backend	2026-02-19T20:00:45.9569479Z   no-cache: false
build-and-deploy	Build and Push Backend	2026-02-19T20:00:45.9569706Z   pull: false
build-and-deploy	Build and Push Backend	2026-02-19T20:00:45.9570014Z   github-token: ***
build-and-deploy	Build and Push Backend	2026-02-19T20:00:45.9570230Z ##[endgroup]
build-and-deploy	Build and Push Backend	2026-02-19T20:00:46.1824716Z ##[group]GitHub Actions runtime token ACs
build-and-deploy	Build and Push Backend	2026-02-19T20:00:46.1836069Z refs/heads/main: read/write
build-and-deploy	Build and Push Backend	2026-02-19T20:00:46.1837260Z ##[endgroup]
build-and-deploy	Build and Push Backend	2026-02-19T20:00:46.1838460Z ##[group]Docker info
build-and-deploy	Build and Push Backend	2026-02-19T20:00:46.1885277Z [command]/usr/bin/docker version
build-and-deploy	Build and Push Backend	2026-02-19T20:00:46.2184541Z Client: Docker Engine - Community
build-and-deploy	Build and Push Backend	2026-02-19T20:00:46.2188574Z  Version:           28.0.4
build-and-deploy	Build and Push Backend	2026-02-19T20:00:46.2189117Z  API version:       1.48
build-and-deploy	Build and Push Backend	2026-02-19T20:00:46.2189534Z  Go version:        go1.23.7
build-and-deploy	Build and Push Backend	2026-02-19T20:00:46.2190082Z  Git commit:        b8034c0
build-and-deploy	Build and Push Backend	2026-02-19T20:00:46.2190510Z  Built:             Tue Mar 25 15:07:16 2025
build-and-deploy	Build and Push Backend	2026-02-19T20:00:46.2190997Z  OS/Arch:           linux/amd64
build-and-deploy	Build and Push Backend	2026-02-19T20:00:46.2191407Z  Context:           default
build-and-deploy	Build and Push Backend	2026-02-19T20:00:46.2191660Z 
build-and-deploy	Build and Push Backend	2026-02-19T20:00:46.2191835Z Server: Docker Engine - Community
build-and-deploy	Build and Push Backend	2026-02-19T20:00:46.2192257Z  Engine:
build-and-deploy	Build and Push Backend	2026-02-19T20:00:46.2192591Z   Version:          28.0.4
build-and-deploy	Build and Push Backend	2026-02-19T20:00:46.2192995Z   API version:      1.48 (minimum version 1.24)
build-and-deploy	Build and Push Backend	2026-02-19T20:00:46.2193303Z   Go version:       go1.23.7
build-and-deploy	Build and Push Backend	2026-02-19T20:00:46.2193547Z   Git commit:       6430e49
build-and-deploy	Build and Push Backend	2026-02-19T20:00:46.2193829Z   Built:            Tue Mar 25 15:07:16 2025
build-and-deploy	Build and Push Backend	2026-02-19T20:00:46.2194510Z   OS/Arch:          linux/amd64
build-and-deploy	Build and Push Backend	2026-02-19T20:00:46.2194786Z   Experimental:     false
build-and-deploy	Build and Push Backend	2026-02-19T20:00:46.2195019Z  containerd:
build-and-deploy	Build and Push Backend	2026-02-19T20:00:46.2195220Z   Version:          v2.2.1
build-and-deploy	Build and Push Backend	2026-02-19T20:00:46.2195524Z   GitCommit:        dea7da592f5d1d2b7755e3a161be07f43fad8f75
build-and-deploy	Build and Push Backend	2026-02-19T20:00:46.2195873Z  runc:
build-and-deploy	Build and Push Backend	2026-02-19T20:00:46.2196070Z   Version:          1.3.4
build-and-deploy	Build and Push Backend	2026-02-19T20:00:46.2196313Z   GitCommit:        v1.3.4-0-gd6d73eb8
build-and-deploy	Build and Push Backend	2026-02-19T20:00:46.2196582Z  docker-init:
build-and-deploy	Build and Push Backend	2026-02-19T20:00:46.2196800Z   Version:          0.19.0
build-and-deploy	Build and Push Backend	2026-02-19T20:00:46.2197029Z   GitCommit:        de40ad0
build-and-deploy	Build and Push Backend	2026-02-19T20:00:46.2243810Z [command]/usr/bin/docker info
build-and-deploy	Build and Push Backend	2026-02-19T20:00:48.1190347Z Client: Docker Engine - Community
build-and-deploy	Build and Push Backend	2026-02-19T20:00:48.1191618Z  Version:    28.0.4
build-and-deploy	Build and Push Backend	2026-02-19T20:00:48.1192070Z  Context:    default
build-and-deploy	Build and Push Backend	2026-02-19T20:00:48.1192522Z  Debug Mode: false
build-and-deploy	Build and Push Backend	2026-02-19T20:00:48.1192928Z  Plugins:
build-and-deploy	Build and Push Backend	2026-02-19T20:00:48.1193414Z   buildx: Docker Buildx (Docker Inc.)
build-and-deploy	Build and Push Backend	2026-02-19T20:00:48.1193917Z     Version:  v0.31.1
build-and-deploy	Build and Push Backend	2026-02-19T20:00:48.1194632Z     Path:     /usr/libexec/docker/cli-plugins/docker-buildx
build-and-deploy	Build and Push Backend	2026-02-19T20:00:48.1195255Z   compose: Docker Compose (Docker Inc.)
build-and-deploy	Build and Push Backend	2026-02-19T20:00:48.1195698Z     Version:  v2.38.2
build-and-deploy	Build and Push Backend	2026-02-19T20:00:48.1196157Z     Path:     /usr/libexec/docker/cli-plugins/docker-compose
build-and-deploy	Build and Push Backend	2026-02-19T20:00:48.1196626Z 
build-and-deploy	Build and Push Backend	2026-02-19T20:00:48.1196761Z Server:
build-and-deploy	Build and Push Backend	2026-02-19T20:00:48.1197066Z  Containers: 0
build-and-deploy	Build and Push Backend	2026-02-19T20:00:48.1197391Z   Running: 0
build-and-deploy	Build and Push Backend	2026-02-19T20:00:48.1197720Z   Paused: 0
build-and-deploy	Build and Push Backend	2026-02-19T20:00:48.1198033Z   Stopped: 0
build-and-deploy	Build and Push Backend	2026-02-19T20:00:48.1198342Z  Images: 2
build-and-deploy	Build and Push Backend	2026-02-19T20:00:48.1198657Z  Server Version: 28.0.4
build-and-deploy	Build and Push Backend	2026-02-19T20:00:48.1199050Z  Storage Driver: overlay2
build-and-deploy	Build and Push Backend	2026-02-19T20:00:48.1199820Z   Backing Filesystem: extfs
build-and-deploy	Build and Push Backend	2026-02-19T20:00:48.1200228Z   Supports d_type: true
build-and-deploy	Build and Push Backend	2026-02-19T20:00:48.1200601Z   Using metacopy: false
build-and-deploy	Build and Push Backend	2026-02-19T20:00:48.1200984Z   Native Overlay Diff: false
build-and-deploy	Build and Push Backend	2026-02-19T20:00:48.1201375Z   userxattr: false
build-and-deploy	Build and Push Backend	2026-02-19T20:00:48.1201754Z  Logging Driver: json-file
build-and-deploy	Build and Push Backend	2026-02-19T20:00:48.1202149Z  Cgroup Driver: systemd
build-and-deploy	Build and Push Backend	2026-02-19T20:00:48.1202525Z  Cgroup Version: 2
build-and-deploy	Build and Push Backend	2026-02-19T20:00:48.1202878Z  Plugins:
build-and-deploy	Build and Push Backend	2026-02-19T20:00:48.1203196Z   Volume: local
build-and-deploy	Build and Push Backend	2026-02-19T20:00:48.1203608Z   Network: bridge host ipvlan macvlan null overlay
build-and-deploy	Build and Push Backend	2026-02-19T20:00:48.1204490Z   Log: awslogs fluentd gcplogs gelf journald json-file local splunk syslog
build-and-deploy	Build and Push Backend	2026-02-19T20:00:48.1205433Z  Swarm: inactive
build-and-deploy	Build and Push Backend	2026-02-19T20:00:48.1205832Z  Runtimes: io.containerd.runc.v2 runc
build-and-deploy	Build and Push Backend	2026-02-19T20:00:48.1206299Z  Default Runtime: runc
build-and-deploy	Build and Push Backend	2026-02-19T20:00:48.1206689Z  Init Binary: docker-init
build-and-deploy	Build and Push Backend	2026-02-19T20:00:48.1207222Z  containerd version: dea7da592f5d1d2b7755e3a161be07f43fad8f75
build-and-deploy	Build and Push Backend	2026-02-19T20:00:48.1207797Z  runc version: v1.3.4-0-gd6d73eb8
build-and-deploy	Build and Push Backend	2026-02-19T20:00:48.1208230Z  init version: de40ad0
build-and-deploy	Build and Push Backend	2026-02-19T20:00:48.1208623Z  Security Options:
build-and-deploy	Build and Push Backend	2026-02-19T20:00:48.1209005Z   apparmor
build-and-deploy	Build and Push Backend	2026-02-19T20:00:48.1209350Z   seccomp
build-and-deploy	Build and Push Backend	2026-02-19T20:00:48.1209684Z    Profile: builtin
build-and-deploy	Build and Push Backend	2026-02-19T20:00:48.1210053Z   cgroupns
build-and-deploy	Build and Push Backend	2026-02-19T20:00:48.1210429Z  Kernel Version: 6.11.0-1018-azure
build-and-deploy	Build and Push Backend	2026-02-19T20:00:48.1210929Z  Operating System: Ubuntu 24.04.3 LTS
build-and-deploy	Build and Push Backend	2026-02-19T20:00:48.1211448Z  OSType: linux
build-and-deploy	Build and Push Backend	2026-02-19T20:00:48.1211827Z  Architecture: x86_64
build-and-deploy	Build and Push Backend	2026-02-19T20:00:48.1212199Z  CPUs: 4
build-and-deploy	Build and Push Backend	2026-02-19T20:00:48.1212533Z  Total Memory: 15.62GiB
build-and-deploy	Build and Push Backend	2026-02-19T20:00:48.1212929Z  Name: runnervmwffz4
build-and-deploy	Build and Push Backend	2026-02-19T20:00:48.1213355Z  ID: 073c65d4-c458-42c9-935a-939d0489da0a
build-and-deploy	Build and Push Backend	2026-02-19T20:00:48.1213858Z  Docker Root Dir: /var/lib/docker
build-and-deploy	Build and Push Backend	2026-02-19T20:00:48.1214663Z  Debug Mode: false
build-and-deploy	Build and Push Backend	2026-02-19T20:00:48.1215364Z  Username: ***
build-and-deploy	Build and Push Backend	2026-02-19T20:00:48.1215778Z  Experimental: false
build-and-deploy	Build and Push Backend	2026-02-19T20:00:48.1216188Z  Insecure Registries:
build-and-deploy	Build and Push Backend	2026-02-19T20:00:48.1221802Z   ::1/128
build-and-deploy	Build and Push Backend	2026-02-19T20:00:48.1222189Z   127.0.0.0/8
build-and-deploy	Build and Push Backend	2026-02-19T20:00:48.1222588Z  Live Restore Enabled: false
build-and-deploy	Build and Push Backend	2026-02-19T20:00:48.1222890Z 
build-and-deploy	Build and Push Backend	2026-02-19T20:00:48.1223489Z ##[endgroup]
build-and-deploy	Build and Push Backend	2026-02-19T20:00:48.1224466Z ##[group]Proxy configuration
build-and-deploy	Build and Push Backend	2026-02-19T20:00:48.1224950Z No proxy configuration found
build-and-deploy	Build and Push Backend	2026-02-19T20:00:48.1225733Z ##[endgroup]
build-and-deploy	Build and Push Backend	2026-02-19T20:00:48.1942354Z ##[group]Buildx version
build-and-deploy	Build and Push Backend	2026-02-19T20:00:48.1968706Z [command]/usr/bin/docker buildx version
build-and-deploy	Build and Push Backend	2026-02-19T20:00:48.2642159Z github.com/docker/buildx v0.31.1 a2675950d46b2cb171b23c2015ca44fb88607531
build-and-deploy	Build and Push Backend	2026-02-19T20:00:48.2683478Z ##[endgroup]
build-and-deploy	Build and Push Backend	2026-02-19T20:00:48.2684617Z ##[group]Builder info
build-and-deploy	Build and Push Backend	2026-02-19T20:00:48.3730801Z {
build-and-deploy	Build and Push Backend	2026-02-19T20:00:48.3731254Z   "nodes": [
build-and-deploy	Build and Push Backend	2026-02-19T20:00:48.3731598Z     {
build-and-deploy	Build and Push Backend	2026-02-19T20:00:48.3731914Z       "name": "default",
build-and-deploy	Build and Push Backend	2026-02-19T20:00:48.3732343Z       "endpoint": "default",
build-and-deploy	Build and Push Backend	2026-02-19T20:00:48.3749670Z       "status": "running",
build-and-deploy	Build and Push Backend	2026-02-19T20:00:48.3750112Z       "buildkit": "v0.20.2",
build-and-deploy	Build and Push Backend	2026-02-19T20:00:48.3750738Z       "platforms": "linux/amd64,linux/amd64/v2,linux/amd64/v3,linux/386",
build-and-deploy	Build and Push Backend	2026-02-19T20:00:48.3751340Z       "features": {
build-and-deploy	Build and Push Backend	2026-02-19T20:00:48.3751843Z         "Automatically load images to the Docker Engine image store": true,
build-and-deploy	Build and Push Backend	2026-02-19T20:00:48.3752480Z         "Cache export": true,
build-and-deploy	Build and Push Backend	2026-02-19T20:00:48.3752913Z         "Direct push": true,
build-and-deploy	Build and Push Backend	2026-02-19T20:00:48.3753343Z         "Docker exporter": true,
build-and-deploy	Build and Push Backend	2026-02-19T20:00:48.3753812Z         "Multi-platform build": true,
build-and-deploy	Build and Push Backend	2026-02-19T20:00:48.3754821Z         "OCI exporter": true
build-and-deploy	Build and Push Backend	2026-02-19T20:00:48.3755244Z       },
build-and-deploy	Build and Push Backend	2026-02-19T20:00:48.3755565Z       "labels": {
build-and-deploy	Build and Push Backend	2026-02-19T20:00:48.3756162Z         "org.mobyproject.buildkit.worker.moby.host-gateway-ip": "172.17.0.1"
build-and-deploy	Build and Push Backend	2026-02-19T20:00:48.3756898Z       }
build-and-deploy	Build and Push Backend	2026-02-19T20:00:48.3757233Z     }
build-and-deploy	Build and Push Backend	2026-02-19T20:00:48.3757470Z   ],
build-and-deploy	Build and Push Backend	2026-02-19T20:00:48.3757662Z   "name": "default",
build-and-deploy	Build and Push Backend	2026-02-19T20:00:48.3757890Z   "driver": "docker",
build-and-deploy	Build and Push Backend	2026-02-19T20:00:48.3758146Z   "lastActivity": "2026-02-19T20:00:40.000Z"
build-and-deploy	Build and Push Backend	2026-02-19T20:00:48.3758709Z }
build-and-deploy	Build and Push Backend	2026-02-19T20:00:48.3759575Z ##[endgroup]
build-and-deploy	Build and Push Backend	2026-02-19T20:00:48.5371348Z [command]/usr/bin/docker buildx build --file Dockerfile --iidfile /home/runner/work/_temp/docker-actions-toolkit-QhGc8O/build-iidfile-55eac4ff11.txt --tag ***/upgrade-backend:latest --metadata-file /home/runner/work/_temp/docker-actions-toolkit-QhGc8O/build-metadata-707d2f6a92.json --push .
build-and-deploy	Build and Push Backend	2026-02-19T20:00:48.8793467Z #0 building with "default" instance using docker driver
build-and-deploy	Build and Push Backend	2026-02-19T20:00:48.8793960Z 
build-and-deploy	Build and Push Backend	2026-02-19T20:00:48.8794386Z #1 [internal] load build definition from Dockerfile
build-and-deploy	Build and Push Backend	2026-02-19T20:00:48.8794807Z #1 transferring dockerfile: 273B done
build-and-deploy	Build and Push Backend	2026-02-19T20:00:48.8795501Z #1 DONE 0.0s
build-and-deploy	Build and Push Backend	2026-02-19T20:00:48.8795643Z 
build-and-deploy	Build and Push Backend	2026-02-19T20:00:48.8795829Z #2 [auth] library/node:pull token for registry-1.docker.io
build-and-deploy	Build and Push Backend	2026-02-19T20:00:48.8796233Z #2 DONE 0.0s
build-and-deploy	Build and Push Backend	2026-02-19T20:00:48.8796369Z 
build-and-deploy	Build and Push Backend	2026-02-19T20:00:48.8796573Z #3 [internal] load metadata for docker.io/library/node:20-slim
build-and-deploy	Build and Push Backend	2026-02-19T20:00:49.5145533Z #3 DONE 0.9s
build-and-deploy	Build and Push Backend	2026-02-19T20:00:49.6297650Z 
build-and-deploy	Build and Push Backend	2026-02-19T20:00:49.6298195Z #4 [internal] load .dockerignore
build-and-deploy	Build and Push Backend	2026-02-19T20:00:49.6298618Z #4 transferring context: 112B done
build-and-deploy	Build and Push Backend	2026-02-19T20:00:49.6298911Z #4 DONE 0.0s
build-and-deploy	Build and Push Backend	2026-02-19T20:00:49.6299034Z 
build-and-deploy	Build and Push Backend	2026-02-19T20:00:49.6299141Z #5 [internal] load build context
build-and-deploy	Build and Push Backend	2026-02-19T20:00:49.6299698Z #5 transferring context: 1.78MB 0.0s done
build-and-deploy	Build and Push Backend	2026-02-19T20:00:49.6300222Z #5 DONE 0.0s
build-and-deploy	Build and Push Backend	2026-02-19T20:00:49.6300375Z 
build-and-deploy	Build and Push Backend	2026-02-19T20:00:49.6300778Z #6 [1/7] FROM docker.io/library/node:20-slim@sha256:c6585df72c34172bebd8d36abed961e231d7d3b5cee2e01294c4495e8a03f687
build-and-deploy	Build and Push Backend	2026-02-19T20:00:49.6301683Z #6 resolve docker.io/library/node:20-slim@sha256:c6585df72c34172bebd8d36abed961e231d7d3b5cee2e01294c4495e8a03f687 done
build-and-deploy	Build and Push Backend	2026-02-19T20:00:49.6302515Z #6 sha256:4831516dd0cb86845f5f902cb9b9d25b5c853152c337eb57e4737a9b7e2a2eb9 0B / 28.23MB 0.1s
build-and-deploy	Build and Push Backend	2026-02-19T20:00:49.6303217Z #6 sha256:9d66d95167c29e1f4d0399617e49250519defda4aa8ea5919064ab3dbd6f0627 0B / 3.31kB 0.1s
build-and-deploy	Build and Push Backend	2026-02-19T20:00:49.6303904Z #6 sha256:1a0393491048e0b5148349736f25b7d015e244fee9ab757ef2b0824dc65f3bb9 0B / 40.98MB 0.1s
build-and-deploy	Build and Push Backend	2026-02-19T20:00:49.6304877Z #6 sha256:c6585df72c34172bebd8d36abed961e231d7d3b5cee2e01294c4495e8a03f687 6.49kB / 6.49kB done
build-and-deploy	Build and Push Backend	2026-02-19T20:00:49.6305608Z #6 sha256:721fb2bf28abf97fe5e59dd2660a9b30edeb746f0952c261500ef08030e1385a 1.93kB / 1.93kB done
build-and-deploy	Build and Push Backend	2026-02-19T20:00:49.6306316Z #6 sha256:1096d6b5560fa2f1e252681cbe7da839860715b80bb08867931ddb8c2d410945 6.88kB / 6.88kB done
build-and-deploy	Build and Push Backend	2026-02-19T20:00:49.7306974Z #6 sha256:9d66d95167c29e1f4d0399617e49250519defda4aa8ea5919064ab3dbd6f0627 3.31kB / 3.31kB 0.1s done
build-and-deploy	Build and Push Backend	2026-02-19T20:00:49.7307904Z #6 sha256:786a2dcd5a595e7a3d71eacdb266b1f3057397d8a882e9d5a7e55214ea80a21f 0B / 1.71MB 0.2s
build-and-deploy	Build and Push Backend	2026-02-19T20:00:49.8309291Z #6 sha256:4831516dd0cb86845f5f902cb9b9d25b5c853152c337eb57e4737a9b7e2a2eb9 4.19MB / 28.23MB 0.3s
build-and-deploy	Build and Push Backend	2026-02-19T20:00:50.0297016Z #6 sha256:4831516dd0cb86845f5f902cb9b9d25b5c853152c337eb57e4737a9b7e2a2eb9 17.83MB / 28.23MB 0.5s
build-and-deploy	Build and Push Backend	2026-02-19T20:00:50.0298362Z #6 sha256:1a0393491048e0b5148349736f25b7d015e244fee9ab757ef2b0824dc65f3bb9 7.34MB / 40.98MB 0.5s
build-and-deploy	Build and Push Backend	2026-02-19T20:00:50.0299631Z #6 sha256:786a2dcd5a595e7a3d71eacdb266b1f3057397d8a882e9d5a7e55214ea80a21f 1.71MB / 1.71MB 0.4s done
build-and-deploy	Build and Push Backend	2026-02-19T20:00:50.0300840Z #6 sha256:7aa087727009d9926282b77e9386998f27b6535e550659c7fc1d4ea3b9a973bd 447B / 447B 0.5s done
build-and-deploy	Build and Push Backend	2026-02-19T20:00:50.1297724Z #6 sha256:4831516dd0cb86845f5f902cb9b9d25b5c853152c337eb57e4737a9b7e2a2eb9 24.12MB / 28.23MB 0.6s
build-and-deploy	Build and Push Backend	2026-02-19T20:00:50.1298968Z #6 sha256:1a0393491048e0b5148349736f25b7d015e244fee9ab757ef2b0824dc65f3bb9 10.49MB / 40.98MB 0.6s
build-and-deploy	Build and Push Backend	2026-02-19T20:00:50.2975524Z #6 sha256:4831516dd0cb86845f5f902cb9b9d25b5c853152c337eb57e4737a9b7e2a2eb9 28.23MB / 28.23MB 0.6s done
build-and-deploy	Build and Push Backend	2026-02-19T20:00:50.2976908Z #6 sha256:1a0393491048e0b5148349736f25b7d015e244fee9ab757ef2b0824dc65f3bb9 16.78MB / 40.98MB 0.7s
build-and-deploy	Build and Push Backend	2026-02-19T20:00:50.2978115Z #6 extracting sha256:4831516dd0cb86845f5f902cb9b9d25b5c853152c337eb57e4737a9b7e2a2eb9 0.1s
build-and-deploy	Build and Push Backend	2026-02-19T20:00:50.3986599Z #6 sha256:1a0393491048e0b5148349736f25b7d015e244fee9ab757ef2b0824dc65f3bb9 19.92MB / 40.98MB 0.8s
build-and-deploy	Build and Push Backend	2026-02-19T20:00:50.6024424Z #6 sha256:1a0393491048e0b5148349736f25b7d015e244fee9ab757ef2b0824dc65f3bb9 22.02MB / 40.98MB 1.0s
build-and-deploy	Build and Push Backend	2026-02-19T20:00:50.7296462Z #6 sha256:1a0393491048e0b5148349736f25b7d015e244fee9ab757ef2b0824dc65f3bb9 29.36MB / 40.98MB 1.2s
build-and-deploy	Build and Push Backend	2026-02-19T20:00:50.8883244Z #6 sha256:1a0393491048e0b5148349736f25b7d015e244fee9ab757ef2b0824dc65f3bb9 32.51MB / 40.98MB 1.3s
build-and-deploy	Build and Push Backend	2026-02-19T20:00:51.0295464Z #6 sha256:1a0393491048e0b5148349736f25b7d015e244fee9ab757ef2b0824dc65f3bb9 40.98MB / 40.98MB 1.5s done
build-and-deploy	Build and Push Backend	2026-02-19T20:00:51.2672526Z #6 extracting sha256:4831516dd0cb86845f5f902cb9b9d25b5c853152c337eb57e4737a9b7e2a2eb9 1.1s done
build-and-deploy	Build and Push Backend	2026-02-19T20:00:51.3913521Z #6 extracting sha256:9d66d95167c29e1f4d0399617e49250519defda4aa8ea5919064ab3dbd6f0627 done
build-and-deploy	Build and Push Backend	2026-02-19T20:00:51.3914637Z #6 extracting sha256:1a0393491048e0b5148349736f25b7d015e244fee9ab757ef2b0824dc65f3bb9
build-and-deploy	Build and Push Backend	2026-02-19T20:00:52.6108006Z #6 extracting sha256:1a0393491048e0b5148349736f25b7d015e244fee9ab757ef2b0824dc65f3bb9 1.1s done
build-and-deploy	Build and Push Backend	2026-02-19T20:00:52.6110396Z #6 extracting sha256:786a2dcd5a595e7a3d71eacdb266b1f3057397d8a882e9d5a7e55214ea80a21f 0.0s done
build-and-deploy	Build and Push Backend	2026-02-19T20:00:52.8243275Z #6 extracting sha256:7aa087727009d9926282b77e9386998f27b6535e550659c7fc1d4ea3b9a973bd done
build-and-deploy	Build and Push Backend	2026-02-19T20:00:52.8244376Z #6 DONE 3.1s
build-and-deploy	Build and Push Backend	2026-02-19T20:00:52.8244594Z 
build-and-deploy	Build and Push Backend	2026-02-19T20:00:52.8244750Z #7 [2/7] WORKDIR /app
build-and-deploy	Build and Push Backend	2026-02-19T20:00:52.8245128Z #7 DONE 0.0s
build-and-deploy	Build and Push Backend	2026-02-19T20:00:52.8245335Z 
build-and-deploy	Build and Push Backend	2026-02-19T20:00:52.8245517Z #8 [3/7] COPY package*.json ./
build-and-deploy	Build and Push Backend	2026-02-19T20:00:52.8245932Z #8 DONE 0.0s
build-and-deploy	Build and Push Backend	2026-02-19T20:00:52.8246069Z 
build-and-deploy	Build and Push Backend	2026-02-19T20:00:52.8246168Z #9 [4/7] RUN npm ci
build-and-deploy	Build and Push Backend	2026-02-19T20:00:56.4082046Z #9 3.734 npm warn deprecated inflight@1.0.6: This module is not supported, and leaks memory. Do not use it. Check out lru-cache if you want a good and tested way to coalesce async requests by a key value, which is much more comprehensive and powerful.
build-and-deploy	Build and Push Backend	2026-02-19T20:00:58.5689637Z #9 5.895 npm warn deprecated glob@7.2.3: Old versions of glob are not supported, and contain widely publicized security vulnerabilities, which have been fixed in the current version. Please update. Support for old versions may be purchased (at exorbitant rates) by contacting i@izs.me
build-and-deploy	Build and Push Backend	2026-02-19T20:00:59.7090596Z #9 7.035 npm warn deprecated glob@10.5.0: Old versions of glob are not supported, and contain widely publicized security vulnerabilities, which have been fixed in the current version. Please update. Support for old versions may be purchased (at exorbitant rates) by contacting i@izs.me
build-and-deploy	Build and Push Backend	2026-02-19T20:00:59.8921372Z #9 7.068 npm warn deprecated glob@10.5.0: Old versions of glob are not supported, and contain widely publicized security vulnerabilities, which have been fixed in the current version. Please update. Support for old versions may be purchased (at exorbitant rates) by contacting i@izs.me
build-and-deploy	Build and Push Backend	2026-02-19T20:00:59.9289619Z #9 7.255 npm warn deprecated glob@10.5.0: Old versions of glob are not supported, and contain widely publicized security vulnerabilities, which have been fixed in the current version. Please update. Support for old versions may be purchased (at exorbitant rates) by contacting i@izs.me
build-and-deploy	Build and Push Backend	2026-02-19T20:01:43.4137086Z #9 50.74 
build-and-deploy	Build and Push Backend	2026-02-19T20:01:43.4139644Z #9 50.74 added 839 packages, and audited 840 packages in 51s
build-and-deploy	Build and Push Backend	2026-02-19T20:01:43.5641303Z #9 50.74 
build-and-deploy	Build and Push Backend	2026-02-19T20:01:43.5642144Z #9 50.74 156 packages are looking for funding
build-and-deploy	Build and Push Backend	2026-02-19T20:01:43.5643343Z #9 50.74   run `npm fund` for details
build-and-deploy	Build and Push Backend	2026-02-19T20:01:43.7046616Z #9 51.03 
build-and-deploy	Build and Push Backend	2026-02-19T20:01:43.8562039Z #9 51.03 48 vulnerabilities (19 moderate, 29 high)
build-and-deploy	Build and Push Backend	2026-02-19T20:01:43.8562639Z #9 51.03 
build-and-deploy	Build and Push Backend	2026-02-19T20:01:43.8563108Z #9 51.03 To address issues that do not require attention, run:
build-and-deploy	Build and Push Backend	2026-02-19T20:01:43.8563713Z #9 51.03   npm audit fix
build-and-deploy	Build and Push Backend	2026-02-19T20:01:43.8564311Z #9 51.03 
build-and-deploy	Build and Push Backend	2026-02-19T20:01:43.8564837Z #9 51.03 To address all issues possible (including breaking changes), run:
build-and-deploy	Build and Push Backend	2026-02-19T20:01:43.8565505Z #9 51.03   npm audit fix --force
build-and-deploy	Build and Push Backend	2026-02-19T20:01:43.8565932Z #9 51.03 
build-and-deploy	Build and Push Backend	2026-02-19T20:01:43.8566355Z #9 51.03 Some issues need review, and may require choosing
build-and-deploy	Build and Push Backend	2026-02-19T20:01:43.8567244Z #9 51.03 a different dependency.
build-and-deploy	Build and Push Backend	2026-02-19T20:01:43.8567662Z #9 51.03 
build-and-deploy	Build and Push Backend	2026-02-19T20:01:43.8568016Z #9 51.03 Run `npm audit` for details.
build-and-deploy	Build and Push Backend	2026-02-19T20:01:43.8568471Z #9 51.03 npm notice
build-and-deploy	Build and Push Backend	2026-02-19T20:01:43.8569026Z #9 51.03 npm notice New major version of npm available! 10.8.2 -> 11.10.0
build-and-deploy	Build and Push Backend	2026-02-19T20:01:43.8569876Z #9 51.03 npm notice Changelog: https://github.com/npm/cli/releases/tag/v11.10.0
build-and-deploy	Build and Push Backend	2026-02-19T20:01:43.8570711Z #9 51.03 npm notice To update run: npm install -g npm@11.10.0
build-and-deploy	Build and Push Backend	2026-02-19T20:01:43.8571274Z #9 51.03 npm notice
build-and-deploy	Build and Push Backend	2026-02-19T20:01:43.9659166Z #9 DONE 51.3s
build-and-deploy	Build and Push Backend	2026-02-19T20:01:44.1412851Z 
build-and-deploy	Build and Push Backend	2026-02-19T20:01:44.1413447Z #10 [5/7] COPY . .
build-and-deploy	Build and Push Backend	2026-02-19T20:01:44.1413918Z #10 DONE 0.0s
build-and-deploy	Build and Push Backend	2026-02-19T20:01:44.1414375Z 
build-and-deploy	Build and Push Backend	2026-02-19T20:01:44.1414574Z #11 [6/7] RUN npx prisma generate
build-and-deploy	Build and Push Backend	2026-02-19T20:01:45.3427988Z #11 1.352 Loaded Prisma config from prisma.config.ts.
build-and-deploy	Build and Push Backend	2026-02-19T20:01:45.3428755Z #11 1.352 
build-and-deploy	Build and Push Backend	2026-02-19T20:01:45.4745329Z #11 1.397 prisma:warn Prisma failed to detect the libssl/openssl version to use, and may not work as expected. Defaulting to "openssl-1.1.x".
build-and-deploy	Build and Push Backend	2026-02-19T20:01:45.4748494Z #11 1.397 Please manually install OpenSSL via `apt-get update -y && apt-get install -y openssl` and try installing Prisma again. If you're running Prisma on Docker, add this command to your Dockerfile, or switch to an image that already has OpenSSL installed.
build-and-deploy	Build and Push Backend	2026-02-19T20:01:45.4775550Z #11 1.399 prisma:warn Prisma failed to detect the libssl/openssl version to use, and may not work as expected. Defaulting to "openssl-1.1.x".
build-and-deploy	Build and Push Backend	2026-02-19T20:01:45.4778299Z #11 1.399 Please manually install OpenSSL via `apt-get update -y && apt-get install -y openssl` and try installing Prisma again. If you're running Prisma on Docker, add this command to your Dockerfile, or switch to an image that already has OpenSSL installed.
build-and-deploy	Build and Push Backend	2026-02-19T20:01:45.4780734Z #11 1.484 Prisma schema loaded from prisma/schema.prisma.
build-and-deploy	Build and Push Backend	2026-02-19T20:01:45.7713373Z #11 1.781 
build-and-deploy	Build and Push Backend	2026-02-19T20:01:45.7714506Z #11 1.781 ✔ Generated Prisma Client (v7.4.0) to ./node_modules/@prisma/client in 186ms
build-and-deploy	Build and Push Backend	2026-02-19T20:01:45.7715230Z #11 1.781 
build-and-deploy	Build and Push Backend	2026-02-19T20:01:45.7715820Z #11 1.781 Start by importing your Prisma Client (See: https://pris.ly/d/importing-client)
build-and-deploy	Build and Push Backend	2026-02-19T20:01:45.7716504Z #11 1.781 
build-and-deploy	Build and Push Backend	2026-02-19T20:01:45.7716817Z #11 1.781 
build-and-deploy	Build and Push Backend	2026-02-19T20:01:45.9737063Z #11 DONE 1.8s
build-and-deploy	Build and Push Backend	2026-02-19T20:01:45.9737380Z 
build-and-deploy	Build and Push Backend	2026-02-19T20:01:45.9737536Z #12 [7/7] RUN npm run build
build-and-deploy	Build and Push Backend	2026-02-19T20:01:46.0775714Z #12 0.254 
build-and-deploy	Build and Push Backend	2026-02-19T20:01:46.0777131Z #12 0.254 > upgrade-crm@0.0.1 build
build-and-deploy	Build and Push Backend	2026-02-19T20:01:46.0777695Z #12 0.254 > nest build
build-and-deploy	Build and Push Backend	2026-02-19T20:01:46.0778117Z #12 0.254 
build-and-deploy	Build and Push Backend	2026-02-19T20:01:49.9971397Z #12 DONE 4.2s
build-and-deploy	Build and Push Backend	2026-02-19T20:01:50.1497449Z 
build-and-deploy	Build and Push Backend	2026-02-19T20:01:50.1498045Z #13 exporting to image
build-and-deploy	Build and Push Backend	2026-02-19T20:01:50.1498536Z #13 exporting layers
build-and-deploy	Build and Push Backend	2026-02-19T20:01:57.2363000Z #13 exporting layers 7.2s done
build-and-deploy	Build and Push Backend	2026-02-19T20:01:57.3768059Z #13 writing image sha256:e0778618a862bbd7ad2804dc8406fe0be343e655418715fb3ce0e1fb087639a6 done
build-and-deploy	Build and Push Backend	2026-02-19T20:01:57.3769259Z #13 naming to docker.io/***/upgrade-backend:latest done
build-and-deploy	Build and Push Backend	2026-02-19T20:01:57.3769881Z #13 DONE 7.2s
build-and-deploy	Build and Push Backend	2026-02-19T20:01:57.3770090Z 
build-and-deploy	Build and Push Backend	2026-02-19T20:01:57.3770318Z #14 resolving provenance for metadata file
build-and-deploy	Build and Push Backend	2026-02-19T20:01:57.3770781Z #14 DONE 0.0s
build-and-deploy	Build and Push Backend	2026-02-19T20:01:57.3770918Z 
build-and-deploy	Build and Push Backend	2026-02-19T20:01:57.3771133Z #15 pushing ***/upgrade-backend:latest with docker
build-and-deploy	Build and Push Backend	2026-02-19T20:01:57.3771494Z #15 pushing layer 42392a0628aa
build-and-deploy	Build and Push Backend	2026-02-19T20:01:57.5272171Z #15 pushing layer 123c3bf72ccf
build-and-deploy	Build and Push Backend	2026-02-19T20:01:57.5272586Z #15 pushing layer 460fec905fa7
build-and-deploy	Build and Push Backend	2026-02-19T20:01:57.5272894Z #15 pushing layer d0833c2e063d
build-and-deploy	Build and Push Backend	2026-02-19T20:01:57.5273179Z #15 pushing layer ec8785480b21
build-and-deploy	Build and Push Backend	2026-02-19T20:01:57.5273472Z #15 pushing layer 290759b87428
build-and-deploy	Build and Push Backend	2026-02-19T20:01:57.5273743Z #15 pushing layer 0562c05a6550
build-and-deploy	Build and Push Backend	2026-02-19T20:01:57.5274011Z #15 pushing layer 48074ef03794
build-and-deploy	Build and Push Backend	2026-02-19T20:01:57.5274546Z #15 pushing layer c004b55cc6c1
build-and-deploy	Build and Push Backend	2026-02-19T20:01:57.5274828Z #15 pushing layer 9159be211277
build-and-deploy	Build and Push Backend	2026-02-19T20:01:57.5275100Z #15 pushing layer e48af84b2108
build-and-deploy	Build and Push Backend	2026-02-19T20:01:57.7870962Z #15 pushing layer 42392a0628aa 425.47kB / 336.41kB 0.4s
build-and-deploy	Build and Push Backend	2026-02-19T20:01:57.7872764Z #15 pushing layer ec8785480b21 422.40kB / 419.19kB 0.4s
build-and-deploy	Build and Push Backend	2026-02-19T20:01:57.8980152Z #15 pushing layer 123c3bf72ccf 1.30MB / 9.29MB 0.5s
build-and-deploy	Build and Push Backend	2026-02-19T20:01:57.8981547Z #15 pushing layer 460fec905fa7 1.43MB / 1.36MB 0.5s
build-and-deploy	Build and Push Backend	2026-02-19T20:01:58.0028622Z #15 pushing layer 123c3bf72ccf 3.36MB / 9.29MB 0.6s
build-and-deploy	Build and Push Backend	2026-02-19T20:01:58.1253132Z #15 pushing layer 123c3bf72ccf 5.62MB / 9.29MB 0.7s
build-and-deploy	Build and Push Backend	2026-02-19T20:01:58.2291058Z #15 pushing layer 123c3bf72ccf 9.32MB / 9.29MB 0.8s
build-and-deploy	Build and Push Backend	2026-02-19T20:01:58.9018494Z #15 pushing layer 42392a0628aa 1.5s done
build-and-deploy	Build and Push Backend	2026-02-19T20:01:59.0068259Z #15 pushing layer 460fec905fa7 1.6s done
build-and-deploy	Build and Push Backend	2026-02-19T20:01:59.0070015Z #15 pushing layer ec8785480b21 1.6s done
build-and-deploy	Build and Push Backend	2026-02-19T20:01:59.3295245Z #15 pushing layer 123c3bf72ccf 1.9s done
build-and-deploy	Build and Push Backend	2026-02-19T20:01:59.3295896Z #15 pushing layer d0833c2e063d 35.13MB / 661.89MB 2.0s
build-and-deploy	Build and Push Backend	2026-02-19T20:02:00.2270777Z #15 pushing layer 290759b87428 2.8s done
build-and-deploy	Build and Push Backend	2026-02-19T20:02:00.5544385Z #15 pushing layer d0833c2e063d 69.97MB / 661.89MB 3.2s
build-and-deploy	Build and Push Backend	2026-02-19T20:02:01.9815736Z #15 pushing layer d0833c2e063d 105.33MB / 661.89MB 4.6s
build-and-deploy	Build and Push Backend	2026-02-19T20:02:03.2523796Z #15 pushing layer d0833c2e063d 139.17MB / 661.89MB 5.9s
build-and-deploy	Build and Push Backend	2026-02-19T20:02:04.7006771Z #15 pushing layer d0833c2e063d 173.98MB / 661.89MB 7.3s
build-and-deploy	Build and Push Backend	2026-02-19T20:02:05.9151785Z #15 pushing layer d0833c2e063d 213.79MB / 661.89MB 8.5s
build-and-deploy	Build and Push Backend	2026-02-19T20:02:07.2483067Z #15 pushing layer d0833c2e063d 249.63MB / 661.89MB 9.9s
build-and-deploy	Build and Push Backend	2026-02-19T20:02:08.4617930Z #15 pushing layer d0833c2e063d 283.86MB / 661.89MB 11.1s
build-and-deploy	Build and Push Backend	2026-02-19T20:02:09.6765375Z #15 pushing layer d0833c2e063d 318.60MB / 661.89MB 12.3s
build-and-deploy	Build and Push Backend	2026-02-19T20:02:10.8806755Z #15 pushing layer d0833c2e063d 352.04MB / 661.89MB 13.5s
build-and-deploy	Build and Push Backend	2026-02-19T20:02:12.1161544Z #15 pushing layer d0833c2e063d 385.90MB / 661.89MB 14.7s
build-and-deploy	Build and Push Backend	2026-02-19T20:02:13.4249111Z #15 pushing layer d0833c2e063d 421.91MB / 661.89MB 16.0s
build-and-deploy	Build and Push Backend	2026-02-19T20:02:14.5100212Z #15 pushing layer d0833c2e063d 455.69MB / 661.89MB 17.1s
build-and-deploy	Build and Push Backend	2026-02-19T20:02:15.8003216Z #15 pushing layer d0833c2e063d 492.26MB / 661.89MB 18.4s
build-and-deploy	Build and Push Backend	2026-02-19T20:02:16.4393505Z #15 pushing layer d0833c2e063d 531.35MB / 661.89MB 19.1s
build-and-deploy	Build and Push Backend	2026-02-19T20:02:17.3779463Z #15 pushing layer d0833c2e063d 569.63MB / 661.89MB 20.0s
build-and-deploy	Build and Push Backend	2026-02-19T20:02:17.8962212Z #15 pushing layer d0833c2e063d 609.64MB / 661.89MB 20.5s
build-and-deploy	Build and Push Backend	2026-02-19T20:02:18.5433126Z #15 pushing layer d0833c2e063d 643.80MB / 661.89MB 21.2s
build-and-deploy	Build and Push Backend	2026-02-19T20:02:19.3871135Z #15 pushing layer d0833c2e063d 681.18MB / 661.89MB 22.0s
build-and-deploy	Build and Push Backend	2026-02-19T20:02:22.2004753Z #15 pushing layer d0833c2e063d 24.8s done
build-and-deploy	Build and Push Backend	2026-02-19T20:02:25.3399961Z #15 pushing layer c004b55cc6c1 28.0s done
build-and-deploy	Build and Push Backend	2026-02-19T20:02:25.4906966Z #15 pushing layer 0562c05a6550 28.0s done
build-and-deploy	Build and Push Backend	2026-02-19T20:02:25.4907577Z #15 pushing layer 48074ef03794 28.0s done
build-and-deploy	Build and Push Backend	2026-02-19T20:02:25.4907905Z #15 pushing layer 9159be211277 28.0s done
build-and-deploy	Build and Push Backend	2026-02-19T20:02:25.4908231Z #15 pushing layer e48af84b2108 28.0s done
build-and-deploy	Build and Push Backend	2026-02-19T20:02:25.4908523Z #15 DONE 28.1s
build-and-deploy	Build and Push Backend	2026-02-19T20:02:26.2991367Z ##[group]ImageID
build-and-deploy	Build and Push Backend	2026-02-19T20:02:26.2992039Z sha256:e0778618a862bbd7ad2804dc8406fe0be343e655418715fb3ce0e1fb087639a6
build-and-deploy	Build and Push Backend	2026-02-19T20:02:26.2993100Z ##[endgroup]
build-and-deploy	Build and Push Backend	2026-02-19T20:02:26.2993788Z ##[group]Digest
build-and-deploy	Build and Push Backend	2026-02-19T20:02:26.2994728Z sha256:68a42bfd1a989c18ff1c010f081312494f46763eecd05fd018481f323d98da99
build-and-deploy	Build and Push Backend	2026-02-19T20:02:26.2995760Z ##[endgroup]
build-and-deploy	Build and Push Backend	2026-02-19T20:02:26.2996444Z ##[group]Metadata
build-and-deploy	Build and Push Backend	2026-02-19T20:02:26.2996849Z {
build-and-deploy	Build and Push Backend	2026-02-19T20:02:26.2997218Z   "buildx.build.provenance": {
build-and-deploy	Build and Push Backend	2026-02-19T20:02:26.2997668Z     "builder": {
build-and-deploy	Build and Push Backend	2026-02-19T20:02:26.2998028Z       "id": ""
build-and-deploy	Build and Push Backend	2026-02-19T20:02:26.2998351Z     },
build-and-deploy	Build and Push Backend	2026-02-19T20:02:26.2998748Z     "buildType": "https://mobyproject.org/buildkit@v1",
build-and-deploy	Build and Push Backend	2026-02-19T20:02:26.2999253Z     "materials": [
build-and-deploy	Build and Push Backend	2026-02-19T20:02:26.2999554Z       {
build-and-deploy	Build and Push Backend	2026-02-19T20:02:26.2999982Z         "uri": "pkg:docker/node@20-slim?platform=linux%2Famd64",
build-and-deploy	Build and Push Backend	2026-02-19T20:02:26.3000505Z         "digest": {
build-and-deploy	Build and Push Backend	2026-02-19T20:02:26.3001078Z           "sha256": "c6585df72c34172bebd8d36abed961e231d7d3b5cee2e01294c4495e8a03f687"
build-and-deploy	Build and Push Backend	2026-02-19T20:02:26.3002034Z         }
build-and-deploy	Build and Push Backend	2026-02-19T20:02:26.3002351Z       }
build-and-deploy	Build and Push Backend	2026-02-19T20:02:26.3002641Z     ],
build-and-deploy	Build and Push Backend	2026-02-19T20:02:26.3002941Z     "invocation": {
build-and-deploy	Build and Push Backend	2026-02-19T20:02:26.3003300Z       "configSource": {
build-and-deploy	Build and Push Backend	2026-02-19T20:02:26.3003682Z         "entryPoint": "Dockerfile"
build-and-deploy	Build and Push Backend	2026-02-19T20:02:26.3004352Z       },
build-and-deploy	Build and Push Backend	2026-02-19T20:02:26.3004699Z       "parameters": {
build-and-deploy	Build and Push Backend	2026-02-19T20:02:26.3005110Z         "frontend": "dockerfile.v0",
build-and-deploy	Build and Push Backend	2026-02-19T20:02:26.3005551Z         "locals": [
build-and-deploy	Build and Push Backend	2026-02-19T20:02:26.3005884Z           {
build-and-deploy	Build and Push Backend	2026-02-19T20:02:26.3006206Z             "name": "context"
build-and-deploy	Build and Push Backend	2026-02-19T20:02:26.3006594Z           },
build-and-deploy	Build and Push Backend	2026-02-19T20:02:26.3007138Z           {
build-and-deploy	Build and Push Backend	2026-02-19T20:02:26.3007454Z             "name": "dockerfile"
build-and-deploy	Build and Push Backend	2026-02-19T20:02:26.3007848Z           }
build-and-deploy	Build and Push Backend	2026-02-19T20:02:26.3008146Z         ]
build-and-deploy	Build and Push Backend	2026-02-19T20:02:26.3008438Z       },
build-and-deploy	Build and Push Backend	2026-02-19T20:02:26.3008747Z       "environment": {
build-and-deploy	Build and Push Backend	2026-02-19T20:02:26.3009117Z         "platform": "linux/amd64"
build-and-deploy	Build and Push Backend	2026-02-19T20:02:26.3009522Z       }
build-and-deploy	Build and Push Backend	2026-02-19T20:02:26.3009825Z     }
build-and-deploy	Build and Push Backend	2026-02-19T20:02:26.3010138Z   },
build-and-deploy	Build and Push Backend	2026-02-19T20:02:26.3010597Z   "buildx.build.ref": "default/default/4okgqlxa29vl2auqbtt9aipdt",
build-and-deploy	Build and Push Backend	2026-02-19T20:02:26.3011612Z   "containerimage.config.digest": "sha256:e0778618a862bbd7ad2804dc8406fe0be343e655418715fb3ce0e1fb087639a6",
build-and-deploy	Build and Push Backend	2026-02-19T20:02:26.3012796Z   "containerimage.digest": "sha256:68a42bfd1a989c18ff1c010f081312494f46763eecd05fd018481f323d98da99",
build-and-deploy	Build and Push Backend	2026-02-19T20:02:26.3013863Z   "image.name": "docker.io/***/upgrade-backend:latest"
build-and-deploy	Build and Push Backend	2026-02-19T20:02:26.3015268Z }
build-and-deploy	Build and Push Backend	2026-02-19T20:02:26.3015869Z ##[endgroup]
build-and-deploy	Build and Push Frontend	﻿2026-02-19T20:02:26.3133899Z ##[group]Run docker/build-push-action@v5
build-and-deploy	Build and Push Frontend	2026-02-19T20:02:26.3134558Z with:
build-and-deploy	Build and Push Frontend	2026-02-19T20:02:26.3134765Z   context: ./client
build-and-deploy	Build and Push Frontend	2026-02-19T20:02:26.3135000Z   file: client/Dockerfile
build-and-deploy	Build and Push Frontend	2026-02-19T20:02:26.3135232Z   push: true
build-and-deploy	Build and Push Frontend	2026-02-19T20:02:26.3135498Z   tags: ***/upgrade-frontend:latest
build-and-deploy	Build and Push Frontend	2026-02-19T20:02:26.3135764Z   load: false
build-and-deploy	Build and Push Frontend	2026-02-19T20:02:26.3135966Z   no-cache: false
build-and-deploy	Build and Push Frontend	2026-02-19T20:02:26.3136175Z   pull: false
build-and-deploy	Build and Push Frontend	2026-02-19T20:02:26.3136509Z   github-token: ***
build-and-deploy	Build and Push Frontend	2026-02-19T20:02:26.3136732Z ##[endgroup]
build-and-deploy	Build and Push Frontend	2026-02-19T20:02:26.5427635Z ##[group]GitHub Actions runtime token ACs
build-and-deploy	Build and Push Frontend	2026-02-19T20:02:26.5439335Z refs/heads/main: read/write
build-and-deploy	Build and Push Frontend	2026-02-19T20:02:26.5440874Z ##[endgroup]
build-and-deploy	Build and Push Frontend	2026-02-19T20:02:26.5441910Z ##[group]Docker info
build-and-deploy	Build and Push Frontend	2026-02-19T20:02:26.5489115Z [command]/usr/bin/docker version
build-and-deploy	Build and Push Frontend	2026-02-19T20:02:26.5701044Z Client: Docker Engine - Community
build-and-deploy	Build and Push Frontend	2026-02-19T20:02:26.5702240Z  Version:           28.0.4
build-and-deploy	Build and Push Frontend	2026-02-19T20:02:26.5702510Z  API version:       1.48
build-and-deploy	Build and Push Frontend	2026-02-19T20:02:26.5702769Z  Go version:        go1.23.7
build-and-deploy	Build and Push Frontend	2026-02-19T20:02:26.5703101Z  Git commit:        b8034c0
build-and-deploy	Build and Push Frontend	2026-02-19T20:02:26.5703365Z  Built:             Tue Mar 25 15:07:16 2025
build-and-deploy	Build and Push Frontend	2026-02-19T20:02:26.5703659Z  OS/Arch:           linux/amd64
build-and-deploy	Build and Push Frontend	2026-02-19T20:02:26.5703909Z  Context:           default
build-and-deploy	Build and Push Frontend	2026-02-19T20:02:26.5704060Z 
build-and-deploy	Build and Push Frontend	2026-02-19T20:02:26.5704534Z Server: Docker Engine - Community
build-and-deploy	Build and Push Frontend	2026-02-19T20:02:26.5704987Z  Engine:
build-and-deploy	Build and Push Frontend	2026-02-19T20:02:26.5705308Z   Version:          28.0.4
build-and-deploy	Build and Push Frontend	2026-02-19T20:02:26.5705728Z   API version:      1.48 (minimum version 1.24)
build-and-deploy	Build and Push Frontend	2026-02-19T20:02:26.5706038Z   Go version:       go1.23.7
build-and-deploy	Build and Push Frontend	2026-02-19T20:02:26.5706281Z   Git commit:       6430e49
build-and-deploy	Build and Push Frontend	2026-02-19T20:02:26.5706547Z   Built:            Tue Mar 25 15:07:16 2025
build-and-deploy	Build and Push Frontend	2026-02-19T20:02:26.5706825Z   OS/Arch:          linux/amd64
build-and-deploy	Build and Push Frontend	2026-02-19T20:02:26.5707144Z   Experimental:     false
build-and-deploy	Build and Push Frontend	2026-02-19T20:02:26.5707562Z  containerd:
build-and-deploy	Build and Push Frontend	2026-02-19T20:02:26.5707805Z   Version:          v2.2.1
build-and-deploy	Build and Push Frontend	2026-02-19T20:02:26.5708116Z   GitCommit:        dea7da592f5d1d2b7755e3a161be07f43fad8f75
build-and-deploy	Build and Push Frontend	2026-02-19T20:02:26.5708449Z  runc:
build-and-deploy	Build and Push Frontend	2026-02-19T20:02:26.5708640Z   Version:          1.3.4
build-and-deploy	Build and Push Frontend	2026-02-19T20:02:26.5708885Z   GitCommit:        v1.3.4-0-gd6d73eb8
build-and-deploy	Build and Push Frontend	2026-02-19T20:02:26.5709160Z  docker-init:
build-and-deploy	Build and Push Frontend	2026-02-19T20:02:26.5709369Z   Version:          0.19.0
build-and-deploy	Build and Push Frontend	2026-02-19T20:02:26.5709610Z   GitCommit:        de40ad0
build-and-deploy	Build and Push Frontend	2026-02-19T20:02:26.5746040Z [command]/usr/bin/docker info
build-and-deploy	Build and Push Frontend	2026-02-19T20:02:26.6266842Z Client: Docker Engine - Community
build-and-deploy	Build and Push Frontend	2026-02-19T20:02:26.6267913Z  Version:    28.0.4
build-and-deploy	Build and Push Frontend	2026-02-19T20:02:26.6268287Z  Context:    default
build-and-deploy	Build and Push Frontend	2026-02-19T20:02:26.6268663Z  Debug Mode: false
build-and-deploy	Build and Push Frontend	2026-02-19T20:02:26.6269019Z  Plugins:
build-and-deploy	Build and Push Frontend	2026-02-19T20:02:26.6269370Z   buildx: Docker Buildx (Docker Inc.)
build-and-deploy	Build and Push Frontend	2026-02-19T20:02:26.6269826Z     Version:  v0.31.1
build-and-deploy	Build and Push Frontend	2026-02-19T20:02:26.6270290Z     Path:     /usr/libexec/docker/cli-plugins/docker-buildx
build-and-deploy	Build and Push Frontend	2026-02-19T20:02:26.6270845Z   compose: Docker Compose (Docker Inc.)
build-and-deploy	Build and Push Frontend	2026-02-19T20:02:26.6271278Z     Version:  v2.38.2
build-and-deploy	Build and Push Frontend	2026-02-19T20:02:26.6271726Z     Path:     /usr/libexec/docker/cli-plugins/docker-compose
build-and-deploy	Build and Push Frontend	2026-02-19T20:02:26.6272124Z 
build-and-deploy	Build and Push Frontend	2026-02-19T20:02:26.6272249Z Server:
build-and-deploy	Build and Push Frontend	2026-02-19T20:02:26.6272539Z  Containers: 0
build-and-deploy	Build and Push Frontend	2026-02-19T20:02:26.6272858Z   Running: 0
build-and-deploy	Build and Push Frontend	2026-02-19T20:02:26.6273167Z   Paused: 0
build-and-deploy	Build and Push Frontend	2026-02-19T20:02:26.6273460Z   Stopped: 0
build-and-deploy	Build and Push Frontend	2026-02-19T20:02:26.6273752Z  Images: 3
build-and-deploy	Build and Push Frontend	2026-02-19T20:02:26.6274059Z  Server Version: 28.0.4
build-and-deploy	Build and Push Frontend	2026-02-19T20:02:26.6274670Z  Storage Driver: overlay2
build-and-deploy	Build and Push Frontend	2026-02-19T20:02:26.6275070Z   Backing Filesystem: extfs
build-and-deploy	Build and Push Frontend	2026-02-19T20:02:26.6275471Z   Supports d_type: true
build-and-deploy	Build and Push Frontend	2026-02-19T20:02:26.6275839Z   Using metacopy: false
build-and-deploy	Build and Push Frontend	2026-02-19T20:02:26.6276199Z   Native Overlay Diff: false
build-and-deploy	Build and Push Frontend	2026-02-19T20:02:26.6276589Z   userxattr: false
build-and-deploy	Build and Push Frontend	2026-02-19T20:02:26.6276933Z  Logging Driver: json-file
build-and-deploy	Build and Push Frontend	2026-02-19T20:02:26.6277314Z  Cgroup Driver: systemd
build-and-deploy	Build and Push Frontend	2026-02-19T20:02:26.6277663Z  Cgroup Version: 2
build-and-deploy	Build and Push Frontend	2026-02-19T20:02:26.6277995Z  Plugins:
build-and-deploy	Build and Push Frontend	2026-02-19T20:02:26.6278325Z   Volume: local
build-and-deploy	Build and Push Frontend	2026-02-19T20:02:26.6278722Z   Network: bridge host ipvlan macvlan null overlay
build-and-deploy	Build and Push Frontend	2026-02-19T20:02:26.6279400Z   Log: awslogs fluentd gcplogs gelf journald json-file local splunk syslog
build-and-deploy	Build and Push Frontend	2026-02-19T20:02:26.6280309Z  Swarm: inactive
build-and-deploy	Build and Push Frontend	2026-02-19T20:02:26.6280674Z  Runtimes: io.containerd.runc.v2 runc
build-and-deploy	Build and Push Frontend	2026-02-19T20:02:26.6281126Z  Default Runtime: runc
build-and-deploy	Build and Push Frontend	2026-02-19T20:02:26.6281501Z  Init Binary: docker-init
build-and-deploy	Build and Push Frontend	2026-02-19T20:02:26.6282010Z  containerd version: dea7da592f5d1d2b7755e3a161be07f43fad8f75
build-and-deploy	Build and Push Frontend	2026-02-19T20:02:26.6282573Z  runc version: v1.3.4-0-gd6d73eb8
build-and-deploy	Build and Push Frontend	2026-02-19T20:02:26.6282972Z  init version: de40ad0
build-and-deploy	Build and Push Frontend	2026-02-19T20:02:26.6283342Z  Security Options:
build-and-deploy	Build and Push Frontend	2026-02-19T20:02:26.6283680Z   apparmor
build-and-deploy	Build and Push Frontend	2026-02-19T20:02:26.6283983Z   seccomp
build-and-deploy	Build and Push Frontend	2026-02-19T20:02:26.6284457Z    Profile: builtin
build-and-deploy	Build and Push Frontend	2026-02-19T20:02:26.6284792Z   cgroupns
build-and-deploy	Build and Push Frontend	2026-02-19T20:02:26.6285101Z  Kernel Version: 6.11.0-1018-azure
build-and-deploy	Build and Push Frontend	2026-02-19T20:02:26.6285559Z  Operating System: Ubuntu 24.04.3 LTS
build-and-deploy	Build and Push Frontend	2026-02-19T20:02:26.6285991Z  OSType: linux
build-and-deploy	Build and Push Frontend	2026-02-19T20:02:26.6286315Z  Architecture: x86_64
build-and-deploy	Build and Push Frontend	2026-02-19T20:02:26.6286673Z  CPUs: 4
build-and-deploy	Build and Push Frontend	2026-02-19T20:02:26.6286983Z  Total Memory: 15.62GiB
build-and-deploy	Build and Push Frontend	2026-02-19T20:02:26.6287370Z  Name: runnervmwffz4
build-and-deploy	Build and Push Frontend	2026-02-19T20:02:26.6287730Z  ID: 073c65d4-c458-42c9-935a-939d0489da0a
build-and-deploy	Build and Push Frontend	2026-02-19T20:02:26.6288205Z  Docker Root Dir: /var/lib/docker
build-and-deploy	Build and Push Frontend	2026-02-19T20:02:26.6288622Z  Debug Mode: false
build-and-deploy	Build and Push Frontend	2026-02-19T20:02:26.6288980Z  Username: ***
build-and-deploy	Build and Push Frontend	2026-02-19T20:02:26.6289314Z  Experimental: false
build-and-deploy	Build and Push Frontend	2026-02-19T20:02:26.6289599Z  Insecure Registries:
build-and-deploy	Build and Push Frontend	2026-02-19T20:02:26.6289852Z   ::1/128
build-and-deploy	Build and Push Frontend	2026-02-19T20:02:26.6290054Z   127.0.0.0/8
build-and-deploy	Build and Push Frontend	2026-02-19T20:02:26.6290266Z  Live Restore Enabled: false
build-and-deploy	Build and Push Frontend	2026-02-19T20:02:26.6290437Z 
build-and-deploy	Build and Push Frontend	2026-02-19T20:02:26.6292751Z ##[endgroup]
build-and-deploy	Build and Push Frontend	2026-02-19T20:02:26.6293174Z ##[group]Proxy configuration
build-and-deploy	Build and Push Frontend	2026-02-19T20:02:26.6297439Z No proxy configuration found
build-and-deploy	Build and Push Frontend	2026-02-19T20:02:26.6298415Z ##[endgroup]
build-and-deploy	Build and Push Frontend	2026-02-19T20:02:26.6995551Z ##[group]Buildx version
build-and-deploy	Build and Push Frontend	2026-02-19T20:02:26.7037887Z [command]/usr/bin/docker buildx version
build-and-deploy	Build and Push Frontend	2026-02-19T20:02:26.7678233Z github.com/docker/buildx v0.31.1 a2675950d46b2cb171b23c2015ca44fb88607531
build-and-deploy	Build and Push Frontend	2026-02-19T20:02:26.7723886Z ##[endgroup]
build-and-deploy	Build and Push Frontend	2026-02-19T20:02:26.7724901Z ##[group]Builder info
build-and-deploy	Build and Push Frontend	2026-02-19T20:02:26.8712947Z {
build-and-deploy	Build and Push Frontend	2026-02-19T20:02:26.8713376Z   "nodes": [
build-and-deploy	Build and Push Frontend	2026-02-19T20:02:26.8713653Z     {
build-and-deploy	Build and Push Frontend	2026-02-19T20:02:26.8713869Z       "name": "default",
build-and-deploy	Build and Push Frontend	2026-02-19T20:02:26.8714384Z       "endpoint": "default",
build-and-deploy	Build and Push Frontend	2026-02-19T20:02:26.8714778Z       "status": "running",
build-and-deploy	Build and Push Frontend	2026-02-19T20:02:26.8715031Z       "buildkit": "v0.20.2",
build-and-deploy	Build and Push Frontend	2026-02-19T20:02:26.8715385Z       "platforms": "linux/amd64,linux/amd64/v2,linux/amd64/v3,linux/386",
build-and-deploy	Build and Push Frontend	2026-02-19T20:02:26.8716084Z       "features": {
build-and-deploy	Build and Push Frontend	2026-02-19T20:02:26.8716419Z         "Automatically load images to the Docker Engine image store": true,
build-and-deploy	Build and Push Frontend	2026-02-19T20:02:26.8716806Z         "Cache export": true,
build-and-deploy	Build and Push Frontend	2026-02-19T20:02:26.8717062Z         "Direct push": true,
build-and-deploy	Build and Push Frontend	2026-02-19T20:02:26.8717311Z         "Docker exporter": true,
build-and-deploy	Build and Push Frontend	2026-02-19T20:02:26.8717573Z         "Multi-platform build": true,
build-and-deploy	Build and Push Frontend	2026-02-19T20:02:26.8727970Z         "OCI exporter": true
build-and-deploy	Build and Push Frontend	2026-02-19T20:02:26.8728318Z       },
build-and-deploy	Build and Push Frontend	2026-02-19T20:02:26.8728628Z       "labels": {
build-and-deploy	Build and Push Frontend	2026-02-19T20:02:26.8729057Z         "org.mobyproject.buildkit.worker.moby.host-gateway-ip": "172.17.0.1"
build-and-deploy	Build and Push Frontend	2026-02-19T20:02:26.8729457Z       }
build-and-deploy	Build and Push Frontend	2026-02-19T20:02:26.8729637Z     }
build-and-deploy	Build and Push Frontend	2026-02-19T20:02:26.8729815Z   ],
build-and-deploy	Build and Push Frontend	2026-02-19T20:02:26.8729997Z   "name": "default",
build-and-deploy	Build and Push Frontend	2026-02-19T20:02:26.8730223Z   "driver": "docker",
build-and-deploy	Build and Push Frontend	2026-02-19T20:02:26.8730467Z   "lastActivity": "2026-02-19T20:00:48.000Z"
build-and-deploy	Build and Push Frontend	2026-02-19T20:02:26.8730736Z }
build-and-deploy	Build and Push Frontend	2026-02-19T20:02:26.8731177Z ##[endgroup]
build-and-deploy	Build and Push Frontend	2026-02-19T20:02:27.0304036Z [command]/usr/bin/docker buildx build --file client/Dockerfile --iidfile /home/runner/work/_temp/docker-actions-toolkit-56UdZi/build-iidfile-4ed1907f30.txt --tag ***/upgrade-frontend:latest --metadata-file /home/runner/work/_temp/docker-actions-toolkit-56UdZi/build-metadata-a5ed6c8418.json --push ./client
build-and-deploy	Build and Push Frontend	2026-02-19T20:02:27.1257956Z #0 building with "default" instance using docker driver
build-and-deploy	Build and Push Frontend	2026-02-19T20:02:27.1258470Z 
build-and-deploy	Build and Push Frontend	2026-02-19T20:02:27.1258740Z #1 [internal] load build definition from Dockerfile
build-and-deploy	Build and Push Frontend	2026-02-19T20:02:27.2598519Z #1 transferring dockerfile: 342B done
build-and-deploy	Build and Push Frontend	2026-02-19T20:02:27.2599461Z #1 DONE 0.0s
build-and-deploy	Build and Push Frontend	2026-02-19T20:02:27.2599684Z 
build-and-deploy	Build and Push Frontend	2026-02-19T20:02:27.2599984Z #2 [auth] library/nginx:pull token for registry-1.docker.io
build-and-deploy	Build and Push Frontend	2026-02-19T20:02:27.4101043Z #2 DONE 0.0s
build-and-deploy	Build and Push Frontend	2026-02-19T20:02:27.4101289Z 
build-and-deploy	Build and Push Frontend	2026-02-19T20:02:27.4101508Z #3 [internal] load metadata for docker.io/library/node:18-alpine
build-and-deploy	Build and Push Frontend	2026-02-19T20:02:27.6883652Z #3 DONE 0.6s
build-and-deploy	Build and Push Frontend	2026-02-19T20:02:27.6883965Z 
build-and-deploy	Build and Push Frontend	2026-02-19T20:02:27.6884424Z #4 [internal] load metadata for docker.io/library/nginx:alpine
build-and-deploy	Build and Push Frontend	2026-02-19T20:02:27.9386457Z #4 DONE 0.8s
build-and-deploy	Build and Push Frontend	2026-02-19T20:02:28.0615417Z 
build-and-deploy	Build and Push Frontend	2026-02-19T20:02:28.0615972Z #5 [internal] load .dockerignore
build-and-deploy	Build and Push Frontend	2026-02-19T20:02:28.0616603Z #5 transferring context: 2B done
build-and-deploy	Build and Push Frontend	2026-02-19T20:02:28.0617135Z #5 DONE 0.0s
build-and-deploy	Build and Push Frontend	2026-02-19T20:02:28.0617364Z 
build-and-deploy	Build and Push Frontend	2026-02-19T20:02:28.0617509Z #6 [internal] load build context
build-and-deploy	Build and Push Frontend	2026-02-19T20:02:28.0617855Z #6 transferring context: 258.81kB done
build-and-deploy	Build and Push Frontend	2026-02-19T20:02:28.0618202Z #6 DONE 0.0s
build-and-deploy	Build and Push Frontend	2026-02-19T20:02:28.0618349Z 
build-and-deploy	Build and Push Frontend	2026-02-19T20:02:28.0618846Z #7 [build 1/6] FROM docker.io/library/node:18-alpine@sha256:8d6421d663b4c28fd3ebc498332f249011d118945588d0a35cb9bc4b8ca09d9e
build-and-deploy	Build and Push Frontend	2026-02-19T20:02:28.0619958Z #7 resolve docker.io/library/node:18-alpine@sha256:8d6421d663b4c28fd3ebc498332f249011d118945588d0a35cb9bc4b8ca09d9e done
build-and-deploy	Build and Push Frontend	2026-02-19T20:02:28.0620903Z #7 sha256:8d6421d663b4c28fd3ebc498332f249011d118945588d0a35cb9bc4b8ca09d9e 7.67kB / 7.67kB done
build-and-deploy	Build and Push Frontend	2026-02-19T20:02:28.0621739Z #7 sha256:929b04d7c782f04f615cf785488fed452b6569f87c73ff666ad553a7554f0006 1.72kB / 1.72kB done
build-and-deploy	Build and Push Frontend	2026-02-19T20:02:28.0622576Z #7 sha256:ee77c6cd7c1886ecc802ad6cedef3a8ec1ea27d1fb96162bf03dd3710839b8da 6.18kB / 6.18kB done
build-and-deploy	Build and Push Frontend	2026-02-19T20:02:28.0623470Z #7 sha256:f18232174bc91741fdf3da96d85011092101a032a93a388b79e99e69c2d5c870 0B / 3.64MB 0.1s
build-and-deploy	Build and Push Frontend	2026-02-19T20:02:28.0625007Z #7 sha256:dd71dde834b5c203d162902e6b8994cb2309ae049a0eabc4efea161b2b5a3d0e 0B / 40.01MB 0.1s
build-and-deploy	Build and Push Frontend	2026-02-19T20:02:28.0626237Z #7 sha256:1e5a4c89cee5c0826c540ab06d4b6b491c96eda01837f430bd47f0d26702d6e3 0B / 1.26MB 0.1s
build-and-deploy	Build and Push Frontend	2026-02-19T20:02:28.1693857Z #7 sha256:f18232174bc91741fdf3da96d85011092101a032a93a388b79e99e69c2d5c870 2.10MB / 3.64MB 0.2s
build-and-deploy	Build and Push Frontend	2026-02-19T20:02:28.1695500Z #7 extracting sha256:f18232174bc91741fdf3da96d85011092101a032a93a388b79e99e69c2d5c870
build-and-deploy	Build and Push Frontend	2026-02-19T20:02:28.3620077Z #7 sha256:f18232174bc91741fdf3da96d85011092101a032a93a388b79e99e69c2d5c870 3.64MB / 3.64MB 0.2s done
build-and-deploy	Build and Push Frontend	2026-02-19T20:02:28.3621039Z #7 sha256:dd71dde834b5c203d162902e6b8994cb2309ae049a0eabc4efea161b2b5a3d0e 5.24MB / 40.01MB 0.4s
build-and-deploy	Build and Push Frontend	2026-02-19T20:02:28.3622158Z #7 sha256:1e5a4c89cee5c0826c540ab06d4b6b491c96eda01837f430bd47f0d26702d6e3 1.26MB / 1.26MB 0.3s done
build-and-deploy	Build and Push Frontend	2026-02-19T20:02:28.3622918Z #7 extracting sha256:f18232174bc91741fdf3da96d85011092101a032a93a388b79e99e69c2d5c870 0.1s done
build-and-deploy	Build and Push Frontend	2026-02-19T20:02:28.3623651Z #7 sha256:25ff2da83641908f65c3a74d80409d6b1b62ccfaab220b9ea70b80df5a2e0549 446B / 446B 0.3s done
build-and-deploy	Build and Push Frontend	2026-02-19T20:02:28.4629575Z #7 sha256:dd71dde834b5c203d162902e6b8994cb2309ae049a0eabc4efea161b2b5a3d0e 7.34MB / 40.01MB 0.5s
build-and-deploy	Build and Push Frontend	2026-02-19T20:02:28.6215997Z #7 sha256:dd71dde834b5c203d162902e6b8994cb2309ae049a0eabc4efea161b2b5a3d0e 11.53MB / 40.01MB 0.6s
build-and-deploy	Build and Push Frontend	2026-02-19T20:02:28.7609847Z #7 sha256:dd71dde834b5c203d162902e6b8994cb2309ae049a0eabc4efea161b2b5a3d0e 14.68MB / 40.01MB 0.8s
build-and-deploy	Build and Push Frontend	2026-02-19T20:02:28.9630417Z #7 sha256:dd71dde834b5c203d162902e6b8994cb2309ae049a0eabc4efea161b2b5a3d0e 18.87MB / 40.01MB 1.0s
build-and-deploy	Build and Push Frontend	2026-02-19T20:02:29.1609014Z #7 sha256:dd71dde834b5c203d162902e6b8994cb2309ae049a0eabc4efea161b2b5a3d0e 23.07MB / 40.01MB 1.2s
build-and-deploy	Build and Push Frontend	2026-02-19T20:02:29.2620500Z #7 sha256:dd71dde834b5c203d162902e6b8994cb2309ae049a0eabc4efea161b2b5a3d0e 26.21MB / 40.01MB 1.3s
build-and-deploy	Build and Push Frontend	2026-02-19T20:02:29.5673700Z #7 sha256:dd71dde834b5c203d162902e6b8994cb2309ae049a0eabc4efea161b2b5a3d0e 28.31MB / 40.01MB 1.6s
build-and-deploy	Build and Push Frontend	2026-02-19T20:02:29.8052032Z #7 sha256:dd71dde834b5c203d162902e6b8994cb2309ae049a0eabc4efea161b2b5a3d0e 30.41MB / 40.01MB 1.8s
build-and-deploy	Build and Push Frontend	2026-02-19T20:02:29.9607206Z #7 ...
build-and-deploy	Build and Push Frontend	2026-02-19T20:02:29.9607574Z 
build-and-deploy	Build and Push Frontend	2026-02-19T20:02:29.9608448Z #8 [stage-1 1/3] FROM docker.io/library/nginx:alpine@sha256:1d13701a5f9f3fb01aaa88cef2344d65b6b5bf6b7d9fa4cf0dca557a8d7702ba
build-and-deploy	Build and Push Frontend	2026-02-19T20:02:29.9610762Z #8 resolve docker.io/library/nginx:alpine@sha256:1d13701a5f9f3fb01aaa88cef2344d65b6b5bf6b7d9fa4cf0dca557a8d7702ba 0.0s done
build-and-deploy	Build and Push Frontend	2026-02-19T20:02:29.9611951Z #8 sha256:1d13701a5f9f3fb01aaa88cef2344d65b6b5bf6b7d9fa4cf0dca557a8d7702ba 10.33kB / 10.33kB done
build-and-deploy	Build and Push Frontend	2026-02-19T20:02:29.9612677Z #8 sha256:c032460d1fd73978317479ba23c37bcb57d93156cab122eb3c54b8e4bdc292fa 2.50kB / 2.50kB done
build-and-deploy	Build and Push Frontend	2026-02-19T20:02:29.9613379Z #8 sha256:b76de378d57272a1dd9091a05dd548a3639dfb792ebdbf95d06704d2950afdea 11.65kB / 11.65kB done
build-and-deploy	Build and Push Frontend	2026-02-19T20:02:29.9614344Z #8 sha256:589002ba0eaed121a1dbf42f6648f29e5be55d5c8a6ee0f8eaa0285cc21ac153 3.86MB / 3.86MB 0.6s done
build-and-deploy	Build and Push Frontend	2026-02-19T20:02:29.9615103Z #8 sha256:bca5d04786e112d958f100a66f8257b2aeefc14b64d81e405c3c44acff2fb000 1.86MB / 1.86MB 0.6s done
build-and-deploy	Build and Push Frontend	2026-02-19T20:02:29.9615912Z #8 extracting sha256:589002ba0eaed121a1dbf42f6648f29e5be55d5c8a6ee0f8eaa0285cc21ac153 0.1s done
build-and-deploy	Build and Push Frontend	2026-02-19T20:02:29.9616606Z #8 sha256:3e2c181db1b0985ce357c7aaf48ac615f30f392cd15d5c5ba34c4faa1f4f39a2 626B / 626B 0.7s done
build-and-deploy	Build and Push Frontend	2026-02-19T20:02:29.9617303Z #8 extracting sha256:bca5d04786e112d958f100a66f8257b2aeefc14b64d81e405c3c44acff2fb000 0.0s done
build-and-deploy	Build and Push Frontend	2026-02-19T20:02:29.9617982Z #8 sha256:6b7b6c7061b76cdb8601e18722d12ae3232f0ddcfa1d2983754abcc6ce0a8a83 954B / 954B 0.8s done
build-and-deploy	Build and Push Frontend	2026-02-19T20:02:29.9618641Z #8 sha256:399d0898a94e0084f81499a3e3c29824357118c7ce551648ea1dbab813884661 404B / 404B 0.9s done
build-and-deploy	Build and Push Frontend	2026-02-19T20:02:29.9619298Z #8 extracting sha256:3e2c181db1b0985ce357c7aaf48ac615f30f392cd15d5c5ba34c4faa1f4f39a2 done
build-and-deploy	Build and Push Frontend	2026-02-19T20:02:29.9619943Z #8 extracting sha256:6b7b6c7061b76cdb8601e18722d12ae3232f0ddcfa1d2983754abcc6ce0a8a83 done
build-and-deploy	Build and Push Frontend	2026-02-19T20:02:29.9620566Z #8 extracting sha256:399d0898a94e0084f81499a3e3c29824357118c7ce551648ea1dbab813884661 done
build-and-deploy	Build and Push Frontend	2026-02-19T20:02:29.9621222Z #8 sha256:6d397a54a185dd0b6638d1a3934b81daef7a140741e12697377d6279066f7ca7 1.40kB / 1.40kB 1.1s done
build-and-deploy	Build and Push Frontend	2026-02-19T20:02:29.9622083Z #8 sha256:955a8478f9aceb66cbf2f579fa3c24e1af278d1fa3ffd3043d6260e21d2f7416 1.21kB / 1.21kB 0.9s done
build-and-deploy	Build and Push Frontend	2026-02-19T20:02:29.9622906Z #8 extracting sha256:955a8478f9aceb66cbf2f579fa3c24e1af278d1fa3ffd3043d6260e21d2f7416 done
build-and-deploy	Build and Push Frontend	2026-02-19T20:02:29.9623982Z #8 sha256:5e7756927bef33a266e1221356d5da8553139cb80bc5b1b3827010811d9ea268 20.24MB / 20.24MB 1.5s done
build-and-deploy	Build and Push Frontend	2026-02-19T20:02:29.9624904Z #8 extracting sha256:6d397a54a185dd0b6638d1a3934b81daef7a140741e12697377d6279066f7ca7 done
build-and-deploy	Build and Push Frontend	2026-02-19T20:02:29.9625751Z #8 extracting sha256:5e7756927bef33a266e1221356d5da8553139cb80bc5b1b3827010811d9ea268 0.3s done
build-and-deploy	Build and Push Frontend	2026-02-19T20:02:29.9626444Z #8 DONE 2.0s
build-and-deploy	Build and Push Frontend	2026-02-19T20:02:29.9626574Z 
build-and-deploy	Build and Push Frontend	2026-02-19T20:02:29.9626948Z #7 [build 1/6] FROM docker.io/library/node:18-alpine@sha256:8d6421d663b4c28fd3ebc498332f249011d118945588d0a35cb9bc4b8ca09d9e
build-and-deploy	Build and Push Frontend	2026-02-19T20:02:29.9627703Z #7 sha256:dd71dde834b5c203d162902e6b8994cb2309ae049a0eabc4efea161b2b5a3d0e 32.51MB / 40.01MB 2.0s
build-and-deploy	Build and Push Frontend	2026-02-19T20:02:30.0610847Z #7 sha256:dd71dde834b5c203d162902e6b8994cb2309ae049a0eabc4efea161b2b5a3d0e 34.60MB / 40.01MB 2.1s
build-and-deploy	Build and Push Frontend	2026-02-19T20:02:30.3613616Z #7 sha256:dd71dde834b5c203d162902e6b8994cb2309ae049a0eabc4efea161b2b5a3d0e 38.80MB / 40.01MB 2.4s
build-and-deploy	Build and Push Frontend	2026-02-19T20:02:30.4735232Z #7 sha256:dd71dde834b5c203d162902e6b8994cb2309ae049a0eabc4efea161b2b5a3d0e 40.01MB / 40.01MB 2.5s done
build-and-deploy	Build and Push Frontend	2026-02-19T20:02:30.4736488Z #7 extracting sha256:dd71dde834b5c203d162902e6b8994cb2309ae049a0eabc4efea161b2b5a3d0e
build-and-deploy	Build and Push Frontend	2026-02-19T20:02:31.5053680Z #7 extracting sha256:dd71dde834b5c203d162902e6b8994cb2309ae049a0eabc4efea161b2b5a3d0e 1.0s done
build-and-deploy	Build and Push Frontend	2026-02-19T20:02:31.6288382Z #7 extracting sha256:1e5a4c89cee5c0826c540ab06d4b6b491c96eda01837f430bd47f0d26702d6e3
build-and-deploy	Build and Push Frontend	2026-02-19T20:02:31.8576756Z #7 extracting sha256:1e5a4c89cee5c0826c540ab06d4b6b491c96eda01837f430bd47f0d26702d6e3 0.0s done
build-and-deploy	Build and Push Frontend	2026-02-19T20:02:31.8578008Z #7 extracting sha256:25ff2da83641908f65c3a74d80409d6b1b62ccfaab220b9ea70b80df5a2e0549 done
build-and-deploy	Build and Push Frontend	2026-02-19T20:02:31.8578837Z #7 DONE 3.7s
build-and-deploy	Build and Push Frontend	2026-02-19T20:02:31.8579057Z 
build-and-deploy	Build and Push Frontend	2026-02-19T20:02:31.8579237Z #9 [build 2/6] WORKDIR /app
build-and-deploy	Build and Push Frontend	2026-02-19T20:02:31.8579687Z #9 DONE 0.0s
build-and-deploy	Build and Push Frontend	2026-02-19T20:02:31.8580563Z 
build-and-deploy	Build and Push Frontend	2026-02-19T20:02:31.8580785Z #10 [build 3/6] COPY package*.json ./
build-and-deploy	Build and Push Frontend	2026-02-19T20:02:31.8581287Z #10 DONE 0.0s
build-and-deploy	Build and Push Frontend	2026-02-19T20:02:31.8581517Z 
build-and-deploy	Build and Push Frontend	2026-02-19T20:02:31.8581687Z #11 [build 4/6] RUN npm ci
build-and-deploy	Build and Push Frontend	2026-02-19T20:02:32.5625831Z #11 0.855 npm warn EBADENGINE Unsupported engine {
build-and-deploy	Build and Push Frontend	2026-02-19T20:02:32.5626584Z #11 0.855 npm warn EBADENGINE   package: '@vitejs/plugin-react@5.1.4',
build-and-deploy	Build and Push Frontend	2026-02-19T20:02:32.5627123Z #11 0.855 npm warn EBADENGINE   required: { node: '^20.19.0 || >=22.12.0' },
build-and-deploy	Build and Push Frontend	2026-02-19T20:02:32.5627627Z #11 0.855 npm warn EBADENGINE   current: { node: 'v18.20.8', npm: '10.8.2' }
build-and-deploy	Build and Push Frontend	2026-02-19T20:02:32.5628011Z #11 0.855 npm warn EBADENGINE }
build-and-deploy	Build and Push Frontend	2026-02-19T20:02:32.7164846Z #11 0.858 npm warn EBADENGINE Unsupported engine {
build-and-deploy	Build and Push Frontend	2026-02-19T20:02:32.7166159Z #11 0.858 npm warn EBADENGINE   package: 'react-router@7.13.0',
build-and-deploy	Build and Push Frontend	2026-02-19T20:02:32.7166931Z #11 0.858 npm warn EBADENGINE   required: { node: '>=20.0.0' },
build-and-deploy	Build and Push Frontend	2026-02-19T20:02:32.7167732Z #11 0.858 npm warn EBADENGINE   current: { node: 'v18.20.8', npm: '10.8.2' }
build-and-deploy	Build and Push Frontend	2026-02-19T20:02:32.7168458Z #11 0.858 npm warn EBADENGINE }
build-and-deploy	Build and Push Frontend	2026-02-19T20:02:32.7169004Z #11 0.858 npm warn EBADENGINE Unsupported engine {
build-and-deploy	Build and Push Frontend	2026-02-19T20:02:32.7169723Z #11 0.858 npm warn EBADENGINE   package: 'react-router-dom@7.13.0',
build-and-deploy	Build and Push Frontend	2026-02-19T20:02:32.7170470Z #11 0.858 npm warn EBADENGINE   required: { node: '>=20.0.0' },
build-and-deploy	Build and Push Frontend	2026-02-19T20:02:32.7171251Z #11 0.858 npm warn EBADENGINE   current: { node: 'v18.20.8', npm: '10.8.2' }
build-and-deploy	Build and Push Frontend	2026-02-19T20:02:32.7171950Z #11 0.858 npm warn EBADENGINE }
build-and-deploy	Build and Push Frontend	2026-02-19T20:02:32.7172469Z #11 0.859 npm warn EBADENGINE Unsupported engine {
build-and-deploy	Build and Push Frontend	2026-02-19T20:02:32.7173101Z #11 0.859 npm warn EBADENGINE   package: 'vite@7.3.1',
build-and-deploy	Build and Push Frontend	2026-02-19T20:02:32.7173828Z #11 0.859 npm warn EBADENGINE   required: { node: '^20.19.0 || >=22.12.0' },
build-and-deploy	Build and Push Frontend	2026-02-19T20:02:32.7174864Z #11 0.859 npm warn EBADENGINE   current: { node: 'v18.20.8', npm: '10.8.2' }
build-and-deploy	Build and Push Frontend	2026-02-19T20:02:32.7175560Z #11 0.859 npm warn EBADENGINE }
build-and-deploy	Build and Push Frontend	2026-02-19T20:03:25.1350860Z #11 53.43 
build-and-deploy	Build and Push Frontend	2026-02-19T20:03:25.1352223Z #11 53.43 added 340 packages, and audited 341 packages in 53s
build-and-deploy	Build and Push Frontend	2026-02-19T20:03:25.1352849Z #11 53.43 
build-and-deploy	Build and Push Frontend	2026-02-19T20:03:25.2853575Z #11 53.43 53 packages are looking for funding
build-and-deploy	Build and Push Frontend	2026-02-19T20:03:25.2854474Z #11 53.43   run `npm fund` for details
build-and-deploy	Build and Push Frontend	2026-02-19T20:03:25.3724752Z #11 53.67 
build-and-deploy	Build and Push Frontend	2026-02-19T20:03:25.3725298Z #11 53.67 11 vulnerabilities (1 moderate, 10 high)
build-and-deploy	Build and Push Frontend	2026-02-19T20:03:25.3725864Z #11 53.67 
build-and-deploy	Build and Push Frontend	2026-02-19T20:03:25.3726820Z #11 53.67 To address issues that do not require attention, run:
build-and-deploy	Build and Push Frontend	2026-02-19T20:03:25.3727446Z #11 53.67   npm audit fix
build-and-deploy	Build and Push Frontend	2026-02-19T20:03:25.3727842Z #11 53.67 
build-and-deploy	Build and Push Frontend	2026-02-19T20:03:25.3728167Z #11 53.67 To address all issues (including breaking changes), run:
build-and-deploy	Build and Push Frontend	2026-02-19T20:03:25.3728594Z #11 53.67   npm audit fix --force
build-and-deploy	Build and Push Frontend	2026-02-19T20:03:25.3728886Z #11 53.67 
build-and-deploy	Build and Push Frontend	2026-02-19T20:03:25.3729123Z #11 53.67 Run `npm audit` for details.
build-and-deploy	Build and Push Frontend	2026-02-19T20:03:25.5242506Z #11 53.67 npm notice
build-and-deploy	Build and Push Frontend	2026-02-19T20:03:25.5243162Z #11 53.67 npm notice New major version of npm available! 10.8.2 -> 11.10.0
build-and-deploy	Build and Push Frontend	2026-02-19T20:03:25.5244034Z #11 53.67 npm notice Changelog: https://github.com/npm/cli/releases/tag/v11.10.0
build-and-deploy	Build and Push Frontend	2026-02-19T20:03:25.5245024Z #11 53.67 npm notice To update run: npm install -g npm@11.10.0
build-and-deploy	Build and Push Frontend	2026-02-19T20:03:25.5245579Z #11 53.67 npm notice
build-and-deploy	Build and Push Frontend	2026-02-19T20:03:25.9707378Z #11 DONE 54.3s
build-and-deploy	Build and Push Frontend	2026-02-19T20:03:26.1376379Z 
build-and-deploy	Build and Push Frontend	2026-02-19T20:03:26.1376911Z #12 [build 5/6] COPY . .
build-and-deploy	Build and Push Frontend	2026-02-19T20:03:26.1377479Z #12 DONE 0.0s
build-and-deploy	Build and Push Frontend	2026-02-19T20:03:26.1377680Z 
build-and-deploy	Build and Push Frontend	2026-02-19T20:03:26.1377815Z #13 [build 6/6] RUN npm run build
build-and-deploy	Build and Push Frontend	2026-02-19T20:03:26.2574686Z #13 0.270 
build-and-deploy	Build and Push Frontend	2026-02-19T20:03:26.2575151Z #13 0.270 > client@0.0.0 build
build-and-deploy	Build and Push Frontend	2026-02-19T20:03:26.2575647Z #13 0.270 > tsc -b && vite build
build-and-deploy	Build and Push Frontend	2026-02-19T20:03:26.2575953Z #13 0.270 
build-and-deploy	Build and Push Frontend	2026-02-19T20:03:30.5011641Z #13 4.514 You are using Node.js 18.20.8. Vite requires Node.js version 20.19+ or 22.12+. Please upgrade your Node.js version.
build-and-deploy	Build and Push Frontend	2026-02-19T20:03:30.6857779Z #13 4.697 vite v7.3.1 building client environment for production...
build-and-deploy	Build and Push Frontend	2026-02-19T20:03:30.9014542Z #13 4.764 transforming...
build-and-deploy	Build and Push Frontend	2026-02-19T20:03:46.9356320Z #13 20.95 ✓ 9941 modules transformed.
build-and-deploy	Build and Push Frontend	2026-02-19T20:03:48.1458434Z #13 22.16 rendering chunks...
build-and-deploy	Build and Push Frontend	2026-02-19T20:03:48.3836120Z #13 22.19 computing gzip size...
build-and-deploy	Build and Push Frontend	2026-02-19T20:03:48.3837260Z #13 22.24 dist/index.html                     0.45 kB │ gzip:   0.29 kB
build-and-deploy	Build and Push Frontend	2026-02-19T20:03:48.3838266Z #13 22.24 dist/assets/index-CvivjFEo.css      1.19 kB │ gzip:   0.57 kB
build-and-deploy	Build and Push Frontend	2026-02-19T20:03:48.3839235Z #13 22.25 dist/assets/index-DUzuGoEZ.js   1,976.46 kB │ gzip: 630.51 kB
build-and-deploy	Build and Push Frontend	2026-02-19T20:03:48.3839926Z #13 22.25 
build-and-deploy	Build and Push Frontend	2026-02-19T20:03:48.3840455Z #13 22.25 (!) Some chunks are larger than 500 kB after minification. Consider:
build-and-deploy	Build and Push Frontend	2026-02-19T20:03:48.3841373Z #13 22.25 - Using dynamic import() to code-split the application
build-and-deploy	Build and Push Frontend	2026-02-19T20:03:48.3842620Z #13 22.25 - Use build.rollupOptions.output.manualChunks to improve chunking: https://rollupjs.org/configuration-options/#output-manualchunks
build-and-deploy	Build and Push Frontend	2026-02-19T20:03:48.3843997Z #13 22.25 - Adjust chunk size limit for this warning via build.chunkSizeWarningLimit.
build-and-deploy	Build and Push Frontend	2026-02-19T20:03:48.3844999Z #13 22.25 ✓ built in 17.52s
build-and-deploy	Build and Push Frontend	2026-02-19T20:03:48.4715322Z #13 DONE 22.5s
build-and-deploy	Build and Push Frontend	2026-02-19T20:03:49.4491944Z 
build-and-deploy	Build and Push Frontend	2026-02-19T20:03:49.4493264Z #14 [stage-1 2/3] COPY --from=build /app/dist /usr/share/nginx/html
build-and-deploy	Build and Push Frontend	2026-02-19T20:03:49.6236620Z #14 DONE 0.0s
build-and-deploy	Build and Push Frontend	2026-02-19T20:03:49.6236931Z 
build-and-deploy	Build and Push Frontend	2026-02-19T20:03:49.6237187Z #15 [stage-1 3/3] COPY nginx.conf /etc/nginx/conf.d/default.conf
build-and-deploy	Build and Push Frontend	2026-02-19T20:03:49.6237564Z #15 DONE 0.0s
build-and-deploy	Build and Push Frontend	2026-02-19T20:03:49.6237724Z 
build-and-deploy	Build and Push Frontend	2026-02-19T20:03:49.6237821Z #16 exporting to image
build-and-deploy	Build and Push Frontend	2026-02-19T20:03:49.6238059Z #16 exporting layers
build-and-deploy	Build and Push Frontend	2026-02-19T20:03:50.0058984Z #16 exporting layers 0.5s done
build-and-deploy	Build and Push Frontend	2026-02-19T20:03:50.1586429Z #16 writing image sha256:5ac7be277d4075e1bd0ae48c04b469c266f099c1ad30838b8acd4fa774d42083 done
build-and-deploy	Build and Push Frontend	2026-02-19T20:03:50.1587680Z #16 naming to docker.io/***/upgrade-frontend:latest done
build-and-deploy	Build and Push Frontend	2026-02-19T20:03:50.1588232Z #16 DONE 0.5s
build-and-deploy	Build and Push Frontend	2026-02-19T20:03:50.1588437Z 
build-and-deploy	Build and Push Frontend	2026-02-19T20:03:50.1588635Z #17 resolving provenance for metadata file
build-and-deploy	Build and Push Frontend	2026-02-19T20:03:50.1589132Z #17 DONE 0.0s
build-and-deploy	Build and Push Frontend	2026-02-19T20:03:50.1589293Z 
build-and-deploy	Build and Push Frontend	2026-02-19T20:03:50.1589709Z #18 pushing ***/upgrade-frontend:latest with docker
build-and-deploy	Build and Push Frontend	2026-02-19T20:03:50.1590217Z #18 pushing layer 09982e5f23cf
build-and-deploy	Build and Push Frontend	2026-02-19T20:03:50.3091304Z #18 pushing layer e8c1dacdc8f4
build-and-deploy	Build and Push Frontend	2026-02-19T20:03:50.3091895Z #18 pushing layer da3ac26fdf0f
build-and-deploy	Build and Push Frontend	2026-02-19T20:03:50.3092331Z #18 pushing layer 7***3554e63
build-and-deploy	Build and Push Frontend	2026-02-19T20:03:50.3092628Z #18 pushing layer 6c0e59fd138a
build-and-deploy	Build and Push Frontend	2026-02-19T20:03:50.3093326Z #18 pushing layer aa0fc249df10
build-and-deploy	Build and Push Frontend	2026-02-19T20:03:50.3093601Z #18 pushing layer f35bcec50d8c
build-and-deploy	Build and Push Frontend	2026-02-19T20:03:50.3093872Z #18 pushing layer 660f9a93104f
build-and-deploy	Build and Push Frontend	2026-02-19T20:03:50.3094429Z #18 pushing layer 53998a5033c3
build-and-deploy	Build and Push Frontend	2026-02-19T20:03:50.3094704Z #18 pushing layer 989e799e6349
build-and-deploy	Build and Push Frontend	2026-02-19T20:03:50.5167499Z #18 pushing layer 09982e5f23cf 512B / 833B 0.4s
build-and-deploy	Build and Push Frontend	2026-02-19T20:03:50.6302632Z #18 pushing layer 09982e5f23cf 4.10kB / 833B 0.4s
build-and-deploy	Build and Push Frontend	2026-02-19T20:03:50.6303331Z #18 pushing layer e8c1dacdc8f4 529.41kB / 1.98MB 0.5s
build-and-deploy	Build and Push Frontend	2026-02-19T20:03:50.7310184Z #18 pushing layer e8c1dacdc8f4 1.87MB / 1.98MB 0.6s
build-and-deploy	Build and Push Frontend	2026-02-19T20:03:50.8864628Z #18 pushing layer e8c1dacdc8f4 1.99MB / 1.98MB 0.6s
build-and-deploy	Build and Push Frontend	2026-02-19T20:03:51.5853368Z #18 pushing layer 09982e5f23cf 1.4s done
build-and-deploy	Build and Push Frontend	2026-02-19T20:03:51.9357763Z #18 pushing layer e8c1dacdc8f4 1.8s done
build-and-deploy	Build and Push Frontend	2026-02-19T20:03:55.3354713Z #18 pushing layer f35bcec50d8c 5.2s done
build-and-deploy	Build and Push Frontend	2026-02-19T20:03:55.4858564Z #18 pushing layer da3ac26fdf0f 5.2s done
build-and-deploy	Build and Push Frontend	2026-02-19T20:03:55.4860820Z #18 pushing layer 7***3554e63 5.2s done
build-and-deploy	Build and Push Frontend	2026-02-19T20:03:55.4861225Z #18 pushing layer 6c0e59fd138a 5.2s done
build-and-deploy	Build and Push Frontend	2026-02-19T20:03:55.4861594Z #18 pushing layer aa0fc249df10 5.2s done
build-and-deploy	Build and Push Frontend	2026-02-19T20:03:55.4861903Z #18 pushing layer 660f9a93104f 5.2s done
build-and-deploy	Build and Push Frontend	2026-02-19T20:03:55.4862204Z #18 pushing layer 53998a5033c3 5.2s done
build-and-deploy	Build and Push Frontend	2026-02-19T20:03:55.4862506Z #18 pushing layer 989e799e6349 5.2s done
build-and-deploy	Build and Push Frontend	2026-02-19T20:03:55.4862774Z #18 DONE 5.3s
build-and-deploy	Build and Push Frontend	2026-02-19T20:03:56.3354507Z ##[group]ImageID
build-and-deploy	Build and Push Frontend	2026-02-19T20:03:56.3354954Z sha256:5ac7be277d4075e1bd0ae48c04b469c266f099c1ad30838b8acd4fa774d42083
build-and-deploy	Build and Push Frontend	2026-02-19T20:03:56.3357665Z ##[endgroup]
build-and-deploy	Build and Push Frontend	2026-02-19T20:03:56.3358722Z ##[group]Digest
build-and-deploy	Build and Push Frontend	2026-02-19T20:03:56.3359264Z sha256:35c6254a44b3ca1229702bf90f434eb894cc3c44bd7bb351cb90e87b86046443
build-and-deploy	Build and Push Frontend	2026-02-19T20:03:56.3360201Z ##[endgroup]
build-and-deploy	Build and Push Frontend	2026-02-19T20:03:56.3360799Z ##[group]Metadata
build-and-deploy	Build and Push Frontend	2026-02-19T20:03:56.3361127Z {
build-and-deploy	Build and Push Frontend	2026-02-19T20:03:56.3361479Z   "buildx.build.provenance": {
build-and-deploy	Build and Push Frontend	2026-02-19T20:03:56.3361901Z     "builder": {
build-and-deploy	Build and Push Frontend	2026-02-19T20:03:56.3362235Z       "id": ""
build-and-deploy	Build and Push Frontend	2026-02-19T20:03:56.3362568Z     },
build-and-deploy	Build and Push Frontend	2026-02-19T20:03:56.3362990Z     "buildType": "https://mobyproject.org/buildkit@v1",
build-and-deploy	Build and Push Frontend	2026-02-19T20:03:56.3363497Z     "materials": [
build-and-deploy	Build and Push Frontend	2026-02-19T20:03:56.3363831Z       {
build-and-deploy	Build and Push Frontend	2026-02-19T20:03:56.3364631Z         "uri": "pkg:docker/nginx@alpine?platform=linux%2Famd64",
build-and-deploy	Build and Push Frontend	2026-02-19T20:03:56.3365215Z         "digest": {
build-and-deploy	Build and Push Frontend	2026-02-19T20:03:56.3365708Z           "sha256": "1d13701a5f9f3fb01aaa88cef2344d65b6b5bf6b7d9fa4cf0dca557a8d7702ba"
build-and-deploy	Build and Push Frontend	2026-02-19T20:03:56.3366126Z         }
build-and-deploy	Build and Push Frontend	2026-02-19T20:03:56.3366318Z       },
build-and-deploy	Build and Push Frontend	2026-02-19T20:03:56.3366493Z       {
build-and-deploy	Build and Push Frontend	2026-02-19T20:03:56.3366750Z         "uri": "pkg:docker/node@18-alpine?platform=linux%2Famd64",
build-and-deploy	Build and Push Frontend	2026-02-19T20:03:56.3367097Z         "digest": {
build-and-deploy	Build and Push Frontend	2026-02-19T20:03:56.3367428Z           "sha256": "8d6421d663b4c28fd3ebc498332f249011d118945588d0a35cb9bc4b8ca09d9e"
build-and-deploy	Build and Push Frontend	2026-02-19T20:03:56.3367820Z         }
build-and-deploy	Build and Push Frontend	2026-02-19T20:03:56.3368010Z       }
build-and-deploy	Build and Push Frontend	2026-02-19T20:03:56.3368185Z     ],
build-and-deploy	Build and Push Frontend	2026-02-19T20:03:56.3368365Z     "invocation": {
build-and-deploy	Build and Push Frontend	2026-02-19T20:03:56.3368580Z       "configSource": {
build-and-deploy	Build and Push Frontend	2026-02-19T20:03:56.3368823Z         "entryPoint": "Dockerfile"
build-and-deploy	Build and Push Frontend	2026-02-19T20:03:56.3369067Z       },
build-and-deploy	Build and Push Frontend	2026-02-19T20:03:56.3369254Z       "parameters": {
build-and-deploy	Build and Push Frontend	2026-02-19T20:03:56.3369489Z         "frontend": "dockerfile.v0",
build-and-deploy	Build and Push Frontend	2026-02-19T20:03:56.3369743Z         "locals": [
build-and-deploy	Build and Push Frontend	2026-02-19T20:03:56.3369936Z           {
build-and-deploy	Build and Push Frontend	2026-02-19T20:03:56.3370132Z             "name": "context"
build-and-deploy	Build and Push Frontend	2026-02-19T20:03:56.3370358Z           },
build-and-deploy	Build and Push Frontend	2026-02-19T20:03:56.3370555Z           {
build-and-deploy	Build and Push Frontend	2026-02-19T20:03:56.3370753Z             "name": "dockerfile"
build-and-deploy	Build and Push Frontend	2026-02-19T20:03:56.3370994Z           }
build-and-deploy	Build and Push Frontend	2026-02-19T20:03:56.3371179Z         ]
build-and-deploy	Build and Push Frontend	2026-02-19T20:03:56.3371366Z       },
build-and-deploy	Build and Push Frontend	2026-02-19T20:03:56.3371558Z       "environment": {
build-and-deploy	Build and Push Frontend	2026-02-19T20:03:56.3371797Z         "platform": "linux/amd64"
build-and-deploy	Build and Push Frontend	2026-02-19T20:03:56.3372040Z       }
build-and-deploy	Build and Push Frontend	2026-02-19T20:03:56.3372217Z     }
build-and-deploy	Build and Push Frontend	2026-02-19T20:03:56.3372394Z   },
build-and-deploy	Build and Push Frontend	2026-02-19T20:03:56.3372673Z   "buildx.build.ref": "default/default/xlseuh45djytgcds7a1nyje7s",
build-and-deploy	Build and Push Frontend	2026-02-19T20:03:56.3373282Z   "containerimage.config.digest": "sha256:5ac7be277d4075e1bd0ae48c04b469c266f099c1ad30838b8acd4fa774d42083",
build-and-deploy	Build and Push Frontend	2026-02-19T20:03:56.3374512Z   "containerimage.digest": "sha256:35c6254a44b3ca1229702bf90f434eb894cc3c44bd7bb351cb90e87b86046443",
build-and-deploy	Build and Push Frontend	2026-02-19T20:03:56.3375207Z   "image.name": "docker.io/***/upgrade-frontend:latest"
build-and-deploy	Build and Push Frontend	2026-02-19T20:03:56.3375524Z }
build-and-deploy	Build and Push Frontend	2026-02-19T20:03:56.3375892Z ##[endgroup]
build-and-deploy	Read Configuration	﻿2026-02-19T20:03:56.3467802Z ##[group]Run {
build-and-deploy	Read Configuration	2026-02-19T20:03:56.3468096Z [36;1m{[0m
build-and-deploy	Read Configuration	2026-02-19T20:03:56.3468322Z [36;1m  echo 'COMPOSE_CONFIG<<EOF'[0m
build-and-deploy	Read Configuration	2026-02-19T20:03:56.3468641Z [36;1m  cat docker-compose.prod.yml[0m
build-and-deploy	Read Configuration	2026-02-19T20:03:56.3468920Z [36;1m  echo EOF[0m
build-and-deploy	Read Configuration	2026-02-19T20:03:56.3469139Z [36;1m} >> "$GITHUB_ENV"[0m
build-and-deploy	Read Configuration	2026-02-19T20:03:56.3504592Z shell: /usr/bin/bash -e {0}
build-and-deploy	Read Configuration	2026-02-19T20:03:56.3504877Z ##[endgroup]
build-and-deploy	Deploy to Server via SSH	﻿2026-02-19T20:03:56.3667506Z ##[group]Run appleboy/ssh-action@v1.0.3
build-and-deploy	Deploy to Server via SSH	2026-02-19T20:03:56.3667848Z with:
build-and-deploy	Deploy to Server via SSH	2026-02-19T20:03:56.3668105Z   host: ***
build-and-deploy	Deploy to Server via SSH	2026-02-19T20:03:56.3668308Z   username: ***
build-and-deploy	Deploy to Server via SSH	2026-02-19T20:03:56.3670069Z   key: ***
build-and-deploy	Deploy to Server via SSH	2026-02-19T20:03:56.3670291Z   envs: COMPOSE_CONFIG
build-and-deploy	Deploy to Server via SSH	2026-02-19T20:03:56.3676499Z   script: # Stop on first error
build-and-deploy	Deploy to Server via SSH	set -e
build-and-deploy	Deploy to Server via SSH	
build-and-deploy	Deploy to Server via SSH	# Export variables for docker-compose
build-and-deploy	Deploy to Server via SSH	export DOCKER_USERNAME=***
build-and-deploy	Deploy to Server via SSH	
build-and-deploy	Deploy to Server via SSH	# Login to Docker Hub to avoid rate limits
build-and-deploy	Deploy to Server via SSH	echo "***" | docker login -u "***" --password-stdin
build-and-deploy	Deploy to Server via SSH	
build-and-deploy	Deploy to Server via SSH	# Pull the latest images
build-and-deploy	Deploy to Server via SSH	docker pull ***/upgrade-backend:latest
build-and-deploy	Deploy to Server via SSH	docker pull ***/upgrade-frontend:latest
build-and-deploy	Deploy to Server via SSH	
build-and-deploy	Deploy to Server via SSH	# Create project directory
build-and-deploy	Deploy to Server via SSH	mkdir -p ~/upgrade-crm
build-and-deploy	Deploy to Server via SSH	cd ~/upgrade-crm
build-and-deploy	Deploy to Server via SSH	
build-and-deploy	Deploy to Server via SSH	# Write config file directly (Single Source of Truth)
build-and-deploy	Deploy to Server via SSH	echo "$COMPOSE_CONFIG" > docker-compose.prod.yml
build-and-deploy	Deploy to Server via SSH	
build-and-deploy	Deploy to Server via SSH	# DEBUG: Verify config file content
build-and-deploy	Deploy to Server via SSH	echo "=== DOCKER COMPOSE CONFIG ==="
build-and-deploy	Deploy to Server via SSH	cat docker-compose.prod.yml
build-and-deploy	Deploy to Server via SSH	
build-and-deploy	Deploy to Server via SSH	# Restart services using new images
build-and-deploy	Deploy to Server via SSH	# Prioritize 'docker compose' (v2)
build-and-deploy	Deploy to Server via SSH	if docker compose version &> /dev/null; then
build-and-deploy	Deploy to Server via SSH	    DC_CMD="docker compose"
build-and-deploy	Deploy to Server via SSH	elif command -v docker-compose &> /dev/null; then
build-and-deploy	Deploy to Server via SSH	    DC_CMD="docker-compose"
build-and-deploy	Deploy to Server via SSH	else
build-and-deploy	Deploy to Server via SSH	    echo "Error: Docker Compose not found"
build-and-deploy	Deploy to Server via SSH	    exit 1
build-and-deploy	Deploy to Server via SSH	fi
build-and-deploy	Deploy to Server via SSH	
build-and-deploy	Deploy to Server via SSH	$DC_CMD -f docker-compose.prod.yml down
build-and-deploy	Deploy to Server via SSH	$DC_CMD -f docker-compose.prod.yml up -d
build-and-deploy	Deploy to Server via SSH	
build-and-deploy	Deploy to Server via SSH	# Run database migrations
build-and-deploy	Deploy to Server via SSH	echo "=== RUNNING MIGRATIONS ==="
build-and-deploy	Deploy to Server via SSH	sleep 10
build-and-deploy	Deploy to Server via SSH	$DC_CMD -f docker-compose.prod.yml exec -T app npx prisma migrate deploy
build-and-deploy	Deploy to Server via SSH	
build-and-deploy	Deploy to Server via SSH	# Run database seeding
build-and-deploy	Deploy to Server via SSH	echo "=== RUNNING SEEDING ==="
build-and-deploy	Deploy to Server via SSH	$DC_CMD -f docker-compose.prod.yml exec -T app npx prisma db seed
build-and-deploy	Deploy to Server via SSH	
build-and-deploy	Deploy to Server via SSH	# Prune unused images
build-and-deploy	Deploy to Server via SSH	docker image prune -f
build-and-deploy	Deploy to Server via SSH	
build-and-deploy	Deploy to Server via SSH	# DEBUG: Show running containers and logs
build-and-deploy	Deploy to Server via SSH	echo "=== RUNNING CONTAINERS ==="
build-and-deploy	Deploy to Server via SSH	docker ps -a
build-and-deploy	Deploy to Server via SSH	
build-and-deploy	Deploy to Server via SSH	echo "=== NGINX CONFIG CHECKSUM ==="
build-and-deploy	Deploy to Server via SSH	$DC_CMD -f docker-compose.prod.yml exec -T frontend cat /etc/nginx/conf.d/default.conf
build-and-deploy	Deploy to Server via SSH	
build-and-deploy	Deploy to Server via SSH	echo "=== FRONTEND LOGS ==="
build-and-deploy	Deploy to Server via SSH	docker logs -n 20 upgrade-crm-frontend-1 || docker logs -n 20 upgrade-crm_frontend_1 || echo "Container name prediction failed"
build-and-deploy	Deploy to Server via SSH	
build-and-deploy	Deploy to Server via SSH	echo "=== BACKEND LOGS ==="
build-and-deploy	Deploy to Server via SSH	docker logs -n 50 upgrade-crm-app-1 || docker logs -n 50 upgrade-crm_app_1 || echo "Container name prediction failed"
build-and-deploy	Deploy to Server via SSH	
build-and-deploy	Deploy to Server via SSH	2026-02-19T20:03:56.3682408Z   port: 22
build-and-deploy	Deploy to Server via SSH	2026-02-19T20:03:56.3682607Z   timeout: 30s
build-and-deploy	Deploy to Server via SSH	2026-02-19T20:03:56.3682817Z   command_timeout: 10m
build-and-deploy	Deploy to Server via SSH	2026-02-19T20:03:56.3683038Z   proxy_port: 22
build-and-deploy	Deploy to Server via SSH	2026-02-19T20:03:56.3683254Z   proxy_timeout: 30s
build-and-deploy	Deploy to Server via SSH	2026-02-19T20:03:56.3683466Z env:
build-and-deploy	Deploy to Server via SSH	2026-02-19T20:03:56.3687689Z   COMPOSE_CONFIG: services:
build-and-deploy	Deploy to Server via SSH	  app:
build-and-deploy	Deploy to Server via SSH	    # Use image from Docker Hub (built by CI/CD)
build-and-deploy	Deploy to Server via SSH	    image: ${DOCKER_USERNAME}/upgrade-backend:latest
build-and-deploy	Deploy to Server via SSH	    ports:
build-and-deploy	Deploy to Server via SSH	      - '3000:3000'
build-and-deploy	Deploy to Server via SSH	    environment:
build-and-deploy	Deploy to Server via SSH	      DATABASE_URL: ***db:5432/upgrade_crm
build-and-deploy	Deploy to Server via SSH	      JWT_SECRET: "complex_secret_value_change_me_in_prod"
build-and-deploy	Deploy to Server via SSH	      POSTGRES_USER: upgrade
build-and-deploy	Deploy to Server via SSH	      POSTGRES_PASSWORD: upgrade_pass
build-and-deploy	Deploy to Server via SSH	      POSTGRES_DB: upgrade_crm
build-and-deploy	Deploy to Server via SSH	      # Allow frontend CORS if needed
build-and-deploy	Deploy to Server via SSH	      FRONTEND_URL: http://devupgrade.***.ru
build-and-deploy	Deploy to Server via SSH	      REDIS_URL: redis://redis:6379
build-and-deploy	Deploy to Server via SSH	    depends_on:
build-and-deploy	Deploy to Server via SSH	      db:
build-and-deploy	Deploy to Server via SSH	        condition: service_healthy
build-and-deploy	Deploy to Server via SSH	      redis:
build-and-deploy	Deploy to Server via SSH	        condition: service_started
build-and-deploy	Deploy to Server via SSH	    restart: always
build-and-deploy	Deploy to Server via SSH	
build-and-deploy	Deploy to Server via SSH	  frontend:
build-and-deploy	Deploy to Server via SSH	    # Use image from Docker Hub (built by CI/CD)
build-and-deploy	Deploy to Server via SSH	    image: ${DOCKER_USERNAME}/upgrade-frontend:latest
build-and-deploy	Deploy to Server via SSH	    ports:
build-and-deploy	Deploy to Server via SSH	      - '80:80'
build-and-deploy	Deploy to Server via SSH	    depends_on:
build-and-deploy	Deploy to Server via SSH	      - app
build-and-deploy	Deploy to Server via SSH	    restart: always
build-and-deploy	Deploy to Server via SSH	
build-and-deploy	Deploy to Server via SSH	  db:
build-and-deploy	Deploy to Server via SSH	    image: postgres:15-alpine
build-and-deploy	Deploy to Server via SSH	    environment:
build-and-deploy	Deploy to Server via SSH	      POSTGRES_USER: upgrade
build-and-deploy	Deploy to Server via SSH	      POSTGRES_PASSWORD: upgrade_pass
build-and-deploy	Deploy to Server via SSH	      POSTGRES_DB: upgrade_crm
build-and-deploy	Deploy to Server via SSH	    volumes:
build-and-deploy	Deploy to Server via SSH	      - pgdata:/var/lib/postgresql/data
build-and-deploy	Deploy to Server via SSH	    healthcheck:
build-and-deploy	Deploy to Server via SSH	      test: [ 'CMD-SHELL', 'pg_isready -U upgrade -d upgrade_crm' ]
build-and-deploy	Deploy to Server via SSH	      interval: 5s
build-and-deploy	Deploy to Server via SSH	      timeout: 5s
build-and-deploy	Deploy to Server via SSH	      retries: 5
build-and-deploy	Deploy to Server via SSH	    restart: always
build-and-deploy	Deploy to Server via SSH	
build-and-deploy	Deploy to Server via SSH	  redis:
build-and-deploy	Deploy to Server via SSH	    image: redis:7-alpine
build-and-deploy	Deploy to Server via SSH	    restart: always
build-and-deploy	Deploy to Server via SSH	
build-and-deploy	Deploy to Server via SSH	volumes:
build-and-deploy	Deploy to Server via SSH	  pgdata:
build-and-deploy	Deploy to Server via SSH	2026-02-19T20:03:56.3691918Z ##[endgroup]
build-and-deploy	Deploy to Server via SSH	2026-02-19T20:03:56.3801206Z ##[command]/usr/bin/docker run --name bc69a0c93c01045f246fa860c92f70c36455f_47698a --label 8bc69a --workdir /github/workspace --rm -e "COMPOSE_CONFIG" -e "INPUT_HOST" -e "INPUT_USERNAME" -e "INPUT_KEY" -e "INPUT_ENVS" -e "INPUT_SCRIPT" -e "INPUT_PORT" -e "INPUT_PASSPHRASE" -e "INPUT_PASSWORD" -e "INPUT_SYNC" -e "INPUT_USE_INSECURE_CIPHER" -e "INPUT_CIPHER" -e "INPUT_TIMEOUT" -e "INPUT_COMMAND_TIMEOUT" -e "INPUT_KEY_PATH" -e "INPUT_FINGERPRINT" -e "INPUT_PROXY_HOST" -e "INPUT_PROXY_PORT" -e "INPUT_PROXY_USERNAME" -e "INPUT_PROXY_PASSWORD" -e "INPUT_PROXY_PASSPHRASE" -e "INPUT_PROXY_TIMEOUT" -e "INPUT_PROXY_KEY" -e "INPUT_PROXY_KEY_PATH" -e "INPUT_PROXY_FINGERPRINT" -e "INPUT_PROXY_CIPHER" -e "INPUT_PROXY_USE_INSECURE_CIPHER" -e "INPUT_SCRIPT_STOP" -e "INPUT_ENVS_FORMAT" -e "INPUT_DEBUG" -e "INPUT_ALLENVS" -e "INPUT_REQUEST_PTY" -e "HOME" -e "GITHUB_JOB" -e "GITHUB_REF" -e "GITHUB_SHA" -e "GITHUB_REPOSITORY" -e "GITHUB_REPOSITORY_OWNER" -e "GITHUB_REPOSITORY_OWNER_ID" -e "GITHUB_RUN_ID" -e "GITHUB_RUN_NUMBER" -e "GITHUB_RETENTION_DAYS" -e "GITHUB_RUN_ATTEMPT" -e "GITHUB_ACTOR_ID" -e "GITHUB_ACTOR" -e "GITHUB_WORKFLOW" -e "GITHUB_HEAD_REF" -e "GITHUB_BASE_REF" -e "GITHUB_EVENT_NAME" -e "GITHUB_SERVER_URL" -e "GITHUB_API_URL" -e "GITHUB_GRAPHQL_URL" -e "GITHUB_REF_NAME" -e "GITHUB_REF_PROTECTED" -e "GITHUB_REF_TYPE" -e "GITHUB_WORKFLOW_REF" -e "GITHUB_WORKFLOW_SHA" -e "GITHUB_REPOSITORY_ID" -e "GITHUB_TRIGGERING_ACTOR" -e "GITHUB_WORKSPACE" -e "GITHUB_ACTION" -e "GITHUB_EVENT_PATH" -e "GITHUB_ACTION_REPOSITORY" -e "GITHUB_ACTION_REF" -e "GITHUB_PATH" -e "GITHUB_ENV" -e "GITHUB_STEP_SUMMARY" -e "GITHUB_STATE" -e "GITHUB_OUTPUT" -e "RUNNER_OS" -e "RUNNER_ARCH" -e "RUNNER_NAME" -e "RUNNER_ENVIRONMENT" -e "RUNNER_TOOL_CACHE" -e "RUNNER_TEMP" -e "RUNNER_WORKSPACE" -e "ACTIONS_RUNTIME_URL" -e "ACTIONS_RUNTIME_TOKEN" -e "ACTIONS_CACHE_URL" -e "ACTIONS_RESULTS_URL" -e "ACTIONS_ORCHESTRATION_ID" -e GITHUB_ACTIONS=true -e CI=true -v "/var/run/docker.sock":"/var/run/docker.sock" -v "/home/runner/work/_temp":"/github/runner_temp" -v "/home/runner/work/_temp/_github_home":"/github/home" -v "/home/runner/work/_temp/_github_workflow":"/github/workflow" -v "/home/runner/work/_temp/_runner_file_commands":"/github/file_commands" -v "/home/runner/work/UPGRADE/UPGRADE":"/github/workspace" 8bc69a:0c93c01045f246fa860c92f70c36455f
build-and-deploy	Deploy to Server via SSH	2026-02-19T20:03:56.5491646Z ======CMD======
build-and-deploy	Deploy to Server via SSH	2026-02-19T20:03:56.5492128Z # Stop on first error
build-and-deploy	Deploy to Server via SSH	2026-02-19T20:03:56.5492562Z set -e
build-and-deploy	Deploy to Server via SSH	2026-02-19T20:03:56.5492781Z 
build-and-deploy	Deploy to Server via SSH	2026-02-19T20:03:56.5492983Z # Export variables for docker-compose
build-and-deploy	Deploy to Server via SSH	2026-02-19T20:03:56.5493630Z export DOCKER_USERNAME=***
build-and-deploy	Deploy to Server via SSH	2026-02-19T20:03:56.5493946Z 
build-and-deploy	Deploy to Server via SSH	2026-02-19T20:03:56.5495014Z # Login to Docker Hub to avoid rate limits
build-and-deploy	Deploy to Server via SSH	2026-02-19T20:03:56.5495977Z echo "***" | docker login -u "***" --password-stdin
build-and-deploy	Deploy to Server via SSH	2026-02-19T20:03:56.5496398Z 
build-and-deploy	Deploy to Server via SSH	2026-02-19T20:03:56.5496609Z # Pull the latest images
build-and-deploy	Deploy to Server via SSH	2026-02-19T20:03:56.5497138Z docker pull ***/upgrade-backend:latest
build-and-deploy	Deploy to Server via SSH	2026-02-19T20:03:56.5497725Z docker pull ***/upgrade-frontend:latest
build-and-deploy	Deploy to Server via SSH	2026-02-19T20:03:56.5498073Z 
build-and-deploy	Deploy to Server via SSH	2026-02-19T20:03:56.5498253Z # Create project directory
build-and-deploy	Deploy to Server via SSH	2026-02-19T20:03:56.5498698Z mkdir -p ~/upgrade-crm
build-and-deploy	Deploy to Server via SSH	2026-02-19T20:03:56.5499128Z cd ~/upgrade-crm
build-and-deploy	Deploy to Server via SSH	2026-02-19T20:03:56.5499355Z 
build-and-deploy	Deploy to Server via SSH	2026-02-19T20:03:56.5499608Z # Write config file directly (Single Source of Truth)
build-and-deploy	Deploy to Server via SSH	2026-02-19T20:03:56.5500268Z echo "$COMPOSE_CONFIG" > docker-compose.prod.yml
build-and-deploy	Deploy to Server via SSH	2026-02-19T20:03:56.5500662Z 
build-and-deploy	Deploy to Server via SSH	2026-02-19T20:03:56.5500843Z # DEBUG: Verify config file content
build-and-deploy	Deploy to Server via SSH	2026-02-19T20:03:56.5501349Z echo "=== DOCKER COMPOSE CONFIG ==="
build-and-deploy	Deploy to Server via SSH	2026-02-19T20:03:56.5501866Z cat docker-compose.prod.yml
build-and-deploy	Deploy to Server via SSH	2026-02-19T20:03:56.5502163Z 
build-and-deploy	Deploy to Server via SSH	2026-02-19T20:03:56.5502665Z # Restart services using new images
build-and-deploy	Deploy to Server via SSH	2026-02-19T20:03:56.5503175Z # Prioritize 'docker compose' (v2)
build-and-deploy	Deploy to Server via SSH	2026-02-19T20:03:56.5503700Z if docker compose version &> /dev/null; then
build-and-deploy	Deploy to Server via SSH	2026-02-19T20:03:56.5504435Z     DC_CMD="docker compose"
build-and-deploy	Deploy to Server via SSH	2026-02-19T20:03:56.5504959Z elif command -v docker-compose &> /dev/null; then
build-and-deploy	Deploy to Server via SSH	2026-02-19T20:03:56.5505507Z     DC_CMD="docker-compose"
build-and-deploy	Deploy to Server via SSH	2026-02-19T20:03:56.5505922Z else
build-and-deploy	Deploy to Server via SSH	2026-02-19T20:03:56.5506291Z     echo "Error: Docker Compose not found"
build-and-deploy	Deploy to Server via SSH	2026-02-19T20:03:56.5506772Z     exit 1
build-and-deploy	Deploy to Server via SSH	2026-02-19T20:03:56.5507104Z fi
build-and-deploy	Deploy to Server via SSH	2026-02-19T20:03:56.5507283Z 
build-and-deploy	Deploy to Server via SSH	2026-02-19T20:03:56.5507493Z $DC_CMD -f docker-compose.prod.yml down
build-and-deploy	Deploy to Server via SSH	2026-02-19T20:03:56.5508102Z $DC_CMD -f docker-compose.prod.yml up -d
build-and-deploy	Deploy to Server via SSH	2026-02-19T20:03:56.5508484Z 
build-and-deploy	Deploy to Server via SSH	2026-02-19T20:03:56.5508666Z # Run database migrations
build-and-deploy	Deploy to Server via SSH	2026-02-19T20:03:56.5509438Z echo "=== RUNNING MIGRATIONS ==="
build-and-deploy	Deploy to Server via SSH	2026-02-19T20:03:56.5509908Z sleep 10
build-and-deploy	Deploy to Server via SSH	2026-02-19T20:03:56.5510494Z $DC_CMD -f docker-compose.prod.yml exec -T app npx prisma migrate deploy
build-and-deploy	Deploy to Server via SSH	2026-02-19T20:03:56.5511087Z 
build-and-deploy	Deploy to Server via SSH	2026-02-19T20:03:56.5511251Z # Run database seeding
build-and-deploy	Deploy to Server via SSH	2026-02-19T20:03:56.5511692Z echo "=== RUNNING SEEDING ==="
build-and-deploy	Deploy to Server via SSH	2026-02-19T20:03:56.5512325Z $DC_CMD -f docker-compose.prod.yml exec -T app npx prisma db seed
build-and-deploy	Deploy to Server via SSH	2026-02-19T20:03:56.5512835Z 
build-and-deploy	Deploy to Server via SSH	2026-02-19T20:03:56.5512994Z # Prune unused images
build-and-deploy	Deploy to Server via SSH	2026-02-19T20:03:56.5513573Z docker image prune -f
build-and-deploy	Deploy to Server via SSH	2026-02-19T20:03:56.5514008Z 
build-and-deploy	Deploy to Server via SSH	2026-02-19T20:03:56.5514431Z # DEBUG: Show running containers and logs
build-and-deploy	Deploy to Server via SSH	2026-02-19T20:03:56.5515229Z echo "=== RUNNING CONTAINERS ==="
build-and-deploy	Deploy to Server via SSH	2026-02-19T20:03:56.5515967Z docker ps -a
build-and-deploy	Deploy to Server via SSH	2026-02-19T20:03:56.5516234Z 
build-and-deploy	Deploy to Server via SSH	2026-02-19T20:03:56.5516499Z echo "=== NGINX CONFIG CHECKSUM ==="
build-and-deploy	Deploy to Server via SSH	2026-02-19T20:03:56.5517573Z $DC_CMD -f docker-compose.prod.yml exec -T frontend cat /etc/nginx/conf.d/default.conf
build-and-deploy	Deploy to Server via SSH	2026-02-19T20:03:56.5518304Z 
build-and-deploy	Deploy to Server via SSH	2026-02-19T20:03:56.5518602Z echo "=== FRONTEND LOGS ==="
build-and-deploy	Deploy to Server via SSH	2026-02-19T20:03:56.5530633Z docker logs -n 20 upgrade-crm-frontend-1 || docker logs -n 20 upgrade-crm_frontend_1 || echo "Container name prediction failed"
build-and-deploy	Deploy to Server via SSH	2026-02-19T20:03:56.5531466Z 
build-and-deploy	Deploy to Server via SSH	2026-02-19T20:03:56.5531645Z echo "=== BACKEND LOGS ==="
build-and-deploy	Deploy to Server via SSH	2026-02-19T20:03:56.5532397Z docker logs -n 50 upgrade-crm-app-1 || docker logs -n 50 upgrade-crm_app_1 || echo "Container name prediction failed"
build-and-deploy	Deploy to Server via SSH	2026-02-19T20:03:56.5532877Z 
build-and-deploy	Deploy to Server via SSH	2026-02-19T20:03:56.5532969Z ======END======
build-and-deploy	Deploy to Server via SSH	2026-02-19T20:03:59.6786950Z out: Login Succeeded
build-and-deploy	Deploy to Server via SSH	2026-02-19T20:04:01.4235805Z out: latest: Pulling from ***/upgrade-backend
build-and-deploy	Deploy to Server via SSH	2026-02-19T20:04:01.4236703Z out: 4831516dd0cb: Already exists
build-and-deploy	Deploy to Server via SSH	2026-02-19T20:04:01.4291688Z out: 9d66d95167c2: Already exists
build-and-deploy	Deploy to Server via SSH	2026-02-19T20:04:01.4342519Z out: 1a0393491048: Already exists
build-and-deploy	Deploy to Server via SSH	2026-02-19T20:04:01.4391549Z out: 786a2dcd5a59: Already exists
build-and-deploy	Deploy to Server via SSH	2026-02-19T20:04:01.4459745Z out: 7aa087727009: Already exists
build-and-deploy	Deploy to Server via SSH	2026-02-19T20:04:01.4527121Z out: 59119d88fd78: Pulling fs layer
build-and-deploy	Deploy to Server via SSH	2026-02-19T20:04:01.4527649Z out: f41286bf7660: Pulling fs layer
build-and-deploy	Deploy to Server via SSH	2026-02-19T20:04:01.4528087Z out: b35e9fac1fda: Pulling fs layer
build-and-deploy	Deploy to Server via SSH	2026-02-19T20:04:01.4528388Z out: 06013b21ef19: Pulling fs layer
build-and-deploy	Deploy to Server via SSH	2026-02-19T20:04:01.4528699Z out: 51b1181d28ab: Pulling fs layer
build-and-deploy	Deploy to Server via SSH	2026-02-19T20:04:01.4528977Z out: 3096975892d7: Pulling fs layer
build-and-deploy	Deploy to Server via SSH	2026-02-19T20:04:01.4529251Z out: 06013b21ef19: Waiting
build-and-deploy	Deploy to Server via SSH	2026-02-19T20:04:01.4529516Z out: 51b1181d28ab: Waiting
build-and-deploy	Deploy to Server via SSH	2026-02-19T20:04:01.4529768Z out: 3096975892d7: Waiting
build-and-deploy	Deploy to Server via SSH	2026-02-19T20:04:02.0430865Z out: 59119d88fd78: Verifying Checksum
build-and-deploy	Deploy to Server via SSH	2026-02-19T20:04:02.0431569Z out: 59119d88fd78: Download complete
build-and-deploy	Deploy to Server via SSH	2026-02-19T20:04:02.1135016Z out: 59119d88fd78: Pull complete
build-and-deploy	Deploy to Server via SSH	2026-02-19T20:04:02.6283405Z out: f41286bf7660: Verifying Checksum
build-and-deploy	Deploy to Server via SSH	2026-02-19T20:04:02.6283899Z out: f41286bf7660: Download complete
build-and-deploy	Deploy to Server via SSH	2026-02-19T20:04:02.6877456Z out: f41286bf7660: Pull complete
build-and-deploy	Deploy to Server via SSH	2026-02-19T20:04:03.2728584Z out: 06013b21ef19: Verifying Checksum
build-and-deploy	Deploy to Server via SSH	2026-02-19T20:04:03.2728985Z out: 06013b21ef19: Download complete
build-and-deploy	Deploy to Server via SSH	2026-02-19T20:04:03.2747537Z out: 51b1181d28ab: Verifying Checksum
build-and-deploy	Deploy to Server via SSH	2026-02-19T20:04:03.2808551Z out: 51b1181d28ab: Download complete
build-and-deploy	Deploy to Server via SSH	2026-02-19T20:04:04.2410735Z out: 3096975892d7: Verifying Checksum
build-and-deploy	Deploy to Server via SSH	2026-02-19T20:04:04.2411571Z out: 3096975892d7: Download complete
build-and-deploy	Deploy to Server via SSH	2026-02-19T20:04:05.1067406Z out: b35e9fac1fda: Verifying Checksum
build-and-deploy	Deploy to Server via SSH	2026-02-19T20:04:05.1068150Z out: b35e9fac1fda: Download complete
build-and-deploy	Deploy to Server via SSH	2026-02-19T20:04:33.3136117Z out: b35e9fac1fda: Pull complete
build-and-deploy	Deploy to Server via SSH	2026-02-19T20:04:33.4287590Z out: 06013b21ef19: Pull complete
build-and-deploy	Deploy to Server via SSH	2026-02-19T20:04:33.6431530Z out: 51b1181d28ab: Pull complete
build-and-deploy	Deploy to Server via SSH	2026-02-19T20:04:33.7245784Z out: 3096975892d7: Pull complete
build-and-deploy	Deploy to Server via SSH	2026-02-19T20:04:33.7489441Z out: Digest: sha256:68a42bfd1a989c18ff1c010f081312494f46763eecd05fd018481f323d98da99
build-and-deploy	Deploy to Server via SSH	2026-02-19T20:04:33.7577441Z out: Status: Downloaded newer image for ***/upgrade-backend:latest
build-and-deploy	Deploy to Server via SSH	2026-02-19T20:04:33.7636764Z out: docker.io/***/upgrade-backend:latest
build-and-deploy	Deploy to Server via SSH	2026-02-19T20:04:35.6466833Z out: latest: Pulling from ***/upgrade-frontend
build-and-deploy	Deploy to Server via SSH	2026-02-19T20:04:35.6467565Z out: 589002ba0eae: Already exists
build-and-deploy	Deploy to Server via SSH	2026-02-19T20:04:35.6551791Z out: bca5d04786e1: Already exists
build-and-deploy	Deploy to Server via SSH	2026-02-19T20:04:35.6626922Z out: 3e2c181db1b0: Already exists
build-and-deploy	Deploy to Server via SSH	2026-02-19T20:04:35.6694483Z out: 6b7b6c7061b7: Already exists
build-and-deploy	Deploy to Server via SSH	2026-02-19T20:04:35.6766216Z out: 399d0898a94e: Already exists
build-and-deploy	Deploy to Server via SSH	2026-02-19T20:04:35.6827636Z out: 955a8478f9ac: Already exists
build-and-deploy	Deploy to Server via SSH	2026-02-19T20:04:35.6907884Z out: 6d397a54a185: Already exists
build-and-deploy	Deploy to Server via SSH	2026-02-19T20:04:35.6962759Z out: 5e7756927bef: Already exists
build-and-deploy	Deploy to Server via SSH	2026-02-19T20:04:35.7021518Z out: 950e75c0f8b8: Pulling fs layer
build-and-deploy	Deploy to Server via SSH	2026-02-19T20:04:35.7031329Z out: 2ca48687b757: Pulling fs layer
build-and-deploy	Deploy to Server via SSH	2026-02-19T20:04:36.3993704Z out: 950e75c0f8b8: Download complete
build-and-deploy	Deploy to Server via SSH	2026-02-19T20:04:36.4420775Z out: 950e75c0f8b8: Pull complete
build-and-deploy	Deploy to Server via SSH	2026-02-19T20:04:36.4654625Z out: 2ca48687b757: Verifying Checksum
build-and-deploy	Deploy to Server via SSH	2026-02-19T20:04:36.4655122Z out: 2ca48687b757: Download complete
build-and-deploy	Deploy to Server via SSH	2026-02-19T20:04:36.5007774Z out: 2ca48687b757: Pull complete
build-and-deploy	Deploy to Server via SSH	2026-02-19T20:04:36.5657316Z out: Digest: sha256:35c6254a44b3ca1229702bf90f434eb894cc3c44bd7bb351cb90e87b86046443
build-and-deploy	Deploy to Server via SSH	2026-02-19T20:04:36.5736086Z out: Status: Downloaded newer image for ***/upgrade-frontend:latest
build-and-deploy	Deploy to Server via SSH	2026-02-19T20:04:36.5769295Z out: docker.io/***/upgrade-frontend:latest
build-and-deploy	Deploy to Server via SSH	2026-02-19T20:04:36.5837893Z out: === DOCKER COMPOSE CONFIG ===
build-and-deploy	Deploy to Server via SSH	2026-02-19T20:04:36.5855799Z out: services:
build-and-deploy	Deploy to Server via SSH	2026-02-19T20:04:36.5856555Z out:   app:
build-and-deploy	Deploy to Server via SSH	2026-02-19T20:04:36.5857070Z out:     # Use image from Docker Hub (built by CI/CD)
build-and-deploy	Deploy to Server via SSH	2026-02-19T20:04:36.5857856Z out:     image: ${DOCKER_USERNAME}/upgrade-backend:latest
build-and-deploy	Deploy to Server via SSH	2026-02-19T20:04:36.5858465Z out:     ports:
build-and-deploy	Deploy to Server via SSH	2026-02-19T20:04:36.5858944Z out:       - '3000:3000'
build-and-deploy	Deploy to Server via SSH	2026-02-19T20:04:36.5859456Z out:     environment:
build-and-deploy	Deploy to Server via SSH	2026-02-19T20:04:36.5860448Z out:       DATABASE_URL: ***db:5432/upgrade_crm
build-and-deploy	Deploy to Server via SSH	2026-02-19T20:04:36.5861210Z out:       JWT_SECRET: "complex_secret_value_change_me_in_prod"
build-and-deploy	Deploy to Server via SSH	2026-02-19T20:04:36.5861948Z out:       POSTGRES_USER: upgrade
build-and-deploy	Deploy to Server via SSH	2026-02-19T20:04:36.5862553Z out:       POSTGRES_PASSWORD: upgrade_pass
build-and-deploy	Deploy to Server via SSH	2026-02-19T20:04:36.5863180Z out:       POSTGRES_DB: upgrade_crm
build-and-deploy	Deploy to Server via SSH	2026-02-19T20:04:36.5863803Z out:       # Allow frontend CORS if needed
build-and-deploy	Deploy to Server via SSH	2026-02-19T20:04:36.5864843Z out:       FRONTEND_URL: http://devupgrade.***.ru
build-and-deploy	Deploy to Server via SSH	2026-02-19T20:04:36.5865383Z out:       REDIS_URL: redis://redis:6379
build-and-deploy	Deploy to Server via SSH	2026-02-19T20:04:36.5865693Z out:     depends_on:
build-and-deploy	Deploy to Server via SSH	2026-02-19T20:04:36.5865915Z out:       db:
build-and-deploy	Deploy to Server via SSH	2026-02-19T20:04:36.5866143Z out:         condition: service_healthy
build-and-deploy	Deploy to Server via SSH	2026-02-19T20:04:36.5866419Z out:       redis:
build-and-deploy	Deploy to Server via SSH	2026-02-19T20:04:36.5866640Z out:         condition: service_started
build-and-deploy	Deploy to Server via SSH	2026-02-19T20:04:36.5866915Z out:     restart: always
build-and-deploy	Deploy to Server via SSH	2026-02-19T20:04:36.5867154Z out:   frontend:
build-and-deploy	Deploy to Server via SSH	2026-02-19T20:04:36.5867409Z out:     # Use image from Docker Hub (built by CI/CD)
build-and-deploy	Deploy to Server via SSH	2026-02-19T20:04:36.5867780Z out:     image: ${DOCKER_USERNAME}/upgrade-frontend:latest
build-and-deploy	Deploy to Server via SSH	2026-02-19T20:04:36.5868097Z out:     ports:
build-and-deploy	Deploy to Server via SSH	2026-02-19T20:04:36.5868305Z out:       - '80:80'
build-and-deploy	Deploy to Server via SSH	2026-02-19T20:04:36.5868524Z out:     depends_on:
build-and-deploy	Deploy to Server via SSH	2026-02-19T20:04:36.5868734Z out:       - app
build-and-deploy	Deploy to Server via SSH	2026-02-19T20:04:36.5868941Z out:     restart: always
build-and-deploy	Deploy to Server via SSH	2026-02-19T20:04:36.5869178Z out:   db:
build-and-deploy	Deploy to Server via SSH	2026-02-19T20:04:36.5869388Z out:     image: postgres:15-alpine
build-and-deploy	Deploy to Server via SSH	2026-02-19T20:04:36.5869652Z out:     environment:
build-and-deploy	Deploy to Server via SSH	2026-02-19T20:04:36.5869881Z out:       POSTGRES_USER: upgrade
build-and-deploy	Deploy to Server via SSH	2026-02-19T20:04:36.5870413Z out:       POSTGRES_PASSWORD: upgrade_pass
build-and-deploy	Deploy to Server via SSH	2026-02-19T20:04:36.5870709Z out:       POSTGRES_DB: upgrade_crm
build-and-deploy	Deploy to Server via SSH	2026-02-19T20:04:36.5870962Z out:     volumes:
build-and-deploy	Deploy to Server via SSH	2026-02-19T20:04:36.5871199Z out:       - pgdata:/var/lib/postgresql/data
build-and-deploy	Deploy to Server via SSH	2026-02-19T20:04:36.5871488Z out:     healthcheck:
build-and-deploy	Deploy to Server via SSH	2026-02-19T20:04:36.5871796Z out:       test: [ 'CMD-SHELL', 'pg_isready -U upgrade -d upgrade_crm' ]
build-and-deploy	Deploy to Server via SSH	2026-02-19T20:04:36.5872163Z out:       interval: 5s
build-and-deploy	Deploy to Server via SSH	2026-02-19T20:04:36.5872389Z out:       timeout: 5s
build-and-deploy	Deploy to Server via SSH	2026-02-19T20:04:36.5872605Z out:       retries: 5
build-and-deploy	Deploy to Server via SSH	2026-02-19T20:04:36.5872822Z out:     restart: always
build-and-deploy	Deploy to Server via SSH	2026-02-19T20:04:36.5873043Z out:   redis:
build-and-deploy	Deploy to Server via SSH	2026-02-19T20:04:36.5873252Z out:     image: redis:7-alpine
build-and-deploy	Deploy to Server via SSH	2026-02-19T20:04:36.5873505Z out:     restart: always
build-and-deploy	Deploy to Server via SSH	2026-02-19T20:04:36.5873727Z out: volumes:
build-and-deploy	Deploy to Server via SSH	2026-02-19T20:04:36.5874065Z out:   pgdata:
build-and-deploy	Deploy to Server via SSH	2026-02-19T20:04:36.8636431Z err:  Container upgrade-crm-frontend-1  Stopping
build-and-deploy	Deploy to Server via SSH	2026-02-19T20:04:37.7495298Z err:  Container upgrade-crm-frontend-1  Stopped
build-and-deploy	Deploy to Server via SSH	2026-02-19T20:04:37.7495888Z err:  Container upgrade-crm-frontend-1  Removing
build-and-deploy	Deploy to Server via SSH	2026-02-19T20:04:37.7738726Z err:  Container upgrade-crm-frontend-1  Removed
build-and-deploy	Deploy to Server via SSH	2026-02-19T20:04:37.7739748Z err:  Container upgrade-crm-app-1  Stopping
build-and-deploy	Deploy to Server via SSH	2026-02-19T20:04:48.1532840Z err:  Container upgrade-crm-app-1  Stopped
build-and-deploy	Deploy to Server via SSH	2026-02-19T20:04:48.1533485Z err:  Container upgrade-crm-app-1  Removing
build-and-deploy	Deploy to Server via SSH	2026-02-19T20:04:48.2291550Z err:  Container upgrade-crm-app-1  Removed
build-and-deploy	Deploy to Server via SSH	2026-02-19T20:04:48.2292080Z err:  Container upgrade-crm-db-1  Stopping
build-and-deploy	Deploy to Server via SSH	2026-02-19T20:04:48.2292509Z err:  Container upgrade-crm-redis-1  Stopping
build-and-deploy	Deploy to Server via SSH	2026-02-19T20:04:48.5125184Z err:  Container upgrade-crm-redis-1  Stopped
build-and-deploy	Deploy to Server via SSH	2026-02-19T20:04:48.5125925Z err:  Container upgrade-crm-redis-1  Removing
build-and-deploy	Deploy to Server via SSH	2026-02-19T20:04:48.5363994Z err:  Container upgrade-crm-db-1  Stopped
build-and-deploy	Deploy to Server via SSH	2026-02-19T20:04:48.5364964Z err:  Container upgrade-crm-db-1  Removing
build-and-deploy	Deploy to Server via SSH	2026-02-19T20:04:48.5448997Z err:  Container upgrade-crm-redis-1  Removed
build-and-deploy	Deploy to Server via SSH	2026-02-19T20:04:48.5563380Z err:  Container upgrade-crm-db-1  Removed
build-and-deploy	Deploy to Server via SSH	2026-02-19T20:04:48.5600718Z err:  Network upgrade-crm_default  Removing
build-and-deploy	Deploy to Server via SSH	2026-02-19T20:04:48.6959163Z err:  Network upgrade-crm_default  Removed
build-and-deploy	Deploy to Server via SSH	2026-02-19T20:04:48.8654368Z err:  Network upgrade-crm_default  Creating
build-and-deploy	Deploy to Server via SSH	2026-02-19T20:04:48.9763925Z err:  Network upgrade-crm_default  Created
build-and-deploy	Deploy to Server via SSH	2026-02-19T20:04:48.9815012Z err:  Container upgrade-crm-db-1  Creating
build-and-deploy	Deploy to Server via SSH	2026-02-19T20:04:48.9815737Z err:  Container upgrade-crm-redis-1  Creating
build-and-deploy	Deploy to Server via SSH	2026-02-19T20:04:49.1031968Z err:  Container upgrade-crm-db-1  Created
build-and-deploy	Deploy to Server via SSH	2026-02-19T20:04:49.1164727Z err:  Container upgrade-crm-redis-1  Created
build-and-deploy	Deploy to Server via SSH	2026-02-19T20:04:49.1165513Z err:  Container upgrade-crm-app-1  Creating
build-and-deploy	Deploy to Server via SSH	2026-02-19T20:04:49.1939891Z err:  Container upgrade-crm-app-1  Created
build-and-deploy	Deploy to Server via SSH	2026-02-19T20:04:49.1944544Z err:  Container upgrade-crm-frontend-1  Creating
build-and-deploy	Deploy to Server via SSH	2026-02-19T20:04:49.2709241Z err:  Container upgrade-crm-frontend-1  Created
build-and-deploy	Deploy to Server via SSH	2026-02-19T20:04:49.2768097Z err:  Container upgrade-crm-redis-1  Starting
build-and-deploy	Deploy to Server via SSH	2026-02-19T20:04:49.2768617Z err:  Container upgrade-crm-db-1  Starting
build-and-deploy	Deploy to Server via SSH	2026-02-19T20:04:49.6286784Z err:  Container upgrade-crm-redis-1  Started
build-and-deploy	Deploy to Server via SSH	2026-02-19T20:04:49.6431645Z err:  Container upgrade-crm-db-1  Started
build-and-deploy	Deploy to Server via SSH	2026-02-19T20:04:49.6445193Z err:  Container upgrade-crm-db-1  Waiting
build-and-deploy	Deploy to Server via SSH	2026-02-19T20:04:55.1473400Z err:  Container upgrade-crm-db-1  Healthy
build-and-deploy	Deploy to Server via SSH	2026-02-19T20:04:55.1473937Z err:  Container upgrade-crm-app-1  Starting
build-and-deploy	Deploy to Server via SSH	2026-02-19T20:04:55.4874829Z err:  Container upgrade-crm-app-1  Started
build-and-deploy	Deploy to Server via SSH	2026-02-19T20:04:55.4875547Z err:  Container upgrade-crm-frontend-1  Starting
build-and-deploy	Deploy to Server via SSH	2026-02-19T20:04:55.9116383Z err:  Container upgrade-crm-frontend-1  Started
build-and-deploy	Deploy to Server via SSH	2026-02-19T20:04:55.9271664Z out: === RUNNING MIGRATIONS ===
build-and-deploy	Deploy to Server via SSH	2026-02-19T20:05:09.4047771Z err: Loaded Prisma config from prisma.config.ts.
build-and-deploy	Deploy to Server via SSH	2026-02-19T20:05:09.5037966Z err: prisma:warn Prisma failed to detect the libssl/openssl version to use, and may not work as expected. Defaulting to "openssl-1.1.x".
build-and-deploy	Deploy to Server via SSH	2026-02-19T20:05:09.5039737Z err: Please manually install OpenSSL via `apt-get update -y && apt-get install -y openssl` and try installing Prisma again. If you're running Prisma on Docker, add this command to your Dockerfile, or switch to an image that already has OpenSSL installed.
build-and-deploy	Deploy to Server via SSH	2026-02-19T20:05:09.5172708Z err: prisma:warn Prisma failed to detect the libssl/openssl version to use, and may not work as expected. Defaulting to "openssl-1.1.x".
build-and-deploy	Deploy to Server via SSH	2026-02-19T20:05:09.5174659Z err: Please manually install OpenSSL via `apt-get update -y && apt-get install -y openssl` and try installing Prisma again. If you're running Prisma on Docker, add this command to your Dockerfile, or switch to an image that already has OpenSSL installed.
build-and-deploy	Deploy to Server via SSH	2026-02-19T20:05:09.7788481Z err: Prisma schema loaded from prisma/schema.prisma.
build-and-deploy	Deploy to Server via SSH	2026-02-19T20:05:09.7851393Z out: Datasource "db": PostgreSQL database "upgrade_crm", schema "public" at "db:5432"
build-and-deploy	Deploy to Server via SSH	2026-02-19T20:05:09.8871374Z out: 2 migrations found in prisma/migrations
build-and-deploy	Deploy to Server via SSH	2026-02-19T20:05:09.9841050Z err: ┌─────────────────────────────────────────────────────────┐
build-and-deploy	Deploy to Server via SSH	2026-02-19T20:05:09.9841750Z err: │  Update available 7.4.0 -> 7.4.1                        │
build-and-deploy	Deploy to Server via SSH	2026-02-19T20:05:09.9842420Z err: │  Run the following to update                            │
build-and-deploy	Deploy to Server via SSH	2026-02-19T20:05:09.9842899Z out: No pending migrations to apply.
build-and-deploy	Deploy to Server via SSH	2026-02-19T20:05:09.9843434Z err: │    npm i --save-dev prisma@latest                       │
build-and-deploy	Deploy to Server via SSH	2026-02-19T20:05:09.9844028Z err: │    npm i @prisma/client@latest                          │
build-and-deploy	Deploy to Server via SSH	2026-02-19T20:05:09.9844793Z err: └─────────────────────────────────────────────────────────┘
build-and-deploy	Deploy to Server via SSH	2026-02-19T20:05:10.0504005Z out: === RUNNING SEEDING ===
build-and-deploy	Deploy to Server via SSH	2026-02-19T20:05:12.3245039Z err: Loaded Prisma config from prisma.config.ts.
build-and-deploy	Deploy to Server via SSH	2026-02-19T20:05:12.4225026Z err: prisma:warn Prisma failed to detect the libssl/openssl version to use, and may not work as expected. Defaulting to "openssl-1.1.x".
build-and-deploy	Deploy to Server via SSH	2026-02-19T20:05:12.4226941Z err: Please manually install OpenSSL via `apt-get update -y && apt-get install -y openssl` and try installing Prisma again. If you're running Prisma on Docker, add this command to your Dockerfile, or switch to an image that already has OpenSSL installed.
build-and-deploy	Deploy to Server via SSH	2026-02-19T20:05:12.4349190Z err: prisma:warn Prisma failed to detect the libssl/openssl version to use, and may not work as expected. Defaulting to "openssl-1.1.x".
build-and-deploy	Deploy to Server via SSH	2026-02-19T20:05:12.4350933Z err: Please manually install OpenSSL via `apt-get update -y && apt-get install -y openssl` and try installing Prisma again. If you're running Prisma on Docker, add this command to your Dockerfile, or switch to an image that already has OpenSSL installed.
build-and-deploy	Deploy to Server via SSH	2026-02-19T20:05:12.6995564Z out: Running seed command `npx tsx prisma/seed.ts` ...
build-and-deploy	Deploy to Server via SSH	2026-02-19T20:05:15.5354935Z err: npm warn exec The following package was not found and will be installed: tsx@4.21.0
build-and-deploy	Deploy to Server via SSH	2026-02-19T20:05:24.5962199Z out: 🌱 Seeding database...
build-and-deploy	Deploy to Server via SSH	2026-02-19T20:05:24.9873163Z out: ✅ Admin user created (admin / admin123)
build-and-deploy	Deploy to Server via SSH	2026-02-19T20:05:25.0844609Z out:   ℹ️ Admin User already exists: admin
build-and-deploy	Deploy to Server via SSH	2026-02-19T20:05:25.0940944Z out:   ✅ User created: vladislav.shirobokov@gmail.com (Password: 123456)
build-and-deploy	Deploy to Server via SSH	2026-02-19T20:05:25.1349366Z out:   ✅ Event 1: New Retail Forum 2025 (ID: 1)
build-and-deploy	Deploy to Server via SSH	2026-02-19T20:05:25.1540503Z out:   ✅ Event 2: Retail Tech 2026 (ID: 8)
build-and-deploy	Deploy to Server via SSH	2026-02-19T20:05:25.1880901Z out:   ✅ Hall: Трансформер (400 чел.)
build-and-deploy	Deploy to Server via SSH	2026-02-19T20:05:25.2250155Z out:   ✅ Hall: Олимпийский (200 чел.)
build-and-deploy	Deploy to Server via SSH	2026-02-19T20:05:25.2389979Z out:   ✅ Hall: Останкино (250 чел.)
build-and-deploy	Deploy to Server via SSH	2026-02-19T20:05:25.2618344Z out:   ✅ Hall: Крылатское (10 чел.)
build-and-deploy	Deploy to Server via SSH	2026-02-19T20:05:25.2641285Z out:   ✅ Hall: Битца (200 чел.)
build-and-deploy	Deploy to Server via SSH	2026-02-19T20:05:25.3658406Z out:   ✅ Tracks & Sessions for Трансформер (Day 1)
build-and-deploy	Deploy to Server via SSH	2026-02-19T20:05:25.4055153Z out:   ✅ Tracks & Sessions for Олимпийский (Day 1)
build-and-deploy	Deploy to Server via SSH	2026-02-19T20:05:25.4423194Z out:   ✅ Tracks & Sessions for Останкино (Day 1)
build-and-deploy	Deploy to Server via SSH	2026-02-19T20:05:25.4668238Z out:   ✅ Tracks & Sessions for Крылатское (Day 1)
build-and-deploy	Deploy to Server via SSH	2026-02-19T20:05:25.4866420Z out:   ✅ Tracks & Sessions for Битца (Day 1)
build-and-deploy	Deploy to Server via SSH	2026-02-19T20:05:25.4947037Z out:   ✅ Speaker: Алексей Иванов
build-and-deploy	Deploy to Server via SSH	2026-02-19T20:05:25.4997272Z out:   ✅ Speaker: Мария Петрова
build-and-deploy	Deploy to Server via SSH	2026-02-19T20:05:25.5078313Z out:   ✅ Speaker: Дмитрий Сидоров
build-and-deploy	Deploy to Server via SSH	2026-02-19T20:05:25.5162026Z out:   ✅ Speaker: Елена Козлова
build-and-deploy	Deploy to Server via SSH	2026-02-19T20:05:25.5236089Z out:   ✅ Speaker: Сергей Морозов
build-and-deploy	Deploy to Server via SSH	2026-02-19T20:05:25.5236732Z out: 🎉 Seed complete!
build-and-deploy	Deploy to Server via SSH	2026-02-19T20:05:25.5403418Z out: --- DEBUG: CURRENT USERS ---
build-and-deploy	Deploy to Server via SSH	2026-02-19T20:05:25.5403890Z out: User: admin, Role: admin, Password: admin123
build-and-deploy	Deploy to Server via SSH	2026-02-19T20:05:25.5422462Z out: User: vladislav.shirobokov@gmail.com, Role: user, Password: 123456
build-and-deploy	Deploy to Server via SSH	2026-02-19T20:05:25.5423163Z out: ----------------------------
build-and-deploy	Deploy to Server via SSH	2026-02-19T20:05:25.8961571Z out: 🌱  The seed command has been executed.
build-and-deploy	Deploy to Server via SSH	2026-02-19T20:05:29.1417912Z out: Deleted Images:
build-and-deploy	Deploy to Server via SSH	2026-02-19T20:05:29.1419116Z out: untagged: ***/upgrade-backend@sha256:a13b4cd388d3a6282c1a4c2776431abcb204f1d0cca9587525a081f45654a753
build-and-deploy	Deploy to Server via SSH	2026-02-19T20:05:29.1420039Z out: deleted: sha256:140311a8a8904e9d8831291a8a096eb83af913983f81572c630345e223b175d1
build-and-deploy	Deploy to Server via SSH	2026-02-19T20:05:29.1421184Z out: deleted: sha256:1bc6a5506b8079277c68a19ee2d9178aec22f135bb2639d02aefbd98b7ec9606
build-and-deploy	Deploy to Server via SSH	2026-02-19T20:05:29.1421963Z out: deleted: sha256:fc1a8887c3a2628bd21918684f45cc9527be23feddf40bf61231023478fba7b6
build-and-deploy	Deploy to Server via SSH	2026-02-19T20:05:29.1422754Z out: deleted: sha256:31538393982da213d687dfdea45751ffeaab439c2cbef49b20198141d8385b5c
build-and-deploy	Deploy to Server via SSH	2026-02-19T20:05:29.1423534Z out: deleted: sha256:cf501bad5de8b787e425d1b1cfc8af85374d891652221f7a11ae4fbb0aa9ae2f
build-and-deploy	Deploy to Server via SSH	2026-02-19T20:05:29.1424670Z out: deleted: sha256:9fe35e9b6c24f1a2e715a6eb616d138f1db660e3f9436c432d900fcc294911c6
build-and-deploy	Deploy to Server via SSH	2026-02-19T20:05:29.1425482Z out: deleted: sha256:539ef101076f875df0eeedaeb3da87948bcbc93af84eecb2d3a76ac1530777ec
build-and-deploy	Deploy to Server via SSH	2026-02-19T20:05:29.1426437Z out: untagged: ***/upgrade-frontend@sha256:316cc41cc26a0da6d0f1d36b9398b69508fd51391e80d5792fb797dc209cdecd
build-and-deploy	Deploy to Server via SSH	2026-02-19T20:05:29.1427159Z out: deleted: sha256:1a0aabf5c95c57a35758ebb0e5640ba8b823e957abe1b035af63ab9046f05dab
build-and-deploy	Deploy to Server via SSH	2026-02-19T20:05:29.1427787Z out: deleted: sha256:1e7f5fdf8c6657333b88597da47c30ab9825c2264ac1b670f327c3a7150d4789
build-and-deploy	Deploy to Server via SSH	2026-02-19T20:05:29.1428440Z out: deleted: sha256:614df9c4cc7c0932f1cc9e87db168d91fd6c6a215b94e9b81cb2cc50c8ecec52
build-and-deploy	Deploy to Server via SSH	2026-02-19T20:05:29.1428929Z out: Total reclaimed space: 675.3MB
build-and-deploy	Deploy to Server via SSH	2026-02-19T20:05:29.1458034Z out: === RUNNING CONTAINERS ===
build-and-deploy	Deploy to Server via SSH	2026-02-19T20:05:29.1834553Z out: CONTAINER ID   IMAGE                               COMMAND                  CREATED          STATUS                    PORTS                                         NAMES
build-and-deploy	Deploy to Server via SSH	2026-02-19T20:05:29.1837074Z out: a4b63de61413   ***/upgrade-frontend:latest   "/docker-entrypoint.…"   40 seconds ago   Up 33 seconds             0.0.0.0:80->80/tcp, [::]:80->80/tcp           upgrade-crm-frontend-1
build-and-deploy	Deploy to Server via SSH	2026-02-19T20:05:29.1838618Z out: 26af8b803916   ***/upgrade-backend:latest    "docker-entrypoint.s…"   40 seconds ago   Up 34 seconds             0.0.0.0:3000->3000/tcp, [::]:3000->3000/tcp   upgrade-crm-app-1
build-and-deploy	Deploy to Server via SSH	2026-02-19T20:05:29.1839993Z out: fa4535b40bb6   postgres:15-alpine                  "docker-entrypoint.s…"   41 seconds ago   Up 39 seconds (healthy)   5432/tcp                                      upgrade-crm-db-1
build-and-deploy	Deploy to Server via SSH	2026-02-19T20:05:29.1841336Z out: 964f52e57fdf   redis:7-alpine                      "docker-entrypoint.s…"   41 seconds ago   Up 39 seconds             6379/tcp                                      upgrade-crm-redis-1
build-and-deploy	Deploy to Server via SSH	2026-02-19T20:05:29.1881771Z out: === NGINX CONFIG CHECKSUM ===
build-and-deploy	Deploy to Server via SSH	2026-02-19T20:05:29.3901358Z out: server {
build-and-deploy	Deploy to Server via SSH	2026-02-19T20:05:29.3901814Z out:     listen 80;
build-and-deploy	Deploy to Server via SSH	2026-02-19T20:05:29.3902084Z out:     server_name localhost;
build-and-deploy	Deploy to Server via SSH	2026-02-19T20:05:29.3902471Z out:     *** /usr/share/nginx/html;
build-and-deploy	Deploy to Server via SSH	2026-02-19T20:05:29.3902784Z out:     index index.html;
build-and-deploy	Deploy to Server via SSH	2026-02-19T20:05:29.3903052Z out:     location / {
build-and-deploy	Deploy to Server via SSH	2026-02-19T20:05:29.3903335Z out:         try_files $uri $uri/ /index.html;
build-and-deploy	Deploy to Server via SSH	2026-02-19T20:05:29.3903650Z out:     }
build-and-deploy	Deploy to Server via SSH	2026-02-19T20:05:29.3903875Z out:     location ^~ /api/ {
build-and-deploy	Deploy to Server via SSH	2026-02-19T20:05:29.3904388Z out:         proxy_pass http://app:3000;
build-and-deploy	Deploy to Server via SSH	2026-02-19T20:05:29.3904726Z out:         proxy_http_version 1.1;
build-and-deploy	Deploy to Server via SSH	2026-02-19T20:05:29.3905095Z out:         proxy_set_header Upgrade $http_upgrade;
build-and-deploy	Deploy to Server via SSH	2026-02-19T20:05:29.3905470Z out:         proxy_set_header Connection 'upgrade';
build-and-deploy	Deploy to Server via SSH	2026-02-19T20:05:29.3906089Z out:         proxy_set_header Host $host;
build-and-deploy	Deploy to Server via SSH	2026-02-19T20:05:29.3906434Z out:         proxy_cache_bypass $http_upgrade;
build-and-deploy	Deploy to Server via SSH	2026-02-19T20:05:29.3906740Z out:     }
build-and-deploy	Deploy to Server via SSH	2026-02-19T20:05:29.3906960Z out:     location ^~ /auth/ {
build-and-deploy	Deploy to Server via SSH	2026-02-19T20:05:29.3907250Z out:         proxy_pass http://app:3000;
build-and-deploy	Deploy to Server via SSH	2026-02-19T20:05:29.3907565Z out:         proxy_http_version 1.1;
build-and-deploy	Deploy to Server via SSH	2026-02-19T20:05:29.3907893Z out:         proxy_set_header Upgrade $http_upgrade;
build-and-deploy	Deploy to Server via SSH	2026-02-19T20:05:29.3908256Z out:         proxy_set_header Connection 'upgrade';
build-and-deploy	Deploy to Server via SSH	2026-02-19T20:05:29.3908596Z out:         proxy_set_header Host $host;
build-and-deploy	Deploy to Server via SSH	2026-02-19T20:05:29.3908932Z out:         proxy_cache_bypass $http_upgrade;
build-and-deploy	Deploy to Server via SSH	2026-02-19T20:05:29.3909246Z out:     }
build-and-deploy	Deploy to Server via SSH	2026-02-19T20:05:29.3909479Z out:     error_page 500 502 503 504 /50x.html;
build-and-deploy	Deploy to Server via SSH	2026-02-19T20:05:29.3909954Z out:     location = /50x.html {
build-and-deploy	Deploy to Server via SSH	2026-02-19T20:05:29.3910263Z out:         *** /usr/share/nginx/html;
build-and-deploy	Deploy to Server via SSH	2026-02-19T20:05:29.3910547Z out:     }
build-and-deploy	Deploy to Server via SSH	2026-02-19T20:05:29.3910746Z out: }
build-and-deploy	Deploy to Server via SSH	2026-02-19T20:05:29.4093998Z out: === FRONTEND LOGS ===
build-and-deploy	Deploy to Server via SSH	2026-02-19T20:05:29.4488884Z err: 2026/02/19 20:04:55 [notice] 1#1: using the "epoll" event method
build-and-deploy	Deploy to Server via SSH	2026-02-19T20:05:29.4489530Z err: 2026/02/19 20:04:55 [notice] 1#1: nginx/1.29.5
build-and-deploy	Deploy to Server via SSH	2026-02-19T20:05:29.4490260Z out: /docker-entrypoint.sh: /docker-entrypoint.d/ is not empty, will attempt to perform configuration
build-and-deploy	Deploy to Server via SSH	2026-02-19T20:05:29.4491005Z err: 2026/02/19 20:04:55 [notice] 1#1: built by gcc 15.2.0 (Alpine 15.2.0) 
build-and-deploy	Deploy to Server via SSH	2026-02-19T20:05:29.4491553Z out: /docker-entrypoint.sh: Looking for shell scripts in /docker-entrypoint.d/
build-and-deploy	Deploy to Server via SSH	2026-02-19T20:05:29.4492201Z out: /docker-entrypoint.sh: Launching /docker-entrypoint.d/10-listen-on-ipv6-by-default.sh
build-and-deploy	Deploy to Server via SSH	2026-02-19T20:05:29.4492913Z out: 10-listen-on-ipv6-by-default.sh: info: Getting the checksum of /etc/nginx/conf.d/default.conf
build-and-deploy	Deploy to Server via SSH	2026-02-19T20:05:29.4493519Z err: 2026/02/19 20:04:55 [notice] 1#1: OS: Linux 6.8.0-100-generic
build-and-deploy	Deploy to Server via SSH	2026-02-19T20:05:29.4493982Z err: 2026/02/19 20:04:55 [notice] 1#1: getrlimit(RLIMIT_NOFILE): 1048576:1048576
build-and-deploy	Deploy to Server via SSH	2026-02-19T20:05:29.4494623Z err: 2026/02/19 20:04:55 [notice] 1#1: start worker processes
build-and-deploy	Deploy to Server via SSH	2026-02-19T20:05:29.4495039Z err: 2026/02/19 20:04:55 [notice] 1#1: start worker process 29
build-and-deploy	Deploy to Server via SSH	2026-02-19T20:05:29.4495452Z err: 2026/02/19 20:04:55 [notice] 1#1: start worker process 30
build-and-deploy	Deploy to Server via SSH	2026-02-19T20:05:29.4496048Z out: 10-listen-on-ipv6-by-default.sh: info: /etc/nginx/conf.d/default.conf differs from the packaged version
build-and-deploy	Deploy to Server via SSH	2026-02-19T20:05:29.4496758Z out: /docker-entrypoint.sh: Sourcing /docker-entrypoint.d/15-local-resolvers.envsh
build-and-deploy	Deploy to Server via SSH	2026-02-19T20:05:29.4497406Z out: /docker-entrypoint.sh: Launching /docker-entrypoint.d/20-envsubst-on-templates.sh
build-and-deploy	Deploy to Server via SSH	2026-02-19T20:05:29.4498053Z out: /docker-entrypoint.sh: Launching /docker-entrypoint.d/30-tune-worker-processes.sh
build-and-deploy	Deploy to Server via SSH	2026-02-19T20:05:29.4498647Z out: /docker-entrypoint.sh: Configuration complete; ready for start up
build-and-deploy	Deploy to Server via SSH	2026-02-19T20:05:29.4532431Z out: === BACKEND LOGS ===
build-and-deploy	Deploy to Server via SSH	2026-02-19T20:05:29.5017903Z out: [32m[Nest] 1  - [39m02/19/2026, 8:04:56 PM [32m    LOG[39m [38;5;3m[NestFactory] [39m[32mStarting Nest application...[39m
build-and-deploy	Deploy to Server via SSH	2026-02-19T20:05:29.5020215Z out: [32m[Nest] 1  - [39m02/19/2026, 8:04:56 PM [32m    LOG[39m [38;5;3m[InstanceLoader] [39m[32mPrismaModule dependencies initialized[39m[38;5;3m +51ms[39m
build-and-deploy	Deploy to Server via SSH	2026-02-19T20:05:29.5022697Z out: [32m[Nest] 1  - [39m02/19/2026, 8:04:56 PM [32m    LOG[39m [38;5;3m[InstanceLoader] [39m[32mPassportModule dependencies initialized[39m[38;5;3m +1ms[39m
build-and-deploy	Deploy to Server via SSH	2026-02-19T20:05:29.5025144Z out: [32m[Nest] 1  - [39m02/19/2026, 8:04:56 PM [32m    LOG[39m [38;5;3m[InstanceLoader] [39m[32mConfigHostModule dependencies initialized[39m[38;5;3m +1ms[39m
build-and-deploy	Deploy to Server via SSH	2026-02-19T20:05:29.5027510Z out: [32m[Nest] 1  - [39m02/19/2026, 8:04:56 PM [32m    LOG[39m [38;5;3m[InstanceLoader] [39m[32mUsersModule dependencies initialized[39m[38;5;3m +1ms[39m
build-and-deploy	Deploy to Server via SSH	2026-02-19T20:05:29.5029800Z out: [32m[Nest] 1  - [39m02/19/2026, 8:04:56 PM [32m    LOG[39m [38;5;3m[InstanceLoader] [39m[32mConfigModule dependencies initialized[39m[38;5;3m +3ms[39m
build-and-deploy	Deploy to Server via SSH	2026-02-19T20:05:29.5032380Z out: [32m[Nest] 1  - [39m02/19/2026, 8:04:56 PM [32m    LOG[39m [38;5;3m[InstanceLoader] [39m[32mConfigModule dependencies initialized[39m[38;5;3m +0ms[39m
build-and-deploy	Deploy to Server via SSH	2026-02-19T20:05:29.5034487Z out: [32m[Nest] 1  - [39m02/19/2026, 8:04:56 PM [32m    LOG[39m [38;5;3m[InstanceLoader] [39m[32mServeStaticModule dependencies initialized[39m[38;5;3m +0ms[39m
build-and-deploy	Deploy to Server via SSH	2026-02-19T20:05:29.5036366Z out: [32m[Nest] 1  - [39m02/19/2026, 8:04:56 PM [32m    LOG[39m [38;5;3m[InstanceLoader] [39m[32mAppModule dependencies initialized[39m[38;5;3m +1ms[39m
build-and-deploy	Deploy to Server via SSH	2026-02-19T20:05:29.5038178Z out: [32m[Nest] 1  - [39m02/19/2026, 8:04:56 PM [32m    LOG[39m [38;5;3m[InstanceLoader] [39m[32mJwtModule dependencies initialized[39m[38;5;3m +1ms[39m
build-and-deploy	Deploy to Server via SSH	2026-02-19T20:05:29.5040113Z out: [32m[Nest] 1  - [39m02/19/2026, 8:04:56 PM [32m    LOG[39m [38;5;3m[InstanceLoader] [39m[32mEventsModule dependencies initialized[39m[38;5;3m +1ms[39m
build-and-deploy	Deploy to Server via SSH	2026-02-19T20:05:29.5042264Z out: [32m[Nest] 1  - [39m02/19/2026, 8:04:56 PM [32m    LOG[39m [38;5;3m[InstanceLoader] [39m[32mHallsModule dependencies initialized[39m[38;5;3m +0ms[39m
build-and-deploy	Deploy to Server via SSH	2026-02-19T20:05:29.5044327Z out: [32m[Nest] 1  - [39m02/19/2026, 8:04:56 PM [32m    LOG[39m [38;5;3m[InstanceLoader] [39m[32mTracksModule dependencies initialized[39m[38;5;3m +0ms[39m
build-and-deploy	Deploy to Server via SSH	2026-02-19T20:05:29.5046305Z out: [32m[Nest] 1  - [39m02/19/2026, 8:04:56 PM [32m    LOG[39m [38;5;3m[InstanceLoader] [39m[32mSessionsModule dependencies initialized[39m[38;5;3m +0ms[39m
build-and-deploy	Deploy to Server via SSH	2026-02-19T20:05:29.5048302Z out: [32m[Nest] 1  - [39m02/19/2026, 8:04:56 PM [32m    LOG[39m [38;5;3m[InstanceLoader] [39m[32mSpeakersModule dependencies initialized[39m[38;5;3m +1ms[39m
build-and-deploy	Deploy to Server via SSH	2026-02-19T20:05:29.5050234Z out: [32m[Nest] 1  - [39m02/19/2026, 8:04:56 PM [32m    LOG[39m [38;5;3m[InstanceLoader] [39m[32mAuthModule dependencies initialized[39m[38;5;3m +0ms[39m
build-and-deploy	Deploy to Server via SSH	2026-02-19T20:05:29.5052107Z out: [32m[Nest] 1  - [39m02/19/2026, 8:04:56 PM [32m    LOG[39m [38;5;3m[RoutesResolver] [39m[32mEventsController {/api/events}:[39m[38;5;3m +9ms[39m
build-and-deploy	Deploy to Server via SSH	2026-02-19T20:05:29.5054058Z out: [32m[Nest] 1  - [39m02/19/2026, 8:04:56 PM [32m    LOG[39m [38;5;3m[RouterExplorer] [39m[32mMapped {/api/events/:id/full-structure, GET} route[39m[38;5;3m +6ms[39m
build-and-deploy	Deploy to Server via SSH	2026-02-19T20:05:29.5056059Z out: [32m[Nest] 1  - [39m02/19/2026, 8:04:56 PM [32m    LOG[39m [38;5;3m[RouterExplorer] [39m[32mMapped {/api/events/:id, GET} route[39m[38;5;3m +1ms[39m
build-and-deploy	Deploy to Server via SSH	2026-02-19T20:05:29.5057883Z out: [32m[Nest] 1  - [39m02/19/2026, 8:04:56 PM [32m    LOG[39m [38;5;3m[RouterExplorer] [39m[32mMapped {/api/events, GET} route[39m[38;5;3m +2ms[39m
build-and-deploy	Deploy to Server via SSH	2026-02-19T20:05:29.5059710Z out: [32m[Nest] 1  - [39m02/19/2026, 8:04:56 PM [32m    LOG[39m [38;5;3m[RoutesResolver] [39m[32mHallsController {/api/halls}:[39m[38;5;3m +0ms[39m
build-and-deploy	Deploy to Server via SSH	2026-02-19T20:05:29.5061563Z out: [32m[Nest] 1  - [39m02/19/2026, 8:04:56 PM [32m    LOG[39m [38;5;3m[RouterExplorer] [39m[32mMapped {/api/halls, POST} route[39m[38;5;3m +1ms[39m
build-and-deploy	Deploy to Server via SSH	2026-02-19T20:05:29.5063405Z out: [32m[Nest] 1  - [39m02/19/2026, 8:04:56 PM [32m    LOG[39m [38;5;3m[RouterExplorer] [39m[32mMapped {/api/halls, GET} route[39m[38;5;3m +1ms[39m
build-and-deploy	Deploy to Server via SSH	2026-02-19T20:05:29.5065377Z out: [32m[Nest] 1  - [39m02/19/2026, 8:04:56 PM [32m    LOG[39m [38;5;3m[RouterExplorer] [39m[32mMapped {/api/halls/:id, GET} route[39m[38;5;3m +1ms[39m
build-and-deploy	Deploy to Server via SSH	2026-02-19T20:05:29.5067269Z out: [32m[Nest] 1  - [39m02/19/2026, 8:04:56 PM [32m    LOG[39m [38;5;3m[RouterExplorer] [39m[32mMapped {/api/halls/:id, PATCH} route[39m[38;5;3m +1ms[39m
build-and-deploy	Deploy to Server via SSH	2026-02-19T20:05:29.5069133Z out: [32m[Nest] 1  - [39m02/19/2026, 8:04:56 PM [32m    LOG[39m [38;5;3m[RouterExplorer] [39m[32mMapped {/api/halls/:id, DELETE} route[39m[38;5;3m +1ms[39m
build-and-deploy	Deploy to Server via SSH	2026-02-19T20:05:29.5070923Z out: [32m[Nest] 1  - [39m02/19/2026, 8:04:56 PM [32m    LOG[39m [38;5;3m[RoutesResolver] [39m[32mTracksController {/api/tracks}:[39m[38;5;3m +0ms[39m
build-and-deploy	Deploy to Server via SSH	2026-02-19T20:05:29.5072912Z out: [32m[Nest] 1  - [39m02/19/2026, 8:04:56 PM [32m    LOG[39m [38;5;3m[RouterExplorer] [39m[32mMapped {/api/tracks, POST} route[39m[38;5;3m +1ms[39m
build-and-deploy	Deploy to Server via SSH	2026-02-19T20:05:29.5074826Z out: [32m[Nest] 1  - [39m02/19/2026, 8:04:56 PM [32m    LOG[39m [38;5;3m[RouterExplorer] [39m[32mMapped {/api/tracks, GET} route[39m[38;5;3m +1ms[39m
build-and-deploy	Deploy to Server via SSH	2026-02-19T20:05:29.5076691Z out: [32m[Nest] 1  - [39m02/19/2026, 8:04:56 PM [32m    LOG[39m [38;5;3m[RouterExplorer] [39m[32mMapped {/api/tracks/:id, GET} route[39m[38;5;3m +1ms[39m
build-and-deploy	Deploy to Server via SSH	2026-02-19T20:05:29.5078620Z out: [32m[Nest] 1  - [39m02/19/2026, 8:04:56 PM [32m    LOG[39m [38;5;3m[RouterExplorer] [39m[32mMapped {/api/tracks/:id, PATCH} route[39m[38;5;3m +1ms[39m
build-and-deploy	Deploy to Server via SSH	2026-02-19T20:05:29.5080451Z out: [32m[Nest] 1  - [39m02/19/2026, 8:04:56 PM [32m    LOG[39m [38;5;3m[RouterExplorer] [39m[32mMapped {/api/tracks/:id, DELETE} route[39m[38;5;3m +0ms[39m
build-and-deploy	Deploy to Server via SSH	2026-02-19T20:05:29.5082393Z out: [32m[Nest] 1  - [39m02/19/2026, 8:04:56 PM [32m    LOG[39m [38;5;3m[RoutesResolver] [39m[32mSessionsController {/api/sessions}:[39m[38;5;3m +1ms[39m
build-and-deploy	Deploy to Server via SSH	2026-02-19T20:05:29.5084005Z out: [32m[Nest] 1  - [39m02/19/2026, 8:04:56 PM [32m    LOG[39m [38;5;3m[RouterExplorer] [39m[32mMapped {/api/sessions, POST} route[39m[38;5;3m +0ms[39m
build-and-deploy	Deploy to Server via SSH	2026-02-19T20:05:29.5085301Z out: [32m[Nest] 1  - [39m02/19/2026, 8:04:56 PM [32m    LOG[39m [38;5;3m[RouterExplorer] [39m[32mMapped {/api/sessions, GET} route[39m[38;5;3m +1ms[39m
build-and-deploy	Deploy to Server via SSH	2026-02-19T20:05:29.5086545Z out: [32m[Nest] 1  - [39m02/19/2026, 8:04:56 PM [32m    LOG[39m [38;5;3m[RouterExplorer] [39m[32mMapped {/api/sessions/:id, GET} route[39m[38;5;3m +0ms[39m
build-and-deploy	Deploy to Server via SSH	2026-02-19T20:05:29.5088073Z out: [32m[Nest] 1  - [39m02/19/2026, 8:04:56 PM [32m    LOG[39m [38;5;3m[RouterExplorer] [39m[32mMapped {/api/sessions/:id, PATCH} route[39m[38;5;3m +1ms[39m
build-and-deploy	Deploy to Server via SSH	2026-02-19T20:05:29.5089885Z out: [32m[Nest] 1  - [39m02/19/2026, 8:04:56 PM [32m    LOG[39m [38;5;3m[RouterExplorer] [39m[32mMapped {/api/sessions/:id, DELETE} route[39m[38;5;3m +0ms[39m
build-and-deploy	Deploy to Server via SSH	2026-02-19T20:05:29.5091628Z out: [32m[Nest] 1  - [39m02/19/2026, 8:04:56 PM [32m    LOG[39m [38;5;3m[RoutesResolver] [39m[32mSpeakersController {/api/speakers}:[39m[38;5;3m +0ms[39m
build-and-deploy	Deploy to Server via SSH	2026-02-19T20:05:29.5093377Z out: [32m[Nest] 1  - [39m02/19/2026, 8:04:56 PM [32m    LOG[39m [38;5;3m[RouterExplorer] [39m[32mMapped {/api/speakers, POST} route[39m[38;5;3m +1ms[39m
build-and-deploy	Deploy to Server via SSH	2026-02-19T20:05:29.5095292Z out: [32m[Nest] 1  - [39m02/19/2026, 8:04:56 PM [32m    LOG[39m [38;5;3m[RouterExplorer] [39m[32mMapped {/api/speakers, GET} route[39m[38;5;3m +0ms[39m
build-and-deploy	Deploy to Server via SSH	2026-02-19T20:05:29.5096985Z out: [32m[Nest] 1  - [39m02/19/2026, 8:04:56 PM [32m    LOG[39m [38;5;3m[RouterExplorer] [39m[32mMapped {/api/speakers/:id, GET} route[39m[38;5;3m +1ms[39m
build-and-deploy	Deploy to Server via SSH	2026-02-19T20:05:29.5098778Z out: [32m[Nest] 1  - [39m02/19/2026, 8:04:56 PM [32m    LOG[39m [38;5;3m[RouterExplorer] [39m[32mMapped {/api/speakers/:id, PATCH} route[39m[38;5;3m +1ms[39m
build-and-deploy	Deploy to Server via SSH	2026-02-19T20:05:29.5100433Z out: [32m[Nest] 1  - [39m02/19/2026, 8:04:56 PM [32m    LOG[39m [38;5;3m[RouterExplorer] [39m[32mMapped {/api/speakers/:id, DELETE} route[39m[38;5;3m +0ms[39m
build-and-deploy	Deploy to Server via SSH	2026-02-19T20:05:29.5101990Z out: [32m[Nest] 1  - [39m02/19/2026, 8:04:56 PM [32m    LOG[39m [38;5;3m[RoutesResolver] [39m[32mAuthController {/api/auth}:[39m[38;5;3m +1ms[39m
build-and-deploy	Deploy to Server via SSH	2026-02-19T20:05:29.5102964Z out: [32m[Nest] 1  - [39m02/19/2026, 8:04:56 PM [32m    LOG[39m [38;5;3m[RouterExplorer] [39m[32mMapped {/auth/login, POST} route[39m[38;5;3m +0ms[39m
build-and-deploy	Deploy to Server via SSH	2026-02-19T20:05:29.5104420Z out: [32m[Nest] 1  - [39m02/19/2026, 8:04:56 PM [32m    LOG[39m [38;5;3m[RouterExplorer] [39m[32mMapped {/auth/profile, GET} route[39m[38;5;3m +1ms[39m
build-and-deploy	Deploy to Server via SSH	2026-02-19T20:05:29.5105751Z out: [32m[Nest] 1  - [39m02/19/2026, 8:04:56 PM [32m    LOG[39m [38;5;3m[NestApplication] [39m[32mNest application successfully started[39m[38;5;3m +197ms[39m
build-and-deploy	Deploy to Server via SSH	2026-02-19T20:05:29.5106644Z ==============================================
build-and-deploy	Deploy to Server via SSH	2026-02-19T20:05:29.5107634Z ✅ Successfully executed commands to all host.
build-and-deploy	Deploy to Server via SSH	2026-02-19T20:05:29.5108120Z ==============================================
build-and-deploy	Post Build and Push Frontend	﻿2026-02-19T20:05:29.5944987Z Post job cleanup.
build-and-deploy	Post Build and Push Frontend	2026-02-19T20:05:29.8346506Z ##[group]Removing temp folder /home/runner/work/_temp/docker-actions-toolkit-56UdZi
build-and-deploy	Post Build and Push Frontend	2026-02-19T20:05:29.8360549Z ##[endgroup]
build-and-deploy	Post Build and Push Frontend	2026-02-19T20:05:29.8361134Z ##[group]Post cache
build-and-deploy	Post Build and Push Frontend	2026-02-19T20:05:29.8363096Z State not set
build-and-deploy	Post Build and Push Frontend	2026-02-19T20:05:29.8363851Z ##[endgroup]
build-and-deploy	Post Build and Push Backend	﻿2026-02-19T20:05:29.8544010Z Post job cleanup.
build-and-deploy	Post Build and Push Backend	2026-02-19T20:05:30.0790147Z ##[group]Removing temp folder /home/runner/work/_temp/docker-actions-toolkit-QhGc8O
build-and-deploy	Post Build and Push Backend	2026-02-19T20:05:30.0806117Z ##[endgroup]
build-and-deploy	Post Build and Push Backend	2026-02-19T20:05:30.0806722Z ##[group]Post cache
build-and-deploy	Post Build and Push Backend	2026-02-19T20:05:30.0808475Z State not set
build-and-deploy	Post Build and Push Backend	2026-02-19T20:05:30.0809297Z ##[endgroup]
build-and-deploy	Post Log in to Docker Hub	﻿2026-02-19T20:05:30.0930483Z Post job cleanup.
build-and-deploy	Post Log in to Docker Hub	2026-02-19T20:05:30.3982665Z ##[group]Logout from docker.io
build-and-deploy	Post Log in to Docker Hub	2026-02-19T20:05:30.4030911Z [command]/usr/bin/docker logout docker.io
build-and-deploy	Post Log in to Docker Hub	2026-02-19T20:05:30.4159224Z Removing login credentials for docker.io
build-and-deploy	Post Log in to Docker Hub	2026-02-19T20:05:30.4189258Z ##[endgroup]
build-and-deploy	Post Log in to Docker Hub	2026-02-19T20:05:30.4189949Z ##[group]Post cache
build-and-deploy	Post Log in to Docker Hub	2026-02-19T20:05:30.4191497Z State not set
build-and-deploy	Post Log in to Docker Hub	2026-02-19T20:05:30.4192082Z ##[endgroup]
build-and-deploy	Post Checkout code	﻿2026-02-19T20:05:30.4365740Z Post job cleanup.
build-and-deploy	Post Checkout code	2026-02-19T20:05:30.5315646Z [command]/usr/bin/git version
build-and-deploy	Post Checkout code	2026-02-19T20:05:30.5351704Z git version 2.52.0
build-and-deploy	Post Checkout code	2026-02-19T20:05:30.5393806Z Temporarily overriding HOME='/home/runner/work/_temp/68cc46c1-2c49-4a46-873f-21090346fe86' before making global git config changes
build-and-deploy	Post Checkout code	2026-02-19T20:05:30.5394994Z Adding repository directory to the temporary git global config as a safe directory
build-and-deploy	Post Checkout code	2026-02-19T20:05:30.5399633Z [command]/usr/bin/git config --global --add safe.directory /home/runner/work/UPGRADE/UPGRADE
build-and-deploy	Post Checkout code	2026-02-19T20:05:30.5440004Z [command]/usr/bin/git config --local --name-only --get-regexp core\.sshCommand
build-and-deploy	Post Checkout code	2026-02-19T20:05:30.5471845Z [command]/usr/bin/git submodule foreach --recursive sh -c "git config --local --name-only --get-regexp 'core\.sshCommand' && git config --local --unset-all 'core.sshCommand' || :"
build-and-deploy	Post Checkout code	2026-02-19T20:05:30.5697615Z [command]/usr/bin/git config --local --name-only --get-regexp http\.https\:\/\/github\.com\/\.extraheader
build-and-deploy	Post Checkout code	2026-02-19T20:05:30.5718573Z http.https://github.com/.extraheader
build-and-deploy	Post Checkout code	2026-02-19T20:05:30.5731157Z [command]/usr/bin/git config --local --unset-all http.https://github.com/.extraheader
build-and-deploy	Post Checkout code	2026-02-19T20:05:30.5762214Z [command]/usr/bin/git submodule foreach --recursive sh -c "git config --local --name-only --get-regexp 'http\.https\:\/\/github\.com\/\.extraheader' && git config --local --unset-all 'http.https://github.com/.extraheader' || :"
build-and-deploy	Post Checkout code	2026-02-19T20:05:30.5989782Z [command]/usr/bin/git config --local --name-only --get-regexp ^includeIf\.gitdir:
build-and-deploy	Post Checkout code	2026-02-19T20:05:30.6021272Z [command]/usr/bin/git submodule foreach --recursive git config --local --show-origin --name-only --get-regexp remote.origin.url
build-and-deploy	Complete job	﻿2026-02-19T20:05:30.6355628Z Cleaning up orphan processes
