build-and-deploy	Set up job	﻿2026-02-17T00:16:45.8444447Z Current runner version: '2.331.0'
build-and-deploy	Set up job	2026-02-17T00:16:45.8492480Z ##[group]Runner Image Provisioner
build-and-deploy	Set up job	2026-02-17T00:16:45.8494011Z Hosted Compute Agent
build-and-deploy	Set up job	2026-02-17T00:16:45.8494951Z Version: 20260123.484
build-and-deploy	Set up job	2026-02-17T00:16:45.8516707Z Commit: 6bd6555ca37d84114959e1c76d2c01448ff61c5d
build-and-deploy	Set up job	2026-02-17T00:16:45.8518009Z Build Date: 2026-01-23T19:41:17Z
build-and-deploy	Set up job	2026-02-17T00:16:45.8519131Z Worker ID: {f1720561-2fa3-4c9d-9a93-f22f9436aa9c}
build-and-deploy	Set up job	2026-02-17T00:16:45.8520438Z Azure Region: westus3
build-and-deploy	Set up job	2026-02-17T00:16:45.8521401Z ##[endgroup]
build-and-deploy	Set up job	2026-02-17T00:16:45.8523799Z ##[group]Operating System
build-and-deploy	Set up job	2026-02-17T00:16:45.8524840Z Ubuntu
build-and-deploy	Set up job	2026-02-17T00:16:45.8525925Z 24.04.3
build-and-deploy	Set up job	2026-02-17T00:16:45.8526863Z LTS
build-and-deploy	Set up job	2026-02-17T00:16:45.8527654Z ##[endgroup]
build-and-deploy	Set up job	2026-02-17T00:16:45.8528618Z ##[group]Runner Image
build-and-deploy	Set up job	2026-02-17T00:16:45.8529663Z Image: ubuntu-24.04
build-and-deploy	Set up job	2026-02-17T00:16:45.8531085Z Version: 20260209.23.1
build-and-deploy	Set up job	2026-02-17T00:16:45.8532955Z Included Software: https://github.com/actions/runner-images/blob/ubuntu24/20260209.23/images/ubuntu/Ubuntu2404-Readme.md
build-and-deploy	Set up job	2026-02-17T00:16:45.8556115Z Image Release: https://github.com/actions/runner-images/releases/tag/ubuntu24%2F20260209.23
build-and-deploy	Set up job	2026-02-17T00:16:45.8558007Z ##[endgroup]
build-and-deploy	Set up job	2026-02-17T00:16:45.8559994Z ##[group]GITHUB_TOKEN Permissions
build-and-deploy	Set up job	2026-02-17T00:16:45.8563957Z Contents: read
build-and-deploy	Set up job	2026-02-17T00:16:45.8564915Z Metadata: read
build-and-deploy	Set up job	2026-02-17T00:16:45.8566188Z Packages: read
build-and-deploy	Set up job	2026-02-17T00:16:45.8567079Z ##[endgroup]
build-and-deploy	Set up job	2026-02-17T00:16:45.8570107Z Secret source: Actions
build-and-deploy	Set up job	2026-02-17T00:16:45.8571696Z Prepare workflow directory
build-and-deploy	Set up job	2026-02-17T00:16:45.9183561Z Prepare all required actions
build-and-deploy	Set up job	2026-02-17T00:16:45.9263361Z Getting action download info
build-and-deploy	Set up job	2026-02-17T00:16:46.3480381Z Download action repository 'actions/checkout@v4' (SHA:34e114876b0b11c390a56381ad16ebd13914f8d5)
build-and-deploy	Set up job	2026-02-17T00:16:46.4674215Z Download action repository 'docker/login-action@v3' (SHA:c94ce9fb468520275223c153574b00df6fe4bcc9)
build-and-deploy	Set up job	2026-02-17T00:16:47.4148353Z Download action repository 'docker/build-push-action@v5' (SHA:ca052bb54ab0790a636c9b5f226502c73d547a25)
build-and-deploy	Set up job	2026-02-17T00:16:48.3474380Z Download action repository 'appleboy/ssh-action@v1.0.3' (SHA:029f5b4aeeeb58fdfe1410a5d17f967dacf36262)
build-and-deploy	Set up job	2026-02-17T00:16:49.2306648Z Complete job name: build-and-deploy
build-and-deploy	Build appleboy/ssh-action@v1.0.3	﻿2026-02-17T00:16:49.2671911Z ##[group]Build container for action use: '/home/runner/work/_actions/appleboy/ssh-action/v1.0.3/Dockerfile'.
build-and-deploy	Build appleboy/ssh-action@v1.0.3	2026-02-17T00:16:49.2711511Z ##[command]/usr/bin/docker build -t 8c523e:31adadbacbe741e28d144012c9daf11b -f "/home/runner/work/_actions/appleboy/ssh-action/v1.0.3/Dockerfile" "/home/runner/work/_actions/appleboy/ssh-action/v1.0.3"
build-and-deploy	Build appleboy/ssh-action@v1.0.3	2026-02-17T00:16:49.8159734Z #0 building with "default" instance using docker driver
build-and-deploy	Build appleboy/ssh-action@v1.0.3	2026-02-17T00:16:49.8161697Z 
build-and-deploy	Build appleboy/ssh-action@v1.0.3	2026-02-17T00:16:49.8162115Z #1 [internal] load build definition from Dockerfile
build-and-deploy	Build appleboy/ssh-action@v1.0.3	2026-02-17T00:16:49.8162948Z #1 transferring dockerfile: 149B done
build-and-deploy	Build appleboy/ssh-action@v1.0.3	2026-02-17T00:16:49.8163507Z #1 DONE 0.0s
build-and-deploy	Build appleboy/ssh-action@v1.0.3	2026-02-17T00:16:49.8163754Z 
build-and-deploy	Build appleboy/ssh-action@v1.0.3	2026-02-17T00:16:49.8164173Z #2 [internal] load metadata for ghcr.io/appleboy/drone-ssh:1.7.3
build-and-deploy	Build appleboy/ssh-action@v1.0.3	2026-02-17T00:16:50.4272372Z #2 DONE 0.8s
build-and-deploy	Build appleboy/ssh-action@v1.0.3	2026-02-17T00:16:50.6349502Z 
build-and-deploy	Build appleboy/ssh-action@v1.0.3	2026-02-17T00:16:50.6367315Z #3 [internal] load .dockerignore
build-and-deploy	Build appleboy/ssh-action@v1.0.3	2026-02-17T00:16:50.6368823Z #3 transferring context: 2B done
build-and-deploy	Build appleboy/ssh-action@v1.0.3	2026-02-17T00:16:50.6369849Z #3 DONE 0.0s
build-and-deploy	Build appleboy/ssh-action@v1.0.3	2026-02-17T00:16:50.6370699Z 
build-and-deploy	Build appleboy/ssh-action@v1.0.3	2026-02-17T00:16:50.6371103Z #4 [internal] load build context
build-and-deploy	Build appleboy/ssh-action@v1.0.3	2026-02-17T00:16:50.6371963Z #4 transferring context: 108B done
build-and-deploy	Build appleboy/ssh-action@v1.0.3	2026-02-17T00:16:50.6373120Z #4 DONE 0.0s
build-and-deploy	Build appleboy/ssh-action@v1.0.3	2026-02-17T00:16:50.6373584Z 
build-and-deploy	Build appleboy/ssh-action@v1.0.3	2026-02-17T00:16:50.6374447Z #5 [1/2] FROM ghcr.io/appleboy/drone-ssh:1.7.3@sha256:179cbd253771007f2ebcaf7a3860afe059207351de1f3378efafac93bd310158
build-and-deploy	Build appleboy/ssh-action@v1.0.3	2026-02-17T00:16:50.6376730Z #5 resolve ghcr.io/appleboy/drone-ssh:1.7.3@sha256:179cbd253771007f2ebcaf7a3860afe059207351de1f3378efafac93bd310158 0.0s done
build-and-deploy	Build appleboy/ssh-action@v1.0.3	2026-02-17T00:16:50.6378498Z #5 sha256:47353a6f9201a145b687290e5ae0278ac269faf4bb61bee3e9246c37a8d74277 2.44MB / 2.44MB 0.1s done
build-and-deploy	Build appleboy/ssh-action@v1.0.3	2026-02-17T00:16:50.7397932Z #5 sha256:066e5b821e26d8313055e0314c056e6c297847bcf963e5df10e7aa03107f2246 125B / 125B 0.2s done
build-and-deploy	Build appleboy/ssh-action@v1.0.3	2026-02-17T00:16:50.7416307Z #5 sha256:7e20f48a19643465f486f59127b8f4e0f4114bedc8bd5260fb4f92d5fda95f1c 1.20kB / 1.20kB 0.2s done
build-and-deploy	Build appleboy/ssh-action@v1.0.3	2026-02-17T00:16:50.7418131Z #5 sha256:654aaee5654be60f81172539ecd74485cf8bbe2e9137bab0d429862c31c676f6 284.83kB / 284.83kB 0.2s done
build-and-deploy	Build appleboy/ssh-action@v1.0.3	2026-02-17T00:16:50.7419418Z #5 sha256:1207c741d8c9b028d98c4006013f9de959da3c55f85b91ed5e4583438a0112ca 3.38MB / 3.38MB 0.1s done
build-and-deploy	Build appleboy/ssh-action@v1.0.3	2026-02-17T00:16:50.8676629Z #5 extracting sha256:1207c741d8c9b028d98c4006013f9de959da3c55f85b91ed5e4583438a0112ca 0.1s done
build-and-deploy	Build appleboy/ssh-action@v1.0.3	2026-02-17T00:16:50.8682644Z #5 DONE 0.4s
build-and-deploy	Build appleboy/ssh-action@v1.0.3	2026-02-17T00:16:50.9938178Z 
build-and-deploy	Build appleboy/ssh-action@v1.0.3	2026-02-17T00:16:50.9939777Z #5 [1/2] FROM ghcr.io/appleboy/drone-ssh:1.7.3@sha256:179cbd253771007f2ebcaf7a3860afe059207351de1f3378efafac93bd310158
build-and-deploy	Build appleboy/ssh-action@v1.0.3	2026-02-17T00:16:50.9941677Z #5 extracting sha256:654aaee5654be60f81172539ecd74485cf8bbe2e9137bab0d429862c31c676f6 0.0s done
build-and-deploy	Build appleboy/ssh-action@v1.0.3	2026-02-17T00:16:50.9943806Z #5 extracting sha256:7e20f48a19643465f486f59127b8f4e0f4114bedc8bd5260fb4f92d5fda95f1c done
build-and-deploy	Build appleboy/ssh-action@v1.0.3	2026-02-17T00:16:50.9952014Z #5 extracting sha256:066e5b821e26d8313055e0314c056e6c297847bcf963e5df10e7aa03107f2246 done
build-and-deploy	Build appleboy/ssh-action@v1.0.3	2026-02-17T00:16:50.9962879Z #5 extracting sha256:47353a6f9201a145b687290e5ae0278ac269faf4bb61bee3e9246c37a8d74277 0.1s done
build-and-deploy	Build appleboy/ssh-action@v1.0.3	2026-02-17T00:16:50.9964279Z #5 DONE 0.5s
build-and-deploy	Build appleboy/ssh-action@v1.0.3	2026-02-17T00:16:51.0922699Z 
build-and-deploy	Build appleboy/ssh-action@v1.0.3	2026-02-17T00:16:51.0927214Z #6 [2/2] COPY entrypoint.sh /bin/entrypoint.sh
build-and-deploy	Build appleboy/ssh-action@v1.0.3	2026-02-17T00:16:51.0927993Z #6 DONE 0.0s
build-and-deploy	Build appleboy/ssh-action@v1.0.3	2026-02-17T00:16:51.0928523Z 
build-and-deploy	Build appleboy/ssh-action@v1.0.3	2026-02-17T00:16:51.0932029Z #7 exporting to image
build-and-deploy	Build appleboy/ssh-action@v1.0.3	2026-02-17T00:16:51.0933474Z #7 exporting layers 0.1s done
build-and-deploy	Build appleboy/ssh-action@v1.0.3	2026-02-17T00:16:51.0937083Z #7 exporting manifest sha256:11db489c3b7d571f9b8d901a4c35cb7a4c3b4486e4bc1455a4f441f8a23c03fe done
build-and-deploy	Build appleboy/ssh-action@v1.0.3	2026-02-17T00:16:51.0938691Z #7 exporting config sha256:f95b70c27e6acbac4ca2f6373c784905ebee8cdedcd910f0b45205d6afa93a3e done
build-and-deploy	Build appleboy/ssh-action@v1.0.3	2026-02-17T00:16:51.1742878Z #7 exporting attestation manifest sha256:1c322e989256e02fcf5abab8ccc0254f80bf78e278ca18d3ef304c4d0afeb606 done
build-and-deploy	Build appleboy/ssh-action@v1.0.3	2026-02-17T00:16:51.1761246Z #7 exporting manifest list sha256:e2ab570f37c6b992d6c67d15eb1f942c59ff7a591b83ab7322212aee7cb595be done
build-and-deploy	Build appleboy/ssh-action@v1.0.3	2026-02-17T00:16:51.1762791Z #7 naming to docker.io/library/8c523e:31adadbacbe741e28d144012c9daf11b done
build-and-deploy	Build appleboy/ssh-action@v1.0.3	2026-02-17T00:16:51.1764055Z #7 unpacking to docker.io/library/8c523e:31adadbacbe741e28d144012c9daf11b 0.0s done
build-and-deploy	Build appleboy/ssh-action@v1.0.3	2026-02-17T00:16:51.1766069Z #7 DONE 0.1s
build-and-deploy	Build appleboy/ssh-action@v1.0.3	2026-02-17T00:16:51.1807664Z ##[endgroup]
build-and-deploy	Checkout code	﻿2026-02-17T00:16:51.2088184Z ##[group]Run actions/checkout@v4
build-and-deploy	Checkout code	2026-02-17T00:16:51.2088942Z with:
build-and-deploy	Checkout code	2026-02-17T00:16:51.2089343Z   repository: stanisloveme-cloud/UPGRADE
build-and-deploy	Checkout code	2026-02-17T00:16:51.2090006Z   token: ***
build-and-deploy	Checkout code	2026-02-17T00:16:51.2090332Z   ssh-strict: true
build-and-deploy	Checkout code	2026-02-17T00:16:51.2090691Z   ssh-user: git
build-and-deploy	Checkout code	2026-02-17T00:16:51.2091008Z   persist-credentials: true
build-and-deploy	Checkout code	2026-02-17T00:16:51.2091337Z   clean: true
build-and-deploy	Checkout code	2026-02-17T00:16:51.2091669Z   sparse-checkout-cone-mode: true
build-and-deploy	Checkout code	2026-02-17T00:16:51.2092065Z   fetch-depth: 1
build-and-deploy	Checkout code	2026-02-17T00:16:51.2092355Z   fetch-tags: false
build-and-deploy	Checkout code	2026-02-17T00:16:51.2092702Z   show-progress: true
build-and-deploy	Checkout code	2026-02-17T00:16:51.2092995Z   lfs: false
build-and-deploy	Checkout code	2026-02-17T00:16:51.2093348Z   submodules: false
build-and-deploy	Checkout code	2026-02-17T00:16:51.2093678Z   set-safe-directory: true
build-and-deploy	Checkout code	2026-02-17T00:16:51.2094289Z ##[endgroup]
build-and-deploy	Checkout code	2026-02-17T00:16:51.3184828Z Syncing repository: stanisloveme-cloud/UPGRADE
build-and-deploy	Checkout code	2026-02-17T00:16:51.3187538Z ##[group]Getting Git version info
build-and-deploy	Checkout code	2026-02-17T00:16:51.3188535Z Working directory is '/home/runner/work/UPGRADE/UPGRADE'
build-and-deploy	Checkout code	2026-02-17T00:16:51.3189868Z [command]/usr/bin/git version
build-and-deploy	Checkout code	2026-02-17T00:16:51.3192854Z git version 2.52.0
build-and-deploy	Checkout code	2026-02-17T00:16:51.3220357Z ##[endgroup]
build-and-deploy	Checkout code	2026-02-17T00:16:51.3234391Z Temporarily overriding HOME='/home/runner/work/_temp/39fb1b6c-e978-4235-8fd8-f42e63240bab' before making global git config changes
build-and-deploy	Checkout code	2026-02-17T00:16:51.3237382Z Adding repository directory to the temporary git global config as a safe directory
build-and-deploy	Checkout code	2026-02-17T00:16:51.3253258Z [command]/usr/bin/git config --global --add safe.directory /home/runner/work/UPGRADE/UPGRADE
build-and-deploy	Checkout code	2026-02-17T00:16:51.3290898Z Deleting the contents of '/home/runner/work/UPGRADE/UPGRADE'
build-and-deploy	Checkout code	2026-02-17T00:16:51.3295002Z ##[group]Initializing the repository
build-and-deploy	Checkout code	2026-02-17T00:16:51.3300222Z [command]/usr/bin/git init /home/runner/work/UPGRADE/UPGRADE
build-and-deploy	Checkout code	2026-02-17T00:16:51.3373667Z hint: Using 'master' as the name for the initial branch. This default branch name
build-and-deploy	Checkout code	2026-02-17T00:16:51.3376270Z hint: will change to "main" in Git 3.0. To configure the initial branch name
build-and-deploy	Checkout code	2026-02-17T00:16:51.3377287Z hint: to use in all of your new repositories, which will suppress this warning,
build-and-deploy	Checkout code	2026-02-17T00:16:51.3378169Z hint: call:
build-and-deploy	Checkout code	2026-02-17T00:16:51.3378565Z hint:
build-and-deploy	Checkout code	2026-02-17T00:16:51.3379166Z hint: 	git config --global init.defaultBranch <name>
build-and-deploy	Checkout code	2026-02-17T00:16:51.3379887Z hint:
build-and-deploy	Checkout code	2026-02-17T00:16:51.3380496Z hint: Names commonly chosen instead of 'master' are 'main', 'trunk' and
build-and-deploy	Checkout code	2026-02-17T00:16:51.3382353Z hint: 'development'. The just-created branch can be renamed via this command:
build-and-deploy	Checkout code	2026-02-17T00:16:51.3383170Z hint:
build-and-deploy	Checkout code	2026-02-17T00:16:51.3383694Z hint: 	git branch -m <name>
build-and-deploy	Checkout code	2026-02-17T00:16:51.3384237Z hint:
build-and-deploy	Checkout code	2026-02-17T00:16:51.3384898Z hint: Disable this message with "git config set advice.defaultBranchName false"
build-and-deploy	Checkout code	2026-02-17T00:16:51.3387143Z Initialized empty Git repository in /home/runner/work/UPGRADE/UPGRADE/.git/
build-and-deploy	Checkout code	2026-02-17T00:16:51.3392759Z [command]/usr/bin/git remote add origin https://github.com/stanisloveme-cloud/UPGRADE
build-and-deploy	Checkout code	2026-02-17T00:16:51.3425353Z ##[endgroup]
build-and-deploy	Checkout code	2026-02-17T00:16:51.3428007Z ##[group]Disabling automatic garbage collection
build-and-deploy	Checkout code	2026-02-17T00:16:51.3429756Z [command]/usr/bin/git config --local gc.auto 0
build-and-deploy	Checkout code	2026-02-17T00:16:51.3458938Z ##[endgroup]
build-and-deploy	Checkout code	2026-02-17T00:16:51.3459873Z ##[group]Setting up auth
build-and-deploy	Checkout code	2026-02-17T00:16:51.3464691Z [command]/usr/bin/git config --local --name-only --get-regexp core\.sshCommand
build-and-deploy	Checkout code	2026-02-17T00:16:51.3493080Z [command]/usr/bin/git submodule foreach --recursive sh -c "git config --local --name-only --get-regexp 'core\.sshCommand' && git config --local --unset-all 'core.sshCommand' || :"
build-and-deploy	Checkout code	2026-02-17T00:16:51.3781513Z [command]/usr/bin/git config --local --name-only --get-regexp http\.https\:\/\/github\.com\/\.extraheader
build-and-deploy	Checkout code	2026-02-17T00:16:51.3817788Z [command]/usr/bin/git submodule foreach --recursive sh -c "git config --local --name-only --get-regexp 'http\.https\:\/\/github\.com\/\.extraheader' && git config --local --unset-all 'http.https://github.com/.extraheader' || :"
build-and-deploy	Checkout code	2026-02-17T00:16:51.4018572Z [command]/usr/bin/git config --local --name-only --get-regexp ^includeIf\.gitdir:
build-and-deploy	Checkout code	2026-02-17T00:16:51.4047643Z [command]/usr/bin/git submodule foreach --recursive git config --local --show-origin --name-only --get-regexp remote.origin.url
build-and-deploy	Checkout code	2026-02-17T00:16:51.4257141Z [command]/usr/bin/git config --local http.https://github.com/.extraheader AUTHORIZATION: basic ***
build-and-deploy	Checkout code	2026-02-17T00:16:51.4285297Z ##[endgroup]
build-and-deploy	Checkout code	2026-02-17T00:16:51.4287576Z ##[group]Fetching the repository
build-and-deploy	Checkout code	2026-02-17T00:16:51.4294794Z [command]/usr/bin/git -c protocol.version=2 fetch --no-tags --prune --no-recurse-submodules --depth=1 origin +2c7f07bb1e8320f80aa0649ba9379703fadedd47:refs/remotes/origin/main
build-and-deploy	Checkout code	2026-02-17T00:16:52.5121543Z From https://github.com/stanisloveme-cloud/UPGRADE
build-and-deploy	Checkout code	2026-02-17T00:16:52.5126253Z  * [new ref]         2c7f07bb1e8320f80aa0649ba9379703fadedd47 -> origin/main
build-and-deploy	Checkout code	2026-02-17T00:16:52.5152057Z ##[endgroup]
build-and-deploy	Checkout code	2026-02-17T00:16:52.5152816Z ##[group]Determining the checkout info
build-and-deploy	Checkout code	2026-02-17T00:16:52.5154459Z ##[endgroup]
build-and-deploy	Checkout code	2026-02-17T00:16:52.5159782Z [command]/usr/bin/git sparse-checkout disable
build-and-deploy	Checkout code	2026-02-17T00:16:52.5197039Z [command]/usr/bin/git config --local --unset-all extensions.worktreeConfig
build-and-deploy	Checkout code	2026-02-17T00:16:52.5221931Z ##[group]Checking out the ref
build-and-deploy	Checkout code	2026-02-17T00:16:52.5227255Z [command]/usr/bin/git checkout --progress --force -B main refs/remotes/origin/main
build-and-deploy	Checkout code	2026-02-17T00:16:52.6447013Z Switched to a new branch 'main'
build-and-deploy	Checkout code	2026-02-17T00:16:52.6454732Z branch 'main' set up to track 'origin/main'.
build-and-deploy	Checkout code	2026-02-17T00:16:52.6462006Z ##[endgroup]
build-and-deploy	Checkout code	2026-02-17T00:16:52.6513812Z [command]/usr/bin/git log -1 --format=%H
build-and-deploy	Checkout code	2026-02-17T00:16:52.6542927Z 2c7f07bb1e8320f80aa0649ba9379703fadedd47
build-and-deploy	Log in to Docker Hub	﻿2026-02-17T00:16:52.6776319Z ##[group]Run docker/login-action@v3
build-and-deploy	Log in to Docker Hub	2026-02-17T00:16:52.6776684Z with:
build-and-deploy	Log in to Docker Hub	2026-02-17T00:16:52.6777131Z   username: ***
build-and-deploy	Log in to Docker Hub	2026-02-17T00:16:52.6777647Z   password: ***
build-and-deploy	Log in to Docker Hub	2026-02-17T00:16:52.6777976Z   logout: true
build-and-deploy	Log in to Docker Hub	2026-02-17T00:16:52.6778278Z ##[endgroup]
build-and-deploy	Log in to Docker Hub	2026-02-17T00:16:53.0061670Z Logging into docker.io...
build-and-deploy	Log in to Docker Hub	2026-02-17T00:16:53.5031268Z Login Succeeded!
build-and-deploy	Build and Push Backend	﻿2026-02-17T00:16:53.5223586Z ##[group]Run docker/build-push-action@v5
build-and-deploy	Build and Push Backend	2026-02-17T00:16:53.5223899Z with:
build-and-deploy	Build and Push Backend	2026-02-17T00:16:53.5224094Z   context: .
build-and-deploy	Build and Push Backend	2026-02-17T00:16:53.5224300Z   file: Dockerfile
build-and-deploy	Build and Push Backend	2026-02-17T00:16:53.5224520Z   push: true
build-and-deploy	Build and Push Backend	2026-02-17T00:16:53.5224813Z   tags: ***/upgrade-backend:latest
build-and-deploy	Build and Push Backend	2026-02-17T00:16:53.5225180Z   cache-from: type=registry,ref=***/upgrade-backend:buildcache
build-and-deploy	Build and Push Backend	2026-02-17T00:16:53.5226068Z   cache-to: type=registry,ref=***/upgrade-backend:buildcache,mode=max
build-and-deploy	Build and Push Backend	2026-02-17T00:16:53.5226438Z   load: false
build-and-deploy	Build and Push Backend	2026-02-17T00:16:53.5226647Z   no-cache: false
build-and-deploy	Build and Push Backend	2026-02-17T00:16:53.5226867Z   pull: false
build-and-deploy	Build and Push Backend	2026-02-17T00:16:53.5227191Z   github-token: ***
build-and-deploy	Build and Push Backend	2026-02-17T00:16:53.5227410Z ##[endgroup]
build-and-deploy	Build and Push Backend	2026-02-17T00:16:53.7346046Z ##[group]GitHub Actions runtime token ACs
build-and-deploy	Build and Push Backend	2026-02-17T00:16:53.7357468Z refs/heads/main: read/write
build-and-deploy	Build and Push Backend	2026-02-17T00:16:53.7370270Z ##[endgroup]
build-and-deploy	Build and Push Backend	2026-02-17T00:16:53.7371275Z ##[group]Docker info
build-and-deploy	Build and Push Backend	2026-02-17T00:16:53.7401847Z [command]/usr/bin/docker version
build-and-deploy	Build and Push Backend	2026-02-17T00:16:53.7595056Z Client: Docker Engine - Community
build-and-deploy	Build and Push Backend	2026-02-17T00:16:53.7611452Z  Version:           29.1.5
build-and-deploy	Build and Push Backend	2026-02-17T00:16:53.7611934Z  API version:       1.52
build-and-deploy	Build and Push Backend	2026-02-17T00:16:53.7612334Z  Go version:        go1.25.6
build-and-deploy	Build and Push Backend	2026-02-17T00:16:53.7612768Z  Git commit:        0e6fee6
build-and-deploy	Build and Push Backend	2026-02-17T00:16:53.7613213Z  Built:             Fri Jan 16 12:48:47 2026
build-and-deploy	Build and Push Backend	2026-02-17T00:16:53.7613671Z  OS/Arch:           linux/amd64
build-and-deploy	Build and Push Backend	2026-02-17T00:16:53.7614038Z  Context:           default
build-and-deploy	Build and Push Backend	2026-02-17T00:16:53.7614251Z 
build-and-deploy	Build and Push Backend	2026-02-17T00:16:53.7614432Z Server: Docker Engine - Community
build-and-deploy	Build and Push Backend	2026-02-17T00:16:53.7614863Z  Engine:
build-and-deploy	Build and Push Backend	2026-02-17T00:16:53.7615182Z   Version:          29.1.5
build-and-deploy	Build and Push Backend	2026-02-17T00:16:53.7616204Z   API version:      1.52 (minimum version 1.44)
build-and-deploy	Build and Push Backend	2026-02-17T00:16:53.7616740Z   Go version:       go1.25.6
build-and-deploy	Build and Push Backend	2026-02-17T00:16:53.7617208Z   Git commit:       3b01d64
build-and-deploy	Build and Push Backend	2026-02-17T00:16:53.7617651Z   Built:            Fri Jan 16 12:48:47 2026
build-and-deploy	Build and Push Backend	2026-02-17T00:16:53.7618164Z   OS/Arch:          linux/amd64
build-and-deploy	Build and Push Backend	2026-02-17T00:16:53.7618570Z   Experimental:     false
build-and-deploy	Build and Push Backend	2026-02-17T00:16:53.7618951Z  containerd:
build-and-deploy	Build and Push Backend	2026-02-17T00:16:53.7619286Z   Version:          v2.2.1
build-and-deploy	Build and Push Backend	2026-02-17T00:16:53.7619759Z   GitCommit:        dea7da592f5d1d2b7755e3a161be07f43fad8f75
build-and-deploy	Build and Push Backend	2026-02-17T00:16:53.7620311Z  runc:
build-and-deploy	Build and Push Backend	2026-02-17T00:16:53.7620612Z   Version:          1.3.4
build-and-deploy	Build and Push Backend	2026-02-17T00:16:53.7621009Z   GitCommit:        v1.3.4-0-gd6d73eb8
build-and-deploy	Build and Push Backend	2026-02-17T00:16:53.7621473Z  docker-init:
build-and-deploy	Build and Push Backend	2026-02-17T00:16:53.7621795Z   Version:          0.19.0
build-and-deploy	Build and Push Backend	2026-02-17T00:16:53.7622177Z   GitCommit:        de40ad0
build-and-deploy	Build and Push Backend	2026-02-17T00:16:53.7646090Z [command]/usr/bin/docker info
build-and-deploy	Build and Push Backend	2026-02-17T00:16:53.9568172Z Client: Docker Engine - Community
build-and-deploy	Build and Push Backend	2026-02-17T00:16:53.9568879Z  Version:    29.1.5
build-and-deploy	Build and Push Backend	2026-02-17T00:16:53.9569274Z  Context:    default
build-and-deploy	Build and Push Backend	2026-02-17T00:16:53.9569695Z  Debug Mode: false
build-and-deploy	Build and Push Backend	2026-02-17T00:16:53.9570121Z  Plugins:
build-and-deploy	Build and Push Backend	2026-02-17T00:16:53.9570504Z   buildx: Docker Buildx (Docker Inc.)
build-and-deploy	Build and Push Backend	2026-02-17T00:16:53.9571019Z     Version:  v0.31.1
build-and-deploy	Build and Push Backend	2026-02-17T00:16:53.9571552Z     Path:     /usr/libexec/docker/cli-plugins/docker-buildx
build-and-deploy	Build and Push Backend	2026-02-17T00:16:53.9572159Z   compose: Docker Compose (Docker Inc.)
build-and-deploy	Build and Push Backend	2026-02-17T00:16:53.9572622Z     Version:  v2.40.3
build-and-deploy	Build and Push Backend	2026-02-17T00:16:53.9573067Z     Path:     /usr/libexec/docker/cli-plugins/docker-compose
build-and-deploy	Build and Push Backend	2026-02-17T00:16:53.9573434Z 
build-and-deploy	Build and Push Backend	2026-02-17T00:16:53.9573556Z Server:
build-and-deploy	Build and Push Backend	2026-02-17T00:16:53.9573858Z  Containers: 0
build-and-deploy	Build and Push Backend	2026-02-17T00:16:53.9574171Z   Running: 0
build-and-deploy	Build and Push Backend	2026-02-17T00:16:53.9574496Z   Paused: 0
build-and-deploy	Build and Push Backend	2026-02-17T00:16:53.9574787Z   Stopped: 0
build-and-deploy	Build and Push Backend	2026-02-17T00:16:53.9575071Z  Images: 2
build-and-deploy	Build and Push Backend	2026-02-17T00:16:53.9575392Z  Server Version: 29.1.5
build-and-deploy	Build and Push Backend	2026-02-17T00:16:53.9585947Z  Storage Driver: overlayfs
build-and-deploy	Build and Push Backend	2026-02-17T00:16:53.9586513Z   driver-type: io.containerd.snapshotter.v1
build-and-deploy	Build and Push Backend	2026-02-17T00:16:53.9587086Z  Logging Driver: json-file
build-and-deploy	Build and Push Backend	2026-02-17T00:16:53.9587514Z  Cgroup Driver: systemd
build-and-deploy	Build and Push Backend	2026-02-17T00:16:53.9588225Z  Cgroup Version: 2
build-and-deploy	Build and Push Backend	2026-02-17T00:16:53.9588619Z  Plugins:
build-and-deploy	Build and Push Backend	2026-02-17T00:16:53.9588957Z   Volume: local
build-and-deploy	Build and Push Backend	2026-02-17T00:16:53.9589395Z   Network: bridge host ipvlan macvlan null overlay
build-and-deploy	Build and Push Backend	2026-02-17T00:16:53.9590105Z   Log: awslogs fluentd gcplogs gelf journald json-file local splunk syslog
build-and-deploy	Build and Push Backend	2026-02-17T00:16:53.9591038Z  CDI spec directories:
build-and-deploy	Build and Push Backend	2026-02-17T00:16:53.9591433Z   /etc/cdi
build-and-deploy	Build and Push Backend	2026-02-17T00:16:53.9591758Z   /var/run/cdi
build-and-deploy	Build and Push Backend	2026-02-17T00:16:53.9592105Z  Swarm: inactive
build-and-deploy	Build and Push Backend	2026-02-17T00:16:53.9592489Z  Runtimes: io.containerd.runc.v2 runc
build-and-deploy	Build and Push Backend	2026-02-17T00:16:53.9592965Z  Default Runtime: runc
build-and-deploy	Build and Push Backend	2026-02-17T00:16:53.9593460Z  Init Binary: docker-init
build-and-deploy	Build and Push Backend	2026-02-17T00:16:53.9594024Z  containerd version: dea7da592f5d1d2b7755e3a161be07f43fad8f75
build-and-deploy	Build and Push Backend	2026-02-17T00:16:53.9594646Z  runc version: v1.3.4-0-gd6d73eb8
build-and-deploy	Build and Push Backend	2026-02-17T00:16:53.9595107Z  init version: de40ad0
build-and-deploy	Build and Push Backend	2026-02-17T00:16:53.9602363Z  Security Options:
build-and-deploy	Build and Push Backend	2026-02-17T00:16:53.9602976Z   apparmor
build-and-deploy	Build and Push Backend	2026-02-17T00:16:53.9603310Z   seccomp
build-and-deploy	Build and Push Backend	2026-02-17T00:16:53.9603638Z    Profile: builtin
build-and-deploy	Build and Push Backend	2026-02-17T00:16:53.9604014Z   cgroupns
build-and-deploy	Build and Push Backend	2026-02-17T00:16:53.9604369Z  Kernel Version: 6.14.0-1017-azure
build-and-deploy	Build and Push Backend	2026-02-17T00:16:53.9604861Z  Operating System: Ubuntu 24.04.3 LTS
build-and-deploy	Build and Push Backend	2026-02-17T00:16:53.9605334Z  OSType: linux
build-and-deploy	Build and Push Backend	2026-02-17T00:16:53.9616170Z  Architecture: x86_64
build-and-deploy	Build and Push Backend	2026-02-17T00:16:53.9616677Z  CPUs: 2
build-and-deploy	Build and Push Backend	2026-02-17T00:16:53.9617018Z  Total Memory: 7.756GiB
build-and-deploy	Build and Push Backend	2026-02-17T00:16:53.9617427Z  Name: runnervmjduv7
build-and-deploy	Build and Push Backend	2026-02-17T00:16:53.9617829Z  ID: 169aa517-19ec-4d49-bd61-4bb79f5886f6
build-and-deploy	Build and Push Backend	2026-02-17T00:16:53.9618309Z  Docker Root Dir: /var/lib/docker
build-and-deploy	Build and Push Backend	2026-02-17T00:16:53.9618720Z  Debug Mode: false
build-and-deploy	Build and Push Backend	2026-02-17T00:16:53.9619242Z  Username: ***
build-and-deploy	Build and Push Backend	2026-02-17T00:16:53.9619584Z  Experimental: false
build-and-deploy	Build and Push Backend	2026-02-17T00:16:53.9619949Z  Insecure Registries:
build-and-deploy	Build and Push Backend	2026-02-17T00:16:53.9624602Z   ::1/128
build-and-deploy	Build and Push Backend	2026-02-17T00:16:53.9624964Z   127.0.0.0/8
build-and-deploy	Build and Push Backend	2026-02-17T00:16:53.9625322Z  Live Restore Enabled: false
build-and-deploy	Build and Push Backend	2026-02-17T00:16:53.9626062Z  Firewall Backend: iptables
build-and-deploy	Build and Push Backend	2026-02-17T00:16:53.9626315Z 
build-and-deploy	Build and Push Backend	2026-02-17T00:16:53.9626907Z ##[endgroup]
build-and-deploy	Build and Push Backend	2026-02-17T00:16:53.9627603Z ##[group]Proxy configuration
build-and-deploy	Build and Push Backend	2026-02-17T00:16:53.9628042Z No proxy configuration found
build-and-deploy	Build and Push Backend	2026-02-17T00:16:53.9628685Z ##[endgroup]
build-and-deploy	Build and Push Backend	2026-02-17T00:16:54.0339233Z ##[group]Buildx version
build-and-deploy	Build and Push Backend	2026-02-17T00:16:54.0340433Z [command]/usr/bin/docker buildx version
build-and-deploy	Build and Push Backend	2026-02-17T00:16:54.1098059Z github.com/docker/buildx v0.31.1 a2675950d46b2cb171b23c2015ca44fb88607531
build-and-deploy	Build and Push Backend	2026-02-17T00:16:54.1127204Z ##[endgroup]
build-and-deploy	Build and Push Backend	2026-02-17T00:16:54.1127900Z ##[group]Builder info
build-and-deploy	Build and Push Backend	2026-02-17T00:16:54.2530331Z {
build-and-deploy	Build and Push Backend	2026-02-17T00:16:54.2541907Z   "nodes": [
build-and-deploy	Build and Push Backend	2026-02-17T00:16:54.2542297Z     {
build-and-deploy	Build and Push Backend	2026-02-17T00:16:54.2542623Z       "name": "default",
build-and-deploy	Build and Push Backend	2026-02-17T00:16:54.2543037Z       "endpoint": "default",
build-and-deploy	Build and Push Backend	2026-02-17T00:16:54.2543440Z       "status": "running",
build-and-deploy	Build and Push Backend	2026-02-17T00:16:54.2543863Z       "buildkit": "v0.26.3",
build-and-deploy	Build and Push Backend	2026-02-17T00:16:54.2544516Z       "platforms": "linux/amd64,linux/amd64/v2,linux/amd64/v3,linux/amd64/v4",
build-and-deploy	Build and Push Backend	2026-02-17T00:16:54.2545185Z       "features": {
build-and-deploy	Build and Push Backend	2026-02-17T00:16:54.2546767Z         "Automatically load images to the Docker Engine image store": true,
build-and-deploy	Build and Push Backend	2026-02-17T00:16:54.2547505Z         "Cache export": true,
build-and-deploy	Build and Push Backend	2026-02-17T00:16:54.2547879Z         "Direct push": true,
build-and-deploy	Build and Push Backend	2026-02-17T00:16:54.2548280Z         "Docker exporter": true,
build-and-deploy	Build and Push Backend	2026-02-17T00:16:54.2548722Z         "Multi-platform build": true,
build-and-deploy	Build and Push Backend	2026-02-17T00:16:54.2549174Z         "OCI exporter": true
build-and-deploy	Build and Push Backend	2026-02-17T00:16:54.2549529Z       },
build-and-deploy	Build and Push Backend	2026-02-17T00:16:54.2549814Z       "labels": {
build-and-deploy	Build and Push Backend	2026-02-17T00:16:54.2550403Z         "org.mobyproject.buildkit.worker.apparmor.profile": "docker-default",
build-and-deploy	Build and Push Backend	2026-02-17T00:16:54.2551296Z         "org.mobyproject.buildkit.worker.containerd.namespace": "moby",
build-and-deploy	Build and Push Backend	2026-02-17T00:16:54.2552271Z         "org.mobyproject.buildkit.worker.containerd.uuid": "1d24cf55-4f30-453a-b931-c9265de8620e",
build-and-deploy	Build and Push Backend	2026-02-17T00:16:54.2553202Z         "org.mobyproject.buildkit.worker.executor": "containerd",
build-and-deploy	Build and Push Backend	2026-02-17T00:16:54.2553975Z         "org.mobyproject.buildkit.worker.hostname": "runnervmjduv7",
build-and-deploy	Build and Push Backend	2026-02-17T00:16:54.2554849Z         "org.mobyproject.buildkit.worker.moby.host-gateway-ip": "172.17.0.1",
build-and-deploy	Build and Push Backend	2026-02-17T00:16:54.2556417Z         "org.mobyproject.buildkit.worker.network": "host",
build-and-deploy	Build and Push Backend	2026-02-17T00:16:54.2557130Z         "org.mobyproject.buildkit.worker.selinux.enabled": "false",
build-and-deploy	Build and Push Backend	2026-02-17T00:16:54.2557910Z         "org.mobyproject.buildkit.worker.snapshotter": "overlayfs"
build-and-deploy	Build and Push Backend	2026-02-17T00:16:54.2558724Z       },
build-and-deploy	Build and Push Backend	2026-02-17T00:16:54.2559033Z       "gcPolicy": [
build-and-deploy	Build and Push Backend	2026-02-17T00:16:54.2559400Z         {
build-and-deploy	Build and Push Backend	2026-02-17T00:16:54.2559729Z           "all": false,
build-and-deploy	Build and Push Backend	2026-02-17T00:16:54.2560093Z           "filter": [
build-and-deploy	Build and Push Backend	2026-02-17T00:16:54.2560446Z             "type==source.local",
build-and-deploy	Build and Push Backend	2026-02-17T00:16:54.2560905Z             "type==exec.cachemount",
build-and-deploy	Build and Push Backend	2026-02-17T00:16:54.2561374Z             "type==source.git.checkout"
build-and-deploy	Build and Push Backend	2026-02-17T00:16:54.2561828Z           ],
build-and-deploy	Build and Push Backend	2026-02-17T00:16:54.2562180Z           "keepDuration": "48h0m0s"
build-and-deploy	Build and Push Backend	2026-02-17T00:16:54.2562596Z         },
build-and-deploy	Build and Push Backend	2026-02-17T00:16:54.2562889Z         {
build-and-deploy	Build and Push Backend	2026-02-17T00:16:54.2563205Z           "all": false,
build-and-deploy	Build and Push Backend	2026-02-17T00:16:54.2563583Z           "keepDuration": "1440h0m0s"
build-and-deploy	Build and Push Backend	2026-02-17T00:16:54.2563981Z         },
build-and-deploy	Build and Push Backend	2026-02-17T00:16:54.2564267Z         {
build-and-deploy	Build and Push Backend	2026-02-17T00:16:54.2564559Z           "all": false
build-and-deploy	Build and Push Backend	2026-02-17T00:16:54.2564906Z         },
build-and-deploy	Build and Push Backend	2026-02-17T00:16:54.2565219Z         {
build-and-deploy	Build and Push Backend	2026-02-17T00:16:54.2565689Z           "all": true
build-and-deploy	Build and Push Backend	2026-02-17T00:16:54.2565986Z         }
build-and-deploy	Build and Push Backend	2026-02-17T00:16:54.2566275Z       ]
build-and-deploy	Build and Push Backend	2026-02-17T00:16:54.2566574Z     }
build-and-deploy	Build and Push Backend	2026-02-17T00:16:54.2566864Z   ],
build-and-deploy	Build and Push Backend	2026-02-17T00:16:54.2567151Z   "name": "default",
build-and-deploy	Build and Push Backend	2026-02-17T00:16:54.2567517Z   "driver": "docker",
build-and-deploy	Build and Push Backend	2026-02-17T00:16:54.2567901Z   "lastActivity": "2026-02-17T00:16:49.000Z"
build-and-deploy	Build and Push Backend	2026-02-17T00:16:54.2568335Z }
build-and-deploy	Build and Push Backend	2026-02-17T00:16:54.2569756Z ##[endgroup]
build-and-deploy	Build and Push Backend	2026-02-17T00:16:54.4009149Z [command]/usr/bin/docker buildx build --cache-from type=registry,ref=***/upgrade-backend:buildcache --cache-to type=registry,ref=***/upgrade-backend:buildcache,mode=max --file Dockerfile --iidfile /home/runner/work/_temp/docker-actions-toolkit-lIhJ5b/build-iidfile-3f6bf53150.txt --tag ***/upgrade-backend:latest --metadata-file /home/runner/work/_temp/docker-actions-toolkit-lIhJ5b/build-metadata-347a08aa40.json --push .
build-and-deploy	Build and Push Backend	2026-02-17T00:16:54.6501425Z #0 building with "default" instance using docker driver
build-and-deploy	Build and Push Backend	2026-02-17T00:16:54.6502531Z 
build-and-deploy	Build and Push Backend	2026-02-17T00:16:54.6502901Z #1 [internal] load build definition from Dockerfile
build-and-deploy	Build and Push Backend	2026-02-17T00:16:54.6503583Z #1 transferring dockerfile: 413B done
build-and-deploy	Build and Push Backend	2026-02-17T00:16:54.6504130Z #1 DONE 0.0s
build-and-deploy	Build and Push Backend	2026-02-17T00:16:54.6504378Z 
build-and-deploy	Build and Push Backend	2026-02-17T00:16:54.6506008Z #2 [internal] load metadata for docker.io/library/node:20-alpine
build-and-deploy	Build and Push Backend	2026-02-17T00:16:54.8166774Z #2 ...
build-and-deploy	Build and Push Backend	2026-02-17T00:16:54.8167113Z 
build-and-deploy	Build and Push Backend	2026-02-17T00:16:54.8167415Z #3 [auth] library/node:pull token for registry-1.docker.io
build-and-deploy	Build and Push Backend	2026-02-17T00:16:54.8167962Z #3 DONE 0.0s
build-and-deploy	Build and Push Backend	2026-02-17T00:16:54.9668449Z 
build-and-deploy	Build and Push Backend	2026-02-17T00:16:54.9670072Z #2 [internal] load metadata for docker.io/library/node:20-alpine
build-and-deploy	Build and Push Backend	2026-02-17T00:16:55.3910323Z #2 DONE 0.9s
build-and-deploy	Build and Push Backend	2026-02-17T00:16:55.5661575Z 
build-and-deploy	Build and Push Backend	2026-02-17T00:16:55.5663185Z #4 [internal] load .dockerignore
build-and-deploy	Build and Push Backend	2026-02-17T00:16:55.5663843Z #4 transferring context: 91B done
build-and-deploy	Build and Push Backend	2026-02-17T00:16:55.5664403Z #4 DONE 0.0s
build-and-deploy	Build and Push Backend	2026-02-17T00:16:55.5664644Z 
build-and-deploy	Build and Push Backend	2026-02-17T00:16:55.5664834Z #5 [internal] load build context
build-and-deploy	Build and Push Backend	2026-02-17T00:16:55.5665342Z #5 DONE 0.0s
build-and-deploy	Build and Push Backend	2026-02-17T00:16:55.5665712Z 
build-and-deploy	Build and Push Backend	2026-02-17T00:16:55.5666481Z #6 [ 1/10] FROM docker.io/library/node:20-alpine@sha256:09e2b3d9726018aecf269bd35325f46bf75046a643a66d28360ec71132750ec8
build-and-deploy	Build and Push Backend	2026-02-17T00:16:55.5668318Z #6 resolve docker.io/library/node:20-alpine@sha256:09e2b3d9726018aecf269bd35325f46bf75046a643a66d28360ec71132750ec8 0.0s done
build-and-deploy	Build and Push Backend	2026-02-17T00:16:55.5669382Z #6 DONE 0.0s
build-and-deploy	Build and Push Backend	2026-02-17T00:16:55.5669601Z 
build-and-deploy	Build and Push Backend	2026-02-17T00:16:55.5670121Z #7 importing cache manifest from ***/upgrade-backend:buildcache
build-and-deploy	Build and Push Backend	2026-02-17T00:16:55.7179108Z #7 ...
build-and-deploy	Build and Push Backend	2026-02-17T00:16:55.7179449Z 
build-and-deploy	Build and Push Backend	2026-02-17T00:16:55.7180102Z #8 [auth] ***/upgrade-backend:pull token for registry-1.docker.io
build-and-deploy	Build and Push Backend	2026-02-17T00:16:55.7180683Z #8 DONE 0.0s
build-and-deploy	Build and Push Backend	2026-02-17T00:16:55.8680776Z 
build-and-deploy	Build and Push Backend	2026-02-17T00:16:55.8682043Z #7 importing cache manifest from ***/upgrade-backend:buildcache
build-and-deploy	Build and Push Backend	2026-02-17T00:16:55.9583337Z #7 inferred cache manifest type: application/vnd.oci.image.manifest.v1+json done
build-and-deploy	Build and Push Backend	2026-02-17T00:16:56.2099367Z #7 DONE 0.8s
build-and-deploy	Build and Push Backend	2026-02-17T00:16:56.3266580Z 
build-and-deploy	Build and Push Backend	2026-02-17T00:16:56.3268345Z #5 [internal] load build context
build-and-deploy	Build and Push Backend	2026-02-17T00:16:56.3272196Z #5 transferring context: 707.07kB 0.0s done
build-and-deploy	Build and Push Backend	2026-02-17T00:16:56.3272697Z #5 DONE 0.0s
build-and-deploy	Build and Push Backend	2026-02-17T00:16:56.3272968Z 
build-and-deploy	Build and Push Backend	2026-02-17T00:16:56.3273896Z #9 [ 5/10] COPY client/package*.json client/
build-and-deploy	Build and Push Backend	2026-02-17T00:16:56.3275055Z #9 CACHED
build-and-deploy	Build and Push Backend	2026-02-17T00:16:56.3275241Z 
build-and-deploy	Build and Push Backend	2026-02-17T00:16:56.3275370Z #10 [ 2/10] WORKDIR /app
build-and-deploy	Build and Push Backend	2026-02-17T00:16:56.3275900Z #10 CACHED
build-and-deploy	Build and Push Backend	2026-02-17T00:16:56.3276067Z 
build-and-deploy	Build and Push Backend	2026-02-17T00:16:56.3276895Z #11 [ 3/10] COPY package*.json ./
build-and-deploy	Build and Push Backend	2026-02-17T00:16:56.3278093Z #11 CACHED
build-and-deploy	Build and Push Backend	2026-02-17T00:16:56.3278283Z 
build-and-deploy	Build and Push Backend	2026-02-17T00:16:56.3278432Z #12 [ 4/10] RUN npm ci
build-and-deploy	Build and Push Backend	2026-02-17T00:16:56.3278784Z #12 CACHED
build-and-deploy	Build and Push Backend	2026-02-17T00:16:56.3278964Z 
build-and-deploy	Build and Push Backend	2026-02-17T00:16:56.3279125Z #13 [ 6/10] RUN cd client && npm ci
build-and-deploy	Build and Push Backend	2026-02-17T00:16:56.3279547Z #13 CACHED
build-and-deploy	Build and Push Backend	2026-02-17T00:16:56.4798932Z 
build-and-deploy	Build and Push Backend	2026-02-17T00:16:56.4799691Z #13 [ 6/10] RUN cd client && npm ci
build-and-deploy	Build and Push Backend	2026-02-17T00:16:56.4842213Z #13 sha256:d9094f2b79bb6b081600434a54baca41a158b5fb5e18a38e1f64fd2fe7119507 0B / 81.77MB 0.2s
build-and-deploy	Build and Push Backend	2026-02-17T00:16:56.6265166Z #13 sha256:e1ee4e599053b6aea1650d3e4605964b687b75e0c545a908b4fbca1a3f02a473 43.61kB / 43.61kB 0.3s done
build-and-deploy	Build and Push Backend	2026-02-17T00:16:56.6268074Z #13 sha256:3a4a2cc714bebdd1c6f3d89aa18fb7b5da10efbdd3d2a8a8f9f3fcb7c11257de 0B / 228.43MB 0.2s
build-and-deploy	Build and Push Backend	2026-02-17T00:16:56.6270184Z #13 sha256:06aa7a6e195a9ac43770fdea11f7acdc66ad8de6d7d84e00c6ed707081f18abc 0B / 96.96kB 0.2s
build-and-deploy	Build and Push Backend	2026-02-17T00:16:56.7805823Z #13 sha256:d9094f2b79bb6b081600434a54baca41a158b5fb5e18a38e1f64fd2fe7119507 8.39MB / 81.77MB 0.3s
build-and-deploy	Build and Push Backend	2026-02-17T00:16:56.7812848Z #13 sha256:06aa7a6e195a9ac43770fdea11f7acdc66ad8de6d7d84e00c6ed707081f18abc 96.96kB / 96.96kB 0.3s done
build-and-deploy	Build and Push Backend	2026-02-17T00:16:56.7814033Z #13 sha256:1b100f0c4d8d2f5b76484f9e31ed3f6b5764e9a7fbe538e9f38057541b03d6e1 0B / 93B 0.2s
build-and-deploy	Build and Push Backend	2026-02-17T00:16:56.9230977Z #13 sha256:1b100f0c4d8d2f5b76484f9e31ed3f6b5764e9a7fbe538e9f38057541b03d6e1 93B / 93B 0.2s done
build-and-deploy	Build and Push Backend	2026-02-17T00:16:56.9233317Z #13 sha256:e31b2016552274339ed88ed4a438d78bf37e0f6bdf328d02207b2a598c1ef86d 445B / 445B 0.1s done
build-and-deploy	Build and Push Backend	2026-02-17T00:16:56.9234411Z #13 sha256:eb87f4721c91769ed5206f34a9ab6ec98fc1d5235c12c2fc956665b1155e9ecb 1.26MB / 1.26MB 0.1s done
build-and-deploy	Build and Push Backend	2026-02-17T00:16:57.0734425Z #13 sha256:d9094f2b79bb6b081600434a54baca41a158b5fb5e18a38e1f64fd2fe7119507 12.58MB / 81.77MB 0.6s
build-and-deploy	Build and Push Backend	2026-02-17T00:16:57.0739286Z #13 sha256:3a4a2cc714bebdd1c6f3d89aa18fb7b5da10efbdd3d2a8a8f9f3fcb7c11257de 27.26MB / 228.43MB 0.6s
build-and-deploy	Build and Push Backend	2026-02-17T00:16:57.0740699Z #13 sha256:ad6d96c196e3198e14ea37df8bba4f54bf92fb525eb65e49fa4027c7dee13f80 0B / 42.78MB 0.2s
build-and-deploy	Build and Push Backend	2026-02-17T00:16:57.0742021Z #13 sha256:589002ba0eaed121a1dbf42f6648f29e5be55d5c8a6ee0f8eaa0285cc21ac153 2.10MB / 3.86MB 0.2s
build-and-deploy	Build and Push Backend	2026-02-17T00:16:57.2343997Z #13 sha256:ad6d96c196e3198e14ea37df8bba4f54bf92fb525eb65e49fa4027c7dee13f80 14.68MB / 42.78MB 0.3s
build-and-deploy	Build and Push Backend	2026-02-17T00:16:57.2346427Z #13 sha256:589002ba0eaed121a1dbf42f6648f29e5be55d5c8a6ee0f8eaa0285cc21ac153 3.86MB / 3.86MB 0.2s done
build-and-deploy	Build and Push Backend	2026-02-17T00:16:57.2347586Z #13 extracting sha256:589002ba0eaed121a1dbf42f6648f29e5be55d5c8a6ee0f8eaa0285cc21ac153
build-and-deploy	Build and Push Backend	2026-02-17T00:16:57.3351758Z #13 sha256:3a4a2cc714bebdd1c6f3d89aa18fb7b5da10efbdd3d2a8a8f9f3fcb7c11257de 40.89MB / 228.43MB 0.9s
build-and-deploy	Build and Push Backend	2026-02-17T00:16:57.3353056Z #13 sha256:ad6d96c196e3198e14ea37df8bba4f54bf92fb525eb65e49fa4027c7dee13f80 42.78MB / 42.78MB 0.5s done
build-and-deploy	Build and Push Backend	2026-02-17T00:16:57.3354173Z #13 extracting sha256:589002ba0eaed121a1dbf42f6648f29e5be55d5c8a6ee0f8eaa0285cc21ac153 0.2s done
build-and-deploy	Build and Push Backend	2026-02-17T00:16:57.3355197Z #13 extracting sha256:ad6d96c196e3198e14ea37df8bba4f54bf92fb525eb65e49fa4027c7dee13f80
build-and-deploy	Build and Push Backend	2026-02-17T00:16:57.5357539Z #13 sha256:d9094f2b79bb6b081600434a54baca41a158b5fb5e18a38e1f64fd2fe7119507 17.83MB / 81.77MB 1.2s
build-and-deploy	Build and Push Backend	2026-02-17T00:16:57.5362793Z #13 sha256:3a4a2cc714bebdd1c6f3d89aa18fb7b5da10efbdd3d2a8a8f9f3fcb7c11257de 57.67MB / 228.43MB 1.1s
build-and-deploy	Build and Push Backend	2026-02-17T00:16:57.6839165Z #13 sha256:d9094f2b79bb6b081600434a54baca41a158b5fb5e18a38e1f64fd2fe7119507 34.60MB / 81.77MB 1.4s
build-and-deploy	Build and Push Backend	2026-02-17T00:16:57.6840789Z #13 sha256:3a4a2cc714bebdd1c6f3d89aa18fb7b5da10efbdd3d2a8a8f9f3fcb7c11257de 71.30MB / 228.43MB 1.2s
build-and-deploy	Build and Push Backend	2026-02-17T00:16:57.8346702Z #13 sha256:d9094f2b79bb6b081600434a54baca41a158b5fb5e18a38e1f64fd2fe7119507 59.77MB / 81.77MB 1.5s
build-and-deploy	Build and Push Backend	2026-02-17T00:16:57.9852356Z #13 sha256:d9094f2b79bb6b081600434a54baca41a158b5fb5e18a38e1f64fd2fe7119507 81.77MB / 81.77MB 1.7s
build-and-deploy	Build and Push Backend	2026-02-17T00:16:58.1389366Z #13 sha256:d9094f2b79bb6b081600434a54baca41a158b5fb5e18a38e1f64fd2fe7119507 81.77MB / 81.77MB 1.7s done
build-and-deploy	Build and Push Backend	2026-02-17T00:16:58.2887237Z #13 sha256:3a4a2cc714bebdd1c6f3d89aa18fb7b5da10efbdd3d2a8a8f9f3fcb7c11257de 83.89MB / 228.43MB 2.0s
build-and-deploy	Build and Push Backend	2026-02-17T00:16:58.5886467Z #13 extracting sha256:ad6d96c196e3198e14ea37df8bba4f54bf92fb525eb65e49fa4027c7dee13f80 1.1s done
build-and-deploy	Build and Push Backend	2026-02-17T00:16:58.5887322Z #13 extracting sha256:eb87f4721c91769ed5206f34a9ab6ec98fc1d5235c12c2fc956665b1155e9ecb 0.0s done
build-and-deploy	Build and Push Backend	2026-02-17T00:16:58.5888059Z #13 extracting sha256:e31b2016552274339ed88ed4a438d78bf37e0f6bdf328d02207b2a598c1ef86d done
build-and-deploy	Build and Push Backend	2026-02-17T00:16:58.5888815Z #13 extracting sha256:1b100f0c4d8d2f5b76484f9e31ed3f6b5764e9a7fbe538e9f38057541b03d6e1 done
build-and-deploy	Build and Push Backend	2026-02-17T00:16:58.5889520Z #13 extracting sha256:06aa7a6e195a9ac43770fdea11f7acdc66ad8de6d7d84e00c6ed707081f18abc done
build-and-deploy	Build and Push Backend	2026-02-17T00:16:59.1888221Z #13 sha256:3a4a2cc714bebdd1c6f3d89aa18fb7b5da10efbdd3d2a8a8f9f3fcb7c11257de 95.42MB / 228.43MB 2.9s
build-and-deploy	Build and Push Backend	2026-02-17T00:17:00.2385899Z #13 sha256:3a4a2cc714bebdd1c6f3d89aa18fb7b5da10efbdd3d2a8a8f9f3fcb7c11257de 125.83MB / 228.43MB 3.9s
build-and-deploy	Build and Push Backend	2026-02-17T00:17:00.3882689Z #13 sha256:3a4a2cc714bebdd1c6f3d89aa18fb7b5da10efbdd3d2a8a8f9f3fcb7c11257de 149.95MB / 228.43MB 4.1s
build-and-deploy	Build and Push Backend	2026-02-17T00:17:00.5389902Z #13 sha256:3a4a2cc714bebdd1c6f3d89aa18fb7b5da10efbdd3d2a8a8f9f3fcb7c11257de 180.36MB / 228.43MB 4.2s
build-and-deploy	Build and Push Backend	2026-02-17T00:17:00.6914498Z #13 sha256:3a4a2cc714bebdd1c6f3d89aa18fb7b5da10efbdd3d2a8a8f9f3fcb7c11257de 211.81MB / 228.43MB 4.4s
build-and-deploy	Build and Push Backend	2026-02-17T00:17:00.8391207Z #13 sha256:3a4a2cc714bebdd1c6f3d89aa18fb7b5da10efbdd3d2a8a8f9f3fcb7c11257de 228.43MB / 228.43MB 4.5s
build-and-deploy	Build and Push Backend	2026-02-17T00:17:01.5712839Z #13 sha256:3a4a2cc714bebdd1c6f3d89aa18fb7b5da10efbdd3d2a8a8f9f3fcb7c11257de 228.43MB / 228.43MB 5.2s done
build-and-deploy	Build and Push Backend	2026-02-17T00:17:01.5713851Z #13 DONE 5.3s
build-and-deploy	Build and Push Backend	2026-02-17T00:17:01.7245013Z 
build-and-deploy	Build and Push Backend	2026-02-17T00:17:01.7246963Z #13 [ 6/10] RUN cd client && npm ci
build-and-deploy	Build and Push Backend	2026-02-17T00:17:01.7248135Z #13 extracting sha256:3a4a2cc714bebdd1c6f3d89aa18fb7b5da10efbdd3d2a8a8f9f3fcb7c11257de
build-and-deploy	Build and Push Backend	2026-02-17T00:17:07.9481689Z #13 extracting sha256:3a4a2cc714bebdd1c6f3d89aa18fb7b5da10efbdd3d2a8a8f9f3fcb7c11257de 6.4s done
build-and-deploy	Build and Push Backend	2026-02-17T00:17:07.9483457Z #13 DONE 11.7s
build-and-deploy	Build and Push Backend	2026-02-17T00:17:08.1049787Z 
build-and-deploy	Build and Push Backend	2026-02-17T00:17:08.1051719Z #13 [ 6/10] RUN cd client && npm ci
build-and-deploy	Build and Push Backend	2026-02-17T00:17:08.1053075Z #13 extracting sha256:e1ee4e599053b6aea1650d3e4605964b687b75e0c545a908b4fbca1a3f02a473 done
build-and-deploy	Build and Push Backend	2026-02-17T00:17:08.1054488Z #13 extracting sha256:d9094f2b79bb6b081600434a54baca41a158b5fb5e18a38e1f64fd2fe7119507
build-and-deploy	Build and Push Backend	2026-02-17T00:17:14.5628673Z #13 extracting sha256:d9094f2b79bb6b081600434a54baca41a158b5fb5e18a38e1f64fd2fe7119507 6.6s done
build-and-deploy	Build and Push Backend	2026-02-17T00:17:14.5630857Z #13 DONE 18.3s
build-and-deploy	Build and Push Backend	2026-02-17T00:17:14.7143254Z 
build-and-deploy	Build and Push Backend	2026-02-17T00:17:14.7146219Z #14 [ 7/10] COPY . .
build-and-deploy	Build and Push Backend	2026-02-17T00:17:17.8192307Z #14 DONE 3.3s
build-and-deploy	Build and Push Backend	2026-02-17T00:17:17.9707400Z 
build-and-deploy	Build and Push Backend	2026-02-17T00:17:17.9709384Z #15 [ 8/10] RUN cd client && npm run build
build-and-deploy	Build and Push Backend	2026-02-17T00:17:18.1278161Z #15 0.307 
build-and-deploy	Build and Push Backend	2026-02-17T00:17:18.1281901Z #15 0.307 > client@0.0.0 build
build-and-deploy	Build and Push Backend	2026-02-17T00:17:18.1282455Z #15 0.307 > tsc -b && vite build
build-and-deploy	Build and Push Backend	2026-02-17T00:17:18.1282889Z #15 0.307 
build-and-deploy	Build and Push Backend	2026-02-17T00:17:26.1721796Z #15 8.352 vite v7.3.1 building client environment for production...
build-and-deploy	Build and Push Backend	2026-02-17T00:17:26.4028151Z #15 8.431 transforming...
build-and-deploy	Build and Push Backend	2026-02-17T00:17:46.3691855Z #15 28.55 ✓ 9937 modules transformed.
build-and-deploy	Build and Push Backend	2026-02-17T00:17:47.7653601Z #15 29.94 rendering chunks...
build-and-deploy	Build and Push Backend	2026-02-17T00:17:47.9994618Z #15 29.97 computing gzip size...
build-and-deploy	Build and Push Backend	2026-02-17T00:17:47.9997929Z #15 30.02 dist/index.html                     0.45 kB │ gzip:   0.29 kB
build-and-deploy	Build and Push Backend	2026-02-17T00:17:47.9998670Z #15 30.02 dist/assets/index-CvivjFEo.css      1.19 kB │ gzip:   0.57 kB
build-and-deploy	Build and Push Backend	2026-02-17T00:17:47.9999853Z #15 30.02 dist/assets/index-QPYDWiLk.js   1,968.52 kB │ gzip: 628.13 kB
build-and-deploy	Build and Push Backend	2026-02-17T00:17:48.0000338Z #15 30.02 
build-and-deploy	Build and Push Backend	2026-02-17T00:17:48.0000763Z #15 30.02 (!) Some chunks are larger than 500 kB after minification. Consider:
build-and-deploy	Build and Push Backend	2026-02-17T00:17:48.0001521Z #15 30.02 - Using dynamic import() to code-split the application
build-and-deploy	Build and Push Backend	2026-02-17T00:17:48.0002508Z #15 30.02 - Use build.rollupOptions.output.manualChunks to improve chunking: https://rollupjs.org/configuration-options/#output-manualchunks
build-and-deploy	Build and Push Backend	2026-02-17T00:17:48.0003557Z #15 30.02 - Adjust chunk size limit for this warning via build.chunkSizeWarningLimit.
build-and-deploy	Build and Push Backend	2026-02-17T00:17:48.0004217Z #15 30.02 ✓ built in 21.62s
build-and-deploy	Build and Push Backend	2026-02-17T00:17:48.0330008Z #15 DONE 30.2s
build-and-deploy	Build and Push Backend	2026-02-17T00:17:48.1860133Z 
build-and-deploy	Build and Push Backend	2026-02-17T00:17:48.1861472Z #16 [ 9/10] RUN npx prisma generate
build-and-deploy	Build and Push Backend	2026-02-17T00:17:49.6947134Z #16 1.659 Loaded Prisma config from prisma.config.ts.
build-and-deploy	Build and Push Backend	2026-02-17T00:17:49.6949515Z #16 1.659 
build-and-deploy	Build and Push Backend	2026-02-17T00:17:49.8717144Z #16 1.834 Prisma schema loaded from prisma/schema.prisma.
build-and-deploy	Build and Push Backend	2026-02-17T00:17:50.4864863Z #16 2.450 
build-and-deploy	Build and Push Backend	2026-02-17T00:17:50.4866812Z #16 2.450 ✔ Generated Prisma Client (v7.4.0) to ./node_modules/@prisma/client in 336ms
build-and-deploy	Build and Push Backend	2026-02-17T00:17:50.4868372Z #16 2.450 
build-and-deploy	Build and Push Backend	2026-02-17T00:17:50.4869084Z #16 2.450 Start by importing your Prisma Client (See: https://pris.ly/d/importing-client)
build-and-deploy	Build and Push Backend	2026-02-17T00:17:50.4869839Z #16 2.450 
build-and-deploy	Build and Push Backend	2026-02-17T00:17:50.4870146Z #16 2.450 
build-and-deploy	Build and Push Backend	2026-02-17T00:17:50.6866664Z #16 DONE 2.5s
build-and-deploy	Build and Push Backend	2026-02-17T00:17:50.6868895Z 
build-and-deploy	Build and Push Backend	2026-02-17T00:17:50.6869171Z #17 [10/10] RUN npm run build
build-and-deploy	Build and Push Backend	2026-02-17T00:17:50.8219929Z #17 0.286 
build-and-deploy	Build and Push Backend	2026-02-17T00:17:50.8221281Z #17 0.286 > upgrade-crm@0.0.1 build
build-and-deploy	Build and Push Backend	2026-02-17T00:17:50.8222443Z #17 0.286 > nest build
build-and-deploy	Build and Push Backend	2026-02-17T00:17:50.8223513Z #17 0.286 
build-and-deploy	Build and Push Backend	2026-02-17T00:17:56.4755212Z #17 DONE 5.9s
build-and-deploy	Build and Push Backend	2026-02-17T00:17:56.6324839Z 
build-and-deploy	Build and Push Backend	2026-02-17T00:17:56.6326802Z #18 exporting to image
build-and-deploy	Build and Push Backend	2026-02-17T00:17:56.6327990Z #18 exporting layers
build-and-deploy	Build and Push Backend	2026-02-17T00:17:56.9105337Z #18 exporting layers 0.4s done
build-and-deploy	Build and Push Backend	2026-02-17T00:17:57.0920874Z #18 exporting manifest sha256:50c1a41b8e10f468e9d16a445bb7458b6fba93849d17cb24b214b9481ab879a4 done
build-and-deploy	Build and Push Backend	2026-02-17T00:17:57.0922926Z #18 exporting config sha256:951ea729287d7368322441d61b750f116230b2ce4a7fd6ae99afa759b96bc96b done
build-and-deploy	Build and Push Backend	2026-02-17T00:17:57.0923787Z #18 exporting attestation manifest sha256:1be796f2e7da75f2ce85a42175e31476943b2f7ae9b3da5ca570665b39674340 done
build-and-deploy	Build and Push Backend	2026-02-17T00:17:57.0924630Z #18 exporting manifest list sha256:7768aa22323ac77a0a469dbd1d7f569d213071ce67b729079971717161eaa0d8 done
build-and-deploy	Build and Push Backend	2026-02-17T00:17:57.0925615Z #18 naming to docker.io/***/upgrade-backend:latest done
build-and-deploy	Build and Push Backend	2026-02-17T00:17:57.0926050Z #18 pushing layers
build-and-deploy	Build and Push Backend	2026-02-17T00:17:57.2638810Z #18 ...
build-and-deploy	Build and Push Backend	2026-02-17T00:17:57.2639177Z 
build-and-deploy	Build and Push Backend	2026-02-17T00:17:57.2639991Z #19 [auth] ***/upgrade-backend:pull,push token for registry-1.docker.io
build-and-deploy	Build and Push Backend	2026-02-17T00:17:57.2640780Z #19 DONE 0.0s
build-and-deploy	Build and Push Backend	2026-02-17T00:17:57.4141082Z 
build-and-deploy	Build and Push Backend	2026-02-17T00:17:57.4141914Z #18 exporting to image
build-and-deploy	Build and Push Backend	2026-02-17T00:17:59.4321187Z #18 pushing layers 2.5s done
build-and-deploy	Build and Push Backend	2026-02-17T00:17:59.4322553Z #18 pushing manifest for docker.io/***/upgrade-backend:latest@sha256:7768aa22323ac77a0a469dbd1d7f569d213071ce67b729079971717161eaa0d8
build-and-deploy	Build and Push Backend	2026-02-17T00:18:01.9597165Z #18 pushing manifest for docker.io/***/upgrade-backend:latest@sha256:7768aa22323ac77a0a469dbd1d7f569d213071ce67b729079971717161eaa0d8 2.5s done
build-and-deploy	Build and Push Backend	2026-02-17T00:18:02.1273487Z #18 DONE 5.5s
build-and-deploy	Build and Push Backend	2026-02-17T00:18:02.1275891Z 
build-and-deploy	Build and Push Backend	2026-02-17T00:18:02.1277152Z #20 exporting cache to registry
build-and-deploy	Build and Push Backend	2026-02-17T00:18:02.1278433Z #20 preparing build cache for export
build-and-deploy	Build and Push Backend	2026-02-17T00:18:02.1418972Z #20 writing layer sha256:06aa7a6e195a9ac43770fdea11f7acdc66ad8de6d7d84e00c6ed707081f18abc
build-and-deploy	Build and Push Backend	2026-02-17T00:18:02.2603469Z #20 writing layer sha256:06aa7a6e195a9ac43770fdea11f7acdc66ad8de6d7d84e00c6ed707081f18abc 0.1s done
build-and-deploy	Build and Push Backend	2026-02-17T00:18:02.2604727Z #20 writing layer sha256:1b100f0c4d8d2f5b76484f9e31ed3f6b5764e9a7fbe538e9f38057541b03d6e1 0.1s done
build-and-deploy	Build and Push Backend	2026-02-17T00:18:02.2605864Z #20 writing layer sha256:3a4a2cc714bebdd1c6f3d89aa18fb7b5da10efbdd3d2a8a8f9f3fcb7c11257de
build-and-deploy	Build and Push Backend	2026-02-17T00:18:02.3768929Z #20 writing layer sha256:3a4a2cc714bebdd1c6f3d89aa18fb7b5da10efbdd3d2a8a8f9f3fcb7c11257de 0.1s done
build-and-deploy	Build and Push Backend	2026-02-17T00:18:02.3770238Z #20 writing layer sha256:3c9b9e6d9ebed4cbc4299ec8d52ef2ceaaa1fba1d985a231ec87e3c246fe5644 0.1s done
build-and-deploy	Build and Push Backend	2026-02-17T00:18:02.3771508Z #20 writing layer sha256:576cbbdb77dbbdbf986ed43a47a20c09d0ee4fa52d1456bab441a6e9f0248445
build-and-deploy	Build and Push Backend	2026-02-17T00:18:02.4950367Z #20 writing layer sha256:576cbbdb77dbbdbf986ed43a47a20c09d0ee4fa52d1456bab441a6e9f0248445 0.1s done
build-and-deploy	Build and Push Backend	2026-02-17T00:18:02.4951459Z #20 writing layer sha256:589002ba0eaed121a1dbf42f6648f29e5be55d5c8a6ee0f8eaa0285cc21ac153
build-and-deploy	Build and Push Backend	2026-02-17T00:18:02.6140206Z #20 writing layer sha256:589002ba0eaed121a1dbf42f6648f29e5be55d5c8a6ee0f8eaa0285cc21ac153 0.1s done
build-and-deploy	Build and Push Backend	2026-02-17T00:18:02.6141384Z #20 writing layer sha256:69e8e375cc7eb0b4488bd91307bf8bcb83661ce609438461ad4a87f2a7bf83f3 0.1s done
build-and-deploy	Build and Push Backend	2026-02-17T00:18:02.6142325Z #20 writing layer sha256:8b1240cc3f9b336e2c468b2ef73ea8d57fb8ad24fc39ffdbc34a110c3a32fc7b
build-and-deploy	Build and Push Backend	2026-02-17T00:18:02.7395031Z #20 writing layer sha256:8b1240cc3f9b336e2c468b2ef73ea8d57fb8ad24fc39ffdbc34a110c3a32fc7b 0.1s done
build-and-deploy	Build and Push Backend	2026-02-17T00:18:02.7396494Z #20 writing layer sha256:ad6d96c196e3198e14ea37df8bba4f54bf92fb525eb65e49fa4027c7dee13f80 0.1s done
build-and-deploy	Build and Push Backend	2026-02-17T00:18:02.7397620Z #20 writing layer sha256:d9094f2b79bb6b081600434a54baca41a158b5fb5e18a38e1f64fd2fe7119507
build-and-deploy	Build and Push Backend	2026-02-17T00:18:02.8620456Z #20 writing layer sha256:d9094f2b79bb6b081600434a54baca41a158b5fb5e18a38e1f64fd2fe7119507 0.1s done
build-and-deploy	Build and Push Backend	2026-02-17T00:18:02.8622471Z #20 writing layer sha256:e1ee4e599053b6aea1650d3e4605964b687b75e0c545a908b4fbca1a3f02a473 0.1s done
build-and-deploy	Build and Push Backend	2026-02-17T00:18:02.8623565Z #20 writing layer sha256:e31b2016552274339ed88ed4a438d78bf37e0f6bdf328d02207b2a598c1ef86d
build-and-deploy	Build and Push Backend	2026-02-17T00:18:02.9830555Z #20 writing layer sha256:e31b2016552274339ed88ed4a438d78bf37e0f6bdf328d02207b2a598c1ef86d 0.1s done
build-and-deploy	Build and Push Backend	2026-02-17T00:18:02.9831656Z #20 writing layer sha256:eb87f4721c91769ed5206f34a9ab6ec98fc1d5235c12c2fc956665b1155e9ecb 0.1s done
build-and-deploy	Build and Push Backend	2026-02-17T00:18:02.9832411Z #20 writing config sha256:9e411a5f83c8371842adb9ae0e5591af4bdbf60ac09f630c81a7c0b271b7ca8c
build-and-deploy	Build and Push Backend	2026-02-17T00:18:03.8208306Z #20 writing config sha256:9e411a5f83c8371842adb9ae0e5591af4bdbf60ac09f630c81a7c0b271b7ca8c 0.8s done
build-and-deploy	Build and Push Backend	2026-02-17T00:18:03.8209856Z #20 writing cache image manifest sha256:115f1c02ffed784f5d8474e926107df8afe7182ce38c405193127d11de502c17
build-and-deploy	Build and Push Backend	2026-02-17T00:18:05.5508994Z #20 preparing build cache for export 3.6s done
build-and-deploy	Build and Push Backend	2026-02-17T00:18:05.5517142Z #20 writing cache image manifest sha256:115f1c02ffed784f5d8474e926107df8afe7182ce38c405193127d11de502c17 1.7s done
build-and-deploy	Build and Push Backend	2026-02-17T00:18:05.5519132Z #20 DONE 3.6s
build-and-deploy	Build and Push Backend	2026-02-17T00:18:05.6077827Z 
build-and-deploy	Build and Push Backend	2026-02-17T00:18:05.6079518Z #21 resolving provenance for metadata file
build-and-deploy	Build and Push Backend	2026-02-17T00:18:05.6080043Z #21 DONE 0.0s
build-and-deploy	Build and Push Backend	2026-02-17T00:18:05.6123699Z ##[group]ImageID
build-and-deploy	Build and Push Backend	2026-02-17T00:18:05.6124757Z sha256:7768aa22323ac77a0a469dbd1d7f569d213071ce67b729079971717161eaa0d8
build-and-deploy	Build and Push Backend	2026-02-17T00:18:05.6126247Z ##[endgroup]
build-and-deploy	Build and Push Backend	2026-02-17T00:18:05.6127171Z ##[group]Digest
build-and-deploy	Build and Push Backend	2026-02-17T00:18:05.6127980Z sha256:7768aa22323ac77a0a469dbd1d7f569d213071ce67b729079971717161eaa0d8
build-and-deploy	Build and Push Backend	2026-02-17T00:18:05.6129122Z ##[endgroup]
build-and-deploy	Build and Push Backend	2026-02-17T00:18:05.6129848Z ##[group]Metadata
build-and-deploy	Build and Push Backend	2026-02-17T00:18:05.6130296Z {
build-and-deploy	Build and Push Backend	2026-02-17T00:18:05.6136963Z   "buildx.build.provenance": {
build-and-deploy	Build and Push Backend	2026-02-17T00:18:05.6137455Z     "builder": {
build-and-deploy	Build and Push Backend	2026-02-17T00:18:05.6137825Z       "id": ""
build-and-deploy	Build and Push Backend	2026-02-17T00:18:05.6138142Z     },
build-and-deploy	Build and Push Backend	2026-02-17T00:18:05.6138595Z     "buildType": "https://mobyproject.org/buildkit@v1",
build-and-deploy	Build and Push Backend	2026-02-17T00:18:05.6139160Z     "materials": [
build-and-deploy	Build and Push Backend	2026-02-17T00:18:05.6139503Z       {
build-and-deploy	Build and Push Backend	2026-02-17T00:18:05.6140002Z         "uri": "pkg:docker/node@20-alpine?platform=linux%2Famd64",
build-and-deploy	Build and Push Backend	2026-02-17T00:18:05.6140606Z         "digest": {
build-and-deploy	Build and Push Backend	2026-02-17T00:18:05.6141213Z           "sha256": "09e2b3d9726018aecf269bd35325f46bf75046a643a66d28360ec71132750ec8"
build-and-deploy	Build and Push Backend	2026-02-17T00:18:05.6141921Z         }
build-and-deploy	Build and Push Backend	2026-02-17T00:18:05.6142242Z       }
build-and-deploy	Build and Push Backend	2026-02-17T00:18:05.6142559Z     ],
build-and-deploy	Build and Push Backend	2026-02-17T00:18:05.6142890Z     "invocation": {
build-and-deploy	Build and Push Backend	2026-02-17T00:18:05.6143275Z       "configSource": {
build-and-deploy	Build and Push Backend	2026-02-17T00:18:05.6143717Z         "entryPoint": "Dockerfile"
build-and-deploy	Build and Push Backend	2026-02-17T00:18:05.6144486Z       },
build-and-deploy	Build and Push Backend	2026-02-17T00:18:05.6144837Z       "parameters": {
build-and-deploy	Build and Push Backend	2026-02-17T00:18:05.6145290Z         "frontend": "dockerfile.v0",
build-and-deploy	Build and Push Backend	2026-02-17T00:18:05.6145889Z         "locals": [
build-and-deploy	Build and Push Backend	2026-02-17T00:18:05.6146416Z           {
build-and-deploy	Build and Push Backend	2026-02-17T00:18:05.6146772Z             "name": "context"
build-and-deploy	Build and Push Backend	2026-02-17T00:18:05.6147188Z           },
build-and-deploy	Build and Push Backend	2026-02-17T00:18:05.6147534Z           {
build-and-deploy	Build and Push Backend	2026-02-17T00:18:05.6147880Z             "name": "dockerfile"
build-and-deploy	Build and Push Backend	2026-02-17T00:18:05.6148306Z           }
build-and-deploy	Build and Push Backend	2026-02-17T00:18:05.6148658Z         ]
build-and-deploy	Build and Push Backend	2026-02-17T00:18:05.6148992Z       },
build-and-deploy	Build and Push Backend	2026-02-17T00:18:05.6149351Z       "environment": {
build-and-deploy	Build and Push Backend	2026-02-17T00:18:05.6149818Z         "platform": "linux/amd64"
build-and-deploy	Build and Push Backend	2026-02-17T00:18:05.6150256Z       }
build-and-deploy	Build and Push Backend	2026-02-17T00:18:05.6150578Z     }
build-and-deploy	Build and Push Backend	2026-02-17T00:18:05.6150880Z   },
build-and-deploy	Build and Push Backend	2026-02-17T00:18:05.6151351Z   "buildx.build.ref": "default/default/m1c2om0jj1vcyj5zslu74v026",
build-and-deploy	Build and Push Backend	2026-02-17T00:18:05.6152832Z   "cache.manifest": "{\"mediaType\":\"application/vnd.oci.image.manifest.v1+json\",\"digest\":\"sha256:115f1c02ffed784f5d8474e926107df8afe7182ce38c405193127d11de502c17\",\"size\":4536}",
build-and-deploy	Build and Push Backend	2026-02-17T00:18:05.6154287Z   "containerimage.descriptor": {
build-and-deploy	Build and Push Backend	2026-02-17T00:18:05.6154802Z     "mediaType": "application/vnd.oci.image.index.v1+json",
build-and-deploy	Build and Push Backend	2026-02-17T00:18:05.6155762Z     "digest": "sha256:7768aa22323ac77a0a469dbd1d7f569d213071ce67b729079971717161eaa0d8",
build-and-deploy	Build and Push Backend	2026-02-17T00:18:05.6156431Z     "size": 856
build-and-deploy	Build and Push Backend	2026-02-17T00:18:05.6156771Z   },
build-and-deploy	Build and Push Backend	2026-02-17T00:18:05.6157433Z   "containerimage.digest": "sha256:7768aa22323ac77a0a469dbd1d7f569d213071ce67b729079971717161eaa0d8",
build-and-deploy	Build and Push Backend	2026-02-17T00:18:05.6158658Z   "image.name": "docker.io/***/upgrade-backend:latest"
build-and-deploy	Build and Push Backend	2026-02-17T00:18:05.6159223Z }
build-and-deploy	Build and Push Backend	2026-02-17T00:18:05.6159843Z ##[endgroup]
build-and-deploy	Build and Push Frontend	﻿2026-02-17T00:18:05.6268943Z ##[group]Run docker/build-push-action@v5
build-and-deploy	Build and Push Frontend	2026-02-17T00:18:05.6269250Z with:
build-and-deploy	Build and Push Frontend	2026-02-17T00:18:05.6269464Z   context: ./client
build-and-deploy	Build and Push Frontend	2026-02-17T00:18:05.6269837Z   file: client/Dockerfile
build-and-deploy	Build and Push Frontend	2026-02-17T00:18:05.6270181Z   push: true
build-and-deploy	Build and Push Frontend	2026-02-17T00:18:05.6270479Z   tags: ***/upgrade-frontend:latest
build-and-deploy	Build and Push Frontend	2026-02-17T00:18:05.6270857Z   cache-from: type=registry,ref=***/upgrade-frontend:buildcache
build-and-deploy	Build and Push Frontend	2026-02-17T00:18:05.6271364Z   cache-to: type=registry,ref=***/upgrade-frontend:buildcache,mode=max
build-and-deploy	Build and Push Frontend	2026-02-17T00:18:05.6271723Z   load: false
build-and-deploy	Build and Push Frontend	2026-02-17T00:18:05.6271925Z   no-cache: false
build-and-deploy	Build and Push Frontend	2026-02-17T00:18:05.6272143Z   pull: false
build-and-deploy	Build and Push Frontend	2026-02-17T00:18:05.6272483Z   github-token: ***
build-and-deploy	Build and Push Frontend	2026-02-17T00:18:05.6272700Z ##[endgroup]
build-and-deploy	Build and Push Frontend	2026-02-17T00:18:05.8489673Z ##[group]GitHub Actions runtime token ACs
build-and-deploy	Build and Push Frontend	2026-02-17T00:18:05.8513660Z refs/heads/main: read/write
build-and-deploy	Build and Push Frontend	2026-02-17T00:18:05.8514852Z ##[endgroup]
build-and-deploy	Build and Push Frontend	2026-02-17T00:18:05.8515904Z ##[group]Docker info
build-and-deploy	Build and Push Frontend	2026-02-17T00:18:05.8560003Z [command]/usr/bin/docker version
build-and-deploy	Build and Push Frontend	2026-02-17T00:18:05.8867612Z Client: Docker Engine - Community
build-and-deploy	Build and Push Frontend	2026-02-17T00:18:05.8868285Z  Version:           29.1.5
build-and-deploy	Build and Push Frontend	2026-02-17T00:18:05.8868695Z  API version:       1.52
build-and-deploy	Build and Push Frontend	2026-02-17T00:18:05.8869101Z  Go version:        go1.25.6
build-and-deploy	Build and Push Frontend	2026-02-17T00:18:05.8869523Z  Git commit:        0e6fee6
build-and-deploy	Build and Push Frontend	2026-02-17T00:18:05.8869972Z  Built:             Fri Jan 16 12:48:47 2026
build-and-deploy	Build and Push Frontend	2026-02-17T00:18:05.8870466Z  OS/Arch:           linux/amd64
build-and-deploy	Build and Push Frontend	2026-02-17T00:18:05.8870852Z  Context:           default
build-and-deploy	Build and Push Frontend	2026-02-17T00:18:05.8871070Z 
build-and-deploy	Build and Push Frontend	2026-02-17T00:18:05.8871217Z Server: Docker Engine - Community
build-and-deploy	Build and Push Frontend	2026-02-17T00:18:05.8871573Z  Engine:
build-and-deploy	Build and Push Frontend	2026-02-17T00:18:05.8871898Z   Version:          29.1.5
build-and-deploy	Build and Push Frontend	2026-02-17T00:18:05.8872311Z   API version:      1.52 (minimum version 1.44)
build-and-deploy	Build and Push Frontend	2026-02-17T00:18:05.8872759Z   Go version:       go1.25.6
build-and-deploy	Build and Push Frontend	2026-02-17T00:18:05.8873154Z   Git commit:       3b01d64
build-and-deploy	Build and Push Frontend	2026-02-17T00:18:05.8873572Z   Built:            Fri Jan 16 12:48:47 2026
build-and-deploy	Build and Push Frontend	2026-02-17T00:18:05.8874031Z   OS/Arch:          linux/amd64
build-and-deploy	Build and Push Frontend	2026-02-17T00:18:05.8874452Z   Experimental:     false
build-and-deploy	Build and Push Frontend	2026-02-17T00:18:05.8874853Z  containerd:
build-and-deploy	Build and Push Frontend	2026-02-17T00:18:05.8875171Z   Version:          v2.2.1
build-and-deploy	Build and Push Frontend	2026-02-17T00:18:05.8875767Z   GitCommit:        dea7da592f5d1d2b7755e3a161be07f43fad8f75
build-and-deploy	Build and Push Frontend	2026-02-17T00:18:05.8876259Z  runc:
build-and-deploy	Build and Push Frontend	2026-02-17T00:18:05.8876546Z   Version:          1.3.4
build-and-deploy	Build and Push Frontend	2026-02-17T00:18:05.8877334Z   GitCommit:        v1.3.4-0-gd6d73eb8
build-and-deploy	Build and Push Frontend	2026-02-17T00:18:05.8877776Z  docker-init:
build-and-deploy	Build and Push Frontend	2026-02-17T00:18:05.8878145Z   Version:          0.19.0
build-and-deploy	Build and Push Frontend	2026-02-17T00:18:05.8878551Z   GitCommit:        de40ad0
build-and-deploy	Build and Push Frontend	2026-02-17T00:18:05.8942154Z [command]/usr/bin/docker info
build-and-deploy	Build and Push Frontend	2026-02-17T00:18:05.9521866Z Client: Docker Engine - Community
build-and-deploy	Build and Push Frontend	2026-02-17T00:18:05.9525164Z  Version:    29.1.5
build-and-deploy	Build and Push Frontend	2026-02-17T00:18:05.9527254Z  Context:    default
build-and-deploy	Build and Push Frontend	2026-02-17T00:18:05.9528783Z  Debug Mode: false
build-and-deploy	Build and Push Frontend	2026-02-17T00:18:05.9529865Z  Plugins:
build-and-deploy	Build and Push Frontend	2026-02-17T00:18:05.9531510Z   buildx: Docker Buildx (Docker Inc.)
build-and-deploy	Build and Push Frontend	2026-02-17T00:18:05.9531944Z     Version:  v0.31.1
build-and-deploy	Build and Push Frontend	2026-02-17T00:18:05.9533805Z     Path:     /usr/libexec/docker/cli-plugins/docker-buildx
build-and-deploy	Build and Push Frontend	2026-02-17T00:18:05.9536309Z   compose: Docker Compose (Docker Inc.)
build-and-deploy	Build and Push Frontend	2026-02-17T00:18:05.9537736Z     Version:  v2.40.3
build-and-deploy	Build and Push Frontend	2026-02-17T00:18:05.9539153Z     Path:     /usr/libexec/docker/cli-plugins/docker-compose
build-and-deploy	Build and Push Frontend	2026-02-17T00:18:05.9540331Z 
build-and-deploy	Build and Push Frontend	2026-02-17T00:18:05.9540585Z Server:
build-and-deploy	Build and Push Frontend	2026-02-17T00:18:05.9542238Z  Containers: 0
build-and-deploy	Build and Push Frontend	2026-02-17T00:18:05.9542569Z   Running: 0
build-and-deploy	Build and Push Frontend	2026-02-17T00:18:05.9542869Z   Paused: 0
build-and-deploy	Build and Push Frontend	2026-02-17T00:18:05.9543162Z   Stopped: 0
build-and-deploy	Build and Push Frontend	2026-02-17T00:18:05.9543440Z  Images: 3
build-and-deploy	Build and Push Frontend	2026-02-17T00:18:05.9543718Z  Server Version: 29.1.5
build-and-deploy	Build and Push Frontend	2026-02-17T00:18:05.9544062Z  Storage Driver: overlayfs
build-and-deploy	Build and Push Frontend	2026-02-17T00:18:05.9544457Z   driver-type: io.containerd.snapshotter.v1
build-and-deploy	Build and Push Frontend	2026-02-17T00:18:05.9549171Z  Logging Driver: json-file
build-and-deploy	Build and Push Frontend	2026-02-17T00:18:05.9549614Z  Cgroup Driver: systemd
build-and-deploy	Build and Push Frontend	2026-02-17T00:18:05.9549965Z  Cgroup Version: 2
build-and-deploy	Build and Push Frontend	2026-02-17T00:18:05.9550275Z  Plugins:
build-and-deploy	Build and Push Frontend	2026-02-17T00:18:05.9550554Z   Volume: local
build-and-deploy	Build and Push Frontend	2026-02-17T00:18:05.9550921Z   Network: bridge host ipvlan macvlan null overlay
build-and-deploy	Build and Push Frontend	2026-02-17T00:18:05.9551613Z   Log: awslogs fluentd gcplogs gelf journald json-file local splunk syslog
build-and-deploy	Build and Push Frontend	2026-02-17T00:18:05.9552682Z  CDI spec directories:
build-and-deploy	Build and Push Frontend	2026-02-17T00:18:05.9553001Z   /etc/cdi
build-and-deploy	Build and Push Frontend	2026-02-17T00:18:05.9553269Z   /var/run/cdi
build-and-deploy	Build and Push Frontend	2026-02-17T00:18:05.9553536Z  Swarm: inactive
build-and-deploy	Build and Push Frontend	2026-02-17T00:18:05.9553871Z  Runtimes: io.containerd.runc.v2 runc
build-and-deploy	Build and Push Frontend	2026-02-17T00:18:05.9554301Z  Default Runtime: runc
build-and-deploy	Build and Push Frontend	2026-02-17T00:18:05.9554882Z  Init Binary: docker-init
build-and-deploy	Build and Push Frontend	2026-02-17T00:18:05.9555881Z  containerd version: dea7da592f5d1d2b7755e3a161be07f43fad8f75
build-and-deploy	Build and Push Frontend	2026-02-17T00:18:05.9556483Z  runc version: v1.3.4-0-gd6d73eb8
build-and-deploy	Build and Push Frontend	2026-02-17T00:18:05.9556912Z  init version: de40ad0
build-and-deploy	Build and Push Frontend	2026-02-17T00:18:05.9557287Z  Security Options:
build-and-deploy	Build and Push Frontend	2026-02-17T00:18:05.9557744Z   apparmor
build-and-deploy	Build and Push Frontend	2026-02-17T00:18:05.9558159Z   seccomp
build-and-deploy	Build and Push Frontend	2026-02-17T00:18:05.9558483Z    Profile: builtin
build-and-deploy	Build and Push Frontend	2026-02-17T00:18:05.9558829Z   cgroupns
build-and-deploy	Build and Push Frontend	2026-02-17T00:18:05.9559166Z  Kernel Version: 6.14.0-1017-azure
build-and-deploy	Build and Push Frontend	2026-02-17T00:18:05.9559614Z  Operating System: Ubuntu 24.04.3 LTS
build-and-deploy	Build and Push Frontend	2026-02-17T00:18:05.9560073Z  OSType: linux
build-and-deploy	Build and Push Frontend	2026-02-17T00:18:05.9560441Z  Architecture: x86_64
build-and-deploy	Build and Push Frontend	2026-02-17T00:18:05.9560775Z  CPUs: 2
build-and-deploy	Build and Push Frontend	2026-02-17T00:18:05.9561215Z  Total Memory: 7.756GiB
build-and-deploy	Build and Push Frontend	2026-02-17T00:18:05.9561720Z  Name: runnervmjduv7
build-and-deploy	Build and Push Frontend	2026-02-17T00:18:05.9562102Z  ID: 169aa517-19ec-4d49-bd61-4bb79f5886f6
build-and-deploy	Build and Push Frontend	2026-02-17T00:18:05.9562578Z  Docker Root Dir: /var/lib/docker
build-and-deploy	Build and Push Frontend	2026-02-17T00:18:05.9562980Z  Debug Mode: false
build-and-deploy	Build and Push Frontend	2026-02-17T00:18:05.9563628Z  Username: ***
build-and-deploy	Build and Push Frontend	2026-02-17T00:18:05.9564099Z  Experimental: false
build-and-deploy	Build and Push Frontend	2026-02-17T00:18:05.9564476Z  Insecure Registries:
build-and-deploy	Build and Push Frontend	2026-02-17T00:18:05.9564850Z   ::1/128
build-and-deploy	Build and Push Frontend	2026-02-17T00:18:05.9565118Z   127.0.0.0/8
build-and-deploy	Build and Push Frontend	2026-02-17T00:18:05.9565754Z  Live Restore Enabled: false
build-and-deploy	Build and Push Frontend	2026-02-17T00:18:05.9566175Z  Firewall Backend: iptables
build-and-deploy	Build and Push Frontend	2026-02-17T00:18:05.9566424Z 
build-and-deploy	Build and Push Frontend	2026-02-17T00:18:05.9566990Z ##[endgroup]
build-and-deploy	Build and Push Frontend	2026-02-17T00:18:05.9567585Z ##[group]Proxy configuration
build-and-deploy	Build and Push Frontend	2026-02-17T00:18:05.9568011Z No proxy configuration found
build-and-deploy	Build and Push Frontend	2026-02-17T00:18:05.9568645Z ##[endgroup]
build-and-deploy	Build and Push Frontend	2026-02-17T00:18:06.0221586Z ##[group]Buildx version
build-and-deploy	Build and Push Frontend	2026-02-17T00:18:06.0265617Z [command]/usr/bin/docker buildx version
build-and-deploy	Build and Push Frontend	2026-02-17T00:18:06.0841802Z github.com/docker/buildx v0.31.1 a2675950d46b2cb171b23c2015ca44fb88607531
build-and-deploy	Build and Push Frontend	2026-02-17T00:18:06.0862750Z ##[endgroup]
build-and-deploy	Build and Push Frontend	2026-02-17T00:18:06.0864050Z ##[group]Builder info
build-and-deploy	Build and Push Frontend	2026-02-17T00:18:06.1592202Z {
build-and-deploy	Build and Push Frontend	2026-02-17T00:18:06.1593088Z   "nodes": [
build-and-deploy	Build and Push Frontend	2026-02-17T00:18:06.1594277Z     {
build-and-deploy	Build and Push Frontend	2026-02-17T00:18:06.1595300Z       "name": "default",
build-and-deploy	Build and Push Frontend	2026-02-17T00:18:06.1596060Z       "endpoint": "default",
build-and-deploy	Build and Push Frontend	2026-02-17T00:18:06.1596470Z       "status": "running",
build-and-deploy	Build and Push Frontend	2026-02-17T00:18:06.1596858Z       "buildkit": "v0.26.3",
build-and-deploy	Build and Push Frontend	2026-02-17T00:18:06.1597454Z       "platforms": "linux/amd64,linux/amd64/v2,linux/amd64/v3,linux/amd64/v4",
build-and-deploy	Build and Push Frontend	2026-02-17T00:18:06.1598129Z       "features": {
build-and-deploy	Build and Push Frontend	2026-02-17T00:18:06.1598652Z         "Automatically load images to the Docker Engine image store": true,
build-and-deploy	Build and Push Frontend	2026-02-17T00:18:06.1599308Z         "Cache export": true,
build-and-deploy	Build and Push Frontend	2026-02-17T00:18:06.1599719Z         "Direct push": true,
build-and-deploy	Build and Push Frontend	2026-02-17T00:18:06.1600138Z         "Docker exporter": true,
build-and-deploy	Build and Push Frontend	2026-02-17T00:18:06.1600587Z         "Multi-platform build": true,
build-and-deploy	Build and Push Frontend	2026-02-17T00:18:06.1601073Z         "OCI exporter": true
build-and-deploy	Build and Push Frontend	2026-02-17T00:18:06.1601488Z       },
build-and-deploy	Build and Push Frontend	2026-02-17T00:18:06.1601813Z       "labels": {
build-and-deploy	Build and Push Frontend	2026-02-17T00:18:06.1602343Z         "org.mobyproject.buildkit.worker.apparmor.profile": "docker-default",
build-and-deploy	Build and Push Frontend	2026-02-17T00:18:06.1603196Z         "org.mobyproject.buildkit.worker.containerd.namespace": "moby",
build-and-deploy	Build and Push Frontend	2026-02-17T00:18:06.1604205Z         "org.mobyproject.buildkit.worker.containerd.uuid": "1d24cf55-4f30-453a-b931-c9265de8620e",
build-and-deploy	Build and Push Frontend	2026-02-17T00:18:06.1605183Z         "org.mobyproject.buildkit.worker.executor": "containerd",
build-and-deploy	Build and Push Frontend	2026-02-17T00:18:06.1606379Z         "org.mobyproject.buildkit.worker.hostname": "runnervmjduv7",
build-and-deploy	Build and Push Frontend	2026-02-17T00:18:06.1607217Z         "org.mobyproject.buildkit.worker.moby.host-gateway-ip": "172.17.0.1",
build-and-deploy	Build and Push Frontend	2026-02-17T00:18:06.1608083Z         "org.mobyproject.buildkit.worker.network": "host",
build-and-deploy	Build and Push Frontend	2026-02-17T00:18:06.1608829Z         "org.mobyproject.buildkit.worker.selinux.enabled": "false",
build-and-deploy	Build and Push Frontend	2026-02-17T00:18:06.1609795Z         "org.mobyproject.buildkit.worker.snapshotter": "overlayfs"
build-and-deploy	Build and Push Frontend	2026-02-17T00:18:06.1610357Z       },
build-and-deploy	Build and Push Frontend	2026-02-17T00:18:06.1610652Z       "gcPolicy": [
build-and-deploy	Build and Push Frontend	2026-02-17T00:18:06.1611001Z         {
build-and-deploy	Build and Push Frontend	2026-02-17T00:18:06.1611309Z           "all": false,
build-and-deploy	Build and Push Frontend	2026-02-17T00:18:06.1611684Z           "filter": [
build-and-deploy	Build and Push Frontend	2026-02-17T00:18:06.1612058Z             "type==source.local",
build-and-deploy	Build and Push Frontend	2026-02-17T00:18:06.1612490Z             "type==exec.cachemount",
build-and-deploy	Build and Push Frontend	2026-02-17T00:18:06.1612969Z             "type==source.git.checkout"
build-and-deploy	Build and Push Frontend	2026-02-17T00:18:06.1613476Z           ],
build-and-deploy	Build and Push Frontend	2026-02-17T00:18:06.1613810Z           "keepDuration": "48h0m0s"
build-and-deploy	Build and Push Frontend	2026-02-17T00:18:06.1614214Z         },
build-and-deploy	Build and Push Frontend	2026-02-17T00:18:06.1614501Z         {
build-and-deploy	Build and Push Frontend	2026-02-17T00:18:06.1614812Z           "all": false,
build-and-deploy	Build and Push Frontend	2026-02-17T00:18:06.1615198Z           "keepDuration": "1440h0m0s"
build-and-deploy	Build and Push Frontend	2026-02-17T00:18:06.1615785Z         },
build-and-deploy	Build and Push Frontend	2026-02-17T00:18:06.1616098Z         {
build-and-deploy	Build and Push Frontend	2026-02-17T00:18:06.1616429Z           "all": false
build-and-deploy	Build and Push Frontend	2026-02-17T00:18:06.1616756Z         },
build-and-deploy	Build and Push Frontend	2026-02-17T00:18:06.1617062Z         {
build-and-deploy	Build and Push Frontend	2026-02-17T00:18:06.1617396Z           "all": true
build-and-deploy	Build and Push Frontend	2026-02-17T00:18:06.1617737Z         }
build-and-deploy	Build and Push Frontend	2026-02-17T00:18:06.1618078Z       ]
build-and-deploy	Build and Push Frontend	2026-02-17T00:18:06.1618368Z     }
build-and-deploy	Build and Push Frontend	2026-02-17T00:18:06.1618666Z   ],
build-and-deploy	Build and Push Frontend	2026-02-17T00:18:06.1618983Z   "name": "default",
build-and-deploy	Build and Push Frontend	2026-02-17T00:18:06.1619375Z   "driver": "docker",
build-and-deploy	Build and Push Frontend	2026-02-17T00:18:06.1619770Z   "lastActivity": "2026-02-17T00:16:54.000Z"
build-and-deploy	Build and Push Frontend	2026-02-17T00:18:06.1620213Z }
build-and-deploy	Build and Push Frontend	2026-02-17T00:18:06.1620893Z ##[endgroup]
build-and-deploy	Build and Push Frontend	2026-02-17T00:18:06.2986165Z [command]/usr/bin/docker buildx build --cache-from type=registry,ref=***/upgrade-frontend:buildcache --cache-to type=registry,ref=***/upgrade-frontend:buildcache,mode=max --file client/Dockerfile --iidfile /home/runner/work/_temp/docker-actions-toolkit-nGglgy/build-iidfile-bcb1357883.txt --tag ***/upgrade-frontend:latest --metadata-file /home/runner/work/_temp/docker-actions-toolkit-nGglgy/build-metadata-a74356aba6.json --push ./client
build-and-deploy	Build and Push Frontend	2026-02-17T00:18:06.3821567Z #0 building with "default" instance using docker driver
build-and-deploy	Build and Push Frontend	2026-02-17T00:18:06.3822129Z 
build-and-deploy	Build and Push Frontend	2026-02-17T00:18:06.3822378Z #1 [internal] load build definition from Dockerfile
build-and-deploy	Build and Push Frontend	2026-02-17T00:18:06.5437610Z #1 transferring dockerfile: 342B done
build-and-deploy	Build and Push Frontend	2026-02-17T00:18:06.5438306Z #1 DONE 0.0s
build-and-deploy	Build and Push Frontend	2026-02-17T00:18:06.5438655Z 
build-and-deploy	Build and Push Frontend	2026-02-17T00:18:06.5439015Z #2 [internal] load metadata for docker.io/library/nginx:alpine
build-and-deploy	Build and Push Frontend	2026-02-17T00:18:06.7202331Z #2 ...
build-and-deploy	Build and Push Frontend	2026-02-17T00:18:06.7202928Z 
build-and-deploy	Build and Push Frontend	2026-02-17T00:18:06.7203314Z #3 [auth] library/nginx:pull token for registry-1.docker.io
build-and-deploy	Build and Push Frontend	2026-02-17T00:18:06.7204026Z #3 DONE 0.0s
build-and-deploy	Build and Push Frontend	2026-02-17T00:18:06.8704292Z 
build-and-deploy	Build and Push Frontend	2026-02-17T00:18:06.8705044Z #4 [internal] load metadata for docker.io/library/node:18-alpine
build-and-deploy	Build and Push Frontend	2026-02-17T00:18:07.0543830Z #4 DONE 0.7s
build-and-deploy	Build and Push Frontend	2026-02-17T00:18:07.0544251Z 
build-and-deploy	Build and Push Frontend	2026-02-17T00:18:07.0544597Z #2 [internal] load metadata for docker.io/library/nginx:alpine
build-and-deploy	Build and Push Frontend	2026-02-17T00:18:07.2782577Z #2 DONE 0.9s
build-and-deploy	Build and Push Frontend	2026-02-17T00:18:07.4624953Z 
build-and-deploy	Build and Push Frontend	2026-02-17T00:18:07.4626023Z #5 [internal] load .dockerignore
build-and-deploy	Build and Push Frontend	2026-02-17T00:18:07.4627609Z #5 transferring context: 2B done
build-and-deploy	Build and Push Frontend	2026-02-17T00:18:07.4627927Z #5 DONE 0.0s
build-and-deploy	Build and Push Frontend	2026-02-17T00:18:07.4628107Z 
build-and-deploy	Build and Push Frontend	2026-02-17T00:18:07.4628228Z #6 [internal] load build context
build-and-deploy	Build and Push Frontend	2026-02-17T00:18:07.4628513Z #6 DONE 0.0s
build-and-deploy	Build and Push Frontend	2026-02-17T00:18:07.4628652Z 
build-and-deploy	Build and Push Frontend	2026-02-17T00:18:07.4629100Z #7 [build 1/6] FROM docker.io/library/node:18-alpine@sha256:8d6421d663b4c28fd3ebc498332f249011d118945588d0a35cb9bc4b8ca09d9e
build-and-deploy	Build and Push Frontend	2026-02-17T00:18:07.4630076Z #7 resolve docker.io/library/node:18-alpine@sha256:8d6421d663b4c28fd3ebc498332f249011d118945588d0a35cb9bc4b8ca09d9e 0.0s done
build-and-deploy	Build and Push Frontend	2026-02-17T00:18:07.4630700Z #7 DONE 0.0s
build-and-deploy	Build and Push Frontend	2026-02-17T00:18:07.4630845Z 
build-and-deploy	Build and Push Frontend	2026-02-17T00:18:07.4631275Z #8 [stage-1 1/3] FROM docker.io/library/nginx:alpine@sha256:1d13701a5f9f3fb01aaa88cef2344d65b6b5bf6b7d9fa4cf0dca557a8d7702ba
build-and-deploy	Build and Push Frontend	2026-02-17T00:18:07.4632231Z #8 resolve docker.io/library/nginx:alpine@sha256:1d13701a5f9f3fb01aaa88cef2344d65b6b5bf6b7d9fa4cf0dca557a8d7702ba 0.0s done
build-and-deploy	Build and Push Frontend	2026-02-17T00:18:07.4632870Z #8 DONE 0.0s
build-and-deploy	Build and Push Frontend	2026-02-17T00:18:07.4633010Z 
build-and-deploy	Build and Push Frontend	2026-02-17T00:18:07.4633365Z #9 importing cache manifest from ***/upgrade-frontend:buildcache
build-and-deploy	Build and Push Frontend	2026-02-17T00:18:07.6161276Z #9 ...
build-and-deploy	Build and Push Frontend	2026-02-17T00:18:07.6161763Z 
build-and-deploy	Build and Push Frontend	2026-02-17T00:18:07.6162510Z #10 [auth] ***/upgrade-frontend:pull token for registry-1.docker.io
build-and-deploy	Build and Push Frontend	2026-02-17T00:18:07.6163051Z #10 DONE 0.0s
build-and-deploy	Build and Push Frontend	2026-02-17T00:18:07.7663693Z 
build-and-deploy	Build and Push Frontend	2026-02-17T00:18:07.7664860Z #9 importing cache manifest from ***/upgrade-frontend:buildcache
build-and-deploy	Build and Push Frontend	2026-02-17T00:18:07.8080312Z #9 inferred cache manifest type: application/vnd.oci.image.manifest.v1+json done
build-and-deploy	Build and Push Frontend	2026-02-17T00:18:08.0521094Z #9 DONE 0.8s
build-and-deploy	Build and Push Frontend	2026-02-17T00:18:08.1544386Z 
build-and-deploy	Build and Push Frontend	2026-02-17T00:18:08.1549031Z #6 [internal] load build context
build-and-deploy	Build and Push Frontend	2026-02-17T00:18:08.1549493Z #6 transferring context: 249.81kB done
build-and-deploy	Build and Push Frontend	2026-02-17T00:18:08.1549980Z #6 DONE 0.0s
build-and-deploy	Build and Push Frontend	2026-02-17T00:18:08.1550323Z 
build-and-deploy	Build and Push Frontend	2026-02-17T00:18:08.1550583Z #11 [build 6/6] RUN npm run build
build-and-deploy	Build and Push Frontend	2026-02-17T00:18:08.1550864Z #11 CACHED
build-and-deploy	Build and Push Frontend	2026-02-17T00:18:08.1550982Z 
build-and-deploy	Build and Push Frontend	2026-02-17T00:18:08.1551207Z #12 [stage-1 2/3] COPY --from=build /app/dist /usr/share/nginx/html
build-and-deploy	Build and Push Frontend	2026-02-17T00:18:08.1551680Z #12 CACHED
build-and-deploy	Build and Push Frontend	2026-02-17T00:18:08.1551828Z 
build-and-deploy	Build and Push Frontend	2026-02-17T00:18:08.1552165Z #13 [build 2/6] WORKDIR /app
build-and-deploy	Build and Push Frontend	2026-02-17T00:18:08.1552572Z #13 CACHED
build-and-deploy	Build and Push Frontend	2026-02-17T00:18:08.1552750Z 
build-and-deploy	Build and Push Frontend	2026-02-17T00:18:08.1552932Z #14 [build 3/6] COPY package*.json ./
build-and-deploy	Build and Push Frontend	2026-02-17T00:18:08.1553259Z #14 CACHED
build-and-deploy	Build and Push Frontend	2026-02-17T00:18:08.1553398Z 
build-and-deploy	Build and Push Frontend	2026-02-17T00:18:08.1553536Z #15 [build 4/6] RUN npm ci
build-and-deploy	Build and Push Frontend	2026-02-17T00:18:08.1553890Z #15 CACHED
build-and-deploy	Build and Push Frontend	2026-02-17T00:18:08.1554068Z 
build-and-deploy	Build and Push Frontend	2026-02-17T00:18:08.1554219Z #16 [build 5/6] COPY . .
build-and-deploy	Build and Push Frontend	2026-02-17T00:18:08.1554478Z #16 CACHED
build-and-deploy	Build and Push Frontend	2026-02-17T00:18:08.1554645Z 
build-and-deploy	Build and Push Frontend	2026-02-17T00:18:08.1554878Z #17 [stage-1 3/3] COPY nginx.conf /etc/nginx/conf.d/default.conf
build-and-deploy	Build and Push Frontend	2026-02-17T00:18:08.1555231Z #17 CACHED
build-and-deploy	Build and Push Frontend	2026-02-17T00:18:08.1555394Z 
build-and-deploy	Build and Push Frontend	2026-02-17T00:18:08.1555711Z #18 exporting to image
build-and-deploy	Build and Push Frontend	2026-02-17T00:18:08.1556098Z #18 exporting layers done
build-and-deploy	Build and Push Frontend	2026-02-17T00:18:08.1556858Z #18 exporting manifest sha256:1c47d663f3e3a0e13d5af55a4068f2a73a3242f61cc349a2554bd56e17388aca done
build-and-deploy	Build and Push Frontend	2026-02-17T00:18:08.1557653Z #18 exporting config sha256:b78ff8a928b081b9b8c95eda24c39870d6b745a32ac84f13159e92d163ab2446 done
build-and-deploy	Build and Push Frontend	2026-02-17T00:18:08.1558420Z #18 exporting attestation manifest sha256:4085f6a7e0205f86801b094494c2dee046398aead3861c304e436e577bab7d92 done
build-and-deploy	Build and Push Frontend	2026-02-17T00:18:08.1559347Z #18 exporting manifest list sha256:36d8596105f9796d9ca613b9a4e881265a3c37115581a0a407eb6983df9fe0dd
build-and-deploy	Build and Push Frontend	2026-02-17T00:18:08.3145774Z #18 exporting manifest list sha256:36d8596105f9796d9ca613b9a4e881265a3c37115581a0a407eb6983df9fe0dd done
build-and-deploy	Build and Push Frontend	2026-02-17T00:18:08.3146689Z #18 naming to docker.io/***/upgrade-frontend:latest done
build-and-deploy	Build and Push Frontend	2026-02-17T00:18:08.6527854Z #18 ...
build-and-deploy	Build and Push Frontend	2026-02-17T00:18:08.6529087Z 
build-and-deploy	Build and Push Frontend	2026-02-17T00:18:08.6531312Z #17 [stage-1 3/3] COPY nginx.conf /etc/nginx/conf.d/default.conf
build-and-deploy	Build and Push Frontend	2026-02-17T00:18:08.6533169Z #17 sha256:0dff84cd1932db86ce2db659889c6f26c6b62bb263740c468fcbdb26fc0ad302 325B / 325B 0.2s done
build-and-deploy	Build and Push Frontend	2026-02-17T00:18:08.6534783Z #17 sha256:6b7b6c7061b76cdb8601e18722d12ae3232f0ddcfa1d2983754abcc6ce0a8a83 954B / 954B 0.2s done
build-and-deploy	Build and Push Frontend	2026-02-17T00:18:08.6536235Z #17 sha256:5e7756927bef33a266e1221356d5da8553139cb80bc5b1b3827010811d9ea268 20.24MB / 20.24MB 0.5s done
build-and-deploy	Build and Push Frontend	2026-02-17T00:18:08.6537612Z #17 sha256:399d0898a94e0084f81499a3e3c29824357118c7ce551648ea1dbab813884661 404B / 404B 0.3s done
build-and-deploy	Build and Push Frontend	2026-02-17T00:18:08.6538858Z #17 sha256:6d397a54a185dd0b6638d1a3934b81daef7a140741e12697377d6279066f7ca7 1.40kB / 1.40kB 0.1s done
build-and-deploy	Build and Push Frontend	2026-02-17T00:18:08.6540971Z #17 sha256:ce745fdb4379ef3358ff34c413859672fbf7be98f44eadbee7d353231908304b 632.03kB / 632.03kB 0.2s done
build-and-deploy	Build and Push Frontend	2026-02-17T00:18:08.6542646Z #17 sha256:955a8478f9aceb66cbf2f579fa3c24e1af278d1fa3ffd3043d6260e21d2f7416 1.21kB / 1.21kB 0.1s done
build-and-deploy	Build and Push Frontend	2026-02-17T00:18:08.6544484Z #17 sha256:bca5d04786e112d958f100a66f8257b2aeefc14b64d81e405c3c44acff2fb000 1.86MB / 1.86MB 0.2s done
build-and-deploy	Build and Push Frontend	2026-02-17T00:18:08.6546017Z #17 sha256:3e2c181db1b0985ce357c7aaf48ac615f30f392cd15d5c5ba34c4faa1f4f39a2 626B / 626B 0.1s done
build-and-deploy	Build and Push Frontend	2026-02-17T00:18:08.6546707Z #17 DONE 0.5s
build-and-deploy	Build and Push Frontend	2026-02-17T00:18:08.8139598Z 
build-and-deploy	Build and Push Frontend	2026-02-17T00:18:08.8140231Z #18 exporting to image
build-and-deploy	Build and Push Frontend	2026-02-17T00:18:08.8140703Z #18 pushing layers
build-and-deploy	Build and Push Frontend	2026-02-17T00:18:08.9784672Z #18 ...
build-and-deploy	Build and Push Frontend	2026-02-17T00:18:08.9785719Z 
build-and-deploy	Build and Push Frontend	2026-02-17T00:18:08.9786392Z #19 [auth] ***/upgrade-frontend:pull,push token for registry-1.docker.io
build-and-deploy	Build and Push Frontend	2026-02-17T00:18:08.9786848Z #19 DONE 0.0s
build-and-deploy	Build and Push Frontend	2026-02-17T00:18:09.1287130Z 
build-and-deploy	Build and Push Frontend	2026-02-17T00:18:09.1287700Z #18 exporting to image
build-and-deploy	Build and Push Frontend	2026-02-17T00:18:10.1125394Z #18 pushing layers 1.4s done
build-and-deploy	Build and Push Frontend	2026-02-17T00:18:10.1127380Z #18 pushing manifest for docker.io/***/upgrade-frontend:latest@sha256:36d8596105f9796d9ca613b9a4e881265a3c37115581a0a407eb6983df9fe0dd
build-and-deploy	Build and Push Frontend	2026-02-17T00:18:12.3643873Z #18 pushing manifest for docker.io/***/upgrade-frontend:latest@sha256:36d8596105f9796d9ca613b9a4e881265a3c37115581a0a407eb6983df9fe0dd 2.3s done
build-and-deploy	Build and Push Frontend	2026-02-17T00:18:12.5329800Z #18 DONE 4.3s
build-and-deploy	Build and Push Frontend	2026-02-17T00:18:12.5330070Z 
build-and-deploy	Build and Push Frontend	2026-02-17T00:18:12.5330220Z #20 exporting cache to registry
build-and-deploy	Build and Push Frontend	2026-02-17T00:18:12.5330687Z #20 preparing build cache for export
build-and-deploy	Build and Push Frontend	2026-02-17T00:18:12.6478070Z #20 writing layer sha256:0dff84cd1932db86ce2db659889c6f26c6b62bb263740c468fcbdb26fc0ad302
build-and-deploy	Build and Push Frontend	2026-02-17T00:18:12.7795647Z #20 writing layer sha256:0dff84cd1932db86ce2db659889c6f26c6b62bb263740c468fcbdb26fc0ad302 0.1s done
build-and-deploy	Build and Push Frontend	2026-02-17T00:18:12.7797205Z #20 writing layer sha256:1e5a4c89cee5c0826c540ab06d4b6b491c96eda01837f430bd47f0d26702d6e3 0.1s done
build-and-deploy	Build and Push Frontend	2026-02-17T00:18:12.7798585Z #20 writing layer sha256:25ff2da83641908f65c3a74d80409d6b1b62ccfaab220b9ea70b80df5a2e0549
build-and-deploy	Build and Push Frontend	2026-02-17T00:18:12.9036422Z #20 writing layer sha256:25ff2da83641908f65c3a74d80409d6b1b62ccfaab220b9ea70b80df5a2e0549 0.1s done
build-and-deploy	Build and Push Frontend	2026-02-17T00:18:12.9037858Z #20 writing layer sha256:399d0898a94e0084f81499a3e3c29824357118c7ce551648ea1dbab813884661 0.1s done
build-and-deploy	Build and Push Frontend	2026-02-17T00:18:12.9039209Z #20 writing layer sha256:3e2c181db1b0985ce357c7aaf48ac615f30f392cd15d5c5ba34c4faa1f4f39a2
build-and-deploy	Build and Push Frontend	2026-02-17T00:18:13.0402881Z #20 writing layer sha256:3e2c181db1b0985ce357c7aaf48ac615f30f392cd15d5c5ba34c4faa1f4f39a2 0.1s done
build-and-deploy	Build and Push Frontend	2026-02-17T00:18:13.0404357Z #20 writing layer sha256:4620a66985e0a7349a8cd5c2f37ca256a703e44b9729b9e81472694a240a800a 0.1s done
build-and-deploy	Build and Push Frontend	2026-02-17T00:18:13.0405842Z #20 writing layer sha256:589002ba0eaed121a1dbf42f6648f29e5be55d5c8a6ee0f8eaa0285cc21ac153
build-and-deploy	Build and Push Frontend	2026-02-17T00:18:13.1663497Z #20 writing layer sha256:589002ba0eaed121a1dbf42f6648f29e5be55d5c8a6ee0f8eaa0285cc21ac153 0.1s done
build-and-deploy	Build and Push Frontend	2026-02-17T00:18:13.1664914Z #20 writing layer sha256:5e7756927bef33a266e1221356d5da8553139cb80bc5b1b3827010811d9ea268 0.1s done
build-and-deploy	Build and Push Frontend	2026-02-17T00:18:13.1666278Z #20 writing layer sha256:66eb13abffb7cacd465a6f63db2a4b07438b1b51814eb1d2c2ba734b9bb2c66e
build-and-deploy	Build and Push Frontend	2026-02-17T00:18:13.2949904Z #20 writing layer sha256:66eb13abffb7cacd465a6f63db2a4b07438b1b51814eb1d2c2ba734b9bb2c66e 0.1s done
build-and-deploy	Build and Push Frontend	2026-02-17T00:18:13.2951458Z #20 writing layer sha256:6b7b6c7061b76cdb8601e18722d12ae3232f0ddcfa1d2983754abcc6ce0a8a83 0.1s done
build-and-deploy	Build and Push Frontend	2026-02-17T00:18:13.2952709Z #20 writing layer sha256:6d397a54a185dd0b6638d1a3934b81daef7a140741e12697377d6279066f7ca7
build-and-deploy	Build and Push Frontend	2026-02-17T00:18:13.4204232Z #20 writing layer sha256:6d397a54a185dd0b6638d1a3934b81daef7a140741e12697377d6279066f7ca7 0.1s done
build-and-deploy	Build and Push Frontend	2026-02-17T00:18:13.4205667Z #20 writing layer sha256:811b30919085567ba617d21d484399608a50ea03dae6df2df826d7378aebdf3e 0.1s done
build-and-deploy	Build and Push Frontend	2026-02-17T00:18:13.4206814Z #20 writing layer sha256:955a8478f9aceb66cbf2f579fa3c24e1af278d1fa3ffd3043d6260e21d2f7416
build-and-deploy	Build and Push Frontend	2026-02-17T00:18:13.5538944Z #20 writing layer sha256:955a8478f9aceb66cbf2f579fa3c24e1af278d1fa3ffd3043d6260e21d2f7416 0.1s done
build-and-deploy	Build and Push Frontend	2026-02-17T00:18:13.5540418Z #20 writing layer sha256:9de2f9603208703ac13912c5c990142149c9064725eaacd7791f82d643d756e9 0.1s done
build-and-deploy	Build and Push Frontend	2026-02-17T00:18:13.5541149Z #20 writing layer sha256:bca5d04786e112d958f100a66f8257b2aeefc14b64d81e405c3c44acff2fb000
build-and-deploy	Build and Push Frontend	2026-02-17T00:18:13.6810298Z #20 writing layer sha256:bca5d04786e112d958f100a66f8257b2aeefc14b64d81e405c3c44acff2fb000 0.1s done
build-and-deploy	Build and Push Frontend	2026-02-17T00:18:13.6811607Z #20 writing layer sha256:ce745fdb4379ef3358ff34c413859672fbf7be98f44eadbee7d353231908304b 0.1s done
build-and-deploy	Build and Push Frontend	2026-02-17T00:18:13.6812346Z #20 writing layer sha256:dd71dde834b5c203d162902e6b8994cb2309ae049a0eabc4efea161b2b5a3d0e
build-and-deploy	Build and Push Frontend	2026-02-17T00:18:13.8105957Z #20 writing layer sha256:dd71dde834b5c203d162902e6b8994cb2309ae049a0eabc4efea161b2b5a3d0e 0.1s done
build-and-deploy	Build and Push Frontend	2026-02-17T00:18:13.8107933Z #20 writing layer sha256:e8bc8fcf1f71a851113c8810719fa2a86e105500565ba3b199f6429bb2fe3726 0.1s done
build-and-deploy	Build and Push Frontend	2026-02-17T00:18:13.8109197Z #20 writing layer sha256:f18232174bc91741fdf3da96d85011092101a032a93a388b79e99e69c2d5c870
build-and-deploy	Build and Push Frontend	2026-02-17T00:18:13.9319075Z #20 writing layer sha256:f18232174bc91741fdf3da96d85011092101a032a93a388b79e99e69c2d5c870 0.1s done
build-and-deploy	Build and Push Frontend	2026-02-17T00:18:13.9320540Z #20 writing config sha256:5b1091fd1d3e5d75c9970f4c05ae573dadc77d20b9e199c584bc1676517c4580 0.1s done
build-and-deploy	Build and Push Frontend	2026-02-17T00:18:13.9321998Z #20 writing cache image manifest sha256:004b8cf37c43b821f8183e5ea24d3198050510b32a5a6fba66b17463c6109733
build-and-deploy	Build and Push Frontend	2026-02-17T00:18:14.0585560Z #20 preparing build cache for export 1.7s done
build-and-deploy	Build and Push Frontend	2026-02-17T00:18:14.0594384Z #20 writing cache image manifest sha256:004b8cf37c43b821f8183e5ea24d3198050510b32a5a6fba66b17463c6109733 0.1s done
build-and-deploy	Build and Push Frontend	2026-02-17T00:18:14.0595298Z #20 DONE 1.7s
build-and-deploy	Build and Push Frontend	2026-02-17T00:18:14.0973081Z 
build-and-deploy	Build and Push Frontend	2026-02-17T00:18:14.0973585Z #21 resolving provenance for metadata file
build-and-deploy	Build and Push Frontend	2026-02-17T00:18:14.0974387Z #21 DONE 0.0s
build-and-deploy	Build and Push Frontend	2026-02-17T00:18:14.1013359Z ##[group]ImageID
build-and-deploy	Build and Push Frontend	2026-02-17T00:18:14.1014218Z sha256:36d8596105f9796d9ca613b9a4e881265a3c37115581a0a407eb6983df9fe0dd
build-and-deploy	Build and Push Frontend	2026-02-17T00:18:14.1015402Z ##[endgroup]
build-and-deploy	Build and Push Frontend	2026-02-17T00:18:14.1023610Z ##[group]Digest
build-and-deploy	Build and Push Frontend	2026-02-17T00:18:14.1024189Z sha256:36d8596105f9796d9ca613b9a4e881265a3c37115581a0a407eb6983df9fe0dd
build-and-deploy	Build and Push Frontend	2026-02-17T00:18:14.1025175Z ##[endgroup]
build-and-deploy	Build and Push Frontend	2026-02-17T00:18:14.1025939Z ##[group]Metadata
build-and-deploy	Build and Push Frontend	2026-02-17T00:18:14.1026283Z {
build-and-deploy	Build and Push Frontend	2026-02-17T00:18:14.1026635Z   "buildx.build.provenance": {
build-and-deploy	Build and Push Frontend	2026-02-17T00:18:14.1027110Z     "builder": {
build-and-deploy	Build and Push Frontend	2026-02-17T00:18:14.1027461Z       "id": ""
build-and-deploy	Build and Push Frontend	2026-02-17T00:18:14.1027796Z     },
build-and-deploy	Build and Push Frontend	2026-02-17T00:18:14.1028246Z     "buildType": "https://mobyproject.org/buildkit@v1",
build-and-deploy	Build and Push Frontend	2026-02-17T00:18:14.1028797Z     "materials": [
build-and-deploy	Build and Push Frontend	2026-02-17T00:18:14.1029187Z       {
build-and-deploy	Build and Push Frontend	2026-02-17T00:18:14.1029614Z         "uri": "pkg:docker/nginx@alpine?platform=linux%2Famd64",
build-and-deploy	Build and Push Frontend	2026-02-17T00:18:14.1030199Z         "digest": {
build-and-deploy	Build and Push Frontend	2026-02-17T00:18:14.1030816Z           "sha256": "1d13701a5f9f3fb01aaa88cef2344d65b6b5bf6b7d9fa4cf0dca557a8d7702ba"
build-and-deploy	Build and Push Frontend	2026-02-17T00:18:14.1031582Z         }
build-and-deploy	Build and Push Frontend	2026-02-17T00:18:14.1031917Z       },
build-and-deploy	Build and Push Frontend	2026-02-17T00:18:14.1032247Z       {
build-and-deploy	Build and Push Frontend	2026-02-17T00:18:14.1032721Z         "uri": "pkg:docker/node@18-alpine?platform=linux%2Famd64",
build-and-deploy	Build and Push Frontend	2026-02-17T00:18:14.1033630Z         "digest": {
build-and-deploy	Build and Push Frontend	2026-02-17T00:18:14.1034239Z           "sha256": "8d6421d663b4c28fd3ebc498332f249011d118945588d0a35cb9bc4b8ca09d9e"
build-and-deploy	Build and Push Frontend	2026-02-17T00:18:14.1034973Z         }
build-and-deploy	Build and Push Frontend	2026-02-17T00:18:14.1035301Z       }
build-and-deploy	Build and Push Frontend	2026-02-17T00:18:14.1043252Z     ],
build-and-deploy	Build and Push Frontend	2026-02-17T00:18:14.1043657Z     "invocation": {
build-and-deploy	Build and Push Frontend	2026-02-17T00:18:14.1044076Z       "configSource": {
build-and-deploy	Build and Push Frontend	2026-02-17T00:18:14.1044525Z         "entryPoint": "Dockerfile"
build-and-deploy	Build and Push Frontend	2026-02-17T00:18:14.1045017Z       },
build-and-deploy	Build and Push Frontend	2026-02-17T00:18:14.1045373Z       "parameters": {
build-and-deploy	Build and Push Frontend	2026-02-17T00:18:14.1046727Z         "frontend": "dockerfile.v0",
build-and-deploy	Build and Push Frontend	2026-02-17T00:18:14.1047194Z         "locals": [
build-and-deploy	Build and Push Frontend	2026-02-17T00:18:14.1047550Z           {
build-and-deploy	Build and Push Frontend	2026-02-17T00:18:14.1047920Z             "name": "context"
build-and-deploy	Build and Push Frontend	2026-02-17T00:18:14.1048338Z           },
build-and-deploy	Build and Push Frontend	2026-02-17T00:18:14.1048688Z           {
build-and-deploy	Build and Push Frontend	2026-02-17T00:18:14.1049041Z             "name": "dockerfile"
build-and-deploy	Build and Push Frontend	2026-02-17T00:18:14.1049484Z           }
build-and-deploy	Build and Push Frontend	2026-02-17T00:18:14.1049796Z         ]
build-and-deploy	Build and Push Frontend	2026-02-17T00:18:14.1050149Z       },
build-and-deploy	Build and Push Frontend	2026-02-17T00:18:14.1050457Z       "environment": {
build-and-deploy	Build and Push Frontend	2026-02-17T00:18:14.1050875Z         "platform": "linux/amd64"
build-and-deploy	Build and Push Frontend	2026-02-17T00:18:14.1051358Z       }
build-and-deploy	Build and Push Frontend	2026-02-17T00:18:14.1051774Z     }
build-and-deploy	Build and Push Frontend	2026-02-17T00:18:14.1052082Z   },
build-and-deploy	Build and Push Frontend	2026-02-17T00:18:14.1052595Z   "buildx.build.ref": "default/default/mpcgu2uvpsy7rz6oubxwozyjs",
build-and-deploy	Build and Push Frontend	2026-02-17T00:18:14.1054044Z   "cache.manifest": "{\"mediaType\":\"application/vnd.oci.image.manifest.v1+json\",\"digest\":\"sha256:004b8cf37c43b821f8183e5ea24d3198050510b32a5a6fba66b17463c6109733\",\"size\":7175}",
build-and-deploy	Build and Push Frontend	2026-02-17T00:18:14.1055692Z   "containerimage.descriptor": {
build-and-deploy	Build and Push Frontend	2026-02-17T00:18:14.1056355Z     "mediaType": "application/vnd.oci.image.index.v1+json",
build-and-deploy	Build and Push Frontend	2026-02-17T00:18:14.1057254Z     "digest": "sha256:36d8596105f9796d9ca613b9a4e881265a3c37115581a0a407eb6983df9fe0dd",
build-and-deploy	Build and Push Frontend	2026-02-17T00:18:14.1058275Z     "size": 856
build-and-deploy	Build and Push Frontend	2026-02-17T00:18:14.1058641Z   },
build-and-deploy	Build and Push Frontend	2026-02-17T00:18:14.1059374Z   "containerimage.digest": "sha256:36d8596105f9796d9ca613b9a4e881265a3c37115581a0a407eb6983df9fe0dd",
build-and-deploy	Build and Push Frontend	2026-02-17T00:18:14.1060683Z   "image.name": "docker.io/***/upgrade-frontend:latest"
build-and-deploy	Build and Push Frontend	2026-02-17T00:18:14.1061302Z }
build-and-deploy	Build and Push Frontend	2026-02-17T00:18:14.1062026Z ##[endgroup]
build-and-deploy	Deploy to Server via SSH	﻿2026-02-17T00:18:14.1175168Z ##[group]Run appleboy/ssh-action@v1.0.3
build-and-deploy	Deploy to Server via SSH	2026-02-17T00:18:14.1175694Z with:
build-and-deploy	Deploy to Server via SSH	2026-02-17T00:18:14.1175988Z   host: ***
build-and-deploy	Deploy to Server via SSH	2026-02-17T00:18:14.1176247Z   username: ***
build-and-deploy	Deploy to Server via SSH	2026-02-17T00:18:14.1177956Z   key: ***
build-and-deploy	Deploy to Server via SSH	2026-02-17T00:18:14.1182720Z   script: # Export variables for docker-compose
build-and-deploy	Deploy to Server via SSH	export DOCKER_USERNAME=***
build-and-deploy	Deploy to Server via SSH	
build-and-deploy	Deploy to Server via SSH	# Pull the latest images
build-and-deploy	Deploy to Server via SSH	docker pull ***/upgrade-backend:latest
build-and-deploy	Deploy to Server via SSH	docker pull ***/upgrade-frontend:latest
build-and-deploy	Deploy to Server via SSH	
build-and-deploy	Deploy to Server via SSH	# Create project directory if it doesn't exist
build-and-deploy	Deploy to Server via SSH	mkdir -p ~/upgrade-crm
build-and-deploy	Deploy to Server via SSH	cd ~/upgrade-crm
build-and-deploy	Deploy to Server via SSH	
build-and-deploy	Deploy to Server via SSH	# Copy docker-compose.prod.yml if it's not there (this is a patch, ideally it should be copied from the repo)
build-and-deploy	Deploy to Server via SSH	# Since we can't easily copy from the runner to the server without SCP, we'll rely on the repo being there or creating the file.
build-and-deploy	Deploy to Server via SSH	# BETTER APPROACH: Clone/Pull the repo to get the latest docker-compose.prod.yml
build-and-deploy	Deploy to Server via SSH	
build-and-deploy	Deploy to Server via SSH	# Force sync with repository
build-and-deploy	Deploy to Server via SSH	if [ ! -d ".git" ]; then
build-and-deploy	Deploy to Server via SSH	  git clone https://github.com/stanisloveme-cloud/UPGRADE.git .
build-and-deploy	Deploy to Server via SSH	else
build-and-deploy	Deploy to Server via SSH	  git fetch --all
build-and-deploy	Deploy to Server via SSH	  git reset --hard origin/main
build-and-deploy	Deploy to Server via SSH	fi
build-and-deploy	Deploy to Server via SSH	
build-and-deploy	Deploy to Server via SSH	# DEBUG: Verify config file content
build-and-deploy	Deploy to Server via SSH	echo "=== DOCKER COMPOSE CONFIG ==="
build-and-deploy	Deploy to Server via SSH	cat docker-compose.prod.yml
build-and-deploy	Deploy to Server via SSH	
build-and-deploy	Deploy to Server via SSH	# Restart services using new images
build-and-deploy	Deploy to Server via SSH	# Tries 'docker compose' (v2) first, then 'docker-compose' (v1)
build-and-deploy	Deploy to Server via SSH	if command -v docker-compose &> /dev/null; then
build-and-deploy	Deploy to Server via SSH	    docker-compose -f docker-compose.prod.yml down
build-and-deploy	Deploy to Server via SSH	    docker-compose -f docker-compose.prod.yml up -d
build-and-deploy	Deploy to Server via SSH	else
build-and-deploy	Deploy to Server via SSH	    docker compose -f docker-compose.prod.yml down
build-and-deploy	Deploy to Server via SSH	    docker compose -f docker-compose.prod.yml up -d
build-and-deploy	Deploy to Server via SSH	fi
build-and-deploy	Deploy to Server via SSH	
build-and-deploy	Deploy to Server via SSH	# Prune unused images to save space
build-and-deploy	Deploy to Server via SSH	docker image prune -f
build-and-deploy	Deploy to Server via SSH	
build-and-deploy	Deploy to Server via SSH	# DEBUG: Show running containers and logs
build-and-deploy	Deploy to Server via SSH	echo "=== RUNNING CONTAINERS ==="
build-and-deploy	Deploy to Server via SSH	docker ps -a
build-and-deploy	Deploy to Server via SSH	echo "=== FRONTEND LOGS ==="
build-and-deploy	Deploy to Server via SSH	docker logs -n 20 upgrade-crm-frontend-1 || docker logs -n 20 upgrade-crm_frontend_1 || echo "Container name prediction failed, check ps output"
build-and-deploy	Deploy to Server via SSH	
build-and-deploy	Deploy to Server via SSH	2026-02-17T00:18:14.1187885Z   port: 22
build-and-deploy	Deploy to Server via SSH	2026-02-17T00:18:14.1188230Z   timeout: 30s
build-and-deploy	Deploy to Server via SSH	2026-02-17T00:18:14.1188454Z   command_timeout: 10m
build-and-deploy	Deploy to Server via SSH	2026-02-17T00:18:14.1188681Z   proxy_port: 22
build-and-deploy	Deploy to Server via SSH	2026-02-17T00:18:14.1188896Z   proxy_timeout: 30s
build-and-deploy	Deploy to Server via SSH	2026-02-17T00:18:14.1189130Z ##[endgroup]
build-and-deploy	Deploy to Server via SSH	2026-02-17T00:18:14.1292002Z ##[command]/usr/bin/docker run --name c523e31adadbacbe741e28d144012c9daf11b_246e1f --label 8c523e --workdir /github/workspace --rm -e "INPUT_HOST" -e "INPUT_USERNAME" -e "INPUT_KEY" -e "INPUT_SCRIPT" -e "INPUT_PORT" -e "INPUT_PASSPHRASE" -e "INPUT_PASSWORD" -e "INPUT_SYNC" -e "INPUT_USE_INSECURE_CIPHER" -e "INPUT_CIPHER" -e "INPUT_TIMEOUT" -e "INPUT_COMMAND_TIMEOUT" -e "INPUT_KEY_PATH" -e "INPUT_FINGERPRINT" -e "INPUT_PROXY_HOST" -e "INPUT_PROXY_PORT" -e "INPUT_PROXY_USERNAME" -e "INPUT_PROXY_PASSWORD" -e "INPUT_PROXY_PASSPHRASE" -e "INPUT_PROXY_TIMEOUT" -e "INPUT_PROXY_KEY" -e "INPUT_PROXY_KEY_PATH" -e "INPUT_PROXY_FINGERPRINT" -e "INPUT_PROXY_CIPHER" -e "INPUT_PROXY_USE_INSECURE_CIPHER" -e "INPUT_SCRIPT_STOP" -e "INPUT_ENVS" -e "INPUT_ENVS_FORMAT" -e "INPUT_DEBUG" -e "INPUT_ALLENVS" -e "INPUT_REQUEST_PTY" -e "HOME" -e "GITHUB_JOB" -e "GITHUB_REF" -e "GITHUB_SHA" -e "GITHUB_REPOSITORY" -e "GITHUB_REPOSITORY_OWNER" -e "GITHUB_REPOSITORY_OWNER_ID" -e "GITHUB_RUN_ID" -e "GITHUB_RUN_NUMBER" -e "GITHUB_RETENTION_DAYS" -e "GITHUB_RUN_ATTEMPT" -e "GITHUB_ACTOR_ID" -e "GITHUB_ACTOR" -e "GITHUB_WORKFLOW" -e "GITHUB_HEAD_REF" -e "GITHUB_BASE_REF" -e "GITHUB_EVENT_NAME" -e "GITHUB_SERVER_URL" -e "GITHUB_API_URL" -e "GITHUB_GRAPHQL_URL" -e "GITHUB_REF_NAME" -e "GITHUB_REF_PROTECTED" -e "GITHUB_REF_TYPE" -e "GITHUB_WORKFLOW_REF" -e "GITHUB_WORKFLOW_SHA" -e "GITHUB_REPOSITORY_ID" -e "GITHUB_TRIGGERING_ACTOR" -e "GITHUB_WORKSPACE" -e "GITHUB_ACTION" -e "GITHUB_EVENT_PATH" -e "GITHUB_ACTION_REPOSITORY" -e "GITHUB_ACTION_REF" -e "GITHUB_PATH" -e "GITHUB_ENV" -e "GITHUB_STEP_SUMMARY" -e "GITHUB_STATE" -e "GITHUB_OUTPUT" -e "RUNNER_OS" -e "RUNNER_ARCH" -e "RUNNER_NAME" -e "RUNNER_ENVIRONMENT" -e "RUNNER_TOOL_CACHE" -e "RUNNER_TEMP" -e "RUNNER_WORKSPACE" -e "ACTIONS_RUNTIME_URL" -e "ACTIONS_RUNTIME_TOKEN" -e "ACTIONS_CACHE_URL" -e "ACTIONS_RESULTS_URL" -e "ACTIONS_ORCHESTRATION_ID" -e GITHUB_ACTIONS=true -e CI=true -v "/var/run/docker.sock":"/var/run/docker.sock" -v "/home/runner/work/_temp":"/github/runner_temp" -v "/home/runner/work/_temp/_github_home":"/github/home" -v "/home/runner/work/_temp/_github_workflow":"/github/workflow" -v "/home/runner/work/_temp/_runner_file_commands":"/github/file_commands" -v "/home/runner/work/UPGRADE/UPGRADE":"/github/workspace" 8c523e:31adadbacbe741e28d144012c9daf11b
build-and-deploy	Deploy to Server via SSH	2026-02-17T00:18:14.3020003Z ======CMD======
build-and-deploy	Deploy to Server via SSH	2026-02-17T00:18:14.3023857Z # Export variables for docker-compose
build-and-deploy	Deploy to Server via SSH	2026-02-17T00:18:14.3026118Z export DOCKER_USERNAME=***
build-and-deploy	Deploy to Server via SSH	2026-02-17T00:18:14.3026456Z 
build-and-deploy	Deploy to Server via SSH	2026-02-17T00:18:14.3026635Z # Pull the latest images
build-and-deploy	Deploy to Server via SSH	2026-02-17T00:18:14.3027103Z docker pull ***/upgrade-backend:latest
build-and-deploy	Deploy to Server via SSH	2026-02-17T00:18:14.3027608Z docker pull ***/upgrade-frontend:latest
build-and-deploy	Deploy to Server via SSH	2026-02-17T00:18:14.3027920Z 
build-and-deploy	Deploy to Server via SSH	2026-02-17T00:18:14.3028119Z # Create project directory if it doesn't exist
build-and-deploy	Deploy to Server via SSH	2026-02-17T00:18:14.3028650Z mkdir -p ~/upgrade-crm
build-and-deploy	Deploy to Server via SSH	2026-02-17T00:18:14.3029026Z cd ~/upgrade-crm
build-and-deploy	Deploy to Server via SSH	2026-02-17T00:18:14.3029215Z 
build-and-deploy	Deploy to Server via SSH	2026-02-17T00:18:14.3029723Z # Copy docker-compose.prod.yml if it's not there (this is a patch, ideally it should be copied from the repo)
build-and-deploy	Deploy to Server via SSH	2026-02-17T00:18:14.3030971Z # Since we can't easily copy from the runner to the server without SCP, we'll rely on the repo being there or creating the file.
build-and-deploy	Deploy to Server via SSH	2026-02-17T00:18:14.3032111Z # BETTER APPROACH: Clone/Pull the repo to get the latest docker-compose.prod.yml
build-and-deploy	Deploy to Server via SSH	2026-02-17T00:18:14.3032646Z 
build-and-deploy	Deploy to Server via SSH	2026-02-17T00:18:14.3032831Z # Force sync with repository
build-and-deploy	Deploy to Server via SSH	2026-02-17T00:18:14.3033252Z if [ ! -d ".git" ]; then
build-and-deploy	Deploy to Server via SSH	2026-02-17T00:18:14.3033791Z   git clone https://github.com/stanisloveme-cloud/UPGRADE.git .
build-and-deploy	Deploy to Server via SSH	2026-02-17T00:18:14.3034341Z else
build-and-deploy	Deploy to Server via SSH	2026-02-17T00:18:14.3034631Z   git fetch --all
build-and-deploy	Deploy to Server via SSH	2026-02-17T00:18:14.3034991Z   git reset --hard origin/main
build-and-deploy	Deploy to Server via SSH	2026-02-17T00:18:14.3035384Z fi
build-and-deploy	Deploy to Server via SSH	2026-02-17T00:18:14.3035731Z 
build-and-deploy	Deploy to Server via SSH	2026-02-17T00:18:14.3035904Z # DEBUG: Verify config file content
build-and-deploy	Deploy to Server via SSH	2026-02-17T00:18:14.3036642Z echo "=== DOCKER COMPOSE CONFIG ==="
build-and-deploy	Deploy to Server via SSH	2026-02-17T00:18:14.3037118Z cat docker-compose.prod.yml
build-and-deploy	Deploy to Server via SSH	2026-02-17T00:18:14.3037381Z 
build-and-deploy	Deploy to Server via SSH	2026-02-17T00:18:14.3037548Z # Restart services using new images
build-and-deploy	Deploy to Server via SSH	2026-02-17T00:18:14.3038119Z # Tries 'docker compose' (v2) first, then 'docker-compose' (v1)
build-and-deploy	Deploy to Server via SSH	2026-02-17T00:18:14.3038724Z if command -v docker-compose &> /dev/null; then
build-and-deploy	Deploy to Server via SSH	2026-02-17T00:18:14.3039294Z     docker-compose -f docker-compose.prod.yml down
build-and-deploy	Deploy to Server via SSH	2026-02-17T00:18:14.3039918Z     docker-compose -f docker-compose.prod.yml up -d
build-and-deploy	Deploy to Server via SSH	2026-02-17T00:18:14.3040459Z else
build-and-deploy	Deploy to Server via SSH	2026-02-17T00:18:14.3040849Z     docker compose -f docker-compose.prod.yml down
build-and-deploy	Deploy to Server via SSH	2026-02-17T00:18:14.3041442Z     docker compose -f docker-compose.prod.yml up -d
build-and-deploy	Deploy to Server via SSH	2026-02-17T00:18:14.3041903Z fi
build-and-deploy	Deploy to Server via SSH	2026-02-17T00:18:14.3042060Z 
build-and-deploy	Deploy to Server via SSH	2026-02-17T00:18:14.3042224Z # Prune unused images to save space
build-and-deploy	Deploy to Server via SSH	2026-02-17T00:18:14.3042650Z docker image prune -f
build-and-deploy	Deploy to Server via SSH	2026-02-17T00:18:14.3042901Z 
build-and-deploy	Deploy to Server via SSH	2026-02-17T00:18:14.3043070Z # DEBUG: Show running containers and logs
build-and-deploy	Deploy to Server via SSH	2026-02-17T00:18:14.3043569Z echo "=== RUNNING CONTAINERS ==="
build-and-deploy	Deploy to Server via SSH	2026-02-17T00:18:14.3043971Z docker ps -a
build-and-deploy	Deploy to Server via SSH	2026-02-17T00:18:14.3044475Z echo "=== FRONTEND LOGS ==="
build-and-deploy	Deploy to Server via SSH	2026-02-17T00:18:14.3045616Z docker logs -n 20 upgrade-crm-frontend-1 || docker logs -n 20 upgrade-crm_frontend_1 || echo "Container name prediction failed, check ps output"
build-and-deploy	Deploy to Server via SSH	2026-02-17T00:18:14.3046558Z 
build-and-deploy	Deploy to Server via SSH	2026-02-17T00:18:14.3050122Z ======END======
build-and-deploy	Deploy to Server via SSH	2026-02-17T00:18:17.9394913Z out: latest: Pulling from ***/upgrade-backend
build-and-deploy	Deploy to Server via SSH	2026-02-17T00:18:18.3894137Z out: 589002ba0eae: Already exists
build-and-deploy	Deploy to Server via SSH	2026-02-17T00:18:18.3946084Z out: ad6d96c196e3: Already exists
build-and-deploy	Deploy to Server via SSH	2026-02-17T00:18:18.3985980Z out: eb87f4721c91: Already exists
build-and-deploy	Deploy to Server via SSH	2026-02-17T00:18:18.4036732Z out: e31b20165522: Already exists
build-and-deploy	Deploy to Server via SSH	2026-02-17T00:18:18.4071021Z out: 1b100f0c4d8d: Already exists
build-and-deploy	Deploy to Server via SSH	2026-02-17T00:18:18.4108847Z out: 06aa7a6e195a: Already exists
build-and-deploy	Deploy to Server via SSH	2026-02-17T00:18:18.4158495Z out: 3a4a2cc714be: Already exists
build-and-deploy	Deploy to Server via SSH	2026-02-17T00:18:18.4194579Z out: e1ee4e599053: Already exists
build-and-deploy	Deploy to Server via SSH	2026-02-17T00:18:18.4249808Z out: d9094f2b79bb: Already exists
build-and-deploy	Deploy to Server via SSH	2026-02-17T00:18:18.4303601Z out: 8b1240cc3f9b: Pulling fs layer
build-and-deploy	Deploy to Server via SSH	2026-02-17T00:18:18.5234588Z out: 3c9b9e6d9ebe: Pulling fs layer
build-and-deploy	Deploy to Server via SSH	2026-02-17T00:18:18.5235246Z out: 69e8e375cc7e: Pulling fs layer
build-and-deploy	Deploy to Server via SSH	2026-02-17T00:18:18.5236360Z out: 576cbbdb77db: Pulling fs layer
build-and-deploy	Deploy to Server via SSH	2026-02-17T00:18:18.5236916Z out: 576cbbdb77db: Waiting
build-and-deploy	Deploy to Server via SSH	2026-02-17T00:18:19.0607046Z out: 3c9b9e6d9ebe: Verifying Checksum
build-and-deploy	Deploy to Server via SSH	2026-02-17T00:18:19.0607743Z out: 3c9b9e6d9ebe: Download complete
build-and-deploy	Deploy to Server via SSH	2026-02-17T00:18:19.2425149Z out: 8b1240cc3f9b: Verifying Checksum
build-and-deploy	Deploy to Server via SSH	2026-02-17T00:18:19.2425864Z out: 8b1240cc3f9b: Download complete
build-and-deploy	Deploy to Server via SSH	2026-02-17T00:18:19.3072721Z out: 8b1240cc3f9b: Pull complete
build-and-deploy	Deploy to Server via SSH	2026-02-17T00:18:19.3747792Z out: 3c9b9e6d9ebe: Pull complete
build-and-deploy	Deploy to Server via SSH	2026-02-17T00:18:19.6833241Z out: 576cbbdb77db: Verifying Checksum
build-and-deploy	Deploy to Server via SSH	2026-02-17T00:18:19.6833939Z out: 576cbbdb77db: Download complete
build-and-deploy	Deploy to Server via SSH	2026-02-17T00:18:19.8308601Z out: 69e8e375cc7e: Verifying Checksum
build-and-deploy	Deploy to Server via SSH	2026-02-17T00:18:19.8309295Z out: 69e8e375cc7e: Download complete
build-and-deploy	Deploy to Server via SSH	2026-02-17T00:18:19.9563678Z out: 69e8e375cc7e: Pull complete
build-and-deploy	Deploy to Server via SSH	2026-02-17T00:18:20.0259318Z out: 576cbbdb77db: Pull complete
build-and-deploy	Deploy to Server via SSH	2026-02-17T00:18:20.0431115Z out: Digest: sha256:7768aa22323ac77a0a469dbd1d7f569d213071ce67b729079971717161eaa0d8
build-and-deploy	Deploy to Server via SSH	2026-02-17T00:18:20.0479956Z out: Status: Downloaded newer image for ***/upgrade-backend:latest
build-and-deploy	Deploy to Server via SSH	2026-02-17T00:18:20.0508862Z out: docker.io/***/upgrade-backend:latest
build-and-deploy	Deploy to Server via SSH	2026-02-17T00:18:21.4985177Z out: latest: Pulling from ***/upgrade-frontend
build-and-deploy	Deploy to Server via SSH	2026-02-17T00:18:21.5219076Z out: Digest: sha256:36d8596105f9796d9ca613b9a4e881265a3c37115581a0a407eb6983df9fe0dd
build-and-deploy	Deploy to Server via SSH	2026-02-17T00:18:21.5248516Z out: Status: Image is up to date for ***/upgrade-frontend:latest
build-and-deploy	Deploy to Server via SSH	2026-02-17T00:18:21.5267126Z out: docker.io/***/upgrade-frontend:latest
build-and-deploy	Deploy to Server via SSH	2026-02-17T00:18:21.5362784Z err: Cloning into '.'...
build-and-deploy	Deploy to Server via SSH	2026-02-17T00:18:21.7870782Z err: fatal: could not read Username for 'https://github.com': No such device or address
build-and-deploy	Deploy to Server via SSH	2026-02-17T00:18:21.7908650Z out: === DOCKER COMPOSE CONFIG ===
build-and-deploy	Deploy to Server via SSH	2026-02-17T00:18:21.7922589Z err: cat: docker-compose.prod.yml: No such file or directory
build-and-deploy	Deploy to Server via SSH	2026-02-17T00:18:21.9395791Z err: open /***/upgrade-crm/docker-compose.prod.yml: no such file or directory
build-and-deploy	Deploy to Server via SSH	2026-02-17T00:18:22.0527444Z err: open /***/upgrade-crm/docker-compose.prod.yml: no such file or directory
build-and-deploy	Deploy to Server via SSH	2026-02-17T00:18:22.1146954Z out: Deleted Images:
build-and-deploy	Deploy to Server via SSH	2026-02-17T00:18:22.1147735Z out: untagged: ***/upgrade-backend@sha256:d486460b05b0a6c72aff17abd0ea26493aaacc8992e010750952117a2907123d
build-and-deploy	Deploy to Server via SSH	2026-02-17T00:18:22.1148490Z out: deleted: sha256:b1a6ba91511252f821fa95c83d7978ea3666e33d06926c372601525936c68ca7
build-and-deploy	Deploy to Server via SSH	2026-02-17T00:18:22.1149161Z out: deleted: sha256:b6f72aaa344b4d0af5b1ea82b470cbf1cd9c937e62f09b227b7d27d02d7f46fa
build-and-deploy	Deploy to Server via SSH	2026-02-17T00:18:22.1149811Z out: deleted: sha256:514c82a53dfc67c099f823c837a0483cbfa2c65a4e209d80709503353417a212
build-and-deploy	Deploy to Server via SSH	2026-02-17T00:18:22.1150445Z out: deleted: sha256:c63692b3bc377750504178761670e76e4a4ee3122413010c07bf1030ca0610fb
build-and-deploy	Deploy to Server via SSH	2026-02-17T00:18:22.1151081Z out: deleted: sha256:5c5b94b89c7d62bae155e1b1048cb86349d7afda49af3f982767a7fd84998ed0
build-and-deploy	Deploy to Server via SSH	2026-02-17T00:18:22.1151633Z out: Total reclaimed space: 12.64MB
build-and-deploy	Deploy to Server via SSH	2026-02-17T00:18:22.1176417Z out: === RUNNING CONTAINERS ===
build-and-deploy	Deploy to Server via SSH	2026-02-17T00:18:22.1429260Z out: CONTAINER ID   IMAGE                COMMAND                  CREATED        STATUS                  PORTS                                         NAMES
build-and-deploy	Deploy to Server via SSH	2026-02-17T00:18:22.1433318Z out: 89124cc03be1   upgrade-crm-app      "docker-entrypoint.s…"   16 hours ago   Up 16 hours             0.0.0.0:3000->3000/tcp, [::]:3000->3000/tcp   upgrade-crm-app-1
build-and-deploy	Deploy to Server via SSH	2026-02-17T00:18:22.1434795Z out: 69084a60a878   postgres:15-alpine   "docker-entrypoint.s…"   16 hours ago   Up 16 hours (healthy)   0.0.0.0:5433->5432/tcp, [::]:5433->5432/tcp   upgrade-crm-db-1
build-and-deploy	Deploy to Server via SSH	2026-02-17T00:18:22.1436187Z out: 331916f55d37   redis:7-alpine       "docker-entrypoint.s…"   16 hours ago   Up 16 hours             0.0.0.0:6379->6379/tcp, [::]:6379->6379/tcp   upgrade-crm-redis-1
build-and-deploy	Deploy to Server via SSH	2026-02-17T00:18:22.1468225Z out: === FRONTEND LOGS ===
build-and-deploy	Deploy to Server via SSH	2026-02-17T00:18:22.1728718Z err: Error response from daemon: No such container: upgrade-crm-frontend-1
build-and-deploy	Deploy to Server via SSH	2026-02-17T00:18:22.1982639Z err: Error response from daemon: No such container: upgrade-crm_frontend_1
build-and-deploy	Deploy to Server via SSH	2026-02-17T00:18:22.2015100Z out: Container name prediction failed, check ps output
build-and-deploy	Deploy to Server via SSH	2026-02-17T00:18:22.2017794Z ==============================================
build-and-deploy	Deploy to Server via SSH	2026-02-17T00:18:22.2019046Z ✅ Successfully executed commands to all host.
build-and-deploy	Deploy to Server via SSH	2026-02-17T00:18:22.2020815Z ==============================================
build-and-deploy	Post Build and Push Frontend	﻿2026-02-17T00:18:22.2825340Z Post job cleanup.
build-and-deploy	Post Build and Push Frontend	2026-02-17T00:18:22.4880861Z ##[group]Removing temp folder /home/runner/work/_temp/docker-actions-toolkit-nGglgy
build-and-deploy	Post Build and Push Frontend	2026-02-17T00:18:22.4893957Z ##[endgroup]
build-and-deploy	Post Build and Push Frontend	2026-02-17T00:18:22.4894980Z ##[group]Post cache
build-and-deploy	Post Build and Push Frontend	2026-02-17T00:18:22.4896529Z State not set
build-and-deploy	Post Build and Push Frontend	2026-02-17T00:18:22.4900229Z ##[endgroup]
build-and-deploy	Post Build and Push Backend	﻿2026-02-17T00:18:22.5007958Z Post job cleanup.
build-and-deploy	Post Build and Push Backend	2026-02-17T00:18:22.7547430Z ##[group]Removing temp folder /home/runner/work/_temp/docker-actions-toolkit-lIhJ5b
build-and-deploy	Post Build and Push Backend	2026-02-17T00:18:22.7549560Z ##[endgroup]
build-and-deploy	Post Build and Push Backend	2026-02-17T00:18:22.7550195Z ##[group]Post cache
build-and-deploy	Post Build and Push Backend	2026-02-17T00:18:22.7552066Z State not set
build-and-deploy	Post Build and Push Backend	2026-02-17T00:18:22.7552771Z ##[endgroup]
build-and-deploy	Post Log in to Docker Hub	﻿2026-02-17T00:18:22.7712806Z Post job cleanup.
build-and-deploy	Post Log in to Docker Hub	2026-02-17T00:18:23.0581281Z ##[group]Logout from docker.io
build-and-deploy	Post Log in to Docker Hub	2026-02-17T00:18:23.0628097Z [command]/usr/bin/docker logout docker.io
build-and-deploy	Post Log in to Docker Hub	2026-02-17T00:18:23.0746953Z Removing login credentials for docker.io
build-and-deploy	Post Log in to Docker Hub	2026-02-17T00:18:23.0775137Z ##[endgroup]
build-and-deploy	Post Log in to Docker Hub	2026-02-17T00:18:23.0781452Z ##[group]Post cache
build-and-deploy	Post Log in to Docker Hub	2026-02-17T00:18:23.0781861Z State not set
build-and-deploy	Post Log in to Docker Hub	2026-02-17T00:18:23.0782472Z ##[endgroup]
build-and-deploy	Post Checkout code	﻿2026-02-17T00:18:23.0891877Z Post job cleanup.
build-and-deploy	Post Checkout code	2026-02-17T00:18:23.1759982Z [command]/usr/bin/git version
build-and-deploy	Post Checkout code	2026-02-17T00:18:23.1796694Z git version 2.52.0
build-and-deploy	Post Checkout code	2026-02-17T00:18:23.1837749Z Temporarily overriding HOME='/home/runner/work/_temp/1bb6f968-8f88-45e6-9cee-6570494f78d3' before making global git config changes
build-and-deploy	Post Checkout code	2026-02-17T00:18:23.1840520Z Adding repository directory to the temporary git global config as a safe directory
build-and-deploy	Post Checkout code	2026-02-17T00:18:23.1843970Z [command]/usr/bin/git config --global --add safe.directory /home/runner/work/UPGRADE/UPGRADE
build-and-deploy	Post Checkout code	2026-02-17T00:18:23.1885264Z [command]/usr/bin/git config --local --name-only --get-regexp core\.sshCommand
build-and-deploy	Post Checkout code	2026-02-17T00:18:23.1916458Z [command]/usr/bin/git submodule foreach --recursive sh -c "git config --local --name-only --get-regexp 'core\.sshCommand' && git config --local --unset-all 'core.sshCommand' || :"
build-and-deploy	Post Checkout code	2026-02-17T00:18:23.2104904Z [command]/usr/bin/git config --local --name-only --get-regexp http\.https\:\/\/github\.com\/\.extraheader
build-and-deploy	Post Checkout code	2026-02-17T00:18:23.2125228Z http.https://github.com/.extraheader
build-and-deploy	Post Checkout code	2026-02-17T00:18:23.2138139Z [command]/usr/bin/git config --local --unset-all http.https://github.com/.extraheader
build-and-deploy	Post Checkout code	2026-02-17T00:18:23.2166789Z [command]/usr/bin/git submodule foreach --recursive sh -c "git config --local --name-only --get-regexp 'http\.https\:\/\/github\.com\/\.extraheader' && git config --local --unset-all 'http.https://github.com/.extraheader' || :"
build-and-deploy	Post Checkout code	2026-02-17T00:18:23.2373251Z [command]/usr/bin/git config --local --name-only --get-regexp ^includeIf\.gitdir:
build-and-deploy	Post Checkout code	2026-02-17T00:18:23.2422680Z [command]/usr/bin/git submodule foreach --recursive git config --local --show-origin --name-only --get-regexp remote.origin.url
build-and-deploy	Complete job	﻿2026-02-17T00:18:23.2768430Z Cleaning up orphan processes
