build-and-deploy	Set up job	﻿2026-02-16T23:36:14.1817969Z Current runner version: '2.331.0'
build-and-deploy	Set up job	2026-02-16T23:36:14.1843625Z ##[group]Runner Image Provisioner
build-and-deploy	Set up job	2026-02-16T23:36:14.1844565Z Hosted Compute Agent
build-and-deploy	Set up job	2026-02-16T23:36:14.1845250Z Version: 20260123.484
build-and-deploy	Set up job	2026-02-16T23:36:14.1845955Z Commit: 6bd6555ca37d84114959e1c76d2c01448ff61c5d
build-and-deploy	Set up job	2026-02-16T23:36:14.1846747Z Build Date: 2026-01-23T19:41:17Z
build-and-deploy	Set up job	2026-02-16T23:36:14.1847603Z Worker ID: {35ef0c65-49ee-4cee-9565-ba91462d1f60}
build-and-deploy	Set up job	2026-02-16T23:36:14.1848416Z Azure Region: northcentralus
build-and-deploy	Set up job	2026-02-16T23:36:14.1849124Z ##[endgroup]
build-and-deploy	Set up job	2026-02-16T23:36:14.1850576Z ##[group]Operating System
build-and-deploy	Set up job	2026-02-16T23:36:14.1851727Z Ubuntu
build-and-deploy	Set up job	2026-02-16T23:36:14.1852362Z 24.04.3
build-and-deploy	Set up job	2026-02-16T23:36:14.1852914Z LTS
build-and-deploy	Set up job	2026-02-16T23:36:14.1853564Z ##[endgroup]
build-and-deploy	Set up job	2026-02-16T23:36:14.1854164Z ##[group]Runner Image
build-and-deploy	Set up job	2026-02-16T23:36:14.1855313Z Image: ubuntu-24.04
build-and-deploy	Set up job	2026-02-16T23:36:14.1855965Z Version: 20260209.23.1
build-and-deploy	Set up job	2026-02-16T23:36:14.1857067Z Included Software: https://github.com/actions/runner-images/blob/ubuntu24/20260209.23/images/ubuntu/Ubuntu2404-Readme.md
build-and-deploy	Set up job	2026-02-16T23:36:14.1858966Z Image Release: https://github.com/actions/runner-images/releases/tag/ubuntu24%2F20260209.23
build-and-deploy	Set up job	2026-02-16T23:36:14.1860116Z ##[endgroup]
build-and-deploy	Set up job	2026-02-16T23:36:14.1861563Z ##[group]GITHUB_TOKEN Permissions
build-and-deploy	Set up job	2026-02-16T23:36:14.1863826Z Contents: read
build-and-deploy	Set up job	2026-02-16T23:36:14.1864528Z Metadata: read
build-and-deploy	Set up job	2026-02-16T23:36:14.1865224Z Packages: read
build-and-deploy	Set up job	2026-02-16T23:36:14.1865860Z ##[endgroup]
build-and-deploy	Set up job	2026-02-16T23:36:14.1867974Z Secret source: Actions
build-and-deploy	Set up job	2026-02-16T23:36:14.1869021Z Prepare workflow directory
build-and-deploy	Set up job	2026-02-16T23:36:14.2320635Z Prepare all required actions
build-and-deploy	Set up job	2026-02-16T23:36:14.2378181Z Getting action download info
build-and-deploy	Set up job	2026-02-16T23:36:14.6989173Z Download action repository 'actions/checkout@v4' (SHA:34e114876b0b11c390a56381ad16ebd13914f8d5)
build-and-deploy	Set up job	2026-02-16T23:36:14.8413917Z Download action repository 'docker/login-action@v3' (SHA:c94ce9fb468520275223c153574b00df6fe4bcc9)
build-and-deploy	Set up job	2026-02-16T23:36:15.3273420Z Download action repository 'docker/build-push-action@v5' (SHA:ca052bb54ab0790a636c9b5f226502c73d547a25)
build-and-deploy	Set up job	2026-02-16T23:36:15.8574365Z Download action repository 'appleboy/ssh-action@v1.0.3' (SHA:029f5b4aeeeb58fdfe1410a5d17f967dacf36262)
build-and-deploy	Set up job	2026-02-16T23:36:16.3018073Z Complete job name: build-and-deploy
build-and-deploy	Build appleboy/ssh-action@v1.0.3	﻿2026-02-16T23:36:16.3515035Z ##[group]Build container for action use: '/home/runner/work/_actions/appleboy/ssh-action/v1.0.3/Dockerfile'.
build-and-deploy	Build appleboy/ssh-action@v1.0.3	2026-02-16T23:36:16.3573899Z ##[command]/usr/bin/docker build -t d5e7c9:c023a2d5c76446a0ba87fffb135b513e -f "/home/runner/work/_actions/appleboy/ssh-action/v1.0.3/Dockerfile" "/home/runner/work/_actions/appleboy/ssh-action/v1.0.3"
build-and-deploy	Build appleboy/ssh-action@v1.0.3	2026-02-16T23:36:17.0389110Z #0 building with "default" instance using docker driver
build-and-deploy	Build appleboy/ssh-action@v1.0.3	2026-02-16T23:36:17.0441436Z 
build-and-deploy	Build appleboy/ssh-action@v1.0.3	2026-02-16T23:36:17.0442462Z #1 [internal] load build definition from Dockerfile
build-and-deploy	Build appleboy/ssh-action@v1.0.3	2026-02-16T23:36:17.0444480Z #1 transferring dockerfile: 149B done
build-and-deploy	Build appleboy/ssh-action@v1.0.3	2026-02-16T23:36:17.0445718Z #1 DONE 0.0s
build-and-deploy	Build appleboy/ssh-action@v1.0.3	2026-02-16T23:36:17.0446948Z 
build-and-deploy	Build appleboy/ssh-action@v1.0.3	2026-02-16T23:36:17.0448155Z #2 [internal] load metadata for ghcr.io/appleboy/drone-ssh:1.7.3
build-and-deploy	Build appleboy/ssh-action@v1.0.3	2026-02-16T23:36:17.2918363Z #2 DONE 0.4s
build-and-deploy	Build appleboy/ssh-action@v1.0.3	2026-02-16T23:36:17.4123242Z 
build-and-deploy	Build appleboy/ssh-action@v1.0.3	2026-02-16T23:36:17.4139997Z #3 [internal] load .dockerignore
build-and-deploy	Build appleboy/ssh-action@v1.0.3	2026-02-16T23:36:17.4150648Z #3 transferring context: 2B done
build-and-deploy	Build appleboy/ssh-action@v1.0.3	2026-02-16T23:36:17.4160140Z #3 DONE 0.0s
build-and-deploy	Build appleboy/ssh-action@v1.0.3	2026-02-16T23:36:17.4163530Z 
build-and-deploy	Build appleboy/ssh-action@v1.0.3	2026-02-16T23:36:17.4166284Z #4 [internal] load build context
build-and-deploy	Build appleboy/ssh-action@v1.0.3	2026-02-16T23:36:17.4173978Z #4 transferring context: 108B done
build-and-deploy	Build appleboy/ssh-action@v1.0.3	2026-02-16T23:36:17.4175582Z #4 DONE 0.0s
build-and-deploy	Build appleboy/ssh-action@v1.0.3	2026-02-16T23:36:17.4176010Z 
build-and-deploy	Build appleboy/ssh-action@v1.0.3	2026-02-16T23:36:17.4177341Z #5 [1/2] FROM ghcr.io/appleboy/drone-ssh:1.7.3@sha256:179cbd253771007f2ebcaf7a3860afe059207351de1f3378efafac93bd310158
build-and-deploy	Build appleboy/ssh-action@v1.0.3	2026-02-16T23:36:17.4180417Z #5 resolve ghcr.io/appleboy/drone-ssh:1.7.3@sha256:179cbd253771007f2ebcaf7a3860afe059207351de1f3378efafac93bd310158 0.0s done
build-and-deploy	Build appleboy/ssh-action@v1.0.3	2026-02-16T23:36:17.4183461Z #5 sha256:066e5b821e26d8313055e0314c056e6c297847bcf963e5df10e7aa03107f2246 125B / 125B 0.0s done
build-and-deploy	Build appleboy/ssh-action@v1.0.3	2026-02-16T23:36:17.6030263Z #5 sha256:1207c741d8c9b028d98c4006013f9de959da3c55f85b91ed5e4583438a0112ca 3.38MB / 3.38MB 0.1s done
build-and-deploy	Build appleboy/ssh-action@v1.0.3	2026-02-16T23:36:17.6034074Z #5 sha256:7e20f48a19643465f486f59127b8f4e0f4114bedc8bd5260fb4f92d5fda95f1c 1.20kB / 1.20kB 0.1s done
build-and-deploy	Build appleboy/ssh-action@v1.0.3	2026-02-16T23:36:17.6038198Z #5 extracting sha256:1207c741d8c9b028d98c4006013f9de959da3c55f85b91ed5e4583438a0112ca 0.1s done
build-and-deploy	Build appleboy/ssh-action@v1.0.3	2026-02-16T23:36:17.6040545Z #5 sha256:654aaee5654be60f81172539ecd74485cf8bbe2e9137bab0d429862c31c676f6 284.83kB / 284.83kB 0.1s done
build-and-deploy	Build appleboy/ssh-action@v1.0.3	2026-02-16T23:36:17.6042236Z #5 sha256:47353a6f9201a145b687290e5ae0278ac269faf4bb61bee3e9246c37a8d74277 2.44MB / 2.44MB 0.1s done
build-and-deploy	Build appleboy/ssh-action@v1.0.3	2026-02-16T23:36:17.6043571Z #5 DONE 0.3s
build-and-deploy	Build appleboy/ssh-action@v1.0.3	2026-02-16T23:36:17.7074547Z 
build-and-deploy	Build appleboy/ssh-action@v1.0.3	2026-02-16T23:36:17.8600545Z #5 [1/2] FROM ghcr.io/appleboy/drone-ssh:1.7.3@sha256:179cbd253771007f2ebcaf7a3860afe059207351de1f3378efafac93bd310158
build-and-deploy	Build appleboy/ssh-action@v1.0.3	2026-02-16T23:36:17.8605002Z #5 extracting sha256:654aaee5654be60f81172539ecd74485cf8bbe2e9137bab0d429862c31c676f6 0.1s done
build-and-deploy	Build appleboy/ssh-action@v1.0.3	2026-02-16T23:36:17.8606851Z #5 extracting sha256:7e20f48a19643465f486f59127b8f4e0f4114bedc8bd5260fb4f92d5fda95f1c done
build-and-deploy	Build appleboy/ssh-action@v1.0.3	2026-02-16T23:36:17.8608483Z #5 extracting sha256:066e5b821e26d8313055e0314c056e6c297847bcf963e5df10e7aa03107f2246 done
build-and-deploy	Build appleboy/ssh-action@v1.0.3	2026-02-16T23:36:17.8610415Z #5 extracting sha256:47353a6f9201a145b687290e5ae0278ac269faf4bb61bee3e9246c37a8d74277 0.0s done
build-and-deploy	Build appleboy/ssh-action@v1.0.3	2026-02-16T23:36:17.8612242Z #5 DONE 0.4s
build-and-deploy	Build appleboy/ssh-action@v1.0.3	2026-02-16T23:36:17.8612847Z 
build-and-deploy	Build appleboy/ssh-action@v1.0.3	2026-02-16T23:36:17.8613313Z #6 [2/2] COPY entrypoint.sh /bin/entrypoint.sh
build-and-deploy	Build appleboy/ssh-action@v1.0.3	2026-02-16T23:36:19.5987699Z #6 DONE 1.9s
build-and-deploy	Build appleboy/ssh-action@v1.0.3	2026-02-16T23:36:19.6993489Z 
build-and-deploy	Build appleboy/ssh-action@v1.0.3	2026-02-16T23:36:19.7004291Z #7 exporting to image
build-and-deploy	Build appleboy/ssh-action@v1.0.3	2026-02-16T23:36:19.7005096Z #7 exporting layers 0.0s done
build-and-deploy	Build appleboy/ssh-action@v1.0.3	2026-02-16T23:36:19.7006367Z #7 exporting manifest sha256:566e498d4b43627e8cb6ed7b677e32362a80e7043d34aa18c45852a100adf643 done
build-and-deploy	Build appleboy/ssh-action@v1.0.3	2026-02-16T23:36:19.7007818Z #7 exporting config sha256:7230c2099d54948bec94163b2cd0cb676ea8869e1db52129aad39aded3f35b19 done
build-and-deploy	Build appleboy/ssh-action@v1.0.3	2026-02-16T23:36:19.7009464Z #7 exporting attestation manifest sha256:b5e61e647f0a77f7a53f8d2bfdb18360af814492a389056648517d6832377d29 done
build-and-deploy	Build appleboy/ssh-action@v1.0.3	2026-02-16T23:36:19.7067399Z #7 exporting manifest list sha256:d0b8b6d24ca06897122f2f405489921b0615fe1d96033e13464a2fd6f89809a8 done
build-and-deploy	Build appleboy/ssh-action@v1.0.3	2026-02-16T23:36:19.7069186Z #7 naming to docker.io/library/d5e7c9:c023a2d5c76446a0ba87fffb135b513e done
build-and-deploy	Build appleboy/ssh-action@v1.0.3	2026-02-16T23:36:19.7070387Z #7 unpacking to docker.io/library/d5e7c9:c023a2d5c76446a0ba87fffb135b513e 0.0s done
build-and-deploy	Build appleboy/ssh-action@v1.0.3	2026-02-16T23:36:19.7073062Z #7 DONE 0.1s
build-and-deploy	Build appleboy/ssh-action@v1.0.3	2026-02-16T23:36:19.7529224Z ##[endgroup]
build-and-deploy	Checkout code	﻿2026-02-16T23:36:19.7858243Z ##[group]Run actions/checkout@v4
build-and-deploy	Checkout code	2026-02-16T23:36:19.7858886Z with:
build-and-deploy	Checkout code	2026-02-16T23:36:19.7859140Z   repository: stanisloveme-cloud/UPGRADE
build-and-deploy	Checkout code	2026-02-16T23:36:19.7859670Z   token: ***
build-and-deploy	Checkout code	2026-02-16T23:36:19.7859894Z   ssh-strict: true
build-and-deploy	Checkout code	2026-02-16T23:36:19.7860115Z   ssh-user: git
build-and-deploy	Checkout code	2026-02-16T23:36:19.7860351Z   persist-credentials: true
build-and-deploy	Checkout code	2026-02-16T23:36:19.7860607Z   clean: true
build-and-deploy	Checkout code	2026-02-16T23:36:19.7860833Z   sparse-checkout-cone-mode: true
build-and-deploy	Checkout code	2026-02-16T23:36:19.7861484Z   fetch-depth: 1
build-and-deploy	Checkout code	2026-02-16T23:36:19.7861712Z   fetch-tags: false
build-and-deploy	Checkout code	2026-02-16T23:36:19.7861946Z   show-progress: true
build-and-deploy	Checkout code	2026-02-16T23:36:19.7862180Z   lfs: false
build-and-deploy	Checkout code	2026-02-16T23:36:19.7862382Z   submodules: false
build-and-deploy	Checkout code	2026-02-16T23:36:19.7862638Z   set-safe-directory: true
build-and-deploy	Checkout code	2026-02-16T23:36:19.7863185Z ##[endgroup]
build-and-deploy	Checkout code	2026-02-16T23:36:19.9035167Z Syncing repository: stanisloveme-cloud/UPGRADE
build-and-deploy	Checkout code	2026-02-16T23:36:19.9037759Z ##[group]Getting Git version info
build-and-deploy	Checkout code	2026-02-16T23:36:19.9038507Z Working directory is '/home/runner/work/UPGRADE/UPGRADE'
build-and-deploy	Checkout code	2026-02-16T23:36:19.9039734Z [command]/usr/bin/git version
build-and-deploy	Checkout code	2026-02-16T23:36:19.9054965Z git version 2.52.0
build-and-deploy	Checkout code	2026-02-16T23:36:19.9088132Z ##[endgroup]
build-and-deploy	Checkout code	2026-02-16T23:36:19.9102615Z Temporarily overriding HOME='/home/runner/work/_temp/ec843c3e-2e21-4a19-a592-43511304abf8' before making global git config changes
build-and-deploy	Checkout code	2026-02-16T23:36:19.9104056Z Adding repository directory to the temporary git global config as a safe directory
build-and-deploy	Checkout code	2026-02-16T23:36:19.9120101Z [command]/usr/bin/git config --global --add safe.directory /home/runner/work/UPGRADE/UPGRADE
build-and-deploy	Checkout code	2026-02-16T23:36:19.9165387Z Deleting the contents of '/home/runner/work/UPGRADE/UPGRADE'
build-and-deploy	Checkout code	2026-02-16T23:36:19.9169931Z ##[group]Initializing the repository
build-and-deploy	Checkout code	2026-02-16T23:36:19.9175947Z [command]/usr/bin/git init /home/runner/work/UPGRADE/UPGRADE
build-and-deploy	Checkout code	2026-02-16T23:36:19.9289707Z hint: Using 'master' as the name for the initial branch. This default branch name
build-and-deploy	Checkout code	2026-02-16T23:36:19.9291650Z hint: will change to "main" in Git 3.0. To configure the initial branch name
build-and-deploy	Checkout code	2026-02-16T23:36:19.9292663Z hint: to use in all of your new repositories, which will suppress this warning,
build-and-deploy	Checkout code	2026-02-16T23:36:19.9293423Z hint: call:
build-and-deploy	Checkout code	2026-02-16T23:36:19.9293795Z hint:
build-and-deploy	Checkout code	2026-02-16T23:36:19.9294304Z hint: 	git config --global init.defaultBranch <name>
build-and-deploy	Checkout code	2026-02-16T23:36:19.9294940Z hint:
build-and-deploy	Checkout code	2026-02-16T23:36:19.9295521Z hint: Names commonly chosen instead of 'master' are 'main', 'trunk' and
build-and-deploy	Checkout code	2026-02-16T23:36:19.9296516Z hint: 'development'. The just-created branch can be renamed via this command:
build-and-deploy	Checkout code	2026-02-16T23:36:19.9297510Z hint:
build-and-deploy	Checkout code	2026-02-16T23:36:19.9297900Z hint: 	git branch -m <name>
build-and-deploy	Checkout code	2026-02-16T23:36:19.9300275Z hint:
build-and-deploy	Checkout code	2026-02-16T23:36:19.9301195Z hint: Disable this message with "git config set advice.defaultBranchName false"
build-and-deploy	Checkout code	2026-02-16T23:36:19.9302295Z Initialized empty Git repository in /home/runner/work/UPGRADE/UPGRADE/.git/
build-and-deploy	Checkout code	2026-02-16T23:36:19.9312615Z [command]/usr/bin/git remote add origin https://github.com/stanisloveme-cloud/UPGRADE
build-and-deploy	Checkout code	2026-02-16T23:36:19.9353590Z ##[endgroup]
build-and-deploy	Checkout code	2026-02-16T23:36:19.9356231Z ##[group]Disabling automatic garbage collection
build-and-deploy	Checkout code	2026-02-16T23:36:19.9358540Z [command]/usr/bin/git config --local gc.auto 0
build-and-deploy	Checkout code	2026-02-16T23:36:19.9393724Z ##[endgroup]
build-and-deploy	Checkout code	2026-02-16T23:36:19.9396114Z ##[group]Setting up auth
build-and-deploy	Checkout code	2026-02-16T23:36:19.9402033Z [command]/usr/bin/git config --local --name-only --get-regexp core\.sshCommand
build-and-deploy	Checkout code	2026-02-16T23:36:19.9437405Z [command]/usr/bin/git submodule foreach --recursive sh -c "git config --local --name-only --get-regexp 'core\.sshCommand' && git config --local --unset-all 'core.sshCommand' || :"
build-and-deploy	Checkout code	2026-02-16T23:36:19.9808942Z [command]/usr/bin/git config --local --name-only --get-regexp http\.https\:\/\/github\.com\/\.extraheader
build-and-deploy	Checkout code	2026-02-16T23:36:19.9844970Z [command]/usr/bin/git submodule foreach --recursive sh -c "git config --local --name-only --get-regexp 'http\.https\:\/\/github\.com\/\.extraheader' && git config --local --unset-all 'http.https://github.com/.extraheader' || :"
build-and-deploy	Checkout code	2026-02-16T23:36:20.0097841Z [command]/usr/bin/git config --local --name-only --get-regexp ^includeIf\.gitdir:
build-and-deploy	Checkout code	2026-02-16T23:36:20.0143433Z [command]/usr/bin/git submodule foreach --recursive git config --local --show-origin --name-only --get-regexp remote.origin.url
build-and-deploy	Checkout code	2026-02-16T23:36:20.0405313Z [command]/usr/bin/git config --local http.https://github.com/.extraheader AUTHORIZATION: basic ***
build-and-deploy	Checkout code	2026-02-16T23:36:20.0446944Z ##[endgroup]
build-and-deploy	Checkout code	2026-02-16T23:36:20.0449649Z ##[group]Fetching the repository
build-and-deploy	Checkout code	2026-02-16T23:36:20.0457529Z [command]/usr/bin/git -c protocol.version=2 fetch --no-tags --prune --no-recurse-submodules --depth=1 origin +e575e8e41b940ec59110b35bedc89bcca53a3965:refs/remotes/origin/main
build-and-deploy	Checkout code	2026-02-16T23:36:20.8437857Z From https://github.com/stanisloveme-cloud/UPGRADE
build-and-deploy	Checkout code	2026-02-16T23:36:20.8438728Z  * [new ref]         e575e8e41b940ec59110b35bedc89bcca53a3965 -> origin/main
build-and-deploy	Checkout code	2026-02-16T23:36:20.8480503Z ##[endgroup]
build-and-deploy	Checkout code	2026-02-16T23:36:20.8482897Z ##[group]Determining the checkout info
build-and-deploy	Checkout code	2026-02-16T23:36:20.8485250Z ##[endgroup]
build-and-deploy	Checkout code	2026-02-16T23:36:20.8488956Z [command]/usr/bin/git sparse-checkout disable
build-and-deploy	Checkout code	2026-02-16T23:36:20.8535868Z [command]/usr/bin/git config --local --unset-all extensions.worktreeConfig
build-and-deploy	Checkout code	2026-02-16T23:36:20.8566864Z ##[group]Checking out the ref
build-and-deploy	Checkout code	2026-02-16T23:36:20.8571283Z [command]/usr/bin/git checkout --progress --force -B main refs/remotes/origin/main
build-and-deploy	Checkout code	2026-02-16T23:36:20.9800820Z Switched to a new branch 'main'
build-and-deploy	Checkout code	2026-02-16T23:36:20.9803333Z branch 'main' set up to track 'origin/main'.
build-and-deploy	Checkout code	2026-02-16T23:36:20.9804760Z ##[endgroup]
build-and-deploy	Checkout code	2026-02-16T23:36:20.9844952Z [command]/usr/bin/git log -1 --format=%H
build-and-deploy	Checkout code	2026-02-16T23:36:20.9870694Z e575e8e41b940ec59110b35bedc89bcca53a3965
build-and-deploy	Log in to Docker Hub	﻿2026-02-16T23:36:21.0096382Z ##[group]Run docker/login-action@v3
build-and-deploy	Log in to Docker Hub	2026-02-16T23:36:21.0096708Z with:
build-and-deploy	Log in to Docker Hub	2026-02-16T23:36:21.0097076Z   username: ***
build-and-deploy	Log in to Docker Hub	2026-02-16T23:36:21.0097531Z   password: ***
build-and-deploy	Log in to Docker Hub	2026-02-16T23:36:21.0097752Z   logout: true
build-and-deploy	Log in to Docker Hub	2026-02-16T23:36:21.0097960Z ##[endgroup]
build-and-deploy	Log in to Docker Hub	2026-02-16T23:36:21.3923438Z Logging into docker.io...
build-and-deploy	Log in to Docker Hub	2026-02-16T23:36:21.6334685Z Login Succeeded!
build-and-deploy	Build and Push Backend	﻿2026-02-16T23:36:21.6519892Z ##[group]Run docker/build-push-action@v5
build-and-deploy	Build and Push Backend	2026-02-16T23:36:21.6520220Z with:
build-and-deploy	Build and Push Backend	2026-02-16T23:36:21.6520412Z   context: .
build-and-deploy	Build and Push Backend	2026-02-16T23:36:21.6520620Z   file: Dockerfile
build-and-deploy	Build and Push Backend	2026-02-16T23:36:21.6520835Z   push: true
build-and-deploy	Build and Push Backend	2026-02-16T23:36:21.6521422Z   tags: ***/upgrade-backend:latest
build-and-deploy	Build and Push Backend	2026-02-16T23:36:21.6521818Z   cache-from: type=registry,ref=***/upgrade-backend:buildcache
build-and-deploy	Build and Push Backend	2026-02-16T23:36:21.6522303Z   cache-to: type=registry,ref=***/upgrade-backend:buildcache,mode=max
build-and-deploy	Build and Push Backend	2026-02-16T23:36:21.6522669Z   load: false
build-and-deploy	Build and Push Backend	2026-02-16T23:36:21.6522874Z   no-cache: false
build-and-deploy	Build and Push Backend	2026-02-16T23:36:21.6523080Z   pull: false
build-and-deploy	Build and Push Backend	2026-02-16T23:36:21.6523395Z   github-token: ***
build-and-deploy	Build and Push Backend	2026-02-16T23:36:21.6523621Z ##[endgroup]
build-and-deploy	Build and Push Backend	2026-02-16T23:36:21.9127922Z ##[group]GitHub Actions runtime token ACs
build-and-deploy	Build and Push Backend	2026-02-16T23:36:21.9172989Z refs/heads/main: read/write
build-and-deploy	Build and Push Backend	2026-02-16T23:36:21.9173868Z ##[endgroup]
build-and-deploy	Build and Push Backend	2026-02-16T23:36:21.9174559Z ##[group]Docker info
build-and-deploy	Build and Push Backend	2026-02-16T23:36:21.9253570Z [command]/usr/bin/docker version
build-and-deploy	Build and Push Backend	2026-02-16T23:36:21.9587848Z Client: Docker Engine - Community
build-and-deploy	Build and Push Backend	2026-02-16T23:36:21.9588947Z  Version:           29.1.5
build-and-deploy	Build and Push Backend	2026-02-16T23:36:21.9590396Z  API version:       1.52
build-and-deploy	Build and Push Backend	2026-02-16T23:36:21.9591362Z  Go version:        go1.25.6
build-and-deploy	Build and Push Backend	2026-02-16T23:36:21.9592824Z  Git commit:        0e6fee6
build-and-deploy	Build and Push Backend	2026-02-16T23:36:21.9593805Z  Built:             Fri Jan 16 12:48:47 2026
build-and-deploy	Build and Push Backend	2026-02-16T23:36:21.9595280Z  OS/Arch:           linux/amd64
build-and-deploy	Build and Push Backend	2026-02-16T23:36:21.9596281Z  Context:           default
build-and-deploy	Build and Push Backend	2026-02-16T23:36:21.9597357Z 
build-and-deploy	Build and Push Backend	2026-02-16T23:36:21.9599480Z Server: Docker Engine - Community
build-and-deploy	Build and Push Backend	2026-02-16T23:36:21.9601328Z  Engine:
build-and-deploy	Build and Push Backend	2026-02-16T23:36:21.9602918Z   Version:          29.1.5
build-and-deploy	Build and Push Backend	2026-02-16T23:36:21.9604589Z   API version:      1.52 (minimum version 1.44)
build-and-deploy	Build and Push Backend	2026-02-16T23:36:21.9606218Z   Go version:       go1.25.6
build-and-deploy	Build and Push Backend	2026-02-16T23:36:21.9607702Z   Git commit:       3b01d64
build-and-deploy	Build and Push Backend	2026-02-16T23:36:21.9609149Z   Built:            Fri Jan 16 12:48:47 2026
build-and-deploy	Build and Push Backend	2026-02-16T23:36:21.9610601Z   OS/Arch:          linux/amd64
build-and-deploy	Build and Push Backend	2026-02-16T23:36:21.9613773Z   Experimental:     false
build-and-deploy	Build and Push Backend	2026-02-16T23:36:21.9614803Z  containerd:
build-and-deploy	Build and Push Backend	2026-02-16T23:36:21.9615946Z   Version:          v2.2.1
build-and-deploy	Build and Push Backend	2026-02-16T23:36:21.9618698Z   GitCommit:        dea7da592f5d1d2b7755e3a161be07f43fad8f75
build-and-deploy	Build and Push Backend	2026-02-16T23:36:21.9622982Z  runc:
build-and-deploy	Build and Push Backend	2026-02-16T23:36:21.9642377Z   Version:          1.3.4
build-and-deploy	Build and Push Backend	2026-02-16T23:36:21.9643231Z   GitCommit:        v1.3.4-0-gd6d73eb8
build-and-deploy	Build and Push Backend	2026-02-16T23:36:21.9644528Z  docker-init:
build-and-deploy	Build and Push Backend	2026-02-16T23:36:21.9645213Z   Version:          0.19.0
build-and-deploy	Build and Push Backend	2026-02-16T23:36:21.9646382Z   GitCommit:        de40ad0
build-and-deploy	Build and Push Backend	2026-02-16T23:36:21.9697026Z [command]/usr/bin/docker info
build-and-deploy	Build and Push Backend	2026-02-16T23:36:22.2123296Z Client: Docker Engine - Community
build-and-deploy	Build and Push Backend	2026-02-16T23:36:22.2152402Z  Version:    29.1.5
build-and-deploy	Build and Push Backend	2026-02-16T23:36:22.2152828Z  Context:    default
build-and-deploy	Build and Push Backend	2026-02-16T23:36:22.2153226Z  Debug Mode: false
build-and-deploy	Build and Push Backend	2026-02-16T23:36:22.2153609Z  Plugins:
build-and-deploy	Build and Push Backend	2026-02-16T23:36:22.2153987Z   buildx: Docker Buildx (Docker Inc.)
build-and-deploy	Build and Push Backend	2026-02-16T23:36:22.2154463Z     Version:  v0.31.1
build-and-deploy	Build and Push Backend	2026-02-16T23:36:22.2154980Z     Path:     /usr/libexec/docker/cli-plugins/docker-buildx
build-and-deploy	Build and Push Backend	2026-02-16T23:36:22.2155618Z   compose: Docker Compose (Docker Inc.)
build-and-deploy	Build and Push Backend	2026-02-16T23:36:22.2156131Z     Version:  v2.40.3
build-and-deploy	Build and Push Backend	2026-02-16T23:36:22.2156631Z     Path:     /usr/libexec/docker/cli-plugins/docker-compose
build-and-deploy	Build and Push Backend	2026-02-16T23:36:22.2157051Z 
build-and-deploy	Build and Push Backend	2026-02-16T23:36:22.2157206Z Server:
build-and-deploy	Build and Push Backend	2026-02-16T23:36:22.2157546Z  Containers: 0
build-and-deploy	Build and Push Backend	2026-02-16T23:36:22.2157921Z   Running: 0
build-and-deploy	Build and Push Backend	2026-02-16T23:36:22.2158275Z   Paused: 0
build-and-deploy	Build and Push Backend	2026-02-16T23:36:22.2158611Z   Stopped: 0
build-and-deploy	Build and Push Backend	2026-02-16T23:36:22.2158967Z  Images: 2
build-and-deploy	Build and Push Backend	2026-02-16T23:36:22.2159323Z  Server Version: 29.1.5
build-and-deploy	Build and Push Backend	2026-02-16T23:36:22.2159760Z  Storage Driver: overlayfs
build-and-deploy	Build and Push Backend	2026-02-16T23:36:22.2160268Z   driver-type: io.containerd.snapshotter.v1
build-and-deploy	Build and Push Backend	2026-02-16T23:36:22.2160831Z  Logging Driver: json-file
build-and-deploy	Build and Push Backend	2026-02-16T23:36:22.2161520Z  Cgroup Driver: systemd
build-and-deploy	Build and Push Backend	2026-02-16T23:36:22.2162268Z  Cgroup Version: 2
build-and-deploy	Build and Push Backend	2026-02-16T23:36:22.2162650Z  Plugins:
build-and-deploy	Build and Push Backend	2026-02-16T23:36:22.2163001Z   Volume: local
build-and-deploy	Build and Push Backend	2026-02-16T23:36:22.2163454Z   Network: bridge host ipvlan macvlan null overlay
build-and-deploy	Build and Push Backend	2026-02-16T23:36:22.2164231Z   Log: awslogs fluentd gcplogs gelf journald json-file local splunk syslog
build-and-deploy	Build and Push Backend	2026-02-16T23:36:22.2165322Z  CDI spec directories:
build-and-deploy	Build and Push Backend	2026-02-16T23:36:22.2165721Z   /etc/cdi
build-and-deploy	Build and Push Backend	2026-02-16T23:36:22.2166070Z   /var/run/cdi
build-and-deploy	Build and Push Backend	2026-02-16T23:36:22.2166425Z  Swarm: inactive
build-and-deploy	Build and Push Backend	2026-02-16T23:36:22.2166836Z  Runtimes: io.containerd.runc.v2 runc
build-and-deploy	Build and Push Backend	2026-02-16T23:36:22.2167380Z  Default Runtime: runc
build-and-deploy	Build and Push Backend	2026-02-16T23:36:22.2167857Z  Init Binary: docker-init
build-and-deploy	Build and Push Backend	2026-02-16T23:36:22.2168420Z  containerd version: dea7da592f5d1d2b7755e3a161be07f43fad8f75
build-and-deploy	Build and Push Backend	2026-02-16T23:36:22.2169070Z  runc version: v1.3.4-0-gd6d73eb8
build-and-deploy	Build and Push Backend	2026-02-16T23:36:22.2169534Z  init version: de40ad0
build-and-deploy	Build and Push Backend	2026-02-16T23:36:22.2169938Z  Security Options:
build-and-deploy	Build and Push Backend	2026-02-16T23:36:22.2170314Z   apparmor
build-and-deploy	Build and Push Backend	2026-02-16T23:36:22.2170650Z   seccomp
build-and-deploy	Build and Push Backend	2026-02-16T23:36:22.2171362Z    Profile: builtin
build-and-deploy	Build and Push Backend	2026-02-16T23:36:22.2171794Z   cgroupns
build-and-deploy	Build and Push Backend	2026-02-16T23:36:22.2172162Z  Kernel Version: 6.14.0-1017-azure
build-and-deploy	Build and Push Backend	2026-02-16T23:36:22.2172666Z  Operating System: Ubuntu 24.04.3 LTS
build-and-deploy	Build and Push Backend	2026-02-16T23:36:22.2173158Z  OSType: linux
build-and-deploy	Build and Push Backend	2026-02-16T23:36:22.2173553Z  Architecture: x86_64
build-and-deploy	Build and Push Backend	2026-02-16T23:36:22.2173955Z  CPUs: 2
build-and-deploy	Build and Push Backend	2026-02-16T23:36:22.2174300Z  Total Memory: 7.757GiB
build-and-deploy	Build and Push Backend	2026-02-16T23:36:22.2174716Z  Name: runnervmjduv7
build-and-deploy	Build and Push Backend	2026-02-16T23:36:22.2175142Z  ID: 169aa517-19ec-4d49-bd61-4bb79f5886f6
build-and-deploy	Build and Push Backend	2026-02-16T23:36:22.2175659Z  Docker Root Dir: /var/lib/docker
build-and-deploy	Build and Push Backend	2026-02-16T23:36:22.2176118Z  Debug Mode: false
build-and-deploy	Build and Push Backend	2026-02-16T23:36:22.2176812Z  Username: ***
build-and-deploy	Build and Push Backend	2026-02-16T23:36:22.2177204Z  Experimental: false
build-and-deploy	Build and Push Backend	2026-02-16T23:36:22.2177606Z  Insecure Registries:
build-and-deploy	Build and Push Backend	2026-02-16T23:36:22.2199531Z   ::1/128
build-and-deploy	Build and Push Backend	2026-02-16T23:36:22.2199902Z   127.0.0.0/8
build-and-deploy	Build and Push Backend	2026-02-16T23:36:22.2200270Z  Live Restore Enabled: false
build-and-deploy	Build and Push Backend	2026-02-16T23:36:22.2200724Z  Firewall Backend: iptables
build-and-deploy	Build and Push Backend	2026-02-16T23:36:22.2201264Z 
build-and-deploy	Build and Push Backend	2026-02-16T23:36:22.2206154Z ##[endgroup]
build-and-deploy	Build and Push Backend	2026-02-16T23:36:22.2206896Z ##[group]Proxy configuration
build-and-deploy	Build and Push Backend	2026-02-16T23:36:22.2207355Z No proxy configuration found
build-and-deploy	Build and Push Backend	2026-02-16T23:36:22.2208055Z ##[endgroup]
build-and-deploy	Build and Push Backend	2026-02-16T23:36:22.3016577Z ##[group]Buildx version
build-and-deploy	Build and Push Backend	2026-02-16T23:36:22.3045773Z [command]/usr/bin/docker buildx version
build-and-deploy	Build and Push Backend	2026-02-16T23:36:22.3862124Z github.com/docker/buildx v0.31.1 a2675950d46b2cb171b23c2015ca44fb88607531
build-and-deploy	Build and Push Backend	2026-02-16T23:36:22.3909027Z ##[endgroup]
build-and-deploy	Build and Push Backend	2026-02-16T23:36:22.3913067Z ##[group]Builder info
build-and-deploy	Build and Push Backend	2026-02-16T23:36:22.4859855Z {
build-and-deploy	Build and Push Backend	2026-02-16T23:36:22.4862263Z   "nodes": [
build-and-deploy	Build and Push Backend	2026-02-16T23:36:22.4864025Z     {
build-and-deploy	Build and Push Backend	2026-02-16T23:36:22.4864402Z       "name": "default",
build-and-deploy	Build and Push Backend	2026-02-16T23:36:22.4864960Z       "endpoint": "default",
build-and-deploy	Build and Push Backend	2026-02-16T23:36:22.4865445Z       "status": "running",
build-and-deploy	Build and Push Backend	2026-02-16T23:36:22.4865988Z       "buildkit": "v0.26.3",
build-and-deploy	Build and Push Backend	2026-02-16T23:36:22.4866526Z       "platforms": "linux/amd64,linux/amd64/v2,linux/amd64/v3",
build-and-deploy	Build and Push Backend	2026-02-16T23:36:22.4867156Z       "features": {
build-and-deploy	Build and Push Backend	2026-02-16T23:36:22.4867753Z         "Automatically load images to the Docker Engine image store": true,
build-and-deploy	Build and Push Backend	2026-02-16T23:36:22.4868456Z         "Cache export": true,
build-and-deploy	Build and Push Backend	2026-02-16T23:36:22.4868919Z         "Direct push": true,
build-and-deploy	Build and Push Backend	2026-02-16T23:36:22.4869368Z         "Docker exporter": true,
build-and-deploy	Build and Push Backend	2026-02-16T23:36:22.4869853Z         "Multi-platform build": true,
build-and-deploy	Build and Push Backend	2026-02-16T23:36:22.4870390Z         "OCI exporter": true
build-and-deploy	Build and Push Backend	2026-02-16T23:36:22.4870801Z       },
build-and-deploy	Build and Push Backend	2026-02-16T23:36:22.4871413Z       "labels": {
build-and-deploy	Build and Push Backend	2026-02-16T23:36:22.4872086Z         "org.mobyproject.buildkit.worker.apparmor.profile": "docker-default",
build-and-deploy	Build and Push Backend	2026-02-16T23:36:22.4873104Z         "org.mobyproject.buildkit.worker.containerd.namespace": "moby",
build-and-deploy	Build and Push Backend	2026-02-16T23:36:22.4874252Z         "org.mobyproject.buildkit.worker.containerd.uuid": "1d24cf55-4f30-453a-b931-c9265de8620e",
build-and-deploy	Build and Push Backend	2026-02-16T23:36:22.4875305Z         "org.mobyproject.buildkit.worker.executor": "containerd",
build-and-deploy	Build and Push Backend	2026-02-16T23:36:22.4876119Z         "org.mobyproject.buildkit.worker.hostname": "runnervmjduv7",
build-and-deploy	Build and Push Backend	2026-02-16T23:36:22.4877019Z         "org.mobyproject.buildkit.worker.moby.host-gateway-ip": "172.17.0.1",
build-and-deploy	Build and Push Backend	2026-02-16T23:36:22.4878228Z         "org.mobyproject.buildkit.worker.network": "host",
build-and-deploy	Build and Push Backend	2026-02-16T23:36:22.4879049Z         "org.mobyproject.buildkit.worker.selinux.enabled": "false",
build-and-deploy	Build and Push Backend	2026-02-16T23:36:22.4879904Z         "org.mobyproject.buildkit.worker.snapshotter": "overlayfs"
build-and-deploy	Build and Push Backend	2026-02-16T23:36:22.4880862Z       },
build-and-deploy	Build and Push Backend	2026-02-16T23:36:22.4881421Z       "gcPolicy": [
build-and-deploy	Build and Push Backend	2026-02-16T23:36:22.4881778Z         {
build-and-deploy	Build and Push Backend	2026-02-16T23:36:22.4882127Z           "all": false,
build-and-deploy	Build and Push Backend	2026-02-16T23:36:22.4882536Z           "filter": [
build-and-deploy	Build and Push Backend	2026-02-16T23:36:22.4882944Z             "type==source.local",
build-and-deploy	Build and Push Backend	2026-02-16T23:36:22.4883440Z             "type==exec.cachemount",
build-and-deploy	Build and Push Backend	2026-02-16T23:36:22.4883954Z             "type==source.git.checkout"
build-and-deploy	Build and Push Backend	2026-02-16T23:36:22.4884457Z           ],
build-and-deploy	Build and Push Backend	2026-02-16T23:36:22.4884839Z           "keepDuration": "48h0m0s"
build-and-deploy	Build and Push Backend	2026-02-16T23:36:22.4885287Z         },
build-and-deploy	Build and Push Backend	2026-02-16T23:36:22.4885609Z         {
build-and-deploy	Build and Push Backend	2026-02-16T23:36:22.4885954Z           "all": false,
build-and-deploy	Build and Push Backend	2026-02-16T23:36:22.4886364Z           "keepDuration": "1440h0m0s"
build-and-deploy	Build and Push Backend	2026-02-16T23:36:22.4886810Z         },
build-and-deploy	Build and Push Backend	2026-02-16T23:36:22.4887102Z         {
build-and-deploy	Build and Push Backend	2026-02-16T23:36:22.4887417Z           "all": false
build-and-deploy	Build and Push Backend	2026-02-16T23:36:22.4887789Z         },
build-and-deploy	Build and Push Backend	2026-02-16T23:36:22.4905843Z         {
build-and-deploy	Build and Push Backend	2026-02-16T23:36:22.4906211Z           "all": true
build-and-deploy	Build and Push Backend	2026-02-16T23:36:22.4906602Z         }
build-and-deploy	Build and Push Backend	2026-02-16T23:36:22.4906928Z       ]
build-and-deploy	Build and Push Backend	2026-02-16T23:36:22.4907237Z     }
build-and-deploy	Build and Push Backend	2026-02-16T23:36:22.4907535Z   ],
build-and-deploy	Build and Push Backend	2026-02-16T23:36:22.4907855Z   "name": "default",
build-and-deploy	Build and Push Backend	2026-02-16T23:36:22.4908238Z   "driver": "docker",
build-and-deploy	Build and Push Backend	2026-02-16T23:36:22.4908668Z   "lastActivity": "2026-02-16T23:36:16.000Z"
build-and-deploy	Build and Push Backend	2026-02-16T23:36:22.4909140Z }
build-and-deploy	Build and Push Backend	2026-02-16T23:36:22.4909790Z ##[endgroup]
build-and-deploy	Build and Push Backend	2026-02-16T23:36:22.6511152Z [command]/usr/bin/docker buildx build --cache-from type=registry,ref=***/upgrade-backend:buildcache --cache-to type=registry,ref=***/upgrade-backend:buildcache,mode=max --file Dockerfile --iidfile /home/runner/work/_temp/docker-actions-toolkit-Oc1dTK/build-iidfile-00cb469535.txt --tag ***/upgrade-backend:latest --metadata-file /home/runner/work/_temp/docker-actions-toolkit-Oc1dTK/build-metadata-e82803e311.json --push .
build-and-deploy	Build and Push Backend	2026-02-16T23:36:22.8088227Z #0 building with "default" instance using docker driver
build-and-deploy	Build and Push Backend	2026-02-16T23:36:22.8093988Z 
build-and-deploy	Build and Push Backend	2026-02-16T23:36:22.8094332Z #1 [internal] load build definition from Dockerfile
build-and-deploy	Build and Push Backend	2026-02-16T23:36:23.0492901Z #1 transferring dockerfile: 413B done
build-and-deploy	Build and Push Backend	2026-02-16T23:36:23.0493744Z #1 DONE 0.0s
build-and-deploy	Build and Push Backend	2026-02-16T23:36:23.0493976Z 
build-and-deploy	Build and Push Backend	2026-02-16T23:36:23.0494264Z #2 [auth] library/node:pull token for registry-1.docker.io
build-and-deploy	Build and Push Backend	2026-02-16T23:36:23.0494859Z #2 DONE 0.0s
build-and-deploy	Build and Push Backend	2026-02-16T23:36:23.0495086Z 
build-and-deploy	Build and Push Backend	2026-02-16T23:36:23.0495388Z #3 [internal] load metadata for docker.io/library/node:20-alpine
build-and-deploy	Build and Push Backend	2026-02-16T23:36:23.4098526Z #3 DONE 0.6s
build-and-deploy	Build and Push Backend	2026-02-16T23:36:23.6502860Z 
build-and-deploy	Build and Push Backend	2026-02-16T23:36:23.6504519Z #4 [internal] load .dockerignore
build-and-deploy	Build and Push Backend	2026-02-16T23:36:23.6505070Z #4 transferring context: 91B done
build-and-deploy	Build and Push Backend	2026-02-16T23:36:23.6505512Z #4 DONE 0.0s
build-and-deploy	Build and Push Backend	2026-02-16T23:36:23.6505717Z 
build-and-deploy	Build and Push Backend	2026-02-16T23:36:23.6505878Z #5 [internal] load build context
build-and-deploy	Build and Push Backend	2026-02-16T23:36:23.6506344Z #5 DONE 0.0s
build-and-deploy	Build and Push Backend	2026-02-16T23:36:23.6506541Z 
build-and-deploy	Build and Push Backend	2026-02-16T23:36:23.6507161Z #6 [ 1/10] FROM docker.io/library/node:20-alpine@sha256:09e2b3d9726018aecf269bd35325f46bf75046a643a66d28360ec71132750ec8
build-and-deploy	Build and Push Backend	2026-02-16T23:36:23.6508368Z #6 resolve docker.io/library/node:20-alpine@sha256:09e2b3d9726018aecf269bd35325f46bf75046a643a66d28360ec71132750ec8 0.0s done
build-and-deploy	Build and Push Backend	2026-02-16T23:36:23.6508990Z #6 DONE 0.0s
build-and-deploy	Build and Push Backend	2026-02-16T23:36:23.6509119Z 
build-and-deploy	Build and Push Backend	2026-02-16T23:36:23.6509454Z #7 [auth] ***/upgrade-backend:pull token for registry-1.docker.io
build-and-deploy	Build and Push Backend	2026-02-16T23:36:23.6509805Z #7 DONE 0.0s
build-and-deploy	Build and Push Backend	2026-02-16T23:36:23.6509929Z 
build-and-deploy	Build and Push Backend	2026-02-16T23:36:23.6510344Z #8 importing cache manifest from ***/upgrade-backend:buildcache
build-and-deploy	Build and Push Backend	2026-02-16T23:36:23.7280880Z #8 inferred cache manifest type: application/vnd.oci.image.manifest.v1+json done
build-and-deploy	Build and Push Backend	2026-02-16T23:36:23.8579024Z #8 DONE 0.4s
build-and-deploy	Build and Push Backend	2026-02-16T23:36:24.0112678Z 
build-and-deploy	Build and Push Backend	2026-02-16T23:36:24.0113165Z #5 [internal] load build context
build-and-deploy	Build and Push Backend	2026-02-16T23:36:24.0115778Z #5 transferring context: 706.85kB 0.0s done
build-and-deploy	Build and Push Backend	2026-02-16T23:36:24.0116773Z #5 DONE 0.0s
build-and-deploy	Build and Push Backend	2026-02-16T23:36:24.0116967Z 
build-and-deploy	Build and Push Backend	2026-02-16T23:36:24.0117119Z #9 [ 4/10] RUN npm ci
build-and-deploy	Build and Push Backend	2026-02-16T23:36:24.0117491Z #9 CACHED
build-and-deploy	Build and Push Backend	2026-02-16T23:36:24.0117690Z 
build-and-deploy	Build and Push Backend	2026-02-16T23:36:24.0117919Z #10 [ 5/10] COPY client/package*.json client/
build-and-deploy	Build and Push Backend	2026-02-16T23:36:24.0118654Z #10 CACHED
build-and-deploy	Build and Push Backend	2026-02-16T23:36:24.0118851Z 
build-and-deploy	Build and Push Backend	2026-02-16T23:36:24.0119003Z #11 [ 2/10] WORKDIR /app
build-and-deploy	Build and Push Backend	2026-02-16T23:36:24.0119388Z #11 CACHED
build-and-deploy	Build and Push Backend	2026-02-16T23:36:24.0119568Z 
build-and-deploy	Build and Push Backend	2026-02-16T23:36:24.0119731Z #12 [ 3/10] COPY package*.json ./
build-and-deploy	Build and Push Backend	2026-02-16T23:36:24.0120167Z #12 CACHED
build-and-deploy	Build and Push Backend	2026-02-16T23:36:24.0120347Z 
build-and-deploy	Build and Push Backend	2026-02-16T23:36:24.0120511Z #13 [ 6/10] RUN cd client && npm ci
build-and-deploy	Build and Push Backend	2026-02-16T23:36:24.0121139Z #13 CACHED
build-and-deploy	Build and Push Backend	2026-02-16T23:36:24.1325430Z 
build-and-deploy	Build and Push Backend	2026-02-16T23:36:24.1327811Z #13 [ 6/10] RUN cd client && npm ci
build-and-deploy	Build and Push Backend	2026-02-16T23:36:24.1330497Z #13 sha256:e1ee4e599053b6aea1650d3e4605964b687b75e0c545a908b4fbca1a3f02a473 43.61kB / 43.61kB 0.1s done
build-and-deploy	Build and Push Backend	2026-02-16T23:36:24.3107067Z #13 sha256:06aa7a6e195a9ac43770fdea11f7acdc66ad8de6d7d84e00c6ed707081f18abc 96.96kB / 96.96kB 0.1s done
build-and-deploy	Build and Push Backend	2026-02-16T23:36:24.3109232Z #13 sha256:d9094f2b79bb6b081600434a54baca41a158b5fb5e18a38e1f64fd2fe7119507 8.39MB / 81.77MB 0.2s
build-and-deploy	Build and Push Backend	2026-02-16T23:36:24.3113994Z #13 sha256:3a4a2cc714bebdd1c6f3d89aa18fb7b5da10efbdd3d2a8a8f9f3fcb7c11257de 2.10MB / 228.43MB 0.2s
build-and-deploy	Build and Push Backend	2026-02-16T23:36:24.3115360Z #13 sha256:e31b2016552274339ed88ed4a438d78bf37e0f6bdf328d02207b2a598c1ef86d 445B / 445B 0.1s done
build-and-deploy	Build and Push Backend	2026-02-16T23:36:24.3116530Z #13 sha256:1b100f0c4d8d2f5b76484f9e31ed3f6b5764e9a7fbe538e9f38057541b03d6e1 93B / 93B 0.1s done
build-and-deploy	Build and Push Backend	2026-02-16T23:36:24.3124334Z #13 sha256:eb87f4721c91769ed5206f34a9ab6ec98fc1d5235c12c2fc956665b1155e9ecb 1.26MB / 1.26MB 0.1s done
build-and-deploy	Build and Push Backend	2026-02-16T23:36:24.4580588Z #13 sha256:d9094f2b79bb6b081600434a54baca41a158b5fb5e18a38e1f64fd2fe7119507 22.02MB / 81.77MB 0.3s
build-and-deploy	Build and Push Backend	2026-02-16T23:36:24.4584580Z #13 sha256:3a4a2cc714bebdd1c6f3d89aa18fb7b5da10efbdd3d2a8a8f9f3fcb7c11257de 14.68MB / 228.43MB 0.3s
build-and-deploy	Build and Push Backend	2026-02-16T23:36:24.4585840Z #13 sha256:ad6d96c196e3198e14ea37df8bba4f54bf92fb525eb65e49fa4027c7dee13f80 9.44MB / 42.78MB 0.2s
build-and-deploy	Build and Push Backend	2026-02-16T23:36:24.4587130Z #13 sha256:589002ba0eaed121a1dbf42f6648f29e5be55d5c8a6ee0f8eaa0285cc21ac153 3.86MB / 3.86MB 0.1s done
build-and-deploy	Build and Push Backend	2026-02-16T23:36:24.6221582Z #13 sha256:d9094f2b79bb6b081600434a54baca41a158b5fb5e18a38e1f64fd2fe7119507 51.38MB / 81.77MB 0.6s
build-and-deploy	Build and Push Backend	2026-02-16T23:36:24.6223335Z #13 sha256:ad6d96c196e3198e14ea37df8bba4f54bf92fb525eb65e49fa4027c7dee13f80 22.02MB / 42.78MB 0.3s
build-and-deploy	Build and Push Backend	2026-02-16T23:36:24.6225984Z #13 extracting sha256:589002ba0eaed121a1dbf42f6648f29e5be55d5c8a6ee0f8eaa0285cc21ac153
build-and-deploy	Build and Push Backend	2026-02-16T23:36:24.7816442Z #13 sha256:d9094f2b79bb6b081600434a54baca41a158b5fb5e18a38e1f64fd2fe7119507 63.96MB / 81.77MB 0.8s
build-and-deploy	Build and Push Backend	2026-02-16T23:36:24.7817971Z #13 sha256:3a4a2cc714bebdd1c6f3d89aa18fb7b5da10efbdd3d2a8a8f9f3fcb7c11257de 39.85MB / 228.43MB 0.8s
build-and-deploy	Build and Push Backend	2026-02-16T23:36:24.7820764Z #13 sha256:ad6d96c196e3198e14ea37df8bba4f54bf92fb525eb65e49fa4027c7dee13f80 34.60MB / 42.78MB 0.5s
build-and-deploy	Build and Push Backend	2026-02-16T23:36:24.9227931Z #13 sha256:d9094f2b79bb6b081600434a54baca41a158b5fb5e18a38e1f64fd2fe7119507 81.77MB / 81.77MB 0.9s
build-and-deploy	Build and Push Backend	2026-02-16T23:36:24.9230464Z #13 sha256:ad6d96c196e3198e14ea37df8bba4f54bf92fb525eb65e49fa4027c7dee13f80 42.78MB / 42.78MB 0.6s done
build-and-deploy	Build and Push Backend	2026-02-16T23:36:24.9231809Z #13 extracting sha256:589002ba0eaed121a1dbf42f6648f29e5be55d5c8a6ee0f8eaa0285cc21ac153 0.3s done
build-and-deploy	Build and Push Backend	2026-02-16T23:36:24.9232909Z #13 extracting sha256:ad6d96c196e3198e14ea37df8bba4f54bf92fb525eb65e49fa4027c7dee13f80
build-and-deploy	Build and Push Backend	2026-02-16T23:36:25.2286404Z #13 sha256:d9094f2b79bb6b081600434a54baca41a158b5fb5e18a38e1f64fd2fe7119507 81.77MB / 81.77MB 1.1s done
build-and-deploy	Build and Push Backend	2026-02-16T23:36:25.2311261Z #13 sha256:3a4a2cc714bebdd1c6f3d89aa18fb7b5da10efbdd3d2a8a8f9f3fcb7c11257de 54.53MB / 228.43MB 1.2s
build-and-deploy	Build and Push Backend	2026-02-16T23:36:25.6788906Z #13 sha256:3a4a2cc714bebdd1c6f3d89aa18fb7b5da10efbdd3d2a8a8f9f3fcb7c11257de 76.55MB / 228.43MB 1.7s
build-and-deploy	Build and Push Backend	2026-02-16T23:36:26.1082572Z #13 extracting sha256:ad6d96c196e3198e14ea37df8bba4f54bf92fb525eb65e49fa4027c7dee13f80 1.3s done
build-and-deploy	Build and Push Backend	2026-02-16T23:36:26.2788340Z #13 sha256:3a4a2cc714bebdd1c6f3d89aa18fb7b5da10efbdd3d2a8a8f9f3fcb7c11257de 109.05MB / 228.43MB 2.3s
build-and-deploy	Build and Push Backend	2026-02-16T23:36:26.2792363Z #13 extracting sha256:eb87f4721c91769ed5206f34a9ab6ec98fc1d5235c12c2fc956665b1155e9ecb 0.1s done
build-and-deploy	Build and Push Backend	2026-02-16T23:36:26.2794911Z #13 extracting sha256:e31b2016552274339ed88ed4a438d78bf37e0f6bdf328d02207b2a598c1ef86d done
build-and-deploy	Build and Push Backend	2026-02-16T23:36:26.2795934Z #13 extracting sha256:1b100f0c4d8d2f5b76484f9e31ed3f6b5764e9a7fbe538e9f38057541b03d6e1 done
build-and-deploy	Build and Push Backend	2026-02-16T23:36:26.2796571Z #13 extracting sha256:06aa7a6e195a9ac43770fdea11f7acdc66ad8de6d7d84e00c6ed707081f18abc done
build-and-deploy	Build and Push Backend	2026-02-16T23:36:26.7288118Z #13 sha256:3a4a2cc714bebdd1c6f3d89aa18fb7b5da10efbdd3d2a8a8f9f3fcb7c11257de 127.93MB / 228.43MB 2.7s
build-and-deploy	Build and Push Backend	2026-02-16T23:36:27.0279194Z #13 sha256:3a4a2cc714bebdd1c6f3d89aa18fb7b5da10efbdd3d2a8a8f9f3fcb7c11257de 146.80MB / 228.43MB 3.0s
build-and-deploy	Build and Push Backend	2026-02-16T23:36:27.3282360Z #13 sha256:3a4a2cc714bebdd1c6f3d89aa18fb7b5da10efbdd3d2a8a8f9f3fcb7c11257de 162.53MB / 228.43MB 3.3s
build-and-deploy	Build and Push Backend	2026-02-16T23:36:27.6282183Z #13 sha256:3a4a2cc714bebdd1c6f3d89aa18fb7b5da10efbdd3d2a8a8f9f3fcb7c11257de 186.65MB / 228.43MB 3.6s
build-and-deploy	Build and Push Backend	2026-02-16T23:36:27.9276691Z #13 sha256:3a4a2cc714bebdd1c6f3d89aa18fb7b5da10efbdd3d2a8a8f9f3fcb7c11257de 203.42MB / 228.43MB 3.9s
build-and-deploy	Build and Push Backend	2026-02-16T23:36:28.0791422Z #13 sha256:3a4a2cc714bebdd1c6f3d89aa18fb7b5da10efbdd3d2a8a8f9f3fcb7c11257de 214.96MB / 228.43MB 4.1s
build-and-deploy	Build and Push Backend	2026-02-16T23:36:28.2282549Z #13 sha256:3a4a2cc714bebdd1c6f3d89aa18fb7b5da10efbdd3d2a8a8f9f3fcb7c11257de 226.49MB / 228.43MB 4.2s
build-and-deploy	Build and Push Backend	2026-02-16T23:36:29.2045243Z #13 sha256:3a4a2cc714bebdd1c6f3d89aa18fb7b5da10efbdd3d2a8a8f9f3fcb7c11257de 228.43MB / 228.43MB 5.0s done
build-and-deploy	Build and Push Backend	2026-02-16T23:36:29.2046706Z #13 extracting sha256:3a4a2cc714bebdd1c6f3d89aa18fb7b5da10efbdd3d2a8a8f9f3fcb7c11257de
build-and-deploy	Build and Push Backend	2026-02-16T23:36:39.0746626Z #13 extracting sha256:3a4a2cc714bebdd1c6f3d89aa18fb7b5da10efbdd3d2a8a8f9f3fcb7c11257de 10.0s done
build-and-deploy	Build and Push Backend	2026-02-16T23:36:39.0748021Z #13 DONE 15.2s
build-and-deploy	Build and Push Backend	2026-02-16T23:36:39.2328553Z 
build-and-deploy	Build and Push Backend	2026-02-16T23:36:39.2331420Z #13 [ 6/10] RUN cd client && npm ci
build-and-deploy	Build and Push Backend	2026-02-16T23:36:39.2333208Z #13 extracting sha256:e1ee4e599053b6aea1650d3e4605964b687b75e0c545a908b4fbca1a3f02a473 done
build-and-deploy	Build and Push Backend	2026-02-16T23:36:39.2336752Z #13 extracting sha256:d9094f2b79bb6b081600434a54baca41a158b5fb5e18a38e1f64fd2fe7119507
build-and-deploy	Build and Push Backend	2026-02-16T23:36:50.6407992Z #13 extracting sha256:d9094f2b79bb6b081600434a54baca41a158b5fb5e18a38e1f64fd2fe7119507 11.6s done
build-and-deploy	Build and Push Backend	2026-02-16T23:36:50.6410817Z #13 DONE 26.7s
build-and-deploy	Build and Push Backend	2026-02-16T23:36:50.7919128Z 
build-and-deploy	Build and Push Backend	2026-02-16T23:36:50.7919773Z #14 [ 7/10] COPY . .
build-and-deploy	Build and Push Backend	2026-02-16T23:36:53.7827267Z #14 DONE 3.1s
build-and-deploy	Build and Push Backend	2026-02-16T23:36:53.9340217Z 
build-and-deploy	Build and Push Backend	2026-02-16T23:36:53.9344378Z #15 [ 8/10] RUN cd client && npm run build
build-and-deploy	Build and Push Backend	2026-02-16T23:36:54.1142109Z #15 0.330 
build-and-deploy	Build and Push Backend	2026-02-16T23:36:54.1142757Z #15 0.330 > client@0.0.0 build
build-and-deploy	Build and Push Backend	2026-02-16T23:36:54.1143293Z #15 0.330 > tsc -b && vite build
build-and-deploy	Build and Push Backend	2026-02-16T23:36:54.1143892Z #15 0.330 
build-and-deploy	Build and Push Backend	2026-02-16T23:37:02.7700649Z #15 8.986 vite v7.3.1 building client environment for production...
build-and-deploy	Build and Push Backend	2026-02-16T23:37:02.9937959Z #15 9.059 transforming...
build-and-deploy	Build and Push Backend	2026-02-16T23:37:24.9789548Z #15 31.19 ✓ 9937 modules transformed.
build-and-deploy	Build and Push Backend	2026-02-16T23:37:26.5155825Z #15 32.73 rendering chunks...
build-and-deploy	Build and Push Backend	2026-02-16T23:37:26.7463181Z #15 32.76 computing gzip size...
build-and-deploy	Build and Push Backend	2026-02-16T23:37:26.7467019Z #15 32.81 dist/index.html                     0.45 kB │ gzip:   0.29 kB
build-and-deploy	Build and Push Backend	2026-02-16T23:37:26.7467960Z #15 32.81 dist/assets/index-CvivjFEo.css      1.19 kB │ gzip:   0.57 kB
build-and-deploy	Build and Push Backend	2026-02-16T23:37:26.7469993Z #15 32.81 dist/assets/index-QPYDWiLk.js   1,968.52 kB │ gzip: 628.13 kB
build-and-deploy	Build and Push Backend	2026-02-16T23:37:26.7470718Z #15 32.81 
build-and-deploy	Build and Push Backend	2026-02-16T23:37:26.7473266Z #15 32.81 (!) Some chunks are larger than 500 kB after minification. Consider:
build-and-deploy	Build and Push Backend	2026-02-16T23:37:26.7474036Z #15 32.81 - Using dynamic import() to code-split the application
build-and-deploy	Build and Push Backend	2026-02-16T23:37:26.7475247Z #15 32.81 - Use build.rollupOptions.output.manualChunks to improve chunking: https://rollupjs.org/configuration-options/#output-manualchunks
build-and-deploy	Build and Push Backend	2026-02-16T23:37:26.7476548Z #15 32.81 - Adjust chunk size limit for this warning via build.chunkSizeWarningLimit.
build-and-deploy	Build and Push Backend	2026-02-16T23:37:26.7477325Z #15 32.81 ✓ built in 23.79s
build-and-deploy	Build and Push Backend	2026-02-16T23:37:26.8374354Z #15 DONE 33.1s
build-and-deploy	Build and Push Backend	2026-02-16T23:37:26.9894990Z 
build-and-deploy	Build and Push Backend	2026-02-16T23:37:26.9896779Z #16 [ 9/10] RUN npx prisma generate
build-and-deploy	Build and Push Backend	2026-02-16T23:37:28.7688144Z #16 1.930 Loaded Prisma config from prisma.config.ts.
build-and-deploy	Build and Push Backend	2026-02-16T23:37:28.7692923Z #16 1.930 
build-and-deploy	Build and Push Backend	2026-02-16T23:37:28.9721254Z #16 2.134 Prisma schema loaded from prisma/schema.prisma.
build-and-deploy	Build and Push Backend	2026-02-16T23:37:29.6358629Z #16 2.796 
build-and-deploy	Build and Push Backend	2026-02-16T23:37:29.6417494Z #16 2.796 ✔ Generated Prisma Client (v7.4.0) to ./node_modules/@prisma/client in 342ms
build-and-deploy	Build and Push Backend	2026-02-16T23:37:29.6418271Z #16 2.796 
build-and-deploy	Build and Push Backend	2026-02-16T23:37:29.6418944Z #16 2.796 Start by importing your Prisma Client (See: https://pris.ly/d/importing-client)
build-and-deploy	Build and Push Backend	2026-02-16T23:37:29.6419878Z #16 2.796 
build-and-deploy	Build and Push Backend	2026-02-16T23:37:29.6420287Z #16 2.796 
build-and-deploy	Build and Push Backend	2026-02-16T23:37:29.8537063Z #16 DONE 2.9s
build-and-deploy	Build and Push Backend	2026-02-16T23:37:29.8538681Z 
build-and-deploy	Build and Push Backend	2026-02-16T23:37:29.8538861Z #17 [10/10] RUN npm run build
build-and-deploy	Build and Push Backend	2026-02-16T23:37:30.0389560Z #17 0.336 
build-and-deploy	Build and Push Backend	2026-02-16T23:37:30.0392294Z #17 0.336 > upgrade-crm@0.0.1 build
build-and-deploy	Build and Push Backend	2026-02-16T23:37:30.0397473Z #17 0.336 > nest build
build-and-deploy	Build and Push Backend	2026-02-16T23:37:30.0397908Z #17 0.336 
build-and-deploy	Build and Push Backend	2026-02-16T23:37:36.4800861Z #17 DONE 6.8s
build-and-deploy	Build and Push Backend	2026-02-16T23:37:36.6324669Z 
build-and-deploy	Build and Push Backend	2026-02-16T23:37:36.6325142Z #18 exporting to image
build-and-deploy	Build and Push Backend	2026-02-16T23:37:36.6325586Z #18 exporting layers
build-and-deploy	Build and Push Backend	2026-02-16T23:37:36.9426672Z #18 exporting layers 0.5s done
build-and-deploy	Build and Push Backend	2026-02-16T23:37:37.0580667Z #18 exporting manifest sha256:deaee9bdce297a3bd9146b670252db3990058d75caccf804447de0ef41601572 done
build-and-deploy	Build and Push Backend	2026-02-16T23:37:37.0582195Z #18 exporting config sha256:b1a6ba91511252f821fa95c83d7978ea3666e33d06926c372601525936c68ca7 done
build-and-deploy	Build and Push Backend	2026-02-16T23:37:37.0583101Z #18 exporting attestation manifest sha256:b2417c74b180d203485075f4a716174417b88ec30731bef3d40d2e357b0d48bf done
build-and-deploy	Build and Push Backend	2026-02-16T23:37:37.0583834Z #18 exporting manifest list sha256:d486460b05b0a6c72aff17abd0ea26493aaacc8992e010750952117a2907123d done
build-and-deploy	Build and Push Backend	2026-02-16T23:37:37.0584525Z #18 naming to docker.io/***/upgrade-backend:latest done
build-and-deploy	Build and Push Backend	2026-02-16T23:37:37.0584849Z #18 pushing layers
build-and-deploy	Build and Push Backend	2026-02-16T23:37:37.2090380Z #18 ...
build-and-deploy	Build and Push Backend	2026-02-16T23:37:37.2090846Z 
build-and-deploy	Build and Push Backend	2026-02-16T23:37:37.2091626Z #19 [auth] ***/upgrade-backend:pull,push token for registry-1.docker.io
build-and-deploy	Build and Push Backend	2026-02-16T23:37:37.2092321Z #19 DONE 0.0s
build-and-deploy	Build and Push Backend	2026-02-16T23:37:37.3582990Z 
build-and-deploy	Build and Push Backend	2026-02-16T23:37:37.3583703Z #18 exporting to image
build-and-deploy	Build and Push Backend	2026-02-16T23:37:38.7898603Z #18 pushing layers 1.8s done
build-and-deploy	Build and Push Backend	2026-02-16T23:37:38.7899793Z #18 pushing manifest for docker.io/***/upgrade-backend:latest@sha256:d486460b05b0a6c72aff17abd0ea26493aaacc8992e010750952117a2907123d
build-and-deploy	Build and Push Backend	2026-02-16T23:37:41.3873817Z #18 pushing manifest for docker.io/***/upgrade-backend:latest@sha256:d486460b05b0a6c72aff17abd0ea26493aaacc8992e010750952117a2907123d 2.6s done
build-and-deploy	Build and Push Backend	2026-02-16T23:37:41.5598913Z #18 DONE 4.9s
build-and-deploy	Build and Push Backend	2026-02-16T23:37:41.5601698Z 
build-and-deploy	Build and Push Backend	2026-02-16T23:37:41.5601946Z #20 exporting cache to registry
build-and-deploy	Build and Push Backend	2026-02-16T23:37:41.5602471Z #20 preparing build cache for export
build-and-deploy	Build and Push Backend	2026-02-16T23:37:41.6261199Z #20 writing layer sha256:06aa7a6e195a9ac43770fdea11f7acdc66ad8de6d7d84e00c6ed707081f18abc
build-and-deploy	Build and Push Backend	2026-02-16T23:37:41.7435579Z #20 writing layer sha256:06aa7a6e195a9ac43770fdea11f7acdc66ad8de6d7d84e00c6ed707081f18abc 0.0s done
build-and-deploy	Build and Push Backend	2026-02-16T23:37:41.7436893Z #20 writing layer sha256:17129608dc7d982e70c4d1f6a4430ba66576ccb11705b7589c9b4ce32f819df5 0.0s done
build-and-deploy	Build and Push Backend	2026-02-16T23:37:41.7438117Z #20 writing layer sha256:1b100f0c4d8d2f5b76484f9e31ed3f6b5764e9a7fbe538e9f38057541b03d6e1 0.0s done
build-and-deploy	Build and Push Backend	2026-02-16T23:37:41.7439319Z #20 writing layer sha256:3a4a2cc714bebdd1c6f3d89aa18fb7b5da10efbdd3d2a8a8f9f3fcb7c11257de 0.0s done
build-and-deploy	Build and Push Backend	2026-02-16T23:37:41.7440480Z #20 writing layer sha256:589002ba0eaed121a1dbf42f6648f29e5be55d5c8a6ee0f8eaa0285cc21ac153
build-and-deploy	Build and Push Backend	2026-02-16T23:37:41.8654375Z #20 writing layer sha256:589002ba0eaed121a1dbf42f6648f29e5be55d5c8a6ee0f8eaa0285cc21ac153 0.0s done
build-and-deploy	Build and Push Backend	2026-02-16T23:37:41.8655634Z #20 writing layer sha256:a3fcb8e4df25a1c04c5ba8e1bb04d0100ef6ba835146af44d48e413dc034f874 0.0s done
build-and-deploy	Build and Push Backend	2026-02-16T23:37:41.8656806Z #20 writing layer sha256:ad6d96c196e3198e14ea37df8bba4f54bf92fb525eb65e49fa4027c7dee13f80 0.0s done
build-and-deploy	Build and Push Backend	2026-02-16T23:37:41.8658035Z #20 writing layer sha256:d9094f2b79bb6b081600434a54baca41a158b5fb5e18a38e1f64fd2fe7119507 0.0s done
build-and-deploy	Build and Push Backend	2026-02-16T23:37:41.8659118Z #20 writing layer sha256:e17ac755bb75f86025c8c084a79dae2755122f4c8199041cc28a67b665366be6
build-and-deploy	Build and Push Backend	2026-02-16T23:37:41.9787942Z #20 writing layer sha256:e17ac755bb75f86025c8c084a79dae2755122f4c8199041cc28a67b665366be6 0.0s done
build-and-deploy	Build and Push Backend	2026-02-16T23:37:41.9789241Z #20 writing layer sha256:e1ee4e599053b6aea1650d3e4605964b687b75e0c545a908b4fbca1a3f02a473 0.0s done
build-and-deploy	Build and Push Backend	2026-02-16T23:37:41.9791147Z #20 writing layer sha256:e31b2016552274339ed88ed4a438d78bf37e0f6bdf328d02207b2a598c1ef86d 0.0s done
build-and-deploy	Build and Push Backend	2026-02-16T23:37:41.9792361Z #20 writing layer sha256:eb87f4721c91769ed5206f34a9ab6ec98fc1d5235c12c2fc956665b1155e9ecb 0.0s done
build-and-deploy	Build and Push Backend	2026-02-16T23:37:41.9793513Z #20 writing layer sha256:fe37deccb57105a11bfec1761b9cdda297b74ece07c8282ad6faf29996ce53f4
build-and-deploy	Build and Push Backend	2026-02-16T23:37:42.1609901Z #20 writing layer sha256:fe37deccb57105a11bfec1761b9cdda297b74ece07c8282ad6faf29996ce53f4 0.0s done
build-and-deploy	Build and Push Backend	2026-02-16T23:37:42.1611795Z #20 writing config sha256:847740bbae3f1728d90448a7d5c90caf7300cc5d75a34b0e0d7a18a6cf31d53e
build-and-deploy	Build and Push Backend	2026-02-16T23:37:42.9999174Z #20 writing config sha256:847740bbae3f1728d90448a7d5c90caf7300cc5d75a34b0e0d7a18a6cf31d53e 1.0s done
build-and-deploy	Build and Push Backend	2026-02-16T23:37:43.1504046Z #20 writing cache image manifest sha256:2fcf6b25b87b27480f6d1ebcd0b7cd0537875b84a2301929b2a6a12348680949
build-and-deploy	Build and Push Backend	2026-02-16T23:37:44.7659471Z #20 preparing build cache for export 3.4s done
build-and-deploy	Build and Push Backend	2026-02-16T23:37:44.7660908Z #20 writing cache image manifest sha256:2fcf6b25b87b27480f6d1ebcd0b7cd0537875b84a2301929b2a6a12348680949 1.8s done
build-and-deploy	Build and Push Backend	2026-02-16T23:37:44.7662133Z #20 DONE 3.4s
build-and-deploy	Build and Push Backend	2026-02-16T23:37:44.8251324Z 
build-and-deploy	Build and Push Backend	2026-02-16T23:37:44.8251839Z #21 resolving provenance for metadata file
build-and-deploy	Build and Push Backend	2026-02-16T23:37:44.8252422Z #21 DONE 0.0s
build-and-deploy	Build and Push Backend	2026-02-16T23:37:44.8316096Z ##[group]ImageID
build-and-deploy	Build and Push Backend	2026-02-16T23:37:44.8317189Z sha256:d486460b05b0a6c72aff17abd0ea26493aaacc8992e010750952117a2907123d
build-and-deploy	Build and Push Backend	2026-02-16T23:37:44.8318716Z ##[endgroup]
build-and-deploy	Build and Push Backend	2026-02-16T23:37:44.8319939Z ##[group]Digest
build-and-deploy	Build and Push Backend	2026-02-16T23:37:44.8320890Z sha256:d486460b05b0a6c72aff17abd0ea26493aaacc8992e010750952117a2907123d
build-and-deploy	Build and Push Backend	2026-02-16T23:37:44.8324690Z ##[endgroup]
build-and-deploy	Build and Push Backend	2026-02-16T23:37:44.8325353Z ##[group]Metadata
build-and-deploy	Build and Push Backend	2026-02-16T23:37:44.8325753Z {
build-and-deploy	Build and Push Backend	2026-02-16T23:37:44.8326165Z   "buildx.build.provenance": {
build-and-deploy	Build and Push Backend	2026-02-16T23:37:44.8326556Z     "builder": {
build-and-deploy	Build and Push Backend	2026-02-16T23:37:44.8326882Z       "id": ""
build-and-deploy	Build and Push Backend	2026-02-16T23:37:44.8327171Z     },
build-and-deploy	Build and Push Backend	2026-02-16T23:37:44.8327562Z     "buildType": "https://mobyproject.org/buildkit@v1",
build-and-deploy	Build and Push Backend	2026-02-16T23:37:44.8328256Z     "materials": [
build-and-deploy	Build and Push Backend	2026-02-16T23:37:44.8328575Z       {
build-and-deploy	Build and Push Backend	2026-02-16T23:37:44.8329067Z         "uri": "pkg:docker/node@20-alpine?platform=linux%2Famd64",
build-and-deploy	Build and Push Backend	2026-02-16T23:37:44.8329646Z         "digest": {
build-and-deploy	Build and Push Backend	2026-02-16T23:37:44.8330236Z           "sha256": "09e2b3d9726018aecf269bd35325f46bf75046a643a66d28360ec71132750ec8"
build-and-deploy	Build and Push Backend	2026-02-16T23:37:44.8336371Z         }
build-and-deploy	Build and Push Backend	2026-02-16T23:37:44.8336754Z       }
build-and-deploy	Build and Push Backend	2026-02-16T23:37:44.8337090Z     ],
build-and-deploy	Build and Push Backend	2026-02-16T23:37:44.8337425Z     "invocation": {
build-and-deploy	Build and Push Backend	2026-02-16T23:37:44.8337822Z       "configSource": {
build-and-deploy	Build and Push Backend	2026-02-16T23:37:44.8338255Z         "entryPoint": "Dockerfile"
build-and-deploy	Build and Push Backend	2026-02-16T23:37:44.8338699Z       },
build-and-deploy	Build and Push Backend	2026-02-16T23:37:44.8339045Z       "parameters": {
build-and-deploy	Build and Push Backend	2026-02-16T23:37:44.8339480Z         "frontend": "dockerfile.v0",
build-and-deploy	Build and Push Backend	2026-02-16T23:37:44.8339959Z         "locals": [
build-and-deploy	Build and Push Backend	2026-02-16T23:37:44.8340316Z           {
build-and-deploy	Build and Push Backend	2026-02-16T23:37:44.8340673Z             "name": "context"
build-and-deploy	Build and Push Backend	2026-02-16T23:37:44.8341266Z           },
build-and-deploy	Build and Push Backend	2026-02-16T23:37:44.8341617Z           {
build-and-deploy	Build and Push Backend	2026-02-16T23:37:44.8341978Z             "name": "dockerfile"
build-and-deploy	Build and Push Backend	2026-02-16T23:37:44.8342390Z           }
build-and-deploy	Build and Push Backend	2026-02-16T23:37:44.8342720Z         ]
build-and-deploy	Build and Push Backend	2026-02-16T23:37:44.8343038Z       },
build-and-deploy	Build and Push Backend	2026-02-16T23:37:44.8343365Z       "environment": {
build-and-deploy	Build and Push Backend	2026-02-16T23:37:44.8343782Z         "platform": "linux/amd64"
build-and-deploy	Build and Push Backend	2026-02-16T23:37:44.8344215Z       }
build-and-deploy	Build and Push Backend	2026-02-16T23:37:44.8344533Z     }
build-and-deploy	Build and Push Backend	2026-02-16T23:37:44.8344876Z   },
build-and-deploy	Build and Push Backend	2026-02-16T23:37:44.8345369Z   "buildx.build.ref": "default/default/5mpjavze4nqcqco68waz5zrlg",
build-and-deploy	Build and Push Backend	2026-02-16T23:37:44.8346941Z   "cache.manifest": "{\"mediaType\":\"application/vnd.oci.image.manifest.v1+json\",\"digest\":\"sha256:2fcf6b25b87b27480f6d1ebcd0b7cd0537875b84a2301929b2a6a12348680949\",\"size\":4536}",
build-and-deploy	Build and Push Backend	2026-02-16T23:37:44.8348394Z   "containerimage.descriptor": {
build-and-deploy	Build and Push Backend	2026-02-16T23:37:44.8349314Z     "mediaType": "application/vnd.oci.image.index.v1+json",
build-and-deploy	Build and Push Backend	2026-02-16T23:37:44.8350266Z     "digest": "sha256:d486460b05b0a6c72aff17abd0ea26493aaacc8992e010750952117a2907123d",
build-and-deploy	Build and Push Backend	2026-02-16T23:37:44.8351337Z     "size": 856
build-and-deploy	Build and Push Backend	2026-02-16T23:37:44.8351961Z   },
build-and-deploy	Build and Push Backend	2026-02-16T23:37:44.8352662Z   "containerimage.digest": "sha256:d486460b05b0a6c72aff17abd0ea26493aaacc8992e010750952117a2907123d",
build-and-deploy	Build and Push Backend	2026-02-16T23:37:44.8353762Z   "image.name": "docker.io/***/upgrade-backend:latest"
build-and-deploy	Build and Push Backend	2026-02-16T23:37:44.8354281Z }
build-and-deploy	Build and Push Backend	2026-02-16T23:37:44.8354936Z ##[endgroup]
build-and-deploy	Build and Push Frontend	﻿2026-02-16T23:37:44.8499888Z ##[group]Run docker/build-push-action@v5
build-and-deploy	Build and Push Frontend	2026-02-16T23:37:44.8500206Z with:
build-and-deploy	Build and Push Frontend	2026-02-16T23:37:44.8500406Z   context: ./client
build-and-deploy	Build and Push Frontend	2026-02-16T23:37:44.8500630Z   file: client/Dockerfile
build-and-deploy	Build and Push Frontend	2026-02-16T23:37:44.8500867Z   push: true
build-and-deploy	Build and Push Frontend	2026-02-16T23:37:44.8501476Z   tags: ***/upgrade-frontend:latest
build-and-deploy	Build and Push Frontend	2026-02-16T23:37:44.8501912Z   cache-from: type=registry,ref=***/upgrade-frontend:buildcache
build-and-deploy	Build and Push Frontend	2026-02-16T23:37:44.8502428Z   cache-to: type=registry,ref=***/upgrade-frontend:buildcache,mode=max
build-and-deploy	Build and Push Frontend	2026-02-16T23:37:44.8502800Z   load: false
build-and-deploy	Build and Push Frontend	2026-02-16T23:37:44.8503007Z   no-cache: false
build-and-deploy	Build and Push Frontend	2026-02-16T23:37:44.8503220Z   pull: false
build-and-deploy	Build and Push Frontend	2026-02-16T23:37:44.8503527Z   github-token: ***
build-and-deploy	Build and Push Frontend	2026-02-16T23:37:44.8503743Z ##[endgroup]
build-and-deploy	Build and Push Frontend	2026-02-16T23:37:45.1214317Z ##[group]GitHub Actions runtime token ACs
build-and-deploy	Build and Push Frontend	2026-02-16T23:37:45.1251862Z refs/heads/main: read/write
build-and-deploy	Build and Push Frontend	2026-02-16T23:37:45.1253062Z ##[endgroup]
build-and-deploy	Build and Push Frontend	2026-02-16T23:37:45.1254121Z ##[group]Docker info
build-and-deploy	Build and Push Frontend	2026-02-16T23:37:45.1313460Z [command]/usr/bin/docker version
build-and-deploy	Build and Push Frontend	2026-02-16T23:37:45.1636066Z Client: Docker Engine - Community
build-and-deploy	Build and Push Frontend	2026-02-16T23:37:45.1642328Z  Version:           29.1.5
build-and-deploy	Build and Push Frontend	2026-02-16T23:37:45.1642777Z  API version:       1.52
build-and-deploy	Build and Push Frontend	2026-02-16T23:37:45.1643176Z  Go version:        go1.25.6
build-and-deploy	Build and Push Frontend	2026-02-16T23:37:45.1643582Z  Git commit:        0e6fee6
build-and-deploy	Build and Push Frontend	2026-02-16T23:37:45.1644008Z  Built:             Fri Jan 16 12:48:47 2026
build-and-deploy	Build and Push Frontend	2026-02-16T23:37:45.1644472Z  OS/Arch:           linux/amd64
build-and-deploy	Build and Push Frontend	2026-02-16T23:37:45.1644893Z  Context:           default
build-and-deploy	Build and Push Frontend	2026-02-16T23:37:45.1645146Z 
build-and-deploy	Build and Push Frontend	2026-02-16T23:37:45.1645319Z Server: Docker Engine - Community
build-and-deploy	Build and Push Frontend	2026-02-16T23:37:45.1645732Z  Engine:
build-and-deploy	Build and Push Frontend	2026-02-16T23:37:45.1646051Z   Version:          29.1.5
build-and-deploy	Build and Push Frontend	2026-02-16T23:37:45.1646486Z   API version:      1.52 (minimum version 1.44)
build-and-deploy	Build and Push Frontend	2026-02-16T23:37:45.1646976Z   Go version:       go1.25.6
build-and-deploy	Build and Push Frontend	2026-02-16T23:37:45.1647375Z   Git commit:       3b01d64
build-and-deploy	Build and Push Frontend	2026-02-16T23:37:45.1647776Z   Built:            Fri Jan 16 12:48:47 2026
build-and-deploy	Build and Push Frontend	2026-02-16T23:37:45.1648225Z   OS/Arch:          linux/amd64
build-and-deploy	Build and Push Frontend	2026-02-16T23:37:45.1648635Z   Experimental:     false
build-and-deploy	Build and Push Frontend	2026-02-16T23:37:45.1649026Z  containerd:
build-and-deploy	Build and Push Frontend	2026-02-16T23:37:45.1649332Z   Version:          v2.2.1
build-and-deploy	Build and Push Frontend	2026-02-16T23:37:45.1649783Z   GitCommit:        dea7da592f5d1d2b7755e3a161be07f43fad8f75
build-and-deploy	Build and Push Frontend	2026-02-16T23:37:45.1650270Z  runc:
build-and-deploy	Build and Push Frontend	2026-02-16T23:37:45.1650556Z   Version:          1.3.4
build-and-deploy	Build and Push Frontend	2026-02-16T23:37:45.1651110Z   GitCommit:        v1.3.4-0-gd6d73eb8
build-and-deploy	Build and Push Frontend	2026-02-16T23:37:45.1651566Z  docker-init:
build-and-deploy	Build and Push Frontend	2026-02-16T23:37:45.1651921Z   Version:          0.19.0
build-and-deploy	Build and Push Frontend	2026-02-16T23:37:45.1652309Z   GitCommit:        de40ad0
build-and-deploy	Build and Push Frontend	2026-02-16T23:37:45.1726949Z [command]/usr/bin/docker info
build-and-deploy	Build and Push Frontend	2026-02-16T23:37:45.2623372Z Client: Docker Engine - Community
build-and-deploy	Build and Push Frontend	2026-02-16T23:37:45.2624967Z  Version:    29.1.5
build-and-deploy	Build and Push Frontend	2026-02-16T23:37:45.2625347Z  Context:    default
build-and-deploy	Build and Push Frontend	2026-02-16T23:37:45.2625726Z  Debug Mode: false
build-and-deploy	Build and Push Frontend	2026-02-16T23:37:45.2626073Z  Plugins:
build-and-deploy	Build and Push Frontend	2026-02-16T23:37:45.2626431Z   buildx: Docker Buildx (Docker Inc.)
build-and-deploy	Build and Push Frontend	2026-02-16T23:37:45.2626904Z     Version:  v0.31.1
build-and-deploy	Build and Push Frontend	2026-02-16T23:37:45.2627392Z     Path:     /usr/libexec/docker/cli-plugins/docker-buildx
build-and-deploy	Build and Push Frontend	2026-02-16T23:37:45.2628003Z   compose: Docker Compose (Docker Inc.)
build-and-deploy	Build and Push Frontend	2026-02-16T23:37:45.2628470Z     Version:  v2.40.3
build-and-deploy	Build and Push Frontend	2026-02-16T23:37:45.2628941Z     Path:     /usr/libexec/docker/cli-plugins/docker-compose
build-and-deploy	Build and Push Frontend	2026-02-16T23:37:45.2629337Z 
build-and-deploy	Build and Push Frontend	2026-02-16T23:37:45.2629465Z Server:
build-and-deploy	Build and Push Frontend	2026-02-16T23:37:45.2629753Z  Containers: 0
build-and-deploy	Build and Push Frontend	2026-02-16T23:37:45.2630057Z   Running: 0
build-and-deploy	Build and Push Frontend	2026-02-16T23:37:45.2630356Z   Paused: 0
build-and-deploy	Build and Push Frontend	2026-02-16T23:37:45.2631446Z   Stopped: 0
build-and-deploy	Build and Push Frontend	2026-02-16T23:37:45.2631791Z  Images: 3
build-and-deploy	Build and Push Frontend	2026-02-16T23:37:45.2632130Z  Server Version: 29.1.5
build-and-deploy	Build and Push Frontend	2026-02-16T23:37:45.2632507Z  Storage Driver: overlayfs
build-and-deploy	Build and Push Frontend	2026-02-16T23:37:45.2632963Z   driver-type: io.containerd.snapshotter.v1
build-and-deploy	Build and Push Frontend	2026-02-16T23:37:45.2633995Z  Logging Driver: json-file
build-and-deploy	Build and Push Frontend	2026-02-16T23:37:45.2634472Z  Cgroup Driver: systemd
build-and-deploy	Build and Push Frontend	2026-02-16T23:37:45.2634863Z  Cgroup Version: 2
build-and-deploy	Build and Push Frontend	2026-02-16T23:37:45.2635212Z  Plugins:
build-and-deploy	Build and Push Frontend	2026-02-16T23:37:45.2635526Z   Volume: local
build-and-deploy	Build and Push Frontend	2026-02-16T23:37:45.2635932Z   Network: bridge host ipvlan macvlan null overlay
build-and-deploy	Build and Push Frontend	2026-02-16T23:37:45.2637250Z   Log: awslogs fluentd gcplogs gelf journald json-file local splunk syslog
build-and-deploy	Build and Push Frontend	2026-02-16T23:37:45.2638282Z  CDI spec directories:
build-and-deploy	Build and Push Frontend	2026-02-16T23:37:45.2638654Z   /etc/cdi
build-and-deploy	Build and Push Frontend	2026-02-16T23:37:45.2638973Z   /var/run/cdi
build-and-deploy	Build and Push Frontend	2026-02-16T23:37:45.2639320Z  Swarm: inactive
build-and-deploy	Build and Push Frontend	2026-02-16T23:37:45.2639713Z  Runtimes: io.containerd.runc.v2 runc
build-and-deploy	Build and Push Frontend	2026-02-16T23:37:45.2640189Z  Default Runtime: runc
build-and-deploy	Build and Push Frontend	2026-02-16T23:37:45.2640579Z  Init Binary: docker-init
build-and-deploy	Build and Push Frontend	2026-02-16T23:37:45.2641346Z  containerd version: dea7da592f5d1d2b7755e3a161be07f43fad8f75
build-and-deploy	Build and Push Frontend	2026-02-16T23:37:45.2641963Z  runc version: v1.3.4-0-gd6d73eb8
build-and-deploy	Build and Push Frontend	2026-02-16T23:37:45.2642402Z  init version: de40ad0
build-and-deploy	Build and Push Frontend	2026-02-16T23:37:45.2642798Z  Security Options:
build-and-deploy	Build and Push Frontend	2026-02-16T23:37:45.2643169Z   apparmor
build-and-deploy	Build and Push Frontend	2026-02-16T23:37:45.2643506Z   seccomp
build-and-deploy	Build and Push Frontend	2026-02-16T23:37:45.2643845Z    Profile: builtin
build-and-deploy	Build and Push Frontend	2026-02-16T23:37:45.2644218Z   cgroupns
build-and-deploy	Build and Push Frontend	2026-02-16T23:37:45.2644567Z  Kernel Version: 6.14.0-1017-azure
build-and-deploy	Build and Push Frontend	2026-02-16T23:37:45.2645076Z  Operating System: Ubuntu 24.04.3 LTS
build-and-deploy	Build and Push Frontend	2026-02-16T23:37:45.2645563Z  OSType: linux
build-and-deploy	Build and Push Frontend	2026-02-16T23:37:45.2645952Z  Architecture: x86_64
build-and-deploy	Build and Push Frontend	2026-02-16T23:37:45.2646343Z  CPUs: 2
build-and-deploy	Build and Push Frontend	2026-02-16T23:37:45.2646677Z  Total Memory: 7.757GiB
build-and-deploy	Build and Push Frontend	2026-02-16T23:37:45.2647064Z  Name: runnervmjduv7
build-and-deploy	Build and Push Frontend	2026-02-16T23:37:45.2647468Z  ID: 169aa517-19ec-4d49-bd61-4bb79f5886f6
build-and-deploy	Build and Push Frontend	2026-02-16T23:37:45.2648597Z  Docker Root Dir: /var/lib/docker
build-and-deploy	Build and Push Frontend	2026-02-16T23:37:45.2649305Z  Debug Mode: false
build-and-deploy	Build and Push Frontend	2026-02-16T23:37:45.2649781Z  Username: ***
build-and-deploy	Build and Push Frontend	2026-02-16T23:37:45.2650144Z  Experimental: false
build-and-deploy	Build and Push Frontend	2026-02-16T23:37:45.2650545Z  Insecure Registries:
build-and-deploy	Build and Push Frontend	2026-02-16T23:37:45.2651155Z   ::1/128
build-and-deploy	Build and Push Frontend	2026-02-16T23:37:45.2651500Z   127.0.0.0/8
build-and-deploy	Build and Push Frontend	2026-02-16T23:37:45.2651867Z  Live Restore Enabled: false
build-and-deploy	Build and Push Frontend	2026-02-16T23:37:45.2652312Z  Firewall Backend: iptables
build-and-deploy	Build and Push Frontend	2026-02-16T23:37:45.2652580Z 
build-and-deploy	Build and Push Frontend	2026-02-16T23:37:45.2653785Z ##[endgroup]
build-and-deploy	Build and Push Frontend	2026-02-16T23:37:45.2654434Z ##[group]Proxy configuration
build-and-deploy	Build and Push Frontend	2026-02-16T23:37:45.2656006Z No proxy configuration found
build-and-deploy	Build and Push Frontend	2026-02-16T23:37:45.2656766Z ##[endgroup]
build-and-deploy	Build and Push Frontend	2026-02-16T23:37:45.3400866Z ##[group]Buildx version
build-and-deploy	Build and Push Frontend	2026-02-16T23:37:45.3458389Z [command]/usr/bin/docker buildx version
build-and-deploy	Build and Push Frontend	2026-02-16T23:37:45.4076221Z github.com/docker/buildx v0.31.1 a2675950d46b2cb171b23c2015ca44fb88607531
build-and-deploy	Build and Push Frontend	2026-02-16T23:37:45.4115307Z ##[endgroup]
build-and-deploy	Build and Push Frontend	2026-02-16T23:37:45.4135071Z ##[group]Builder info
build-and-deploy	Build and Push Frontend	2026-02-16T23:37:45.5005894Z {
build-and-deploy	Build and Push Frontend	2026-02-16T23:37:45.5006354Z   "nodes": [
build-and-deploy	Build and Push Frontend	2026-02-16T23:37:45.5006710Z     {
build-and-deploy	Build and Push Frontend	2026-02-16T23:37:45.5007047Z       "name": "default",
build-and-deploy	Build and Push Frontend	2026-02-16T23:37:45.5007540Z       "endpoint": "default",
build-and-deploy	Build and Push Frontend	2026-02-16T23:37:45.5007970Z       "status": "running",
build-and-deploy	Build and Push Frontend	2026-02-16T23:37:45.5008387Z       "buildkit": "v0.26.3",
build-and-deploy	Build and Push Frontend	2026-02-16T23:37:45.5008971Z       "platforms": "linux/amd64,linux/amd64/v2,linux/amd64/v3",
build-and-deploy	Build and Push Frontend	2026-02-16T23:37:45.5009606Z       "features": {
build-and-deploy	Build and Push Frontend	2026-02-16T23:37:45.5010207Z         "Automatically load images to the Docker Engine image store": true,
build-and-deploy	Build and Push Frontend	2026-02-16T23:37:45.5010922Z         "Cache export": true,
build-and-deploy	Build and Push Frontend	2026-02-16T23:37:45.5011640Z         "Direct push": true,
build-and-deploy	Build and Push Frontend	2026-02-16T23:37:45.5012061Z         "Docker exporter": true,
build-and-deploy	Build and Push Frontend	2026-02-16T23:37:45.5012531Z         "Multi-platform build": true,
build-and-deploy	Build and Push Frontend	2026-02-16T23:37:45.5013035Z         "OCI exporter": true
build-and-deploy	Build and Push Frontend	2026-02-16T23:37:45.5013443Z       },
build-and-deploy	Build and Push Frontend	2026-02-16T23:37:45.5013770Z       "labels": {
build-and-deploy	Build and Push Frontend	2026-02-16T23:37:45.5014429Z         "org.mobyproject.buildkit.worker.apparmor.profile": "docker-default",
build-and-deploy	Build and Push Frontend	2026-02-16T23:37:45.5015418Z         "org.mobyproject.buildkit.worker.containerd.namespace": "moby",
build-and-deploy	Build and Push Frontend	2026-02-16T23:37:45.5016910Z         "org.mobyproject.buildkit.worker.containerd.uuid": "1d24cf55-4f30-453a-b931-c9265de8620e",
build-and-deploy	Build and Push Frontend	2026-02-16T23:37:45.5017949Z         "org.mobyproject.buildkit.worker.executor": "containerd",
build-and-deploy	Build and Push Frontend	2026-02-16T23:37:45.5018767Z         "org.mobyproject.buildkit.worker.hostname": "runnervmjduv7",
build-and-deploy	Build and Push Frontend	2026-02-16T23:37:45.5019704Z         "org.mobyproject.buildkit.worker.moby.host-gateway-ip": "172.17.0.1",
build-and-deploy	Build and Push Frontend	2026-02-16T23:37:45.5020539Z         "org.mobyproject.buildkit.worker.network": "host",
build-and-deploy	Build and Push Frontend	2026-02-16T23:37:45.5021530Z         "org.mobyproject.buildkit.worker.selinux.enabled": "false",
build-and-deploy	Build and Push Frontend	2026-02-16T23:37:45.5022356Z         "org.mobyproject.buildkit.worker.snapshotter": "overlayfs"
build-and-deploy	Build and Push Frontend	2026-02-16T23:37:45.5023258Z       },
build-and-deploy	Build and Push Frontend	2026-02-16T23:37:45.5023619Z       "gcPolicy": [
build-and-deploy	Build and Push Frontend	2026-02-16T23:37:45.5023994Z         {
build-and-deploy	Build and Push Frontend	2026-02-16T23:37:45.5024340Z           "all": false,
build-and-deploy	Build and Push Frontend	2026-02-16T23:37:45.5024739Z           "filter": [
build-and-deploy	Build and Push Frontend	2026-02-16T23:37:45.5025137Z             "type==source.local",
build-and-deploy	Build and Push Frontend	2026-02-16T23:37:45.5025632Z             "type==exec.cachemount",
build-and-deploy	Build and Push Frontend	2026-02-16T23:37:45.5026155Z             "type==source.git.checkout"
build-and-deploy	Build and Push Frontend	2026-02-16T23:37:45.5026632Z           ],
build-and-deploy	Build and Push Frontend	2026-02-16T23:37:45.5027002Z           "keepDuration": "48h0m0s"
build-and-deploy	Build and Push Frontend	2026-02-16T23:37:45.5027447Z         },
build-and-deploy	Build and Push Frontend	2026-02-16T23:37:45.5027764Z         {
build-and-deploy	Build and Push Frontend	2026-02-16T23:37:45.5028103Z           "all": false,
build-and-deploy	Build and Push Frontend	2026-02-16T23:37:45.5028511Z           "keepDuration": "1440h0m0s"
build-and-deploy	Build and Push Frontend	2026-02-16T23:37:45.5028976Z         },
build-and-deploy	Build and Push Frontend	2026-02-16T23:37:45.5029301Z         {
build-and-deploy	Build and Push Frontend	2026-02-16T23:37:45.5029632Z           "all": false
build-and-deploy	Build and Push Frontend	2026-02-16T23:37:45.5030016Z         },
build-and-deploy	Build and Push Frontend	2026-02-16T23:37:45.5030309Z         {
build-and-deploy	Build and Push Frontend	2026-02-16T23:37:45.5030632Z           "all": true
build-and-deploy	Build and Push Frontend	2026-02-16T23:37:45.5031813Z         }
build-and-deploy	Build and Push Frontend	2026-02-16T23:37:45.5032142Z       ]
build-and-deploy	Build and Push Frontend	2026-02-16T23:37:45.5032457Z     }
build-and-deploy	Build and Push Frontend	2026-02-16T23:37:45.5032770Z   ],
build-and-deploy	Build and Push Frontend	2026-02-16T23:37:45.5033100Z   "name": "default",
build-and-deploy	Build and Push Frontend	2026-02-16T23:37:45.5033499Z   "driver": "docker",
build-and-deploy	Build and Push Frontend	2026-02-16T23:37:45.5033942Z   "lastActivity": "2026-02-16T23:36:22.000Z"
build-and-deploy	Build and Push Frontend	2026-02-16T23:37:45.5034420Z }
build-and-deploy	Build and Push Frontend	2026-02-16T23:37:45.5035488Z ##[endgroup]
build-and-deploy	Build and Push Frontend	2026-02-16T23:37:45.6639449Z [command]/usr/bin/docker buildx build --cache-from type=registry,ref=***/upgrade-frontend:buildcache --cache-to type=registry,ref=***/upgrade-frontend:buildcache,mode=max --file client/Dockerfile --iidfile /home/runner/work/_temp/docker-actions-toolkit-mcArmM/build-iidfile-e89c8d6c91.txt --tag ***/upgrade-frontend:latest --metadata-file /home/runner/work/_temp/docker-actions-toolkit-mcArmM/build-metadata-b8fb6635df.json --push ./client
build-and-deploy	Build and Push Frontend	2026-02-16T23:37:45.9870705Z #0 building with "default" instance using docker driver
build-and-deploy	Build and Push Frontend	2026-02-16T23:37:45.9872556Z 
build-and-deploy	Build and Push Frontend	2026-02-16T23:37:45.9872887Z #1 [internal] load build definition from Dockerfile
build-and-deploy	Build and Push Frontend	2026-02-16T23:37:45.9880274Z #1 transferring dockerfile: 342B done
build-and-deploy	Build and Push Frontend	2026-02-16T23:37:45.9880825Z #1 DONE 0.0s
build-and-deploy	Build and Push Frontend	2026-02-16T23:37:45.9883503Z 
build-and-deploy	Build and Push Frontend	2026-02-16T23:37:45.9883852Z #2 [auth] library/nginx:pull token for registry-1.docker.io
build-and-deploy	Build and Push Frontend	2026-02-16T23:37:45.9884447Z #2 DONE 0.0s
build-and-deploy	Build and Push Frontend	2026-02-16T23:37:45.9884665Z 
build-and-deploy	Build and Push Frontend	2026-02-16T23:37:45.9884967Z #3 [internal] load metadata for docker.io/library/nginx:alpine
build-and-deploy	Build and Push Frontend	2026-02-16T23:37:46.2617608Z #3 ...
build-and-deploy	Build and Push Frontend	2026-02-16T23:37:46.2617946Z 
build-and-deploy	Build and Push Frontend	2026-02-16T23:37:46.2618393Z #4 [internal] load metadata for docker.io/library/node:18-alpine
build-and-deploy	Build and Push Frontend	2026-02-16T23:37:46.2618773Z #4 DONE 0.5s
build-and-deploy	Build and Push Frontend	2026-02-16T23:37:46.3651639Z 
build-and-deploy	Build and Push Frontend	2026-02-16T23:37:46.3652326Z #3 [internal] load metadata for docker.io/library/nginx:alpine
build-and-deploy	Build and Push Frontend	2026-02-16T23:37:46.3652978Z #3 DONE 0.6s
build-and-deploy	Build and Push Frontend	2026-02-16T23:37:46.3657634Z 
build-and-deploy	Build and Push Frontend	2026-02-16T23:37:46.3657852Z #5 [internal] load .dockerignore
build-and-deploy	Build and Push Frontend	2026-02-16T23:37:46.3660825Z #5 transferring context:
build-and-deploy	Build and Push Frontend	2026-02-16T23:37:46.5836714Z #5 transferring context: 2B done
build-and-deploy	Build and Push Frontend	2026-02-16T23:37:46.5837503Z #5 DONE 0.0s
build-and-deploy	Build and Push Frontend	2026-02-16T23:37:46.5837719Z 
build-and-deploy	Build and Push Frontend	2026-02-16T23:37:46.5837892Z #6 [internal] load build context
build-and-deploy	Build and Push Frontend	2026-02-16T23:37:46.5838338Z #6 DONE 0.0s
build-and-deploy	Build and Push Frontend	2026-02-16T23:37:46.5838556Z 
build-and-deploy	Build and Push Frontend	2026-02-16T23:37:46.5839234Z #7 [stage-1 1/3] FROM docker.io/library/nginx:alpine@sha256:1d13701a5f9f3fb01aaa88cef2344d65b6b5bf6b7d9fa4cf0dca557a8d7702ba
build-and-deploy	Build and Push Frontend	2026-02-16T23:37:46.5840761Z #7 resolve docker.io/library/nginx:alpine@sha256:1d13701a5f9f3fb01aaa88cef2344d65b6b5bf6b7d9fa4cf0dca557a8d7702ba 0.0s done
build-and-deploy	Build and Push Frontend	2026-02-16T23:37:46.5842487Z #7 DONE 0.0s
build-and-deploy	Build and Push Frontend	2026-02-16T23:37:46.5842691Z 
build-and-deploy	Build and Push Frontend	2026-02-16T23:37:46.5843324Z #8 [build 1/6] FROM docker.io/library/node:18-alpine@sha256:8d6421d663b4c28fd3ebc498332f249011d118945588d0a35cb9bc4b8ca09d9e
build-and-deploy	Build and Push Frontend	2026-02-16T23:37:46.5844775Z #8 resolve docker.io/library/node:18-alpine@sha256:8d6421d663b4c28fd3ebc498332f249011d118945588d0a35cb9bc4b8ca09d9e 0.0s done
build-and-deploy	Build and Push Frontend	2026-02-16T23:37:46.5845725Z #8 DONE 0.0s
build-and-deploy	Build and Push Frontend	2026-02-16T23:37:46.5845846Z 
build-and-deploy	Build and Push Frontend	2026-02-16T23:37:46.5846172Z #9 [auth] ***/upgrade-frontend:pull token for registry-1.docker.io
build-and-deploy	Build and Push Frontend	2026-02-16T23:37:46.5846707Z #9 DONE 0.0s
build-and-deploy	Build and Push Frontend	2026-02-16T23:37:46.5846823Z 
build-and-deploy	Build and Push Frontend	2026-02-16T23:37:46.5847040Z #10 importing cache manifest from ***/upgrade-frontend:buildcache
build-and-deploy	Build and Push Frontend	2026-02-16T23:37:46.6786513Z #10 inferred cache manifest type: application/vnd.oci.image.manifest.v1+json done
build-and-deploy	Build and Push Frontend	2026-02-16T23:37:46.7815419Z #10 DONE 0.4s
build-and-deploy	Build and Push Frontend	2026-02-16T23:37:46.8847873Z 
build-and-deploy	Build and Push Frontend	2026-02-16T23:37:46.8848717Z #6 [internal] load build context
build-and-deploy	Build and Push Frontend	2026-02-16T23:37:46.8851165Z #6 transferring context: 249.81kB 0.0s done
build-and-deploy	Build and Push Frontend	2026-02-16T23:37:46.8851679Z #6 DONE 0.0s
build-and-deploy	Build and Push Frontend	2026-02-16T23:37:46.8851883Z 
build-and-deploy	Build and Push Frontend	2026-02-16T23:37:46.8852037Z #11 [build 5/6] COPY . .
build-and-deploy	Build and Push Frontend	2026-02-16T23:37:46.8852415Z #11 CACHED
build-and-deploy	Build and Push Frontend	2026-02-16T23:37:46.8852604Z 
build-and-deploy	Build and Push Frontend	2026-02-16T23:37:46.8852760Z #12 [build 2/6] WORKDIR /app
build-and-deploy	Build and Push Frontend	2026-02-16T23:37:46.8853183Z #12 CACHED
build-and-deploy	Build and Push Frontend	2026-02-16T23:37:46.8853367Z 
build-and-deploy	Build and Push Frontend	2026-02-16T23:37:46.8853470Z #13 [build 6/6] RUN npm run build
build-and-deploy	Build and Push Frontend	2026-02-16T23:37:46.8853865Z #13 CACHED
build-and-deploy	Build and Push Frontend	2026-02-16T23:37:46.8854061Z 
build-and-deploy	Build and Push Frontend	2026-02-16T23:37:46.8854688Z #14 [stage-1 2/3] COPY --from=build /app/dist /usr/share/nginx/html
build-and-deploy	Build and Push Frontend	2026-02-16T23:37:46.8855361Z #14 CACHED
build-and-deploy	Build and Push Frontend	2026-02-16T23:37:46.8855577Z 
build-and-deploy	Build and Push Frontend	2026-02-16T23:37:46.8855827Z #15 [build 3/6] COPY package*.json ./
build-and-deploy	Build and Push Frontend	2026-02-16T23:37:46.8856602Z #15 CACHED
build-and-deploy	Build and Push Frontend	2026-02-16T23:37:46.8856815Z 
build-and-deploy	Build and Push Frontend	2026-02-16T23:37:46.8856980Z #16 [build 4/6] RUN npm ci
build-and-deploy	Build and Push Frontend	2026-02-16T23:37:46.8857382Z #16 CACHED
build-and-deploy	Build and Push Frontend	2026-02-16T23:37:46.8857578Z 
build-and-deploy	Build and Push Frontend	2026-02-16T23:37:46.8857879Z #17 [stage-1 3/3] COPY nginx.conf /etc/nginx/conf.d/default.conf
build-and-deploy	Build and Push Frontend	2026-02-16T23:37:46.8858490Z #17 CACHED
build-and-deploy	Build and Push Frontend	2026-02-16T23:37:46.8858689Z 
build-and-deploy	Build and Push Frontend	2026-02-16T23:37:46.8858849Z #18 exporting to image
build-and-deploy	Build and Push Frontend	2026-02-16T23:37:46.8859284Z #18 exporting layers done
build-and-deploy	Build and Push Frontend	2026-02-16T23:37:46.8859990Z #18 exporting manifest sha256:1c47d663f3e3a0e13d5af55a4068f2a73a3242f61cc349a2554bd56e17388aca done
build-and-deploy	Build and Push Frontend	2026-02-16T23:37:46.8862160Z #18 exporting config sha256:b78ff8a928b081b9b8c95eda24c39870d6b745a32ac84f13159e92d163ab2446
build-and-deploy	Build and Push Frontend	2026-02-16T23:37:46.9972020Z #18 exporting config sha256:b78ff8a928b081b9b8c95eda24c39870d6b745a32ac84f13159e92d163ab2446 done
build-and-deploy	Build and Push Frontend	2026-02-16T23:37:46.9973715Z #18 exporting attestation manifest sha256:d900abd767c08aec9a74574fde664117dc8a6c2527c5455e694a45d2f042384d done
build-and-deploy	Build and Push Frontend	2026-02-16T23:37:46.9976443Z #18 exporting manifest list sha256:0d37f402a4b628a640fad2d7d7d19c5fc46a3f3ce096679e416a0739f09d29ce done
build-and-deploy	Build and Push Frontend	2026-02-16T23:37:46.9977850Z #18 naming to docker.io/***/upgrade-frontend:latest done
build-and-deploy	Build and Push Frontend	2026-02-16T23:37:47.6352883Z #18 ...
build-and-deploy	Build and Push Frontend	2026-02-16T23:37:47.6358900Z 
build-and-deploy	Build and Push Frontend	2026-02-16T23:37:47.6359477Z #17 [stage-1 3/3] COPY nginx.conf /etc/nginx/conf.d/default.conf
build-and-deploy	Build and Push Frontend	2026-02-16T23:37:47.6361979Z #17 sha256:bca5d04786e112d958f100a66f8257b2aeefc14b64d81e405c3c44acff2fb000 1.86MB / 1.86MB 0.1s done
build-and-deploy	Build and Push Frontend	2026-02-16T23:37:47.6363510Z #17 sha256:955a8478f9aceb66cbf2f579fa3c24e1af278d1fa3ffd3043d6260e21d2f7416 1.21kB / 1.21kB 0.1s done
build-and-deploy	Build and Push Frontend	2026-02-16T23:37:47.6364823Z #17 sha256:ce745fdb4379ef3358ff34c413859672fbf7be98f44eadbee7d353231908304b 632.03kB / 632.03kB 0.1s done
build-and-deploy	Build and Push Frontend	2026-02-16T23:37:47.6366128Z #17 sha256:6b7b6c7061b76cdb8601e18722d12ae3232f0ddcfa1d2983754abcc6ce0a8a83 954B / 954B 0.1s done
build-and-deploy	Build and Push Frontend	2026-02-16T23:37:47.6367415Z #17 sha256:6d397a54a185dd0b6638d1a3934b81daef7a140741e12697377d6279066f7ca7 1.40kB / 1.40kB 0.1s done
build-and-deploy	Build and Push Frontend	2026-02-16T23:37:47.6368644Z #17 sha256:399d0898a94e0084f81499a3e3c29824357118c7ce551648ea1dbab813884661 404B / 404B 0.1s done
build-and-deploy	Build and Push Frontend	2026-02-16T23:37:47.6369916Z #17 sha256:0dff84cd1932db86ce2db659889c6f26c6b62bb263740c468fcbdb26fc0ad302 325B / 325B 0.1s done
build-and-deploy	Build and Push Frontend	2026-02-16T23:37:47.6377681Z #17 sha256:3e2c181db1b0985ce357c7aaf48ac615f30f392cd15d5c5ba34c4faa1f4f39a2 626B / 626B 0.1s done
build-and-deploy	Build and Push Frontend	2026-02-16T23:37:47.6379143Z #17 sha256:5e7756927bef33a266e1221356d5da8553139cb80bc5b1b3827010811d9ea268 20.24MB / 20.24MB 0.4s done
build-and-deploy	Build and Push Frontend	2026-02-16T23:37:47.6380036Z #17 DONE 0.6s
build-and-deploy	Build and Push Frontend	2026-02-16T23:37:47.6380252Z 
build-and-deploy	Build and Push Frontend	2026-02-16T23:37:47.6380793Z #19 [auth] ***/upgrade-frontend:pull,push token for registry-1.docker.io
build-and-deploy	Build and Push Frontend	2026-02-16T23:37:47.6381790Z #19 DONE 0.0s
build-and-deploy	Build and Push Frontend	2026-02-16T23:37:47.6382018Z 
build-and-deploy	Build and Push Frontend	2026-02-16T23:37:47.6382175Z #18 exporting to image
build-and-deploy	Build and Push Frontend	2026-02-16T23:37:47.6382563Z #18 pushing layers
build-and-deploy	Build and Push Frontend	2026-02-16T23:37:48.2957440Z #18 pushing layers 0.9s done
build-and-deploy	Build and Push Frontend	2026-02-16T23:37:48.2959013Z #18 pushing manifest for docker.io/***/upgrade-frontend:latest@sha256:0d37f402a4b628a640fad2d7d7d19c5fc46a3f3ce096679e416a0739f09d29ce
build-and-deploy	Build and Push Frontend	2026-02-16T23:37:50.1342616Z #18 pushing manifest for docker.io/***/upgrade-frontend:latest@sha256:0d37f402a4b628a640fad2d7d7d19c5fc46a3f3ce096679e416a0739f09d29ce 1.8s done
build-and-deploy	Build and Push Frontend	2026-02-16T23:37:50.3056351Z #18 DONE 3.3s
build-and-deploy	Build and Push Frontend	2026-02-16T23:37:50.3056989Z 
build-and-deploy	Build and Push Frontend	2026-02-16T23:37:50.3057413Z #20 exporting cache to registry
build-and-deploy	Build and Push Frontend	2026-02-16T23:37:50.3058640Z #20 preparing build cache for export
build-and-deploy	Build and Push Frontend	2026-02-16T23:37:50.5144201Z #20 writing layer sha256:0dff84cd1932db86ce2db659889c6f26c6b62bb263740c468fcbdb26fc0ad302
build-and-deploy	Build and Push Frontend	2026-02-16T23:37:50.6170316Z #20 writing layer sha256:0dff84cd1932db86ce2db659889c6f26c6b62bb263740c468fcbdb26fc0ad302 0.0s done
build-and-deploy	Build and Push Frontend	2026-02-16T23:37:50.6171920Z #20 writing layer sha256:1e5a4c89cee5c0826c540ab06d4b6b491c96eda01837f430bd47f0d26702d6e3 0.0s done
build-and-deploy	Build and Push Frontend	2026-02-16T23:37:50.6173175Z #20 writing layer sha256:25ff2da83641908f65c3a74d80409d6b1b62ccfaab220b9ea70b80df5a2e0549 0.0s done
build-and-deploy	Build and Push Frontend	2026-02-16T23:37:50.6174429Z #20 writing layer sha256:399d0898a94e0084f81499a3e3c29824357118c7ce551648ea1dbab813884661 0.0s done
build-and-deploy	Build and Push Frontend	2026-02-16T23:37:50.6175571Z #20 writing layer sha256:3e2c181db1b0985ce357c7aaf48ac615f30f392cd15d5c5ba34c4faa1f4f39a2
build-and-deploy	Build and Push Frontend	2026-02-16T23:37:50.7201746Z #20 writing layer sha256:3e2c181db1b0985ce357c7aaf48ac615f30f392cd15d5c5ba34c4faa1f4f39a2 0.0s done
build-and-deploy	Build and Push Frontend	2026-02-16T23:37:50.7203051Z #20 writing layer sha256:4620a66985e0a7349a8cd5c2f37ca256a703e44b9729b9e81472694a240a800a 0.0s done
build-and-deploy	Build and Push Frontend	2026-02-16T23:37:50.7204238Z #20 writing layer sha256:589002ba0eaed121a1dbf42f6648f29e5be55d5c8a6ee0f8eaa0285cc21ac153 0.0s done
build-and-deploy	Build and Push Frontend	2026-02-16T23:37:50.7205449Z #20 writing layer sha256:5e7756927bef33a266e1221356d5da8553139cb80bc5b1b3827010811d9ea268 0.0s done
build-and-deploy	Build and Push Frontend	2026-02-16T23:37:50.7206577Z #20 writing layer sha256:66eb13abffb7cacd465a6f63db2a4b07438b1b51814eb1d2c2ba734b9bb2c66e
build-and-deploy	Build and Push Frontend	2026-02-16T23:37:50.8203268Z #20 writing layer sha256:66eb13abffb7cacd465a6f63db2a4b07438b1b51814eb1d2c2ba734b9bb2c66e 0.0s done
build-and-deploy	Build and Push Frontend	2026-02-16T23:37:50.8204628Z #20 writing layer sha256:6b7b6c7061b76cdb8601e18722d12ae3232f0ddcfa1d2983754abcc6ce0a8a83 0.0s done
build-and-deploy	Build and Push Frontend	2026-02-16T23:37:50.8205815Z #20 writing layer sha256:6d397a54a185dd0b6638d1a3934b81daef7a140741e12697377d6279066f7ca7 0.0s done
build-and-deploy	Build and Push Frontend	2026-02-16T23:37:50.8206969Z #20 writing layer sha256:811b30919085567ba617d21d484399608a50ea03dae6df2df826d7378aebdf3e 0.0s done
build-and-deploy	Build and Push Frontend	2026-02-16T23:37:50.8208096Z #20 writing layer sha256:955a8478f9aceb66cbf2f579fa3c24e1af278d1fa3ffd3043d6260e21d2f7416
build-and-deploy	Build and Push Frontend	2026-02-16T23:37:50.9312409Z #20 writing layer sha256:955a8478f9aceb66cbf2f579fa3c24e1af278d1fa3ffd3043d6260e21d2f7416 0.0s done
build-and-deploy	Build and Push Frontend	2026-02-16T23:37:50.9313854Z #20 writing layer sha256:9de2f9603208703ac13912c5c990142149c9064725eaacd7791f82d643d756e9 0.0s done
build-and-deploy	Build and Push Frontend	2026-02-16T23:37:50.9315063Z #20 writing layer sha256:bca5d04786e112d958f100a66f8257b2aeefc14b64d81e405c3c44acff2fb000 0.0s done
build-and-deploy	Build and Push Frontend	2026-02-16T23:37:50.9316281Z #20 writing layer sha256:ce745fdb4379ef3358ff34c413859672fbf7be98f44eadbee7d353231908304b 0.0s done
build-and-deploy	Build and Push Frontend	2026-02-16T23:37:50.9317440Z #20 writing layer sha256:dd71dde834b5c203d162902e6b8994cb2309ae049a0eabc4efea161b2b5a3d0e
build-and-deploy	Build and Push Frontend	2026-02-16T23:37:51.0998565Z #20 preparing build cache for export 0.9s done
build-and-deploy	Build and Push Frontend	2026-02-16T23:37:51.1000156Z #20 writing layer sha256:dd71dde834b5c203d162902e6b8994cb2309ae049a0eabc4efea161b2b5a3d0e 0.0s done
build-and-deploy	Build and Push Frontend	2026-02-16T23:37:51.1002160Z #20 writing layer sha256:e8bc8fcf1f71a851113c8810719fa2a86e105500565ba3b199f6429bb2fe3726 0.0s done
build-and-deploy	Build and Push Frontend	2026-02-16T23:37:51.1003643Z #20 writing layer sha256:f18232174bc91741fdf3da96d85011092101a032a93a388b79e99e69c2d5c870 0.0s done
build-and-deploy	Build and Push Frontend	2026-02-16T23:37:51.1006523Z #20 writing config sha256:5b1091fd1d3e5d75c9970f4c05ae573dadc77d20b9e199c584bc1676517c4580 0.0s done
build-and-deploy	Build and Push Frontend	2026-02-16T23:37:51.1009480Z #20 writing cache image manifest sha256:004b8cf37c43b821f8183e5ea24d3198050510b32a5a6fba66b17463c6109733 0.1s done
build-and-deploy	Build and Push Frontend	2026-02-16T23:37:51.1010413Z #20 DONE 0.9s
build-and-deploy	Build and Push Frontend	2026-02-16T23:37:51.1466531Z 
build-and-deploy	Build and Push Frontend	2026-02-16T23:37:51.1469124Z #21 resolving provenance for metadata file
build-and-deploy	Build and Push Frontend	2026-02-16T23:37:51.1470285Z #21 DONE 0.0s
build-and-deploy	Build and Push Frontend	2026-02-16T23:37:51.1527910Z ##[group]ImageID
build-and-deploy	Build and Push Frontend	2026-02-16T23:37:51.1530917Z sha256:0d37f402a4b628a640fad2d7d7d19c5fc46a3f3ce096679e416a0739f09d29ce
build-and-deploy	Build and Push Frontend	2026-02-16T23:37:51.1533593Z ##[endgroup]
build-and-deploy	Build and Push Frontend	2026-02-16T23:37:51.1534201Z ##[group]Digest
build-and-deploy	Build and Push Frontend	2026-02-16T23:37:51.1534801Z sha256:0d37f402a4b628a640fad2d7d7d19c5fc46a3f3ce096679e416a0739f09d29ce
build-and-deploy	Build and Push Frontend	2026-02-16T23:37:51.1535920Z ##[endgroup]
build-and-deploy	Build and Push Frontend	2026-02-16T23:37:51.1536520Z ##[group]Metadata
build-and-deploy	Build and Push Frontend	2026-02-16T23:37:51.1536849Z {
build-and-deploy	Build and Push Frontend	2026-02-16T23:37:51.1537176Z   "buildx.build.provenance": {
build-and-deploy	Build and Push Frontend	2026-02-16T23:37:51.1537588Z     "builder": {
build-and-deploy	Build and Push Frontend	2026-02-16T23:37:51.1537907Z       "id": ""
build-and-deploy	Build and Push Frontend	2026-02-16T23:37:51.1538199Z     },
build-and-deploy	Build and Push Frontend	2026-02-16T23:37:51.1538617Z     "buildType": "https://mobyproject.org/buildkit@v1",
build-and-deploy	Build and Push Frontend	2026-02-16T23:37:51.1539201Z     "materials": [
build-and-deploy	Build and Push Frontend	2026-02-16T23:37:51.1539579Z       {
build-and-deploy	Build and Push Frontend	2026-02-16T23:37:51.1540038Z         "uri": "pkg:docker/nginx@alpine?platform=linux%2Famd64",
build-and-deploy	Build and Push Frontend	2026-02-16T23:37:51.1540564Z         "digest": {
build-and-deploy	Build and Push Frontend	2026-02-16T23:37:51.1541326Z           "sha256": "1d13701a5f9f3fb01aaa88cef2344d65b6b5bf6b7d9fa4cf0dca557a8d7702ba"
build-and-deploy	Build and Push Frontend	2026-02-16T23:37:51.1541986Z         }
build-and-deploy	Build and Push Frontend	2026-02-16T23:37:51.1542317Z       },
build-and-deploy	Build and Push Frontend	2026-02-16T23:37:51.1542616Z       {
build-and-deploy	Build and Push Frontend	2026-02-16T23:37:51.1543088Z         "uri": "pkg:docker/node@18-alpine?platform=linux%2Famd64",
build-and-deploy	Build and Push Frontend	2026-02-16T23:37:51.1543670Z         "digest": {
build-and-deploy	Build and Push Frontend	2026-02-16T23:37:51.1544312Z           "sha256": "8d6421d663b4c28fd3ebc498332f249011d118945588d0a35cb9bc4b8ca09d9e"
build-and-deploy	Build and Push Frontend	2026-02-16T23:37:51.1545037Z         }
build-and-deploy	Build and Push Frontend	2026-02-16T23:37:51.1545344Z       }
build-and-deploy	Build and Push Frontend	2026-02-16T23:37:51.1545668Z     ],
build-and-deploy	Build and Push Frontend	2026-02-16T23:37:51.1545998Z     "invocation": {
build-and-deploy	Build and Push Frontend	2026-02-16T23:37:51.1546387Z       "configSource": {
build-and-deploy	Build and Push Frontend	2026-02-16T23:37:51.1546807Z         "entryPoint": "Dockerfile"
build-and-deploy	Build and Push Frontend	2026-02-16T23:37:51.1547273Z       },
build-and-deploy	Build and Push Frontend	2026-02-16T23:37:51.1547616Z       "parameters": {
build-and-deploy	Build and Push Frontend	2026-02-16T23:37:51.1548030Z         "frontend": "dockerfile.v0",
build-and-deploy	Build and Push Frontend	2026-02-16T23:37:51.1548478Z         "locals": [
build-and-deploy	Build and Push Frontend	2026-02-16T23:37:51.1548817Z           {
build-and-deploy	Build and Push Frontend	2026-02-16T23:37:51.1549174Z             "name": "context"
build-and-deploy	Build and Push Frontend	2026-02-16T23:37:51.1549587Z           },
build-and-deploy	Build and Push Frontend	2026-02-16T23:37:51.1549924Z           {
build-and-deploy	Build and Push Frontend	2026-02-16T23:37:51.1550265Z             "name": "dockerfile"
build-and-deploy	Build and Push Frontend	2026-02-16T23:37:51.1550679Z           }
build-and-deploy	Build and Push Frontend	2026-02-16T23:37:51.1551157Z         ]
build-and-deploy	Build and Push Frontend	2026-02-16T23:37:51.1551453Z       },
build-and-deploy	Build and Push Frontend	2026-02-16T23:37:51.1551767Z       "environment": {
build-and-deploy	Build and Push Frontend	2026-02-16T23:37:51.1552217Z         "platform": "linux/amd64"
build-and-deploy	Build and Push Frontend	2026-02-16T23:37:51.1552638Z       }
build-and-deploy	Build and Push Frontend	2026-02-16T23:37:51.1552932Z     }
build-and-deploy	Build and Push Frontend	2026-02-16T23:37:51.1553251Z   },
build-and-deploy	Build and Push Frontend	2026-02-16T23:37:51.1553729Z   "buildx.build.ref": "default/default/jfmxx9o2yw5025vmous1go8b3",
build-and-deploy	Build and Push Frontend	2026-02-16T23:37:51.1555242Z   "cache.manifest": "{\"mediaType\":\"application/vnd.oci.image.manifest.v1+json\",\"digest\":\"sha256:004b8cf37c43b821f8183e5ea24d3198050510b32a5a6fba66b17463c6109733\",\"size\":7175}",
build-and-deploy	Build and Push Frontend	2026-02-16T23:37:51.1556602Z   "containerimage.descriptor": {
build-and-deploy	Build and Push Frontend	2026-02-16T23:37:51.1557206Z     "mediaType": "application/vnd.oci.image.index.v1+json",
build-and-deploy	Build and Push Frontend	2026-02-16T23:37:51.1558035Z     "digest": "sha256:0d37f402a4b628a640fad2d7d7d19c5fc46a3f3ce096679e416a0739f09d29ce",
build-and-deploy	Build and Push Frontend	2026-02-16T23:37:51.1558800Z     "size": 856
build-and-deploy	Build and Push Frontend	2026-02-16T23:37:51.1559144Z   },
build-and-deploy	Build and Push Frontend	2026-02-16T23:37:51.1559842Z   "containerimage.digest": "sha256:0d37f402a4b628a640fad2d7d7d19c5fc46a3f3ce096679e416a0739f09d29ce",
build-and-deploy	Build and Push Frontend	2026-02-16T23:37:51.1562292Z   "image.name": "docker.io/***/upgrade-frontend:latest"
build-and-deploy	Build and Push Frontend	2026-02-16T23:37:51.1563205Z }
build-and-deploy	Build and Push Frontend	2026-02-16T23:37:51.1564084Z ##[endgroup]
build-and-deploy	Deploy to Server via SSH	﻿2026-02-16T23:37:51.1718252Z ##[group]Run appleboy/ssh-action@v1.0.3
build-and-deploy	Deploy to Server via SSH	2026-02-16T23:37:51.1718588Z with:
build-and-deploy	Deploy to Server via SSH	2026-02-16T23:37:51.1718840Z   host: ***
build-and-deploy	Deploy to Server via SSH	2026-02-16T23:37:51.1719068Z   username: ***
build-and-deploy	Deploy to Server via SSH	2026-02-16T23:37:51.1720889Z   key: ***
build-and-deploy	Deploy to Server via SSH	2026-02-16T23:37:51.1725858Z   script: # Export variables for docker-compose
build-and-deploy	Deploy to Server via SSH	export DOCKER_USERNAME=***
build-and-deploy	Deploy to Server via SSH	
build-and-deploy	Deploy to Server via SSH	# Pull the latest images
build-and-deploy	Deploy to Server via SSH	docker pull ***/upgrade-backend:latest
build-and-deploy	Deploy to Server via SSH	docker pull ***/upgrade-frontend:latest
build-and-deploy	Deploy to Server via SSH	
build-and-deploy	Deploy to Server via SSH	# Create project directory if it doesn't exist
build-and-deploy	Deploy to Server via SSH	mkdir -p ~/upgrade-crm
build-and-deploy	Deploy to Server via SSH	cd ~/upgrade-crm
build-and-deploy	Deploy to Server via SSH	
build-and-deploy	Deploy to Server via SSH	# Copy docker-compose.prod.yml if it's not there (this is a patch, ideally it should be copied from the repo)
build-and-deploy	Deploy to Server via SSH	# Since we can't easily copy from the runner to the server without SCP, we'll rely on the repo being there or creating the file.
build-and-deploy	Deploy to Server via SSH	# BETTER APPROACH: Clone/Pull the repo to get the latest docker-compose.prod.yml
build-and-deploy	Deploy to Server via SSH	
build-and-deploy	Deploy to Server via SSH	if [ ! -d ".git" ]; then
build-and-deploy	Deploy to Server via SSH	  git clone https://github.com/stanisloveme-cloud/UPGRADE.git .
build-and-deploy	Deploy to Server via SSH	else
build-and-deploy	Deploy to Server via SSH	  git pull origin main
build-and-deploy	Deploy to Server via SSH	fi
build-and-deploy	Deploy to Server via SSH	
build-and-deploy	Deploy to Server via SSH	# Restart services using new images
build-and-deploy	Deploy to Server via SSH	# Tries 'docker compose' (v2) first, then 'docker-compose' (v1)
build-and-deploy	Deploy to Server via SSH	if command -v docker-compose &> /dev/null; then
build-and-deploy	Deploy to Server via SSH	    docker-compose -f docker-compose.prod.yml down
build-and-deploy	Deploy to Server via SSH	    docker-compose -f docker-compose.prod.yml up -d
build-and-deploy	Deploy to Server via SSH	else
build-and-deploy	Deploy to Server via SSH	    docker compose -f docker-compose.prod.yml down
build-and-deploy	Deploy to Server via SSH	    docker compose -f docker-compose.prod.yml up -d
build-and-deploy	Deploy to Server via SSH	fi
build-and-deploy	Deploy to Server via SSH	
build-and-deploy	Deploy to Server via SSH	# Prune unused images to save space
build-and-deploy	Deploy to Server via SSH	docker image prune -f
build-and-deploy	Deploy to Server via SSH	
build-and-deploy	Deploy to Server via SSH	# DEBUG: Show running containers and logs
build-and-deploy	Deploy to Server via SSH	echo "=== RUNNING CONTAINERS ==="
build-and-deploy	Deploy to Server via SSH	docker ps -a
build-and-deploy	Deploy to Server via SSH	echo "=== FRONTEND LOGS ==="
build-and-deploy	Deploy to Server via SSH	docker logs -n 20 upgrade-crm-frontend-1 || docker logs -n 20 upgrade-crm_frontend_1 || echo "Container name prediction failed, check ps output"
build-and-deploy	Deploy to Server via SSH	
build-and-deploy	Deploy to Server via SSH	2026-02-16T23:37:51.1730632Z   port: 22
build-and-deploy	Deploy to Server via SSH	2026-02-16T23:37:51.1730826Z   timeout: 30s
build-and-deploy	Deploy to Server via SSH	2026-02-16T23:37:51.1731245Z   command_timeout: 10m
build-and-deploy	Deploy to Server via SSH	2026-02-16T23:37:51.1731480Z   proxy_port: 22
build-and-deploy	Deploy to Server via SSH	2026-02-16T23:37:51.1731688Z   proxy_timeout: 30s
build-and-deploy	Deploy to Server via SSH	2026-02-16T23:37:51.1731913Z ##[endgroup]
build-and-deploy	Deploy to Server via SSH	2026-02-16T23:37:51.1836669Z ##[command]/usr/bin/docker run --name d5e7c9c023a2d5c76446a0ba87fffb135b513e_0af8e2 --label d5e7c9 --workdir /github/workspace --rm -e "INPUT_HOST" -e "INPUT_USERNAME" -e "INPUT_KEY" -e "INPUT_SCRIPT" -e "INPUT_PORT" -e "INPUT_PASSPHRASE" -e "INPUT_PASSWORD" -e "INPUT_SYNC" -e "INPUT_USE_INSECURE_CIPHER" -e "INPUT_CIPHER" -e "INPUT_TIMEOUT" -e "INPUT_COMMAND_TIMEOUT" -e "INPUT_KEY_PATH" -e "INPUT_FINGERPRINT" -e "INPUT_PROXY_HOST" -e "INPUT_PROXY_PORT" -e "INPUT_PROXY_USERNAME" -e "INPUT_PROXY_PASSWORD" -e "INPUT_PROXY_PASSPHRASE" -e "INPUT_PROXY_TIMEOUT" -e "INPUT_PROXY_KEY" -e "INPUT_PROXY_KEY_PATH" -e "INPUT_PROXY_FINGERPRINT" -e "INPUT_PROXY_CIPHER" -e "INPUT_PROXY_USE_INSECURE_CIPHER" -e "INPUT_SCRIPT_STOP" -e "INPUT_ENVS" -e "INPUT_ENVS_FORMAT" -e "INPUT_DEBUG" -e "INPUT_ALLENVS" -e "INPUT_REQUEST_PTY" -e "HOME" -e "GITHUB_JOB" -e "GITHUB_REF" -e "GITHUB_SHA" -e "GITHUB_REPOSITORY" -e "GITHUB_REPOSITORY_OWNER" -e "GITHUB_REPOSITORY_OWNER_ID" -e "GITHUB_RUN_ID" -e "GITHUB_RUN_NUMBER" -e "GITHUB_RETENTION_DAYS" -e "GITHUB_RUN_ATTEMPT" -e "GITHUB_ACTOR_ID" -e "GITHUB_ACTOR" -e "GITHUB_WORKFLOW" -e "GITHUB_HEAD_REF" -e "GITHUB_BASE_REF" -e "GITHUB_EVENT_NAME" -e "GITHUB_SERVER_URL" -e "GITHUB_API_URL" -e "GITHUB_GRAPHQL_URL" -e "GITHUB_REF_NAME" -e "GITHUB_REF_PROTECTED" -e "GITHUB_REF_TYPE" -e "GITHUB_WORKFLOW_REF" -e "GITHUB_WORKFLOW_SHA" -e "GITHUB_REPOSITORY_ID" -e "GITHUB_TRIGGERING_ACTOR" -e "GITHUB_WORKSPACE" -e "GITHUB_ACTION" -e "GITHUB_EVENT_PATH" -e "GITHUB_ACTION_REPOSITORY" -e "GITHUB_ACTION_REF" -e "GITHUB_PATH" -e "GITHUB_ENV" -e "GITHUB_STEP_SUMMARY" -e "GITHUB_STATE" -e "GITHUB_OUTPUT" -e "RUNNER_OS" -e "RUNNER_ARCH" -e "RUNNER_NAME" -e "RUNNER_ENVIRONMENT" -e "RUNNER_TOOL_CACHE" -e "RUNNER_TEMP" -e "RUNNER_WORKSPACE" -e "ACTIONS_RUNTIME_URL" -e "ACTIONS_RUNTIME_TOKEN" -e "ACTIONS_CACHE_URL" -e "ACTIONS_RESULTS_URL" -e "ACTIONS_ORCHESTRATION_ID" -e GITHUB_ACTIONS=true -e CI=true -v "/var/run/docker.sock":"/var/run/docker.sock" -v "/home/runner/work/_temp":"/github/runner_temp" -v "/home/runner/work/_temp/_github_home":"/github/home" -v "/home/runner/work/_temp/_github_workflow":"/github/workflow" -v "/home/runner/work/_temp/_runner_file_commands":"/github/file_commands" -v "/home/runner/work/UPGRADE/UPGRADE":"/github/workspace" d5e7c9:c023a2d5c76446a0ba87fffb135b513e
build-and-deploy	Deploy to Server via SSH	2026-02-16T23:37:51.4257217Z ======CMD======
build-and-deploy	Deploy to Server via SSH	2026-02-16T23:37:51.4261994Z # Export variables for docker-compose
build-and-deploy	Deploy to Server via SSH	2026-02-16T23:37:51.4265659Z export DOCKER_USERNAME=***
build-and-deploy	Deploy to Server via SSH	2026-02-16T23:37:51.4267016Z 
build-and-deploy	Deploy to Server via SSH	2026-02-16T23:37:51.4267350Z # Pull the latest images
build-and-deploy	Deploy to Server via SSH	2026-02-16T23:37:51.4268938Z docker pull ***/upgrade-backend:latest
build-and-deploy	Deploy to Server via SSH	2026-02-16T23:37:51.4269576Z docker pull ***/upgrade-frontend:latest
build-and-deploy	Deploy to Server via SSH	2026-02-16T23:37:51.4269923Z 
build-and-deploy	Deploy to Server via SSH	2026-02-16T23:37:51.4270140Z # Create project directory if it doesn't exist
build-and-deploy	Deploy to Server via SSH	2026-02-16T23:37:51.4270692Z mkdir -p ~/upgrade-crm
build-and-deploy	Deploy to Server via SSH	2026-02-16T23:37:51.4271425Z cd ~/upgrade-crm
build-and-deploy	Deploy to Server via SSH	2026-02-16T23:37:51.4271802Z 
build-and-deploy	Deploy to Server via SSH	2026-02-16T23:37:51.4272420Z # Copy docker-compose.prod.yml if it's not there (this is a patch, ideally it should be copied from the repo)
build-and-deploy	Deploy to Server via SSH	2026-02-16T23:37:51.4273848Z # Since we can't easily copy from the runner to the server without SCP, we'll rely on the repo being there or creating the file.
build-and-deploy	Deploy to Server via SSH	2026-02-16T23:37:51.4275136Z # BETTER APPROACH: Clone/Pull the repo to get the latest docker-compose.prod.yml
build-and-deploy	Deploy to Server via SSH	2026-02-16T23:37:51.4275791Z 
build-and-deploy	Deploy to Server via SSH	2026-02-16T23:37:51.4275993Z if [ ! -d ".git" ]; then
build-and-deploy	Deploy to Server via SSH	2026-02-16T23:37:51.4276617Z   git clone https://github.com/stanisloveme-cloud/UPGRADE.git .
build-and-deploy	Deploy to Server via SSH	2026-02-16T23:37:51.4277263Z else
build-and-deploy	Deploy to Server via SSH	2026-02-16T23:37:51.4277636Z   git pull origin main
build-and-deploy	Deploy to Server via SSH	2026-02-16T23:37:51.4278054Z fi
build-and-deploy	Deploy to Server via SSH	2026-02-16T23:37:51.4278245Z 
build-and-deploy	Deploy to Server via SSH	2026-02-16T23:37:51.4278426Z # Restart services using new images
build-and-deploy	Deploy to Server via SSH	2026-02-16T23:37:51.4279085Z # Tries 'docker compose' (v2) first, then 'docker-compose' (v1)
build-and-deploy	Deploy to Server via SSH	2026-02-16T23:37:51.4279807Z if command -v docker-compose &> /dev/null; then
build-and-deploy	Deploy to Server via SSH	2026-02-16T23:37:51.4280474Z     docker-compose -f docker-compose.prod.yml down
build-and-deploy	Deploy to Server via SSH	2026-02-16T23:37:51.4281390Z     docker-compose -f docker-compose.prod.yml up -d
build-and-deploy	Deploy to Server via SSH	2026-02-16T23:37:51.4281966Z else
build-and-deploy	Deploy to Server via SSH	2026-02-16T23:37:51.4282400Z     docker compose -f docker-compose.prod.yml down
build-and-deploy	Deploy to Server via SSH	2026-02-16T23:37:51.4283100Z     docker compose -f docker-compose.prod.yml up -d
build-and-deploy	Deploy to Server via SSH	2026-02-16T23:37:51.4283675Z fi
build-and-deploy	Deploy to Server via SSH	2026-02-16T23:37:51.4283874Z 
build-and-deploy	Deploy to Server via SSH	2026-02-16T23:37:51.4284069Z # Prune unused images to save space
build-and-deploy	Deploy to Server via SSH	2026-02-16T23:37:51.4284576Z docker image prune -f
build-and-deploy	Deploy to Server via SSH	2026-02-16T23:37:51.4284838Z 
build-and-deploy	Deploy to Server via SSH	2026-02-16T23:37:51.4285040Z # DEBUG: Show running containers and logs
build-and-deploy	Deploy to Server via SSH	2026-02-16T23:37:51.4285576Z echo "=== RUNNING CONTAINERS ==="
build-and-deploy	Deploy to Server via SSH	2026-02-16T23:37:51.4286052Z docker ps -a
build-and-deploy	Deploy to Server via SSH	2026-02-16T23:37:51.4286450Z echo "=== FRONTEND LOGS ==="
build-and-deploy	Deploy to Server via SSH	2026-02-16T23:37:51.4287511Z docker logs -n 20 upgrade-crm-frontend-1 || docker logs -n 20 upgrade-crm_frontend_1 || echo "Container name prediction failed, check ps output"
build-and-deploy	Deploy to Server via SSH	2026-02-16T23:37:51.4288498Z 
build-and-deploy	Deploy to Server via SSH	2026-02-16T23:37:51.4288669Z ======END======
build-and-deploy	Deploy to Server via SSH	2026-02-16T23:37:54.7585920Z out: latest: Pulling from ***/upgrade-backend
build-and-deploy	Deploy to Server via SSH	2026-02-16T23:37:55.2174146Z out: 589002ba0eae: Already exists
build-and-deploy	Deploy to Server via SSH	2026-02-16T23:37:55.2214106Z out: ad6d96c196e3: Already exists
build-and-deploy	Deploy to Server via SSH	2026-02-16T23:37:55.2258433Z out: eb87f4721c91: Already exists
build-and-deploy	Deploy to Server via SSH	2026-02-16T23:37:55.2292320Z out: e31b20165522: Already exists
build-and-deploy	Deploy to Server via SSH	2026-02-16T23:37:55.2343024Z out: 1b100f0c4d8d: Already exists
build-and-deploy	Deploy to Server via SSH	2026-02-16T23:37:55.2385570Z out: 06aa7a6e195a: Already exists
build-and-deploy	Deploy to Server via SSH	2026-02-16T23:37:55.2430618Z out: 3a4a2cc714be: Already exists
build-and-deploy	Deploy to Server via SSH	2026-02-16T23:37:55.2471702Z out: e1ee4e599053: Already exists
build-and-deploy	Deploy to Server via SSH	2026-02-16T23:37:55.2518427Z out: d9094f2b79bb: Already exists
build-and-deploy	Deploy to Server via SSH	2026-02-16T23:37:55.2579603Z out: e17ac755bb75: Pulling fs layer
build-and-deploy	Deploy to Server via SSH	2026-02-16T23:37:55.2580208Z out: 17129608dc7d: Pulling fs layer
build-and-deploy	Deploy to Server via SSH	2026-02-16T23:37:55.2580797Z out: a3fcb8e4df25: Pulling fs layer
build-and-deploy	Deploy to Server via SSH	2026-02-16T23:37:55.2581574Z out: fe37deccb571: Pulling fs layer
build-and-deploy	Deploy to Server via SSH	2026-02-16T23:37:55.3138446Z out: fe37deccb571: Waiting
build-and-deploy	Deploy to Server via SSH	2026-02-16T23:37:55.8067084Z out: e17ac755bb75: Verifying Checksum
build-and-deploy	Deploy to Server via SSH	2026-02-16T23:37:55.8067809Z out: e17ac755bb75: Download complete
build-and-deploy	Deploy to Server via SSH	2026-02-16T23:37:55.8092251Z out: 17129608dc7d: Verifying Checksum
build-and-deploy	Deploy to Server via SSH	2026-02-16T23:37:55.8093183Z out: 17129608dc7d: Download complete
build-and-deploy	Deploy to Server via SSH	2026-02-16T23:37:55.8718894Z out: e17ac755bb75: Pull complete
build-and-deploy	Deploy to Server via SSH	2026-02-16T23:37:55.9350250Z out: 17129608dc7d: Pull complete
build-and-deploy	Deploy to Server via SSH	2026-02-16T23:37:56.2659505Z out: a3fcb8e4df25: Verifying Checksum
build-and-deploy	Deploy to Server via SSH	2026-02-16T23:37:56.2660240Z out: a3fcb8e4df25: Download complete
build-and-deploy	Deploy to Server via SSH	2026-02-16T23:37:56.3118402Z out: fe37deccb571: Verifying Checksum
build-and-deploy	Deploy to Server via SSH	2026-02-16T23:37:56.3119127Z out: fe37deccb571: Download complete
build-and-deploy	Deploy to Server via SSH	2026-02-16T23:37:56.3911200Z out: a3fcb8e4df25: Pull complete
build-and-deploy	Deploy to Server via SSH	2026-02-16T23:37:56.4495598Z out: fe37deccb571: Pull complete
build-and-deploy	Deploy to Server via SSH	2026-02-16T23:37:56.4707123Z out: Digest: sha256:d486460b05b0a6c72aff17abd0ea26493aaacc8992e010750952117a2907123d
build-and-deploy	Deploy to Server via SSH	2026-02-16T23:37:56.4745793Z out: Status: Downloaded newer image for ***/upgrade-backend:latest
build-and-deploy	Deploy to Server via SSH	2026-02-16T23:37:56.4771391Z out: docker.io/***/upgrade-backend:latest
build-and-deploy	Deploy to Server via SSH	2026-02-16T23:37:57.9629256Z out: latest: Pulling from ***/upgrade-frontend
build-and-deploy	Deploy to Server via SSH	2026-02-16T23:37:57.9851497Z out: Digest: sha256:0d37f402a4b628a640fad2d7d7d19c5fc46a3f3ce096679e416a0739f09d29ce
build-and-deploy	Deploy to Server via SSH	2026-02-16T23:37:57.9881203Z out: Status: Image is up to date for ***/upgrade-frontend:latest
build-and-deploy	Deploy to Server via SSH	2026-02-16T23:37:57.9906782Z out: docker.io/***/upgrade-frontend:latest
build-and-deploy	Deploy to Server via SSH	2026-02-16T23:37:58.0016312Z err: Cloning into '.'...
build-and-deploy	Deploy to Server via SSH	2026-02-16T23:37:58.4248489Z err: fatal: could not read Username for 'https://github.com': No such device or address
build-and-deploy	Deploy to Server via SSH	2026-02-16T23:37:58.8698877Z err: open /***/upgrade-crm/docker-compose.prod.yml: no such file or directory
build-and-deploy	Deploy to Server via SSH	2026-02-16T23:37:58.9945936Z err: open /***/upgrade-crm/docker-compose.prod.yml: no such file or directory
build-and-deploy	Deploy to Server via SSH	2026-02-16T23:37:59.0727759Z out: Deleted Images:
build-and-deploy	Deploy to Server via SSH	2026-02-16T23:37:59.0728971Z out: untagged: ***/upgrade-backend@sha256:b12af64f41e6a30324487b9a0915bf845ac3d34b922452aec8334cabe99aed9d
build-and-deploy	Deploy to Server via SSH	2026-02-16T23:37:59.0730021Z out: deleted: sha256:b95c6f47aab500622c2bc48377fbf23950895d412b4bc486fa6e051fd835f4aa
build-and-deploy	Deploy to Server via SSH	2026-02-16T23:37:59.0731292Z out: deleted: sha256:c304025ae55c61fb37de150b4d5ab05308b1fbfd95dc8c73de378c332983df41
build-and-deploy	Deploy to Server via SSH	2026-02-16T23:37:59.0732389Z out: deleted: sha256:d096b48b3df2a25b4b50b7d8777cf03aefb0fe8a34bb5ad98efa37cd03a42985
build-and-deploy	Deploy to Server via SSH	2026-02-16T23:37:59.0733464Z out: deleted: sha256:e7faf14a18115c40c22a08f2232b1ac8ed4482e274487b7afec278206dacbbac
build-and-deploy	Deploy to Server via SSH	2026-02-16T23:37:59.0734534Z out: deleted: sha256:2d93c81fff6f1f10d92bb0da689842439d04bcfd760b2e8bee0c73bd430a49ad
build-and-deploy	Deploy to Server via SSH	2026-02-16T23:37:59.0735361Z out: Total reclaimed space: 12.64MB
build-and-deploy	Deploy to Server via SSH	2026-02-16T23:37:59.0760244Z out: === RUNNING CONTAINERS ===
build-and-deploy	Deploy to Server via SSH	2026-02-16T23:37:59.1036324Z out: CONTAINER ID   IMAGE                COMMAND                  CREATED        STATUS                  PORTS                                         NAMES
build-and-deploy	Deploy to Server via SSH	2026-02-16T23:37:59.1038835Z out: 89124cc03be1   upgrade-crm-app      "docker-entrypoint.s…"   16 hours ago   Up 16 hours             0.0.0.0:3000->3000/tcp, [::]:3000->3000/tcp   upgrade-crm-app-1
build-and-deploy	Deploy to Server via SSH	2026-02-16T23:37:59.1040657Z out: 69084a60a878   postgres:15-alpine   "docker-entrypoint.s…"   16 hours ago   Up 16 hours (healthy)   0.0.0.0:5433->5432/tcp, [::]:5433->5432/tcp   upgrade-crm-db-1
build-and-deploy	Deploy to Server via SSH	2026-02-16T23:37:59.1042507Z out: 331916f55d37   redis:7-alpine       "docker-entrypoint.s…"   16 hours ago   Up 16 hours             0.0.0.0:6379->6379/tcp, [::]:6379->6379/tcp   upgrade-crm-redis-1
build-and-deploy	Deploy to Server via SSH	2026-02-16T23:37:59.1065452Z out: === FRONTEND LOGS ===
build-and-deploy	Deploy to Server via SSH	2026-02-16T23:37:59.1319666Z err: Error response from daemon: No such container: upgrade-crm-frontend-1
build-and-deploy	Deploy to Server via SSH	2026-02-16T23:37:59.1618204Z err: Error response from daemon: No such container: upgrade-crm_frontend_1
build-and-deploy	Deploy to Server via SSH	2026-02-16T23:37:59.1657697Z out: Container name prediction failed, check ps output
build-and-deploy	Deploy to Server via SSH	2026-02-16T23:37:59.1659614Z ==============================================
build-and-deploy	Deploy to Server via SSH	2026-02-16T23:37:59.1660286Z ✅ Successfully executed commands to all host.
build-and-deploy	Deploy to Server via SSH	2026-02-16T23:37:59.1660811Z ==============================================
build-and-deploy	Post Build and Push Frontend	﻿2026-02-16T23:37:59.2674433Z Post job cleanup.
build-and-deploy	Post Build and Push Frontend	2026-02-16T23:37:59.5050218Z ##[group]Removing temp folder /home/runner/work/_temp/docker-actions-toolkit-mcArmM
build-and-deploy	Post Build and Push Frontend	2026-02-16T23:37:59.5053704Z ##[endgroup]
build-and-deploy	Post Build and Push Frontend	2026-02-16T23:37:59.5054356Z ##[group]Post cache
build-and-deploy	Post Build and Push Frontend	2026-02-16T23:37:59.5055170Z State not set
build-and-deploy	Post Build and Push Frontend	2026-02-16T23:37:59.5055814Z ##[endgroup]
build-and-deploy	Post Build and Push Backend	﻿2026-02-16T23:37:59.5248064Z Post job cleanup.
build-and-deploy	Post Build and Push Backend	2026-02-16T23:37:59.7583093Z ##[group]Removing temp folder /home/runner/work/_temp/docker-actions-toolkit-Oc1dTK
build-and-deploy	Post Build and Push Backend	2026-02-16T23:37:59.7598189Z ##[endgroup]
build-and-deploy	Post Build and Push Backend	2026-02-16T23:37:59.7605487Z ##[group]Post cache
build-and-deploy	Post Build and Push Backend	2026-02-16T23:37:59.7608859Z State not set
build-and-deploy	Post Build and Push Backend	2026-02-16T23:37:59.7609702Z ##[endgroup]
build-and-deploy	Post Log in to Docker Hub	﻿2026-02-16T23:37:59.7742233Z Post job cleanup.
build-and-deploy	Post Log in to Docker Hub	2026-02-16T23:38:00.1074369Z ##[group]Logout from docker.io
build-and-deploy	Post Log in to Docker Hub	2026-02-16T23:38:00.1128095Z [command]/usr/bin/docker logout docker.io
build-and-deploy	Post Log in to Docker Hub	2026-02-16T23:38:00.1271394Z Removing login credentials for docker.io
build-and-deploy	Post Log in to Docker Hub	2026-02-16T23:38:00.1313361Z ##[endgroup]
build-and-deploy	Post Log in to Docker Hub	2026-02-16T23:38:00.1314376Z ##[group]Post cache
build-and-deploy	Post Log in to Docker Hub	2026-02-16T23:38:00.1316705Z State not set
build-and-deploy	Post Log in to Docker Hub	2026-02-16T23:38:00.1317361Z ##[endgroup]
build-and-deploy	Post Checkout code	﻿2026-02-16T23:38:00.1459898Z Post job cleanup.
build-and-deploy	Post Checkout code	2026-02-16T23:38:00.2458772Z [command]/usr/bin/git version
build-and-deploy	Post Checkout code	2026-02-16T23:38:00.2503296Z git version 2.52.0
build-and-deploy	Post Checkout code	2026-02-16T23:38:00.2565518Z Temporarily overriding HOME='/home/runner/work/_temp/20d23304-f8c8-42ac-ad29-01bd27bf762f' before making global git config changes
build-and-deploy	Post Checkout code	2026-02-16T23:38:00.2568040Z Adding repository directory to the temporary git global config as a safe directory
build-and-deploy	Post Checkout code	2026-02-16T23:38:00.2575030Z [command]/usr/bin/git config --global --add safe.directory /home/runner/work/UPGRADE/UPGRADE
build-and-deploy	Post Checkout code	2026-02-16T23:38:00.2622697Z [command]/usr/bin/git config --local --name-only --get-regexp core\.sshCommand
build-and-deploy	Post Checkout code	2026-02-16T23:38:00.2662904Z [command]/usr/bin/git submodule foreach --recursive sh -c "git config --local --name-only --get-regexp 'core\.sshCommand' && git config --local --unset-all 'core.sshCommand' || :"
build-and-deploy	Post Checkout code	2026-02-16T23:38:00.2924838Z [command]/usr/bin/git config --local --name-only --get-regexp http\.https\:\/\/github\.com\/\.extraheader
build-and-deploy	Post Checkout code	2026-02-16T23:38:00.2951795Z http.https://github.com/.extraheader
build-and-deploy	Post Checkout code	2026-02-16T23:38:00.2966833Z [command]/usr/bin/git config --local --unset-all http.https://github.com/.extraheader
build-and-deploy	Post Checkout code	2026-02-16T23:38:00.3003364Z [command]/usr/bin/git submodule foreach --recursive sh -c "git config --local --name-only --get-regexp 'http\.https\:\/\/github\.com\/\.extraheader' && git config --local --unset-all 'http.https://github.com/.extraheader' || :"
build-and-deploy	Post Checkout code	2026-02-16T23:38:00.3256622Z [command]/usr/bin/git config --local --name-only --get-regexp ^includeIf\.gitdir:
build-and-deploy	Post Checkout code	2026-02-16T23:38:00.3303021Z [command]/usr/bin/git submodule foreach --recursive git config --local --show-origin --name-only --get-regexp remote.origin.url
build-and-deploy	Complete job	﻿2026-02-16T23:38:00.3847935Z Cleaning up orphan processes
