build-and-deploy	Set up job	﻿2026-02-17T12:02:21.6607152Z Current runner version: '2.331.0'
build-and-deploy	Set up job	2026-02-17T12:02:21.6638315Z ##[group]Runner Image Provisioner
build-and-deploy	Set up job	2026-02-17T12:02:21.6639299Z Hosted Compute Agent
build-and-deploy	Set up job	2026-02-17T12:02:21.6640088Z Version: 20260123.484
build-and-deploy	Set up job	2026-02-17T12:02:21.6640854Z Commit: 6bd6555ca37d84114959e1c76d2c01448ff61c5d
build-and-deploy	Set up job	2026-02-17T12:02:21.6641716Z Build Date: 2026-01-23T19:41:17Z
build-and-deploy	Set up job	2026-02-17T12:02:21.6642539Z Worker ID: {9dc75cec-c7e1-4b5c-b6e6-ba18d20f3340}
build-and-deploy	Set up job	2026-02-17T12:02:21.6643438Z Azure Region: westcentralus
build-and-deploy	Set up job	2026-02-17T12:02:21.6644176Z ##[endgroup]
build-and-deploy	Set up job	2026-02-17T12:02:21.6646035Z ##[group]Operating System
build-and-deploy	Set up job	2026-02-17T12:02:21.6646922Z Ubuntu
build-and-deploy	Set up job	2026-02-17T12:02:21.6647820Z 24.04.3
build-and-deploy	Set up job	2026-02-17T12:02:21.6648536Z LTS
build-and-deploy	Set up job	2026-02-17T12:02:21.6649147Z ##[endgroup]
build-and-deploy	Set up job	2026-02-17T12:02:21.6650153Z ##[group]Runner Image
build-and-deploy	Set up job	2026-02-17T12:02:21.6651382Z Image: ubuntu-24.04
build-and-deploy	Set up job	2026-02-17T12:02:21.6652036Z Version: 20260209.23.1
build-and-deploy	Set up job	2026-02-17T12:02:21.6653315Z Included Software: https://github.com/actions/runner-images/blob/ubuntu24/20260209.23/images/ubuntu/Ubuntu2404-Readme.md
build-and-deploy	Set up job	2026-02-17T12:02:21.6655215Z Image Release: https://github.com/actions/runner-images/releases/tag/ubuntu24%2F20260209.23
build-and-deploy	Set up job	2026-02-17T12:02:21.6656288Z ##[endgroup]
build-and-deploy	Set up job	2026-02-17T12:02:21.6657945Z ##[group]GITHUB_TOKEN Permissions
build-and-deploy	Set up job	2026-02-17T12:02:21.6660181Z Contents: read
build-and-deploy	Set up job	2026-02-17T12:02:21.6661011Z Metadata: read
build-and-deploy	Set up job	2026-02-17T12:02:21.6661694Z Packages: read
build-and-deploy	Set up job	2026-02-17T12:02:21.6662389Z ##[endgroup]
build-and-deploy	Set up job	2026-02-17T12:02:21.6664470Z Secret source: Actions
build-and-deploy	Set up job	2026-02-17T12:02:21.6665569Z Prepare workflow directory
build-and-deploy	Set up job	2026-02-17T12:02:21.6991681Z Prepare all required actions
build-and-deploy	Set up job	2026-02-17T12:02:21.7029399Z Getting action download info
build-and-deploy	Set up job	2026-02-17T12:02:22.1475296Z Download action repository 'actions/checkout@v4' (SHA:34e114876b0b11c390a56381ad16ebd13914f8d5)
build-and-deploy	Set up job	2026-02-17T12:02:22.3140751Z Download action repository 'docker/login-action@v3' (SHA:c94ce9fb468520275223c153574b00df6fe4bcc9)
build-and-deploy	Set up job	2026-02-17T12:02:23.1121634Z Download action repository 'docker/build-push-action@v5' (SHA:ca052bb54ab0790a636c9b5f226502c73d547a25)
build-and-deploy	Set up job	2026-02-17T12:02:23.8735269Z Download action repository 'appleboy/ssh-action@v1.0.3' (SHA:029f5b4aeeeb58fdfe1410a5d17f967dacf36262)
build-and-deploy	Set up job	2026-02-17T12:02:24.5121182Z Complete job name: build-and-deploy
build-and-deploy	Build appleboy/ssh-action@v1.0.3	﻿2026-02-17T12:02:24.5565655Z ##[group]Build container for action use: '/home/runner/work/_actions/appleboy/ssh-action/v1.0.3/Dockerfile'.
build-and-deploy	Build appleboy/ssh-action@v1.0.3	2026-02-17T12:02:24.5622173Z ##[command]/usr/bin/docker build -t f12626:6dc4fde2f39f48bbb2bf7d522d4cd304 -f "/home/runner/work/_actions/appleboy/ssh-action/v1.0.3/Dockerfile" "/home/runner/work/_actions/appleboy/ssh-action/v1.0.3"
build-and-deploy	Build appleboy/ssh-action@v1.0.3	2026-02-17T12:02:24.9753472Z #0 building with "default" instance using docker driver
build-and-deploy	Build appleboy/ssh-action@v1.0.3	2026-02-17T12:02:24.9754249Z 
build-and-deploy	Build appleboy/ssh-action@v1.0.3	2026-02-17T12:02:24.9754731Z #1 [internal] load build definition from Dockerfile
build-and-deploy	Build appleboy/ssh-action@v1.0.3	2026-02-17T12:02:25.1421158Z #1 transferring dockerfile: 149B done
build-and-deploy	Build appleboy/ssh-action@v1.0.3	2026-02-17T12:02:25.1422192Z #1 DONE 0.0s
build-and-deploy	Build appleboy/ssh-action@v1.0.3	2026-02-17T12:02:25.1422541Z 
build-and-deploy	Build appleboy/ssh-action@v1.0.3	2026-02-17T12:02:25.1423125Z #2 [internal] load metadata for ghcr.io/appleboy/drone-ssh:1.7.3
build-and-deploy	Build appleboy/ssh-action@v1.0.3	2026-02-17T12:02:25.9351881Z #2 DONE 0.9s
build-and-deploy	Build appleboy/ssh-action@v1.0.3	2026-02-17T12:02:26.1440349Z 
build-and-deploy	Build appleboy/ssh-action@v1.0.3	2026-02-17T12:02:26.1441095Z #3 [internal] load .dockerignore
build-and-deploy	Build appleboy/ssh-action@v1.0.3	2026-02-17T12:02:26.1442064Z #3 transferring context: 2B done
build-and-deploy	Build appleboy/ssh-action@v1.0.3	2026-02-17T12:02:26.1442501Z #3 DONE 0.0s
build-and-deploy	Build appleboy/ssh-action@v1.0.3	2026-02-17T12:02:26.1442985Z 
build-and-deploy	Build appleboy/ssh-action@v1.0.3	2026-02-17T12:02:26.1443193Z #4 [internal] load build context
build-and-deploy	Build appleboy/ssh-action@v1.0.3	2026-02-17T12:02:26.1443638Z #4 transferring context: 108B done
build-and-deploy	Build appleboy/ssh-action@v1.0.3	2026-02-17T12:02:26.1444113Z #4 DONE 0.0s
build-and-deploy	Build appleboy/ssh-action@v1.0.3	2026-02-17T12:02:26.1444269Z 
build-and-deploy	Build appleboy/ssh-action@v1.0.3	2026-02-17T12:02:26.1444738Z #5 [1/2] FROM ghcr.io/appleboy/drone-ssh:1.7.3@sha256:179cbd253771007f2ebcaf7a3860afe059207351de1f3378efafac93bd310158
build-and-deploy	Build appleboy/ssh-action@v1.0.3	2026-02-17T12:02:26.1487941Z #5 resolve ghcr.io/appleboy/drone-ssh:1.7.3@sha256:179cbd253771007f2ebcaf7a3860afe059207351de1f3378efafac93bd310158 0.0s done
build-and-deploy	Build appleboy/ssh-action@v1.0.3	2026-02-17T12:02:26.1488997Z #5 sha256:47353a6f9201a145b687290e5ae0278ac269faf4bb61bee3e9246c37a8d74277 0B / 2.44MB 0.2s
build-and-deploy	Build appleboy/ssh-action@v1.0.3	2026-02-17T12:02:26.2711472Z #5 sha256:47353a6f9201a145b687290e5ae0278ac269faf4bb61bee3e9246c37a8d74277 2.44MB / 2.44MB 0.2s done
build-and-deploy	Build appleboy/ssh-action@v1.0.3	2026-02-17T12:02:26.2714152Z #5 sha256:066e5b821e26d8313055e0314c056e6c297847bcf963e5df10e7aa03107f2246 125B / 125B 0.2s done
build-and-deploy	Build appleboy/ssh-action@v1.0.3	2026-02-17T12:02:26.2716931Z #5 sha256:7e20f48a19643465f486f59127b8f4e0f4114bedc8bd5260fb4f92d5fda95f1c 1.20kB / 1.20kB 0.2s done
build-and-deploy	Build appleboy/ssh-action@v1.0.3	2026-02-17T12:02:26.2718837Z #5 sha256:654aaee5654be60f81172539ecd74485cf8bbe2e9137bab0d429862c31c676f6 284.83kB / 284.83kB 0.3s done
build-and-deploy	Build appleboy/ssh-action@v1.0.3	2026-02-17T12:02:26.4507861Z #5 sha256:1207c741d8c9b028d98c4006013f9de959da3c55f85b91ed5e4583438a0112ca 3.38MB / 3.38MB 0.1s done
build-and-deploy	Build appleboy/ssh-action@v1.0.3	2026-02-17T12:02:26.4509628Z #5 extracting sha256:1207c741d8c9b028d98c4006013f9de959da3c55f85b91ed5e4583438a0112ca 0.1s done
build-and-deploy	Build appleboy/ssh-action@v1.0.3	2026-02-17T12:02:26.4510880Z #5 DONE 0.5s
build-and-deploy	Build appleboy/ssh-action@v1.0.3	2026-02-17T12:02:26.6992889Z 
build-and-deploy	Build appleboy/ssh-action@v1.0.3	2026-02-17T12:02:26.6994738Z #5 [1/2] FROM ghcr.io/appleboy/drone-ssh:1.7.3@sha256:179cbd253771007f2ebcaf7a3860afe059207351de1f3378efafac93bd310158
build-and-deploy	Build appleboy/ssh-action@v1.0.3	2026-02-17T12:02:26.6996325Z #5 extracting sha256:654aaee5654be60f81172539ecd74485cf8bbe2e9137bab0d429862c31c676f6 0.1s done
build-and-deploy	Build appleboy/ssh-action@v1.0.3	2026-02-17T12:02:26.6997730Z #5 extracting sha256:7e20f48a19643465f486f59127b8f4e0f4114bedc8bd5260fb4f92d5fda95f1c done
build-and-deploy	Build appleboy/ssh-action@v1.0.3	2026-02-17T12:02:26.6998729Z #5 extracting sha256:066e5b821e26d8313055e0314c056e6c297847bcf963e5df10e7aa03107f2246 done
build-and-deploy	Build appleboy/ssh-action@v1.0.3	2026-02-17T12:02:26.6999542Z #5 extracting sha256:47353a6f9201a145b687290e5ae0278ac269faf4bb61bee3e9246c37a8d74277 0.0s done
build-and-deploy	Build appleboy/ssh-action@v1.0.3	2026-02-17T12:02:26.7000228Z #5 DONE 0.6s
build-and-deploy	Build appleboy/ssh-action@v1.0.3	2026-02-17T12:02:26.7000404Z 
build-and-deploy	Build appleboy/ssh-action@v1.0.3	2026-02-17T12:02:26.7000608Z #6 [2/2] COPY entrypoint.sh /bin/entrypoint.sh
build-and-deploy	Build appleboy/ssh-action@v1.0.3	2026-02-17T12:02:27.6155818Z #6 DONE 1.1s
build-and-deploy	Build appleboy/ssh-action@v1.0.3	2026-02-17T12:02:27.7199271Z 
build-and-deploy	Build appleboy/ssh-action@v1.0.3	2026-02-17T12:02:27.7200974Z #7 exporting to image
build-and-deploy	Build appleboy/ssh-action@v1.0.3	2026-02-17T12:02:27.7201783Z #7 exporting layers 0.0s done
build-and-deploy	Build appleboy/ssh-action@v1.0.3	2026-02-17T12:02:27.7202787Z #7 exporting manifest sha256:f49da82c200d39bbf6e902a8826cea61f018f80fe8d4d2450209ad342617ed8a 0.0s done
build-and-deploy	Build appleboy/ssh-action@v1.0.3	2026-02-17T12:02:27.7204295Z #7 exporting config sha256:17732f45f6a305284de4367ce507744e69943ea7acf04396d2f61460a67b16a8 done
build-and-deploy	Build appleboy/ssh-action@v1.0.3	2026-02-17T12:02:27.7206021Z #7 exporting attestation manifest sha256:872b5f07572dbc97dc534950e4e5af3515a9dbb289e3d1315f59af751107b50e done
build-and-deploy	Build appleboy/ssh-action@v1.0.3	2026-02-17T12:02:27.7207952Z #7 exporting manifest list sha256:27e9122cff5883807c7291cd310095a3234793553bda0c74f645df015f5cea39 done
build-and-deploy	Build appleboy/ssh-action@v1.0.3	2026-02-17T12:02:27.7209474Z #7 naming to docker.io/library/f12626:6dc4fde2f39f48bbb2bf7d522d4cd304 done
build-and-deploy	Build appleboy/ssh-action@v1.0.3	2026-02-17T12:02:27.7211220Z #7 unpacking to docker.io/library/f12626:6dc4fde2f39f48bbb2bf7d522d4cd304 0.0s done
build-and-deploy	Build appleboy/ssh-action@v1.0.3	2026-02-17T12:02:27.7212187Z #7 DONE 0.1s
build-and-deploy	Build appleboy/ssh-action@v1.0.3	2026-02-17T12:02:27.7623912Z ##[endgroup]
build-and-deploy	Checkout code	﻿2026-02-17T12:02:27.7956017Z ##[group]Run actions/checkout@v4
build-and-deploy	Checkout code	2026-02-17T12:02:27.7956641Z with:
build-and-deploy	Checkout code	2026-02-17T12:02:27.7956904Z   repository: stanisloveme-cloud/UPGRADE
build-and-deploy	Checkout code	2026-02-17T12:02:27.7957742Z   token: ***
build-and-deploy	Checkout code	2026-02-17T12:02:27.7957965Z   ssh-strict: true
build-and-deploy	Checkout code	2026-02-17T12:02:27.7958225Z   ssh-user: git
build-and-deploy	Checkout code	2026-02-17T12:02:27.7958456Z   persist-credentials: true
build-and-deploy	Checkout code	2026-02-17T12:02:27.7958710Z   clean: true
build-and-deploy	Checkout code	2026-02-17T12:02:27.7958935Z   sparse-checkout-cone-mode: true
build-and-deploy	Checkout code	2026-02-17T12:02:27.7959202Z   fetch-depth: 1
build-and-deploy	Checkout code	2026-02-17T12:02:27.7959424Z   fetch-tags: false
build-and-deploy	Checkout code	2026-02-17T12:02:27.7959646Z   show-progress: true
build-and-deploy	Checkout code	2026-02-17T12:02:27.7959887Z   lfs: false
build-and-deploy	Checkout code	2026-02-17T12:02:27.7960101Z   submodules: false
build-and-deploy	Checkout code	2026-02-17T12:02:27.7960322Z   set-safe-directory: true
build-and-deploy	Checkout code	2026-02-17T12:02:27.7960820Z ##[endgroup]
build-and-deploy	Checkout code	2026-02-17T12:02:27.9079546Z Syncing repository: stanisloveme-cloud/UPGRADE
build-and-deploy	Checkout code	2026-02-17T12:02:27.9080909Z ##[group]Getting Git version info
build-and-deploy	Checkout code	2026-02-17T12:02:27.9081681Z Working directory is '/home/runner/work/UPGRADE/UPGRADE'
build-and-deploy	Checkout code	2026-02-17T12:02:27.9082840Z [command]/usr/bin/git version
build-and-deploy	Checkout code	2026-02-17T12:02:27.9096166Z git version 2.52.0
build-and-deploy	Checkout code	2026-02-17T12:02:27.9123208Z ##[endgroup]
build-and-deploy	Checkout code	2026-02-17T12:02:27.9138764Z Temporarily overriding HOME='/home/runner/work/_temp/abe8c49f-ef97-41d4-8dbf-845e5018817a' before making global git config changes
build-and-deploy	Checkout code	2026-02-17T12:02:27.9140426Z Adding repository directory to the temporary git global config as a safe directory
build-and-deploy	Checkout code	2026-02-17T12:02:27.9152993Z [command]/usr/bin/git config --global --add safe.directory /home/runner/work/UPGRADE/UPGRADE
build-and-deploy	Checkout code	2026-02-17T12:02:27.9196318Z Deleting the contents of '/home/runner/work/UPGRADE/UPGRADE'
build-and-deploy	Checkout code	2026-02-17T12:02:27.9200554Z ##[group]Initializing the repository
build-and-deploy	Checkout code	2026-02-17T12:02:27.9205187Z [command]/usr/bin/git init /home/runner/work/UPGRADE/UPGRADE
build-and-deploy	Checkout code	2026-02-17T12:02:27.9312171Z hint: Using 'master' as the name for the initial branch. This default branch name
build-and-deploy	Checkout code	2026-02-17T12:02:27.9313213Z hint: will change to "main" in Git 3.0. To configure the initial branch name
build-and-deploy	Checkout code	2026-02-17T12:02:27.9313904Z hint: to use in all of your new repositories, which will suppress this warning,
build-and-deploy	Checkout code	2026-02-17T12:02:27.9314479Z hint: call:
build-and-deploy	Checkout code	2026-02-17T12:02:27.9314689Z hint:
build-and-deploy	Checkout code	2026-02-17T12:02:27.9314988Z hint: 	git config --global init.defaultBranch <name>
build-and-deploy	Checkout code	2026-02-17T12:02:27.9315325Z hint:
build-and-deploy	Checkout code	2026-02-17T12:02:27.9315641Z hint: Names commonly chosen instead of 'master' are 'main', 'trunk' and
build-and-deploy	Checkout code	2026-02-17T12:02:27.9316327Z hint: 'development'. The just-created branch can be renamed via this command:
build-and-deploy	Checkout code	2026-02-17T12:02:27.9317320Z hint:
build-and-deploy	Checkout code	2026-02-17T12:02:27.9317698Z hint: 	git branch -m <name>
build-and-deploy	Checkout code	2026-02-17T12:02:27.9317988Z hint:
build-and-deploy	Checkout code	2026-02-17T12:02:27.9318346Z hint: Disable this message with "git config set advice.defaultBranchName false"
build-and-deploy	Checkout code	2026-02-17T12:02:27.9319409Z Initialized empty Git repository in /home/runner/work/UPGRADE/UPGRADE/.git/
build-and-deploy	Checkout code	2026-02-17T12:02:27.9330381Z [command]/usr/bin/git remote add origin https://github.com/stanisloveme-cloud/UPGRADE
build-and-deploy	Checkout code	2026-02-17T12:02:27.9366292Z ##[endgroup]
build-and-deploy	Checkout code	2026-02-17T12:02:27.9367302Z ##[group]Disabling automatic garbage collection
build-and-deploy	Checkout code	2026-02-17T12:02:27.9371656Z [command]/usr/bin/git config --local gc.auto 0
build-and-deploy	Checkout code	2026-02-17T12:02:27.9401791Z ##[endgroup]
build-and-deploy	Checkout code	2026-02-17T12:02:27.9402507Z ##[group]Setting up auth
build-and-deploy	Checkout code	2026-02-17T12:02:27.9409815Z [command]/usr/bin/git config --local --name-only --get-regexp core\.sshCommand
build-and-deploy	Checkout code	2026-02-17T12:02:27.9441961Z [command]/usr/bin/git submodule foreach --recursive sh -c "git config --local --name-only --get-regexp 'core\.sshCommand' && git config --local --unset-all 'core.sshCommand' || :"
build-and-deploy	Checkout code	2026-02-17T12:02:27.9802321Z [command]/usr/bin/git config --local --name-only --get-regexp http\.https\:\/\/github\.com\/\.extraheader
build-and-deploy	Checkout code	2026-02-17T12:02:27.9833723Z [command]/usr/bin/git submodule foreach --recursive sh -c "git config --local --name-only --get-regexp 'http\.https\:\/\/github\.com\/\.extraheader' && git config --local --unset-all 'http.https://github.com/.extraheader' || :"
build-and-deploy	Checkout code	2026-02-17T12:02:28.0065541Z [command]/usr/bin/git config --local --name-only --get-regexp ^includeIf\.gitdir:
build-and-deploy	Checkout code	2026-02-17T12:02:28.0097566Z [command]/usr/bin/git submodule foreach --recursive git config --local --show-origin --name-only --get-regexp remote.origin.url
build-and-deploy	Checkout code	2026-02-17T12:02:28.0345461Z [command]/usr/bin/git config --local http.https://github.com/.extraheader AUTHORIZATION: basic ***
build-and-deploy	Checkout code	2026-02-17T12:02:28.0381832Z ##[endgroup]
build-and-deploy	Checkout code	2026-02-17T12:02:28.0382664Z ##[group]Fetching the repository
build-and-deploy	Checkout code	2026-02-17T12:02:28.0391585Z [command]/usr/bin/git -c protocol.version=2 fetch --no-tags --prune --no-recurse-submodules --depth=1 origin +da8de45e818d7c5492090497c26dc488428c9651:refs/remotes/origin/main
build-and-deploy	Checkout code	2026-02-17T12:02:28.9448708Z From https://github.com/stanisloveme-cloud/UPGRADE
build-and-deploy	Checkout code	2026-02-17T12:02:28.9449462Z  * [new ref]         da8de45e818d7c5492090497c26dc488428c9651 -> origin/main
build-and-deploy	Checkout code	2026-02-17T12:02:28.9484070Z ##[endgroup]
build-and-deploy	Checkout code	2026-02-17T12:02:28.9484829Z ##[group]Determining the checkout info
build-and-deploy	Checkout code	2026-02-17T12:02:28.9487505Z ##[endgroup]
build-and-deploy	Checkout code	2026-02-17T12:02:28.9493006Z [command]/usr/bin/git sparse-checkout disable
build-and-deploy	Checkout code	2026-02-17T12:02:28.9537600Z [command]/usr/bin/git config --local --unset-all extensions.worktreeConfig
build-and-deploy	Checkout code	2026-02-17T12:02:28.9565584Z ##[group]Checking out the ref
build-and-deploy	Checkout code	2026-02-17T12:02:28.9570734Z [command]/usr/bin/git checkout --progress --force -B main refs/remotes/origin/main
build-and-deploy	Checkout code	2026-02-17T12:02:29.0811750Z Switched to a new branch 'main'
build-and-deploy	Checkout code	2026-02-17T12:02:29.0812428Z branch 'main' set up to track 'origin/main'.
build-and-deploy	Checkout code	2026-02-17T12:02:29.0831135Z ##[endgroup]
build-and-deploy	Checkout code	2026-02-17T12:02:29.0873680Z [command]/usr/bin/git log -1 --format=%H
build-and-deploy	Checkout code	2026-02-17T12:02:29.0899325Z da8de45e818d7c5492090497c26dc488428c9651
build-and-deploy	Log in to Docker Hub	﻿2026-02-17T12:02:29.1127517Z ##[group]Run docker/login-action@v3
build-and-deploy	Log in to Docker Hub	2026-02-17T12:02:29.1127840Z with:
build-and-deploy	Log in to Docker Hub	2026-02-17T12:02:29.1128314Z   username: ***
build-and-deploy	Log in to Docker Hub	2026-02-17T12:02:29.1128600Z   password: ***
build-and-deploy	Log in to Docker Hub	2026-02-17T12:02:29.1128819Z   logout: true
build-and-deploy	Log in to Docker Hub	2026-02-17T12:02:29.1129024Z ##[endgroup]
build-and-deploy	Log in to Docker Hub	2026-02-17T12:02:29.4384424Z Logging into docker.io...
build-and-deploy	Log in to Docker Hub	2026-02-17T12:02:29.8751243Z Login Succeeded!
build-and-deploy	Build and Push Backend	﻿2026-02-17T12:02:29.8924355Z ##[group]Run docker/build-push-action@v5
build-and-deploy	Build and Push Backend	2026-02-17T12:02:29.8924682Z with:
build-and-deploy	Build and Push Backend	2026-02-17T12:02:29.8924879Z   context: .
build-and-deploy	Build and Push Backend	2026-02-17T12:02:29.8925081Z   file: Dockerfile
build-and-deploy	Build and Push Backend	2026-02-17T12:02:29.8925295Z   push: true
build-and-deploy	Build and Push Backend	2026-02-17T12:02:29.8925558Z   tags: ***/upgrade-backend:latest
build-and-deploy	Build and Push Backend	2026-02-17T12:02:29.8925939Z   cache-from: type=registry,ref=***/upgrade-backend:buildcache
build-and-deploy	Build and Push Backend	2026-02-17T12:02:29.8926418Z   cache-to: type=registry,ref=***/upgrade-backend:buildcache,mode=max
build-and-deploy	Build and Push Backend	2026-02-17T12:02:29.8926796Z   load: false
build-and-deploy	Build and Push Backend	2026-02-17T12:02:29.8927159Z   no-cache: false
build-and-deploy	Build and Push Backend	2026-02-17T12:02:29.8927374Z   pull: false
build-and-deploy	Build and Push Backend	2026-02-17T12:02:29.8927687Z   github-token: ***
build-and-deploy	Build and Push Backend	2026-02-17T12:02:29.8927926Z ##[endgroup]
build-and-deploy	Build and Push Backend	2026-02-17T12:02:30.1201152Z ##[group]GitHub Actions runtime token ACs
build-and-deploy	Build and Push Backend	2026-02-17T12:02:30.1212990Z refs/heads/main: read/write
build-and-deploy	Build and Push Backend	2026-02-17T12:02:30.1214277Z ##[endgroup]
build-and-deploy	Build and Push Backend	2026-02-17T12:02:30.1215409Z ##[group]Docker info
build-and-deploy	Build and Push Backend	2026-02-17T12:02:30.1263841Z [command]/usr/bin/docker version
build-and-deploy	Build and Push Backend	2026-02-17T12:02:30.1486869Z Client: Docker Engine - Community
build-and-deploy	Build and Push Backend	2026-02-17T12:02:30.1487828Z  Version:           29.1.5
build-and-deploy	Build and Push Backend	2026-02-17T12:02:30.1488207Z  API version:       1.52
build-and-deploy	Build and Push Backend	2026-02-17T12:02:30.1488583Z  Go version:        go1.25.6
build-and-deploy	Build and Push Backend	2026-02-17T12:02:30.1488938Z  Git commit:        0e6fee6
build-and-deploy	Build and Push Backend	2026-02-17T12:02:30.1489309Z  Built:             Fri Jan 16 12:48:47 2026
build-and-deploy	Build and Push Backend	2026-02-17T12:02:30.1489670Z  OS/Arch:           linux/amd64
build-and-deploy	Build and Push Backend	2026-02-17T12:02:30.1490020Z  Context:           default
build-and-deploy	Build and Push Backend	2026-02-17T12:02:30.1490225Z 
build-and-deploy	Build and Push Backend	2026-02-17T12:02:30.1490377Z Server: Docker Engine - Community
build-and-deploy	Build and Push Backend	2026-02-17T12:02:30.1490743Z  Engine:
build-and-deploy	Build and Push Backend	2026-02-17T12:02:30.1491046Z   Version:          29.1.5
build-and-deploy	Build and Push Backend	2026-02-17T12:02:30.1491443Z   API version:      1.52 (minimum version 1.44)
build-and-deploy	Build and Push Backend	2026-02-17T12:02:30.1491848Z   Go version:       go1.25.6
build-and-deploy	Build and Push Backend	2026-02-17T12:02:30.1492188Z   Git commit:       3b01d64
build-and-deploy	Build and Push Backend	2026-02-17T12:02:30.1492564Z   Built:            Fri Jan 16 12:48:47 2026
build-and-deploy	Build and Push Backend	2026-02-17T12:02:30.1492955Z   OS/Arch:          linux/amd64
build-and-deploy	Build and Push Backend	2026-02-17T12:02:30.1493307Z   Experimental:     false
build-and-deploy	Build and Push Backend	2026-02-17T12:02:30.1493643Z  containerd:
build-and-deploy	Build and Push Backend	2026-02-17T12:02:30.1493945Z   Version:          v2.2.1
build-and-deploy	Build and Push Backend	2026-02-17T12:02:30.1494389Z   GitCommit:        dea7da592f5d1d2b7755e3a161be07f43fad8f75
build-and-deploy	Build and Push Backend	2026-02-17T12:02:30.1494823Z  runc:
build-and-deploy	Build and Push Backend	2026-02-17T12:02:30.1495121Z   Version:          1.3.4
build-and-deploy	Build and Push Backend	2026-02-17T12:02:30.1495465Z   GitCommit:        v1.3.4-0-gd6d73eb8
build-and-deploy	Build and Push Backend	2026-02-17T12:02:30.1495831Z  docker-init:
build-and-deploy	Build and Push Backend	2026-02-17T12:02:30.1496145Z   Version:          0.19.0
build-and-deploy	Build and Push Backend	2026-02-17T12:02:30.1496487Z   GitCommit:        de40ad0
build-and-deploy	Build and Push Backend	2026-02-17T12:02:30.1545499Z [command]/usr/bin/docker info
build-and-deploy	Build and Push Backend	2026-02-17T12:02:30.3501949Z Client: Docker Engine - Community
build-and-deploy	Build and Push Backend	2026-02-17T12:02:30.3502530Z  Version:    29.1.5
build-and-deploy	Build and Push Backend	2026-02-17T12:02:30.3502822Z  Context:    default
build-and-deploy	Build and Push Backend	2026-02-17T12:02:30.3503066Z  Debug Mode: false
build-and-deploy	Build and Push Backend	2026-02-17T12:02:30.3503278Z  Plugins:
build-and-deploy	Build and Push Backend	2026-02-17T12:02:30.3503506Z   buildx: Docker Buildx (Docker Inc.)
build-and-deploy	Build and Push Backend	2026-02-17T12:02:30.3503792Z     Version:  v0.31.1
build-and-deploy	Build and Push Backend	2026-02-17T12:02:30.3504106Z     Path:     /usr/libexec/docker/cli-plugins/docker-buildx
build-and-deploy	Build and Push Backend	2026-02-17T12:02:30.3504467Z   compose: Docker Compose (Docker Inc.)
build-and-deploy	Build and Push Backend	2026-02-17T12:02:30.3504758Z     Version:  v2.40.3
build-and-deploy	Build and Push Backend	2026-02-17T12:02:30.3505066Z     Path:     /usr/libexec/docker/cli-plugins/docker-compose
build-and-deploy	Build and Push Backend	2026-02-17T12:02:30.3505325Z 
build-and-deploy	Build and Push Backend	2026-02-17T12:02:30.3505411Z Server:
build-and-deploy	Build and Push Backend	2026-02-17T12:02:30.3505602Z  Containers: 0
build-and-deploy	Build and Push Backend	2026-02-17T12:02:30.3505809Z   Running: 0
build-and-deploy	Build and Push Backend	2026-02-17T12:02:30.3506012Z   Paused: 0
build-and-deploy	Build and Push Backend	2026-02-17T12:02:30.3506203Z   Stopped: 0
build-and-deploy	Build and Push Backend	2026-02-17T12:02:30.3506399Z  Images: 2
build-and-deploy	Build and Push Backend	2026-02-17T12:02:30.3506592Z  Server Version: 29.1.5
build-and-deploy	Build and Push Backend	2026-02-17T12:02:30.3506828Z  Storage Driver: overlayfs
build-and-deploy	Build and Push Backend	2026-02-17T12:02:30.3507484Z   driver-type: io.containerd.snapshotter.v1
build-and-deploy	Build and Push Backend	2026-02-17T12:02:30.3508151Z  Logging Driver: json-file
build-and-deploy	Build and Push Backend	2026-02-17T12:02:30.3508403Z  Cgroup Driver: systemd
build-and-deploy	Build and Push Backend	2026-02-17T12:02:30.3508626Z  Cgroup Version: 2
build-and-deploy	Build and Push Backend	2026-02-17T12:02:30.3508832Z  Plugins:
build-and-deploy	Build and Push Backend	2026-02-17T12:02:30.3509031Z   Volume: local
build-and-deploy	Build and Push Backend	2026-02-17T12:02:30.3509274Z   Network: bridge host ipvlan macvlan null overlay
build-and-deploy	Build and Push Backend	2026-02-17T12:02:30.3509691Z   Log: awslogs fluentd gcplogs gelf journald json-file local splunk syslog
build-and-deploy	Build and Push Backend	2026-02-17T12:02:30.3510356Z  CDI spec directories:
build-and-deploy	Build and Push Backend	2026-02-17T12:02:30.3510581Z   /etc/cdi
build-and-deploy	Build and Push Backend	2026-02-17T12:02:30.3510769Z   /var/run/cdi
build-and-deploy	Build and Push Backend	2026-02-17T12:02:30.3511035Z  Swarm: inactive
build-and-deploy	Build and Push Backend	2026-02-17T12:02:30.3511271Z  Runtimes: io.containerd.runc.v2 runc
build-and-deploy	Build and Push Backend	2026-02-17T12:02:30.3511560Z  Default Runtime: runc
build-and-deploy	Build and Push Backend	2026-02-17T12:02:30.3511787Z  Init Binary: docker-init
build-and-deploy	Build and Push Backend	2026-02-17T12:02:30.3512100Z  containerd version: dea7da592f5d1d2b7755e3a161be07f43fad8f75
build-and-deploy	Build and Push Backend	2026-02-17T12:02:30.3512461Z  runc version: v1.3.4-0-gd6d73eb8
build-and-deploy	Build and Push Backend	2026-02-17T12:02:30.3512742Z  init version: de40ad0
build-and-deploy	Build and Push Backend	2026-02-17T12:02:30.3512976Z  Security Options:
build-and-deploy	Build and Push Backend	2026-02-17T12:02:30.3513190Z   apparmor
build-and-deploy	Build and Push Backend	2026-02-17T12:02:30.3513373Z   seccomp
build-and-deploy	Build and Push Backend	2026-02-17T12:02:30.3513567Z    Profile: builtin
build-and-deploy	Build and Push Backend	2026-02-17T12:02:30.3513775Z   cgroupns
build-and-deploy	Build and Push Backend	2026-02-17T12:02:30.3513973Z  Kernel Version: 6.14.0-1017-azure
build-and-deploy	Build and Push Backend	2026-02-17T12:02:30.3514543Z  Operating System: Ubuntu 24.04.3 LTS
build-and-deploy	Build and Push Backend	2026-02-17T12:02:30.3515034Z  OSType: linux
build-and-deploy	Build and Push Backend	2026-02-17T12:02:30.3515554Z  Architecture: x86_64
build-and-deploy	Build and Push Backend	2026-02-17T12:02:30.3515985Z  CPUs: 4
build-and-deploy	Build and Push Backend	2026-02-17T12:02:30.3516340Z  Total Memory: 15.62GiB
build-and-deploy	Build and Push Backend	2026-02-17T12:02:30.3516767Z  Name: runnervmjduv7
build-and-deploy	Build and Push Backend	2026-02-17T12:02:30.3517744Z  ID: 169aa517-19ec-4d49-bd61-4bb79f5886f6
build-and-deploy	Build and Push Backend	2026-02-17T12:02:30.3518287Z  Docker Root Dir: /var/lib/docker
build-and-deploy	Build and Push Backend	2026-02-17T12:02:30.3518743Z  Debug Mode: false
build-and-deploy	Build and Push Backend	2026-02-17T12:02:30.3519253Z  Username: ***
build-and-deploy	Build and Push Backend	2026-02-17T12:02:30.3519617Z  Experimental: false
build-and-deploy	Build and Push Backend	2026-02-17T12:02:30.3520042Z  Insecure Registries:
build-and-deploy	Build and Push Backend	2026-02-17T12:02:30.3526756Z   ::1/128
build-and-deploy	Build and Push Backend	2026-02-17T12:02:30.3527329Z   127.0.0.0/8
build-and-deploy	Build and Push Backend	2026-02-17T12:02:30.3527731Z  Live Restore Enabled: false
build-and-deploy	Build and Push Backend	2026-02-17T12:02:30.3528238Z  Firewall Backend: iptables
build-and-deploy	Build and Push Backend	2026-02-17T12:02:30.3528541Z 
build-and-deploy	Build and Push Backend	2026-02-17T12:02:30.3529172Z ##[endgroup]
build-and-deploy	Build and Push Backend	2026-02-17T12:02:30.3529942Z ##[group]Proxy configuration
build-and-deploy	Build and Push Backend	2026-02-17T12:02:30.3530420Z No proxy configuration found
build-and-deploy	Build and Push Backend	2026-02-17T12:02:30.3531182Z ##[endgroup]
build-and-deploy	Build and Push Backend	2026-02-17T12:02:30.4205784Z ##[group]Buildx version
build-and-deploy	Build and Push Backend	2026-02-17T12:02:30.4228915Z [command]/usr/bin/docker buildx version
build-and-deploy	Build and Push Backend	2026-02-17T12:02:30.4844558Z github.com/docker/buildx v0.31.1 a2675950d46b2cb171b23c2015ca44fb88607531
build-and-deploy	Build and Push Backend	2026-02-17T12:02:30.4881964Z ##[endgroup]
build-and-deploy	Build and Push Backend	2026-02-17T12:02:30.4882758Z ##[group]Builder info
build-and-deploy	Build and Push Backend	2026-02-17T12:02:30.5608443Z {
build-and-deploy	Build and Push Backend	2026-02-17T12:02:30.5608911Z   "nodes": [
build-and-deploy	Build and Push Backend	2026-02-17T12:02:30.5609301Z     {
build-and-deploy	Build and Push Backend	2026-02-17T12:02:30.5609670Z       "name": "default",
build-and-deploy	Build and Push Backend	2026-02-17T12:02:30.5610128Z       "endpoint": "default",
build-and-deploy	Build and Push Backend	2026-02-17T12:02:30.5610593Z       "status": "running",
build-and-deploy	Build and Push Backend	2026-02-17T12:02:30.5611027Z       "buildkit": "v0.26.3",
build-and-deploy	Build and Push Backend	2026-02-17T12:02:30.5611613Z       "platforms": "linux/amd64,linux/amd64/v2,linux/amd64/v3",
build-and-deploy	Build and Push Backend	2026-02-17T12:02:30.5612282Z       "features": {
build-and-deploy	Build and Push Backend	2026-02-17T12:02:30.5612888Z         "Automatically load images to the Docker Engine image store": true,
build-and-deploy	Build and Push Backend	2026-02-17T12:02:30.5613549Z         "Cache export": true,
build-and-deploy	Build and Push Backend	2026-02-17T12:02:30.5614013Z         "Direct push": true,
build-and-deploy	Build and Push Backend	2026-02-17T12:02:30.5614459Z         "Docker exporter": true,
build-and-deploy	Build and Push Backend	2026-02-17T12:02:30.5614949Z         "Multi-platform build": true,
build-and-deploy	Build and Push Backend	2026-02-17T12:02:30.5615471Z         "OCI exporter": true
build-and-deploy	Build and Push Backend	2026-02-17T12:02:30.5615894Z       },
build-and-deploy	Build and Push Backend	2026-02-17T12:02:30.5616229Z       "labels": {
build-and-deploy	Build and Push Backend	2026-02-17T12:02:30.5616862Z         "org.mobyproject.buildkit.worker.apparmor.profile": "docker-default",
build-and-deploy	Build and Push Backend	2026-02-17T12:02:30.5617986Z         "org.mobyproject.buildkit.worker.containerd.namespace": "moby",
build-and-deploy	Build and Push Backend	2026-02-17T12:02:30.5619091Z         "org.mobyproject.buildkit.worker.containerd.uuid": "1d24cf55-4f30-453a-b931-c9265de8620e",
build-and-deploy	Build and Push Backend	2026-02-17T12:02:30.5620138Z         "org.mobyproject.buildkit.worker.executor": "containerd",
build-and-deploy	Build and Push Backend	2026-02-17T12:02:30.5620989Z         "org.mobyproject.buildkit.worker.hostname": "runnervmjduv7",
build-and-deploy	Build and Push Backend	2026-02-17T12:02:30.5622172Z         "org.mobyproject.buildkit.worker.moby.host-gateway-ip": "172.17.0.1",
build-and-deploy	Build and Push Backend	2026-02-17T12:02:30.5623025Z         "org.mobyproject.buildkit.worker.network": "host",
build-and-deploy	Build and Push Backend	2026-02-17T12:02:30.5623799Z         "org.mobyproject.buildkit.worker.selinux.enabled": "false",
build-and-deploy	Build and Push Backend	2026-02-17T12:02:30.5624642Z         "org.mobyproject.buildkit.worker.snapshotter": "overlayfs"
build-and-deploy	Build and Push Backend	2026-02-17T12:02:30.5625640Z       },
build-and-deploy	Build and Push Backend	2026-02-17T12:02:30.5625999Z       "gcPolicy": [
build-and-deploy	Build and Push Backend	2026-02-17T12:02:30.5626380Z         {
build-and-deploy	Build and Push Backend	2026-02-17T12:02:30.5626740Z           "all": false,
build-and-deploy	Build and Push Backend	2026-02-17T12:02:30.5628021Z           "filter": [
build-and-deploy	Build and Push Backend	2026-02-17T12:02:30.5649044Z             "type==source.local",
build-and-deploy	Build and Push Backend	2026-02-17T12:02:30.5649545Z             "type==exec.cachemount",
build-and-deploy	Build and Push Backend	2026-02-17T12:02:30.5650074Z             "type==source.git.checkout"
build-and-deploy	Build and Push Backend	2026-02-17T12:02:30.5650562Z           ],
build-and-deploy	Build and Push Backend	2026-02-17T12:02:30.5650941Z           "keepDuration": "48h0m0s"
build-and-deploy	Build and Push Backend	2026-02-17T12:02:30.5651449Z         },
build-and-deploy	Build and Push Backend	2026-02-17T12:02:30.5651815Z         {
build-and-deploy	Build and Push Backend	2026-02-17T12:02:30.5652164Z           "all": false,
build-and-deploy	Build and Push Backend	2026-02-17T12:02:30.5652632Z           "keepDuration": "1440h0m0s"
build-and-deploy	Build and Push Backend	2026-02-17T12:02:30.5653111Z         },
build-and-deploy	Build and Push Backend	2026-02-17T12:02:30.5653453Z         {
build-and-deploy	Build and Push Backend	2026-02-17T12:02:30.5653807Z           "all": false
build-and-deploy	Build and Push Backend	2026-02-17T12:02:30.5654182Z         },
build-and-deploy	Build and Push Backend	2026-02-17T12:02:30.5654516Z         {
build-and-deploy	Build and Push Backend	2026-02-17T12:02:30.5654855Z           "all": true
build-and-deploy	Build and Push Backend	2026-02-17T12:02:30.5655234Z         }
build-and-deploy	Build and Push Backend	2026-02-17T12:02:30.5655565Z       ]
build-and-deploy	Build and Push Backend	2026-02-17T12:02:30.5655905Z     }
build-and-deploy	Build and Push Backend	2026-02-17T12:02:30.5656244Z   ],
build-and-deploy	Build and Push Backend	2026-02-17T12:02:30.5656614Z   "name": "default",
build-and-deploy	Build and Push Backend	2026-02-17T12:02:30.5657210Z   "driver": "docker",
build-and-deploy	Build and Push Backend	2026-02-17T12:02:30.5657686Z   "lastActivity": "2026-02-17T12:02:24.000Z"
build-and-deploy	Build and Push Backend	2026-02-17T12:02:30.5658219Z }
build-and-deploy	Build and Push Backend	2026-02-17T12:02:30.5659103Z ##[endgroup]
build-and-deploy	Build and Push Backend	2026-02-17T12:02:30.7106465Z [command]/usr/bin/docker buildx build --cache-from type=registry,ref=***/upgrade-backend:buildcache --cache-to type=registry,ref=***/upgrade-backend:buildcache,mode=max --file Dockerfile --iidfile /home/runner/work/_temp/docker-actions-toolkit-kot2H7/build-iidfile-6cb8d6812f.txt --tag ***/upgrade-backend:latest --metadata-file /home/runner/work/_temp/docker-actions-toolkit-kot2H7/build-metadata-3873a889d1.json --push .
build-and-deploy	Build and Push Backend	2026-02-17T12:02:30.9587613Z #0 building with "default" instance using docker driver
build-and-deploy	Build and Push Backend	2026-02-17T12:02:30.9588129Z 
build-and-deploy	Build and Push Backend	2026-02-17T12:02:30.9588381Z #1 [internal] load build definition from Dockerfile
build-and-deploy	Build and Push Backend	2026-02-17T12:02:30.9589003Z #1 transferring dockerfile: 413B done
build-and-deploy	Build and Push Backend	2026-02-17T12:02:30.9589470Z #1 DONE 0.0s
build-and-deploy	Build and Push Backend	2026-02-17T12:02:30.9589676Z 
build-and-deploy	Build and Push Backend	2026-02-17T12:02:30.9589954Z #2 [auth] library/node:pull token for registry-1.docker.io
build-and-deploy	Build and Push Backend	2026-02-17T12:02:31.1096825Z #2 DONE 0.0s
build-and-deploy	Build and Push Backend	2026-02-17T12:02:31.1097410Z 
build-and-deploy	Build and Push Backend	2026-02-17T12:02:31.1097655Z #3 [internal] load metadata for docker.io/library/node:20-alpine
build-and-deploy	Build and Push Backend	2026-02-17T12:02:31.7194809Z #3 DONE 0.9s
build-and-deploy	Build and Push Backend	2026-02-17T12:02:31.8631200Z 
build-and-deploy	Build and Push Backend	2026-02-17T12:02:31.8631803Z #4 [internal] load .dockerignore
build-and-deploy	Build and Push Backend	2026-02-17T12:02:31.8632389Z #4 transferring context: 91B done
build-and-deploy	Build and Push Backend	2026-02-17T12:02:31.8632879Z #4 DONE 0.0s
build-and-deploy	Build and Push Backend	2026-02-17T12:02:31.8633086Z 
build-and-deploy	Build and Push Backend	2026-02-17T12:02:31.8633263Z #5 [internal] load build context
build-and-deploy	Build and Push Backend	2026-02-17T12:02:31.8633597Z #5 DONE 0.0s
build-and-deploy	Build and Push Backend	2026-02-17T12:02:31.8633729Z 
build-and-deploy	Build and Push Backend	2026-02-17T12:02:31.8634106Z #6 [ 1/10] FROM docker.io/library/node:20-alpine@sha256:09e2b3d9726018aecf269bd35325f46bf75046a643a66d28360ec71132750ec8
build-and-deploy	Build and Push Backend	2026-02-17T12:02:31.8634988Z #6 resolve docker.io/library/node:20-alpine@sha256:09e2b3d9726018aecf269bd35325f46bf75046a643a66d28360ec71132750ec8 0.0s done
build-and-deploy	Build and Push Backend	2026-02-17T12:02:31.8635570Z #6 DONE 0.0s
build-and-deploy	Build and Push Backend	2026-02-17T12:02:31.8635693Z 
build-and-deploy	Build and Push Backend	2026-02-17T12:02:31.8636183Z #7 [auth] ***/upgrade-backend:pull token for registry-1.docker.io
build-and-deploy	Build and Push Backend	2026-02-17T12:02:32.0133750Z #7 DONE 0.0s
build-and-deploy	Build and Push Backend	2026-02-17T12:02:32.0134095Z 
build-and-deploy	Build and Push Backend	2026-02-17T12:02:32.0134745Z #8 importing cache manifest from ***/upgrade-backend:buildcache
build-and-deploy	Build and Push Backend	2026-02-17T12:02:32.1609548Z #8 inferred cache manifest type: application/vnd.oci.image.manifest.v1+json done
build-and-deploy	Build and Push Backend	2026-02-17T12:02:32.4639544Z #8 DONE 0.7s
build-and-deploy	Build and Push Backend	2026-02-17T12:02:32.5904179Z 
build-and-deploy	Build and Push Backend	2026-02-17T12:02:32.5905224Z #5 [internal] load build context
build-and-deploy	Build and Push Backend	2026-02-17T12:02:32.5905812Z #5 transferring context: 1.13MB 0.0s done
build-and-deploy	Build and Push Backend	2026-02-17T12:02:32.5906270Z #5 DONE 0.0s
build-and-deploy	Build and Push Backend	2026-02-17T12:02:32.5906411Z 
build-and-deploy	Build and Push Backend	2026-02-17T12:02:32.5906499Z #9 [ 4/10] RUN npm ci
build-and-deploy	Build and Push Backend	2026-02-17T12:02:32.5906799Z #9 CACHED
build-and-deploy	Build and Push Backend	2026-02-17T12:02:32.5907189Z 
build-and-deploy	Build and Push Backend	2026-02-17T12:02:32.5907434Z #10 [ 5/10] COPY client/package*.json client/
build-and-deploy	Build and Push Backend	2026-02-17T12:02:32.5908281Z #10 CACHED
build-and-deploy	Build and Push Backend	2026-02-17T12:02:32.5908490Z 
build-and-deploy	Build and Push Backend	2026-02-17T12:02:32.5908660Z #11 [ 2/10] WORKDIR /app
build-and-deploy	Build and Push Backend	2026-02-17T12:02:32.5909081Z #11 CACHED
build-and-deploy	Build and Push Backend	2026-02-17T12:02:32.5909316Z 
build-and-deploy	Build and Push Backend	2026-02-17T12:02:32.5909529Z #12 [ 3/10] COPY package*.json ./
build-and-deploy	Build and Push Backend	2026-02-17T12:02:32.5909994Z #12 CACHED
build-and-deploy	Build and Push Backend	2026-02-17T12:02:32.5910202Z 
build-and-deploy	Build and Push Backend	2026-02-17T12:02:32.5910379Z #13 [ 6/10] RUN cd client && npm ci
build-and-deploy	Build and Push Backend	2026-02-17T12:02:32.5910843Z #13 CACHED
build-and-deploy	Build and Push Backend	2026-02-17T12:02:32.7425566Z 
build-and-deploy	Build and Push Backend	2026-02-17T12:02:32.7426294Z #13 [ 6/10] RUN cd client && npm ci
build-and-deploy	Build and Push Backend	2026-02-17T12:02:32.7482526Z #13 sha256:3b90b08620d5de0b966f966b3d2fd23b2bffda870be744b9295ed8f51f1a3e2d 0B / 81.15MB 0.2s
build-and-deploy	Build and Push Backend	2026-02-17T12:02:32.8539537Z #13 sha256:5285ab334e591a78b0cc476abe611b06e3adc45a41c8731ca721c4744455cd24 43.72kB / 43.72kB 0.2s done
build-and-deploy	Build and Push Backend	2026-02-17T12:02:32.8541003Z #13 sha256:7484bed79808a7c51825340b60074147a3eb9dce2fa3c88c746b283272edc679 0B / 231.20MB 0.2s
build-and-deploy	Build and Push Backend	2026-02-17T12:02:32.8542064Z #13 sha256:fbb15fc6ab406b9b3c3c490c9f82208de8c43a3c4212d69ce490c359db3a97e0 100.72kB / 100.72kB 0.3s done
build-and-deploy	Build and Push Backend	2026-02-17T12:02:33.0467786Z #13 sha256:3b90b08620d5de0b966f966b3d2fd23b2bffda870be744b9295ed8f51f1a3e2d 26.21MB / 81.15MB 0.3s
build-and-deploy	Build and Push Backend	2026-02-17T12:02:33.0469739Z #13 sha256:1b100f0c4d8d2f5b76484f9e31ed3f6b5764e9a7fbe538e9f38057541b03d6e1 93B / 93B 0.1s done
build-and-deploy	Build and Push Backend	2026-02-17T12:02:33.0470455Z #13 sha256:e31b2016552274339ed88ed4a438d78bf37e0f6bdf328d02207b2a598c1ef86d 445B / 445B 0.1s done
build-and-deploy	Build and Push Backend	2026-02-17T12:02:33.0471135Z #13 sha256:eb87f4721c91769ed5206f34a9ab6ec98fc1d5235c12c2fc956665b1155e9ecb 1.26MB / 1.26MB 0.1s done
build-and-deploy	Build and Push Backend	2026-02-17T12:02:33.1918307Z #13 sha256:3b90b08620d5de0b966f966b3d2fd23b2bffda870be744b9295ed8f51f1a3e2d 55.57MB / 81.15MB 0.5s
build-and-deploy	Build and Push Backend	2026-02-17T12:02:33.1921345Z #13 sha256:7484bed79808a7c51825340b60074147a3eb9dce2fa3c88c746b283272edc679 23.07MB / 231.20MB 0.5s
build-and-deploy	Build and Push Backend	2026-02-17T12:02:33.1922611Z #13 sha256:ad6d96c196e3198e14ea37df8bba4f54bf92fb525eb65e49fa4027c7dee13f80 1.05MB / 42.78MB 0.2s
build-and-deploy	Build and Push Backend	2026-02-17T12:02:33.1923892Z #13 sha256:589002ba0eaed121a1dbf42f6648f29e5be55d5c8a6ee0f8eaa0285cc21ac153 3.86MB / 3.86MB 0.1s done
build-and-deploy	Build and Push Backend	2026-02-17T12:02:33.3507803Z #13 sha256:3b90b08620d5de0b966f966b3d2fd23b2bffda870be744b9295ed8f51f1a3e2d 81.15MB / 81.15MB 0.7s done
build-and-deploy	Build and Push Backend	2026-02-17T12:02:33.3527377Z #13 sha256:7484bed79808a7c51825340b60074147a3eb9dce2fa3c88c746b283272edc679 64.37MB / 231.20MB 0.8s
build-and-deploy	Build and Push Backend	2026-02-17T12:02:33.3530632Z #13 sha256:ad6d96c196e3198e14ea37df8bba4f54bf92fb525eb65e49fa4027c7dee13f80 20.97MB / 42.78MB 0.3s
build-and-deploy	Build and Push Backend	2026-02-17T12:02:33.3531901Z #13 extracting sha256:589002ba0eaed121a1dbf42f6648f29e5be55d5c8a6ee0f8eaa0285cc21ac153
build-and-deploy	Build and Push Backend	2026-02-17T12:02:33.5005657Z #13 sha256:7484bed79808a7c51825340b60074147a3eb9dce2fa3c88c746b283272edc679 93.32MB / 231.20MB 0.9s
build-and-deploy	Build and Push Backend	2026-02-17T12:02:33.5007915Z #13 sha256:ad6d96c196e3198e14ea37df8bba4f54bf92fb525eb65e49fa4027c7dee13f80 42.78MB / 42.78MB 0.4s done
build-and-deploy	Build and Push Backend	2026-02-17T12:02:33.5011925Z #13 extracting sha256:589002ba0eaed121a1dbf42f6648f29e5be55d5c8a6ee0f8eaa0285cc21ac153 0.2s done
build-and-deploy	Build and Push Backend	2026-02-17T12:02:33.5014631Z #13 extracting sha256:ad6d96c196e3198e14ea37df8bba4f54bf92fb525eb65e49fa4027c7dee13f80
build-and-deploy	Build and Push Backend	2026-02-17T12:02:33.6501809Z #13 sha256:7484bed79808a7c51825340b60074147a3eb9dce2fa3c88c746b283272edc679 119.54MB / 231.20MB 1.1s
build-and-deploy	Build and Push Backend	2026-02-17T12:02:33.8049841Z #13 sha256:7484bed79808a7c51825340b60074147a3eb9dce2fa3c88c746b283272edc679 149.95MB / 231.20MB 1.2s
build-and-deploy	Build and Push Backend	2026-02-17T12:02:33.9503585Z #13 sha256:7484bed79808a7c51825340b60074147a3eb9dce2fa3c88c746b283272edc679 179.31MB / 231.20MB 1.4s
build-and-deploy	Build and Push Backend	2026-02-17T12:02:34.1009764Z #13 sha256:7484bed79808a7c51825340b60074147a3eb9dce2fa3c88c746b283272edc679 205.82MB / 231.20MB 1.5s
build-and-deploy	Build and Push Backend	2026-02-17T12:02:34.2506531Z #13 sha256:7484bed79808a7c51825340b60074147a3eb9dce2fa3c88c746b283272edc679 231.20MB / 231.20MB 1.7s
build-and-deploy	Build and Push Backend	2026-02-17T12:02:34.5111007Z #13 sha256:7484bed79808a7c51825340b60074147a3eb9dce2fa3c88c746b283272edc679 231.20MB / 231.20MB 1.9s done
build-and-deploy	Build and Push Backend	2026-02-17T12:02:34.7549116Z #13 extracting sha256:ad6d96c196e3198e14ea37df8bba4f54bf92fb525eb65e49fa4027c7dee13f80 1.2s done
build-and-deploy	Build and Push Backend	2026-02-17T12:02:34.7549897Z #13 extracting sha256:eb87f4721c91769ed5206f34a9ab6ec98fc1d5235c12c2fc956665b1155e9ecb 0.0s done
build-and-deploy	Build and Push Backend	2026-02-17T12:02:34.7551103Z #13 extracting sha256:e31b2016552274339ed88ed4a438d78bf37e0f6bdf328d02207b2a598c1ef86d done
build-and-deploy	Build and Push Backend	2026-02-17T12:02:34.7552014Z #13 extracting sha256:1b100f0c4d8d2f5b76484f9e31ed3f6b5764e9a7fbe538e9f38057541b03d6e1 done
build-and-deploy	Build and Push Backend	2026-02-17T12:02:34.7552907Z #13 extracting sha256:fbb15fc6ab406b9b3c3c490c9f82208de8c43a3c4212d69ce490c359db3a97e0 done
build-and-deploy	Build and Push Backend	2026-02-17T12:02:34.7553592Z #13 extracting sha256:7484bed79808a7c51825340b60074147a3eb9dce2fa3c88c746b283272edc679
build-and-deploy	Build and Push Backend	2026-02-17T12:02:42.7963059Z #13 extracting sha256:7484bed79808a7c51825340b60074147a3eb9dce2fa3c88c746b283272edc679 8.2s done
build-and-deploy	Build and Push Backend	2026-02-17T12:02:42.7964027Z #13 DONE 10.3s
build-and-deploy	Build and Push Backend	2026-02-17T12:02:42.9534436Z 
build-and-deploy	Build and Push Backend	2026-02-17T12:02:42.9534940Z #13 [ 6/10] RUN cd client && npm ci
build-and-deploy	Build and Push Backend	2026-02-17T12:02:42.9535660Z #13 extracting sha256:5285ab334e591a78b0cc476abe611b06e3adc45a41c8731ca721c4744455cd24 done
build-and-deploy	Build and Push Backend	2026-02-17T12:02:42.9536808Z #13 extracting sha256:3b90b08620d5de0b966f966b3d2fd23b2bffda870be744b9295ed8f51f1a3e2d
build-and-deploy	Build and Push Backend	2026-02-17T12:02:52.6289986Z #13 extracting sha256:3b90b08620d5de0b966f966b3d2fd23b2bffda870be744b9295ed8f51f1a3e2d 9.8s done
build-and-deploy	Build and Push Backend	2026-02-17T12:02:52.6290952Z #13 DONE 20.1s
build-and-deploy	Build and Push Backend	2026-02-17T12:02:52.7797875Z 
build-and-deploy	Build and Push Backend	2026-02-17T12:02:52.7798285Z #14 [ 7/10] COPY . .
build-and-deploy	Build and Push Backend	2026-02-17T12:02:55.9078465Z #14 DONE 3.3s
build-and-deploy	Build and Push Backend	2026-02-17T12:02:56.0594451Z 
build-and-deploy	Build and Push Backend	2026-02-17T12:02:56.0595219Z #15 [ 8/10] RUN cd client && npm run build
build-and-deploy	Build and Push Backend	2026-02-17T12:02:56.2021104Z #15 0.293 
build-and-deploy	Build and Push Backend	2026-02-17T12:02:56.2021632Z #15 0.293 > client@0.0.0 build
build-and-deploy	Build and Push Backend	2026-02-17T12:02:56.2022027Z #15 0.293 > tsc -b && vite build
build-and-deploy	Build and Push Backend	2026-02-17T12:02:56.2022464Z #15 0.293 
build-and-deploy	Build and Push Backend	2026-02-17T12:03:01.5368497Z #15 5.628 vite v7.3.1 building client environment for production...
build-and-deploy	Build and Push Backend	2026-02-17T12:03:01.7514123Z #15 5.692 transforming...
build-and-deploy	Build and Push Backend	2026-02-17T12:03:17.6260845Z #15 21.72 ✓ 9941 modules transformed.
build-and-deploy	Build and Push Backend	2026-02-17T12:03:18.8724268Z #15 22.96 rendering chunks...
build-and-deploy	Build and Push Backend	2026-02-17T12:03:19.1026460Z #15 22.99 computing gzip size...
build-and-deploy	Build and Push Backend	2026-02-17T12:03:19.1028014Z #15 23.04 dist/index.html                     0.45 kB │ gzip:   0.29 kB
build-and-deploy	Build and Push Backend	2026-02-17T12:03:19.1028959Z #15 23.04 dist/assets/index-CvivjFEo.css      1.19 kB │ gzip:   0.57 kB
build-and-deploy	Build and Push Backend	2026-02-17T12:03:19.1029831Z #15 23.04 dist/assets/index-DAkxJcHi.js   1,976.16 kB │ gzip: 630.37 kB
build-and-deploy	Build and Push Backend	2026-02-17T12:03:19.1030425Z #15 23.04 
build-and-deploy	Build and Push Backend	2026-02-17T12:03:19.1030916Z #15 23.04 (!) Some chunks are larger than 500 kB after minification. Consider:
build-and-deploy	Build and Push Backend	2026-02-17T12:03:19.1031628Z #15 23.04 - Using dynamic import() to code-split the application
build-and-deploy	Build and Push Backend	2026-02-17T12:03:19.1032835Z #15 23.04 - Use build.rollupOptions.output.manualChunks to improve chunking: https://rollupjs.org/configuration-options/#output-manualchunks
build-and-deploy	Build and Push Backend	2026-02-17T12:03:19.1034126Z #15 23.04 - Adjust chunk size limit for this warning via build.chunkSizeWarningLimit.
build-and-deploy	Build and Push Backend	2026-02-17T12:03:19.1034954Z #15 23.04 ✓ built in 17.39s
build-and-deploy	Build and Push Backend	2026-02-17T12:03:19.1632742Z #15 DONE 23.3s
build-and-deploy	Build and Push Backend	2026-02-17T12:03:19.3149884Z 
build-and-deploy	Build and Push Backend	2026-02-17T12:03:19.3150548Z #16 [ 9/10] RUN npx prisma generate
build-and-deploy	Build and Push Backend	2026-02-17T12:03:20.9293398Z #16 1.765 Loaded Prisma config from prisma.config.ts.
build-and-deploy	Build and Push Backend	2026-02-17T12:03:20.9294200Z #16 1.765 
build-and-deploy	Build and Push Backend	2026-02-17T12:03:21.0616558Z #16 1.897 Prisma schema loaded from prisma/schema.prisma.
build-and-deploy	Build and Push Backend	2026-02-17T12:03:21.4766645Z #16 2.312 
build-and-deploy	Build and Push Backend	2026-02-17T12:03:21.4768106Z #16 2.312 ✔ Generated Prisma Client (v7.4.0) to ./node_modules/@prisma/client in 243ms
build-and-deploy	Build and Push Backend	2026-02-17T12:03:21.4768889Z #16 2.312 
build-and-deploy	Build and Push Backend	2026-02-17T12:03:21.4769572Z #16 2.312 Start by importing your Prisma Client (See: https://pris.ly/d/importing-client)
build-and-deploy	Build and Push Backend	2026-02-17T12:03:21.4770358Z #16 2.312 
build-and-deploy	Build and Push Backend	2026-02-17T12:03:21.4770678Z #16 2.312 
build-and-deploy	Build and Push Backend	2026-02-17T12:03:21.6875259Z #16 DONE 2.4s
build-and-deploy	Build and Push Backend	2026-02-17T12:03:21.6875608Z 
build-and-deploy	Build and Push Backend	2026-02-17T12:03:21.6875778Z #17 [10/10] RUN npm run build
build-and-deploy	Build and Push Backend	2026-02-17T12:03:21.8124132Z #17 0.275 
build-and-deploy	Build and Push Backend	2026-02-17T12:03:21.8124626Z #17 0.275 > upgrade-crm@0.0.1 build
build-and-deploy	Build and Push Backend	2026-02-17T12:03:21.8124965Z #17 0.275 > nest build
build-and-deploy	Build and Push Backend	2026-02-17T12:03:21.8125342Z #17 0.275 
build-and-deploy	Build and Push Backend	2026-02-17T12:03:26.6513304Z #17 DONE 5.1s
build-and-deploy	Build and Push Backend	2026-02-17T12:03:26.8036818Z 
build-and-deploy	Build and Push Backend	2026-02-17T12:03:26.8037540Z #18 exporting to image
build-and-deploy	Build and Push Backend	2026-02-17T12:03:26.8040018Z #18 exporting layers
build-and-deploy	Build and Push Backend	2026-02-17T12:03:27.0376423Z #18 exporting layers 0.4s done
build-and-deploy	Build and Push Backend	2026-02-17T12:03:27.2046330Z #18 exporting manifest sha256:829024cf0c40ae177607ce5e934169afb92ea42128ac066799585e4bff952b0f done
build-and-deploy	Build and Push Backend	2026-02-17T12:03:27.2047859Z #18 exporting config sha256:354fd857abd2d545a7411c5adeb2882f8c51ac127bbfc1c806f0d17db9c5f5b7 done
build-and-deploy	Build and Push Backend	2026-02-17T12:03:27.2049037Z #18 exporting attestation manifest sha256:986b84e548d648968e4da344a74eb8d801554bbdeea2e26e30e12d790b002eb9 done
build-and-deploy	Build and Push Backend	2026-02-17T12:03:27.2050310Z #18 exporting manifest list sha256:77838ae902bc0a0179e807cc5756d9dbebfcb6a7f386cdf8576cabe50a453b7d done
build-and-deploy	Build and Push Backend	2026-02-17T12:03:27.2051427Z #18 naming to docker.io/***/upgrade-backend:latest done
build-and-deploy	Build and Push Backend	2026-02-17T12:03:27.2051996Z #18 pushing layers
build-and-deploy	Build and Push Backend	2026-02-17T12:03:27.3547440Z #18 ...
build-and-deploy	Build and Push Backend	2026-02-17T12:03:27.3547718Z 
build-and-deploy	Build and Push Backend	2026-02-17T12:03:27.3548179Z #19 [auth] ***/upgrade-backend:pull,push token for registry-1.docker.io
build-and-deploy	Build and Push Backend	2026-02-17T12:03:27.3548601Z #19 DONE 0.0s
build-and-deploy	Build and Push Backend	2026-02-17T12:03:27.5050002Z 
build-and-deploy	Build and Push Backend	2026-02-17T12:03:27.5050233Z #18 exporting to image
build-and-deploy	Build and Push Backend	2026-02-17T12:03:29.3666326Z #18 pushing layers 2.3s done
build-and-deploy	Build and Push Backend	2026-02-17T12:03:29.3667494Z #18 pushing manifest for docker.io/***/upgrade-backend:latest@sha256:77838ae902bc0a0179e807cc5756d9dbebfcb6a7f386cdf8576cabe50a453b7d
build-and-deploy	Build and Push Backend	2026-02-17T12:03:32.0220174Z #18 pushing manifest for docker.io/***/upgrade-backend:latest@sha256:77838ae902bc0a0179e807cc5756d9dbebfcb6a7f386cdf8576cabe50a453b7d 2.7s done
build-and-deploy	Build and Push Backend	2026-02-17T12:03:32.1929846Z #18 DONE 5.4s
build-and-deploy	Build and Push Backend	2026-02-17T12:03:32.1930168Z 
build-and-deploy	Build and Push Backend	2026-02-17T12:03:32.1930369Z #20 exporting cache to registry
build-and-deploy	Build and Push Backend	2026-02-17T12:03:32.1930868Z #20 preparing build cache for export
build-and-deploy	Build and Push Backend	2026-02-17T12:03:32.2231401Z #20 writing layer sha256:0bd5bc8e8afae0873635a671cbbcd3cdfe5488ee5e059616b61756bed37cf942
build-and-deploy	Build and Push Backend	2026-02-17T12:03:32.3665480Z #20 writing layer sha256:0bd5bc8e8afae0873635a671cbbcd3cdfe5488ee5e059616b61756bed37cf942 0.0s done
build-and-deploy	Build and Push Backend	2026-02-17T12:03:32.3666862Z #20 writing layer sha256:1b100f0c4d8d2f5b76484f9e31ed3f6b5764e9a7fbe538e9f38057541b03d6e1 0.1s done
build-and-deploy	Build and Push Backend	2026-02-17T12:03:32.3668028Z #20 writing layer sha256:3b90b08620d5de0b966f966b3d2fd23b2bffda870be744b9295ed8f51f1a3e2d 0.0s done
build-and-deploy	Build and Push Backend	2026-02-17T12:03:32.3668914Z #20 writing layer sha256:5285ab334e591a78b0cc476abe611b06e3adc45a41c8731ca721c4744455cd24
build-and-deploy	Build and Push Backend	2026-02-17T12:03:32.5087950Z #20 writing layer sha256:5285ab334e591a78b0cc476abe611b06e3adc45a41c8731ca721c4744455cd24 0.0s done
build-and-deploy	Build and Push Backend	2026-02-17T12:03:32.5088965Z #20 writing layer sha256:589002ba0eaed121a1dbf42f6648f29e5be55d5c8a6ee0f8eaa0285cc21ac153 0.0s done
build-and-deploy	Build and Push Backend	2026-02-17T12:03:32.5089887Z #20 writing layer sha256:6f9847cce003ef8afa9c0c5e44379ca53a7c00834015e0ce2c89888723040572 0.0s done
build-and-deploy	Build and Push Backend	2026-02-17T12:03:32.5090767Z #20 writing layer sha256:7484bed79808a7c51825340b60074147a3eb9dce2fa3c88c746b283272edc679
build-and-deploy	Build and Push Backend	2026-02-17T12:03:32.6096731Z #20 writing layer sha256:7484bed79808a7c51825340b60074147a3eb9dce2fa3c88c746b283272edc679 0.0s done
build-and-deploy	Build and Push Backend	2026-02-17T12:03:32.6098036Z #20 writing layer sha256:ad6d96c196e3198e14ea37df8bba4f54bf92fb525eb65e49fa4027c7dee13f80 0.1s done
build-and-deploy	Build and Push Backend	2026-02-17T12:03:32.6099056Z #20 writing layer sha256:de19851c00e1b57b95efce0169a5f0a7d30bd27d0ccf5a7eb8fbe1f850694a98
build-and-deploy	Build and Push Backend	2026-02-17T12:03:32.7102985Z #20 writing layer sha256:de19851c00e1b57b95efce0169a5f0a7d30bd27d0ccf5a7eb8fbe1f850694a98 0.1s done
build-and-deploy	Build and Push Backend	2026-02-17T12:03:32.7103983Z #20 writing layer sha256:e31b2016552274339ed88ed4a438d78bf37e0f6bdf328d02207b2a598c1ef86d 0.0s done
build-and-deploy	Build and Push Backend	2026-02-17T12:03:32.7104844Z #20 writing layer sha256:eb87f4721c91769ed5206f34a9ab6ec98fc1d5235c12c2fc956665b1155e9ecb
build-and-deploy	Build and Push Backend	2026-02-17T12:03:32.8557272Z #20 writing layer sha256:eb87f4721c91769ed5206f34a9ab6ec98fc1d5235c12c2fc956665b1155e9ecb 0.0s done
build-and-deploy	Build and Push Backend	2026-02-17T12:03:32.8558664Z #20 writing layer sha256:fbb15fc6ab406b9b3c3c490c9f82208de8c43a3c4212d69ce490c359db3a97e0 0.0s done
build-and-deploy	Build and Push Backend	2026-02-17T12:03:32.8559811Z #20 writing layer sha256:fd16c990b1438685639777096049783ff0982fab7106ccf19b29e8a4ed67d47b 0.1s done
build-and-deploy	Build and Push Backend	2026-02-17T12:03:33.0063768Z #20 writing config sha256:475797b08768a5190bff8add9403a359b67b2fceb56cea18e3264d1a137d915a
build-and-deploy	Build and Push Backend	2026-02-17T12:03:33.7668791Z #20 writing config sha256:475797b08768a5190bff8add9403a359b67b2fceb56cea18e3264d1a137d915a 0.9s done
build-and-deploy	Build and Push Backend	2026-02-17T12:03:33.9173402Z #20 writing cache image manifest sha256:1f655a4b5f5e047fe187450a5447d300a862bedd8309e8ded339c5a9c79151ef
build-and-deploy	Build and Push Backend	2026-02-17T12:03:35.4531744Z #20 preparing build cache for export 3.4s done
build-and-deploy	Build and Push Backend	2026-02-17T12:03:35.4533082Z #20 writing cache image manifest sha256:1f655a4b5f5e047fe187450a5447d300a862bedd8309e8ded339c5a9c79151ef 1.7s done
build-and-deploy	Build and Push Backend	2026-02-17T12:03:35.4535961Z #20 DONE 3.4s
build-and-deploy	Build and Push Backend	2026-02-17T12:03:35.5080113Z 
build-and-deploy	Build and Push Backend	2026-02-17T12:03:35.5080728Z #21 resolving provenance for metadata file
build-and-deploy	Build and Push Backend	2026-02-17T12:03:35.5081190Z #21 DONE 0.0s
build-and-deploy	Build and Push Backend	2026-02-17T12:03:35.5145738Z ##[group]ImageID
build-and-deploy	Build and Push Backend	2026-02-17T12:03:35.5146378Z sha256:77838ae902bc0a0179e807cc5756d9dbebfcb6a7f386cdf8576cabe50a453b7d
build-and-deploy	Build and Push Backend	2026-02-17T12:03:35.5149215Z ##[endgroup]
build-and-deploy	Build and Push Backend	2026-02-17T12:03:35.5149853Z ##[group]Digest
build-and-deploy	Build and Push Backend	2026-02-17T12:03:35.5150424Z sha256:77838ae902bc0a0179e807cc5756d9dbebfcb6a7f386cdf8576cabe50a453b7d
build-and-deploy	Build and Push Backend	2026-02-17T12:03:35.5151341Z ##[endgroup]
build-and-deploy	Build and Push Backend	2026-02-17T12:03:35.5151912Z ##[group]Metadata
build-and-deploy	Build and Push Backend	2026-02-17T12:03:35.5152269Z {
build-and-deploy	Build and Push Backend	2026-02-17T12:03:35.5152616Z   "buildx.build.provenance": {
build-and-deploy	Build and Push Backend	2026-02-17T12:03:35.5153053Z     "builder": {
build-and-deploy	Build and Push Backend	2026-02-17T12:03:35.5153398Z       "id": ""
build-and-deploy	Build and Push Backend	2026-02-17T12:03:35.5153716Z     },
build-and-deploy	Build and Push Backend	2026-02-17T12:03:35.5154125Z     "buildType": "https://mobyproject.org/buildkit@v1",
build-and-deploy	Build and Push Backend	2026-02-17T12:03:35.5154465Z     "materials": [
build-and-deploy	Build and Push Backend	2026-02-17T12:03:35.5154673Z       {
build-and-deploy	Build and Push Backend	2026-02-17T12:03:35.5154964Z         "uri": "pkg:docker/node@20-alpine?platform=linux%2Famd64",
build-and-deploy	Build and Push Backend	2026-02-17T12:03:35.5155309Z         "digest": {
build-and-deploy	Build and Push Backend	2026-02-17T12:03:35.5155746Z           "sha256": "09e2b3d9726018aecf269bd35325f46bf75046a643a66d28360ec71132750ec8"
build-and-deploy	Build and Push Backend	2026-02-17T12:03:35.5156163Z         }
build-and-deploy	Build and Push Backend	2026-02-17T12:03:35.5156375Z       }
build-and-deploy	Build and Push Backend	2026-02-17T12:03:35.5156550Z     ],
build-and-deploy	Build and Push Backend	2026-02-17T12:03:35.5156753Z     "invocation": {
build-and-deploy	Build and Push Backend	2026-02-17T12:03:35.5156989Z       "configSource": {
build-and-deploy	Build and Push Backend	2026-02-17T12:03:35.5157530Z         "entryPoint": "Dockerfile"
build-and-deploy	Build and Push Backend	2026-02-17T12:03:35.5157780Z       },
build-and-deploy	Build and Push Backend	2026-02-17T12:03:35.5157968Z       "parameters": {
build-and-deploy	Build and Push Backend	2026-02-17T12:03:35.5158207Z         "frontend": "dockerfile.v0",
build-and-deploy	Build and Push Backend	2026-02-17T12:03:35.5158506Z         "locals": [
build-and-deploy	Build and Push Backend	2026-02-17T12:03:35.5158724Z           {
build-and-deploy	Build and Push Backend	2026-02-17T12:03:35.5158941Z             "name": "context"
build-and-deploy	Build and Push Backend	2026-02-17T12:03:35.5159173Z           },
build-and-deploy	Build and Push Backend	2026-02-17T12:03:35.5159378Z           {
build-and-deploy	Build and Push Backend	2026-02-17T12:03:35.5159590Z             "name": "dockerfile"
build-and-deploy	Build and Push Backend	2026-02-17T12:03:35.5159845Z           }
build-and-deploy	Build and Push Backend	2026-02-17T12:03:35.5160024Z         ]
build-and-deploy	Build and Push Backend	2026-02-17T12:03:35.5160217Z       },
build-and-deploy	Build and Push Backend	2026-02-17T12:03:35.5160424Z       "environment": {
build-and-deploy	Build and Push Backend	2026-02-17T12:03:35.5160683Z         "platform": "linux/amd64"
build-and-deploy	Build and Push Backend	2026-02-17T12:03:35.5160956Z       }
build-and-deploy	Build and Push Backend	2026-02-17T12:03:35.5161139Z     }
build-and-deploy	Build and Push Backend	2026-02-17T12:03:35.5161344Z   },
build-and-deploy	Build and Push Backend	2026-02-17T12:03:35.5161647Z   "buildx.build.ref": "default/default/b851jj0vhqzainne9cin6gscn",
build-and-deploy	Build and Push Backend	2026-02-17T12:03:35.5162601Z   "cache.manifest": "{\"mediaType\":\"application/vnd.oci.image.manifest.v1+json\",\"digest\":\"sha256:1f655a4b5f5e047fe187450a5447d300a862bedd8309e8ded339c5a9c79151ef\",\"size\":4537}",
build-and-deploy	Build and Push Backend	2026-02-17T12:03:35.5163429Z   "containerimage.descriptor": {
build-and-deploy	Build and Push Backend	2026-02-17T12:03:35.5163801Z     "mediaType": "application/vnd.oci.image.index.v1+json",
build-and-deploy	Build and Push Backend	2026-02-17T12:03:35.5164337Z     "digest": "sha256:77838ae902bc0a0179e807cc5756d9dbebfcb6a7f386cdf8576cabe50a453b7d",
build-and-deploy	Build and Push Backend	2026-02-17T12:03:35.5164783Z     "size": 856
build-and-deploy	Build and Push Backend	2026-02-17T12:03:35.5165006Z   },
build-and-deploy	Build and Push Backend	2026-02-17T12:03:35.5165449Z   "containerimage.digest": "sha256:77838ae902bc0a0179e807cc5756d9dbebfcb6a7f386cdf8576cabe50a453b7d",
build-and-deploy	Build and Push Backend	2026-02-17T12:03:35.5166192Z   "image.name": "docker.io/***/upgrade-backend:latest"
build-and-deploy	Build and Push Backend	2026-02-17T12:03:35.5166532Z }
build-and-deploy	Build and Push Backend	2026-02-17T12:03:35.5167661Z ##[endgroup]
build-and-deploy	Build and Push Frontend	﻿2026-02-17T12:03:35.5297423Z ##[group]Run docker/build-push-action@v5
build-and-deploy	Build and Push Frontend	2026-02-17T12:03:35.5298004Z with:
build-and-deploy	Build and Push Frontend	2026-02-17T12:03:35.5298233Z   context: ./client
build-and-deploy	Build and Push Frontend	2026-02-17T12:03:35.5298485Z   file: client/Dockerfile
build-and-deploy	Build and Push Frontend	2026-02-17T12:03:35.5298757Z   push: true
build-and-deploy	Build and Push Frontend	2026-02-17T12:03:35.5299068Z   tags: ***/upgrade-frontend:latest
build-and-deploy	Build and Push Frontend	2026-02-17T12:03:35.5299492Z   cache-from: type=registry,ref=***/upgrade-frontend:buildcache
build-and-deploy	Build and Push Frontend	2026-02-17T12:03:35.5300023Z   cache-to: type=registry,ref=***/upgrade-frontend:buildcache,mode=max
build-and-deploy	Build and Push Frontend	2026-02-17T12:03:35.5300425Z   load: false
build-and-deploy	Build and Push Frontend	2026-02-17T12:03:35.5300651Z   no-cache: false
build-and-deploy	Build and Push Frontend	2026-02-17T12:03:35.5300886Z   pull: false
build-and-deploy	Build and Push Frontend	2026-02-17T12:03:35.5301260Z   github-token: ***
build-and-deploy	Build and Push Frontend	2026-02-17T12:03:35.5301507Z ##[endgroup]
build-and-deploy	Build and Push Frontend	2026-02-17T12:03:35.7625544Z ##[group]GitHub Actions runtime token ACs
build-and-deploy	Build and Push Frontend	2026-02-17T12:03:35.7637188Z refs/heads/main: read/write
build-and-deploy	Build and Push Frontend	2026-02-17T12:03:35.7638913Z ##[endgroup]
build-and-deploy	Build and Push Frontend	2026-02-17T12:03:35.7639578Z ##[group]Docker info
build-and-deploy	Build and Push Frontend	2026-02-17T12:03:35.7683354Z [command]/usr/bin/docker version
build-and-deploy	Build and Push Frontend	2026-02-17T12:03:35.7887723Z Client: Docker Engine - Community
build-and-deploy	Build and Push Frontend	2026-02-17T12:03:35.7888210Z  Version:           29.1.5
build-and-deploy	Build and Push Frontend	2026-02-17T12:03:35.7888472Z  API version:       1.52
build-and-deploy	Build and Push Frontend	2026-02-17T12:03:35.7888727Z  Go version:        go1.25.6
build-and-deploy	Build and Push Frontend	2026-02-17T12:03:35.7888982Z  Git commit:        0e6fee6
build-and-deploy	Build and Push Frontend	2026-02-17T12:03:35.7889246Z  Built:             Fri Jan 16 12:48:47 2026
build-and-deploy	Build and Push Frontend	2026-02-17T12:03:35.7889534Z  OS/Arch:           linux/amd64
build-and-deploy	Build and Push Frontend	2026-02-17T12:03:35.7889778Z  Context:           default
build-and-deploy	Build and Push Frontend	2026-02-17T12:03:35.7889927Z 
build-and-deploy	Build and Push Frontend	2026-02-17T12:03:35.7890036Z Server: Docker Engine - Community
build-and-deploy	Build and Push Frontend	2026-02-17T12:03:35.7890289Z  Engine:
build-and-deploy	Build and Push Frontend	2026-02-17T12:03:35.7890478Z   Version:          29.1.5
build-and-deploy	Build and Push Frontend	2026-02-17T12:03:35.7890744Z   API version:      1.52 (minimum version 1.44)
build-and-deploy	Build and Push Frontend	2026-02-17T12:03:35.7891038Z   Go version:       go1.25.6
build-and-deploy	Build and Push Frontend	2026-02-17T12:03:35.7891275Z   Git commit:       3b01d64
build-and-deploy	Build and Push Frontend	2026-02-17T12:03:35.7891535Z   Built:            Fri Jan 16 12:48:47 2026
build-and-deploy	Build and Push Frontend	2026-02-17T12:03:35.7891808Z   OS/Arch:          linux/amd64
build-and-deploy	Build and Push Frontend	2026-02-17T12:03:35.7892056Z   Experimental:     false
build-and-deploy	Build and Push Frontend	2026-02-17T12:03:35.7892360Z  containerd:
build-and-deploy	Build and Push Frontend	2026-02-17T12:03:35.7892570Z   Version:          v2.2.1
build-and-deploy	Build and Push Frontend	2026-02-17T12:03:35.7892871Z   GitCommit:        dea7da592f5d1d2b7755e3a161be07f43fad8f75
build-and-deploy	Build and Push Frontend	2026-02-17T12:03:35.7893186Z  runc:
build-and-deploy	Build and Push Frontend	2026-02-17T12:03:35.7893373Z   Version:          1.3.4
build-and-deploy	Build and Push Frontend	2026-02-17T12:03:35.7893611Z   GitCommit:        v1.3.4-0-gd6d73eb8
build-and-deploy	Build and Push Frontend	2026-02-17T12:03:35.7893878Z  docker-init:
build-and-deploy	Build and Push Frontend	2026-02-17T12:03:35.7894082Z   Version:          0.19.0
build-and-deploy	Build and Push Frontend	2026-02-17T12:03:35.7894318Z   GitCommit:        de40ad0
build-and-deploy	Build and Push Frontend	2026-02-17T12:03:35.7933430Z [command]/usr/bin/docker info
build-and-deploy	Build and Push Frontend	2026-02-17T12:03:35.8455618Z Client: Docker Engine - Community
build-and-deploy	Build and Push Frontend	2026-02-17T12:03:35.8456218Z  Version:    29.1.5
build-and-deploy	Build and Push Frontend	2026-02-17T12:03:35.8456608Z  Context:    default
build-and-deploy	Build and Push Frontend	2026-02-17T12:03:35.8456992Z  Debug Mode: false
build-and-deploy	Build and Push Frontend	2026-02-17T12:03:35.8457566Z  Plugins:
build-and-deploy	Build and Push Frontend	2026-02-17T12:03:35.8457930Z   buildx: Docker Buildx (Docker Inc.)
build-and-deploy	Build and Push Frontend	2026-02-17T12:03:35.8458403Z     Version:  v0.31.1
build-and-deploy	Build and Push Frontend	2026-02-17T12:03:35.8458884Z     Path:     /usr/libexec/docker/cli-plugins/docker-buildx
build-and-deploy	Build and Push Frontend	2026-02-17T12:03:35.8459374Z   compose: Docker Compose (Docker Inc.)
build-and-deploy	Build and Push Frontend	2026-02-17T12:03:35.8459691Z     Version:  v2.40.3
build-and-deploy	Build and Push Frontend	2026-02-17T12:03:35.8459986Z     Path:     /usr/libexec/docker/cli-plugins/docker-compose
build-and-deploy	Build and Push Frontend	2026-02-17T12:03:35.8460238Z 
build-and-deploy	Build and Push Frontend	2026-02-17T12:03:35.8460323Z Server:
build-and-deploy	Build and Push Frontend	2026-02-17T12:03:35.8460514Z  Containers: 0
build-and-deploy	Build and Push Frontend	2026-02-17T12:03:35.8460924Z   Running: 0
build-and-deploy	Build and Push Frontend	2026-02-17T12:03:35.8461136Z   Paused: 0
build-and-deploy	Build and Push Frontend	2026-02-17T12:03:35.8461329Z   Stopped: 0
build-and-deploy	Build and Push Frontend	2026-02-17T12:03:35.8461520Z  Images: 3
build-and-deploy	Build and Push Frontend	2026-02-17T12:03:35.8461724Z  Server Version: 29.1.5
build-and-deploy	Build and Push Frontend	2026-02-17T12:03:35.8461961Z  Storage Driver: overlayfs
build-and-deploy	Build and Push Frontend	2026-02-17T12:03:35.8462228Z   driver-type: io.containerd.snapshotter.v1
build-and-deploy	Build and Push Frontend	2026-02-17T12:03:35.8462531Z  Logging Driver: json-file
build-and-deploy	Build and Push Frontend	2026-02-17T12:03:35.8462766Z  Cgroup Driver: systemd
build-and-deploy	Build and Push Frontend	2026-02-17T12:03:35.8462992Z  Cgroup Version: 2
build-and-deploy	Build and Push Frontend	2026-02-17T12:03:35.8463197Z  Plugins:
build-and-deploy	Build and Push Frontend	2026-02-17T12:03:35.8463390Z   Volume: local
build-and-deploy	Build and Push Frontend	2026-02-17T12:03:35.8463641Z   Network: bridge host ipvlan macvlan null overlay
build-and-deploy	Build and Push Frontend	2026-02-17T12:03:35.8464057Z   Log: awslogs fluentd gcplogs gelf journald json-file local splunk syslog
build-and-deploy	Build and Push Frontend	2026-02-17T12:03:35.8465027Z  CDI spec directories:
build-and-deploy	Build and Push Frontend	2026-02-17T12:03:35.8465267Z   /etc/cdi
build-and-deploy	Build and Push Frontend	2026-02-17T12:03:35.8465452Z   /var/run/cdi
build-and-deploy	Build and Push Frontend	2026-02-17T12:03:35.8465657Z  Swarm: inactive
build-and-deploy	Build and Push Frontend	2026-02-17T12:03:35.8465884Z  Runtimes: runc io.containerd.runc.v2
build-and-deploy	Build and Push Frontend	2026-02-17T12:03:35.8466181Z  Default Runtime: runc
build-and-deploy	Build and Push Frontend	2026-02-17T12:03:35.8466413Z  Init Binary: docker-init
build-and-deploy	Build and Push Frontend	2026-02-17T12:03:35.8466763Z  containerd version: dea7da592f5d1d2b7755e3a161be07f43fad8f75
build-and-deploy	Build and Push Frontend	2026-02-17T12:03:35.8467379Z  runc version: v1.3.4-0-gd6d73eb8
build-and-deploy	Build and Push Frontend	2026-02-17T12:03:35.8467645Z  init version: de40ad0
build-and-deploy	Build and Push Frontend	2026-02-17T12:03:35.8467871Z  Security Options:
build-and-deploy	Build and Push Frontend	2026-02-17T12:03:35.8468083Z   apparmor
build-and-deploy	Build and Push Frontend	2026-02-17T12:03:35.8468267Z   seccomp
build-and-deploy	Build and Push Frontend	2026-02-17T12:03:35.8468453Z    Profile: builtin
build-and-deploy	Build and Push Frontend	2026-02-17T12:03:35.8468678Z   cgroupns
build-and-deploy	Build and Push Frontend	2026-02-17T12:03:35.8468886Z  Kernel Version: 6.14.0-1017-azure
build-and-deploy	Build and Push Frontend	2026-02-17T12:03:35.8469168Z  Operating System: Ubuntu 24.04.3 LTS
build-and-deploy	Build and Push Frontend	2026-02-17T12:03:35.8469446Z  OSType: linux
build-and-deploy	Build and Push Frontend	2026-02-17T12:03:35.8469664Z  Architecture: x86_64
build-and-deploy	Build and Push Frontend	2026-02-17T12:03:35.8469894Z  CPUs: 4
build-and-deploy	Build and Push Frontend	2026-02-17T12:03:35.8470090Z  Total Memory: 15.62GiB
build-and-deploy	Build and Push Frontend	2026-02-17T12:03:35.8470721Z  Name: runnervmjduv7
build-and-deploy	Build and Push Frontend	2026-02-17T12:03:35.8471015Z  ID: 169aa517-19ec-4d49-bd61-4bb79f5886f6
build-and-deploy	Build and Push Frontend	2026-02-17T12:03:35.8471540Z  Docker Root Dir: /var/lib/docker
build-and-deploy	Build and Push Frontend	2026-02-17T12:03:35.8471816Z  Debug Mode: false
build-and-deploy	Build and Push Frontend	2026-02-17T12:03:35.8472160Z  Username: ***
build-and-deploy	Build and Push Frontend	2026-02-17T12:03:35.8472391Z  Experimental: false
build-and-deploy	Build and Push Frontend	2026-02-17T12:03:35.8472639Z  Insecure Registries:
build-and-deploy	Build and Push Frontend	2026-02-17T12:03:35.8472887Z   ::1/128
build-and-deploy	Build and Push Frontend	2026-02-17T12:03:35.8473078Z   127.0.0.0/8
build-and-deploy	Build and Push Frontend	2026-02-17T12:03:35.8473292Z  Live Restore Enabled: false
build-and-deploy	Build and Push Frontend	2026-02-17T12:03:35.8473550Z  Firewall Backend: iptables
build-and-deploy	Build and Push Frontend	2026-02-17T12:03:35.8473714Z 
build-and-deploy	Build and Push Frontend	2026-02-17T12:03:35.8475278Z ##[endgroup]
build-and-deploy	Build and Push Frontend	2026-02-17T12:03:35.8475698Z ##[group]Proxy configuration
build-and-deploy	Build and Push Frontend	2026-02-17T12:03:35.8479731Z No proxy configuration found
build-and-deploy	Build and Push Frontend	2026-02-17T12:03:35.8480231Z ##[endgroup]
build-and-deploy	Build and Push Frontend	2026-02-17T12:03:35.9138832Z ##[group]Buildx version
build-and-deploy	Build and Push Frontend	2026-02-17T12:03:35.9164234Z [command]/usr/bin/docker buildx version
build-and-deploy	Build and Push Frontend	2026-02-17T12:03:35.9861788Z github.com/docker/buildx v0.31.1 a2675950d46b2cb171b23c2015ca44fb88607531
build-and-deploy	Build and Push Frontend	2026-02-17T12:03:35.9902835Z ##[endgroup]
build-and-deploy	Build and Push Frontend	2026-02-17T12:03:35.9903727Z ##[group]Builder info
build-and-deploy	Build and Push Frontend	2026-02-17T12:03:36.0886246Z {
build-and-deploy	Build and Push Frontend	2026-02-17T12:03:36.0888442Z   "nodes": [
build-and-deploy	Build and Push Frontend	2026-02-17T12:03:36.0889348Z     {
build-and-deploy	Build and Push Frontend	2026-02-17T12:03:36.0889964Z       "name": "default",
build-and-deploy	Build and Push Frontend	2026-02-17T12:03:36.0890374Z       "endpoint": "default",
build-and-deploy	Build and Push Frontend	2026-02-17T12:03:36.0890764Z       "status": "running",
build-and-deploy	Build and Push Frontend	2026-02-17T12:03:36.0891074Z       "buildkit": "v0.26.3",
build-and-deploy	Build and Push Frontend	2026-02-17T12:03:36.0891614Z       "platforms": "linux/amd64,linux/amd64/v2,linux/amd64/v3",
build-and-deploy	Build and Push Frontend	2026-02-17T12:03:36.0892206Z       "features": {
build-and-deploy	Build and Push Frontend	2026-02-17T12:03:36.0906162Z         "Automatically load images to the Docker Engine image store": true,
build-and-deploy	Build and Push Frontend	2026-02-17T12:03:36.0906856Z         "Cache export": true,
build-and-deploy	Build and Push Frontend	2026-02-17T12:03:36.0907560Z         "Direct push": true,
build-and-deploy	Build and Push Frontend	2026-02-17T12:03:36.0907999Z         "Docker exporter": true,
build-and-deploy	Build and Push Frontend	2026-02-17T12:03:36.0908448Z         "Multi-platform build": true,
build-and-deploy	Build and Push Frontend	2026-02-17T12:03:36.0908973Z         "OCI exporter": true
build-and-deploy	Build and Push Frontend	2026-02-17T12:03:36.0909472Z       },
build-and-deploy	Build and Push Frontend	2026-02-17T12:03:36.0909834Z       "labels": {
build-and-deploy	Build and Push Frontend	2026-02-17T12:03:36.0910455Z         "org.mobyproject.buildkit.worker.apparmor.profile": "docker-default",
build-and-deploy	Build and Push Frontend	2026-02-17T12:03:36.0911415Z         "org.mobyproject.buildkit.worker.containerd.namespace": "moby",
build-and-deploy	Build and Push Frontend	2026-02-17T12:03:36.0912467Z         "org.mobyproject.buildkit.worker.containerd.uuid": "1d24cf55-4f30-453a-b931-c9265de8620e",
build-and-deploy	Build and Push Frontend	2026-02-17T12:03:36.0913456Z         "org.mobyproject.buildkit.worker.executor": "containerd",
build-and-deploy	Build and Push Frontend	2026-02-17T12:03:36.0914204Z         "org.mobyproject.buildkit.worker.hostname": "runnervmjduv7",
build-and-deploy	Build and Push Frontend	2026-02-17T12:03:36.0914992Z         "org.mobyproject.buildkit.worker.moby.host-gateway-ip": "172.17.0.1",
build-and-deploy	Build and Push Frontend	2026-02-17T12:03:36.0915749Z         "org.mobyproject.buildkit.worker.network": "host",
build-and-deploy	Build and Push Frontend	2026-02-17T12:03:36.0916427Z         "org.mobyproject.buildkit.worker.selinux.enabled": "false",
build-and-deploy	Build and Push Frontend	2026-02-17T12:03:36.0918261Z         "org.mobyproject.buildkit.worker.snapshotter": "overlayfs"
build-and-deploy	Build and Push Frontend	2026-02-17T12:03:36.0919439Z       },
build-and-deploy	Build and Push Frontend	2026-02-17T12:03:36.0919808Z       "gcPolicy": [
build-and-deploy	Build and Push Frontend	2026-02-17T12:03:36.0920188Z         {
build-and-deploy	Build and Push Frontend	2026-02-17T12:03:36.0920566Z           "all": false,
build-and-deploy	Build and Push Frontend	2026-02-17T12:03:36.0921251Z           "filter": [
build-and-deploy	Build and Push Frontend	2026-02-17T12:03:36.0921757Z             "type==source.local",
build-and-deploy	Build and Push Frontend	2026-02-17T12:03:36.0922088Z             "type==exec.cachemount",
build-and-deploy	Build and Push Frontend	2026-02-17T12:03:36.0922400Z             "type==source.git.checkout"
build-and-deploy	Build and Push Frontend	2026-02-17T12:03:36.0922687Z           ],
build-and-deploy	Build and Push Frontend	2026-02-17T12:03:36.0922926Z           "keepDuration": "48h0m0s"
build-and-deploy	Build and Push Frontend	2026-02-17T12:03:36.0923206Z         },
build-and-deploy	Build and Push Frontend	2026-02-17T12:03:36.0923459Z         {
build-and-deploy	Build and Push Frontend	2026-02-17T12:03:36.0923676Z           "all": false,
build-and-deploy	Build and Push Frontend	2026-02-17T12:03:36.0923934Z           "keepDuration": "1440h0m0s"
build-and-deploy	Build and Push Frontend	2026-02-17T12:03:36.0924217Z         },
build-and-deploy	Build and Push Frontend	2026-02-17T12:03:36.0924421Z         {
build-and-deploy	Build and Push Frontend	2026-02-17T12:03:36.0924625Z           "all": false
build-and-deploy	Build and Push Frontend	2026-02-17T12:03:36.0924870Z         },
build-and-deploy	Build and Push Frontend	2026-02-17T12:03:36.0925074Z         {
build-and-deploy	Build and Push Frontend	2026-02-17T12:03:36.0925294Z           "all": true
build-and-deploy	Build and Push Frontend	2026-02-17T12:03:36.0925537Z         }
build-and-deploy	Build and Push Frontend	2026-02-17T12:03:36.0925744Z       ]
build-and-deploy	Build and Push Frontend	2026-02-17T12:03:36.0925942Z     }
build-and-deploy	Build and Push Frontend	2026-02-17T12:03:36.0926146Z   ],
build-and-deploy	Build and Push Frontend	2026-02-17T12:03:36.0926351Z   "name": "default",
build-and-deploy	Build and Push Frontend	2026-02-17T12:03:36.0926596Z   "driver": "docker",
build-and-deploy	Build and Push Frontend	2026-02-17T12:03:36.0926876Z   "lastActivity": "2026-02-17T12:02:30.000Z"
build-and-deploy	Build and Push Frontend	2026-02-17T12:03:36.0927415Z }
build-and-deploy	Build and Push Frontend	2026-02-17T12:03:36.0927867Z ##[endgroup]
build-and-deploy	Build and Push Frontend	2026-02-17T12:03:36.2608618Z [command]/usr/bin/docker buildx build --cache-from type=registry,ref=***/upgrade-frontend:buildcache --cache-to type=registry,ref=***/upgrade-frontend:buildcache,mode=max --file client/Dockerfile --iidfile /home/runner/work/_temp/docker-actions-toolkit-gm5hEb/build-iidfile-73530e0574.txt --tag ***/upgrade-frontend:latest --metadata-file /home/runner/work/_temp/docker-actions-toolkit-gm5hEb/build-metadata-dbd2fc2ff1.json --push ./client
build-and-deploy	Build and Push Frontend	2026-02-17T12:03:36.3494098Z #0 building with "default" instance using docker driver
build-and-deploy	Build and Push Frontend	2026-02-17T12:03:36.3495311Z 
build-and-deploy	Build and Push Frontend	2026-02-17T12:03:36.3495657Z #1 [internal] load build definition from Dockerfile
build-and-deploy	Build and Push Frontend	2026-02-17T12:03:36.5090258Z #1 transferring dockerfile: 342B done
build-and-deploy	Build and Push Frontend	2026-02-17T12:03:36.5091004Z #1 DONE 0.0s
build-and-deploy	Build and Push Frontend	2026-02-17T12:03:36.5091275Z 
build-and-deploy	Build and Push Frontend	2026-02-17T12:03:36.5091670Z #2 [internal] load metadata for docker.io/library/node:18-alpine
build-and-deploy	Build and Push Frontend	2026-02-17T12:03:36.6811918Z #2 ...
build-and-deploy	Build and Push Frontend	2026-02-17T12:03:36.6812217Z 
build-and-deploy	Build and Push Frontend	2026-02-17T12:03:36.6812525Z #3 [auth] library/nginx:pull token for registry-1.docker.io
build-and-deploy	Build and Push Frontend	2026-02-17T12:03:36.6812958Z #3 DONE 0.0s
build-and-deploy	Build and Push Frontend	2026-02-17T12:03:36.8315024Z 
build-and-deploy	Build and Push Frontend	2026-02-17T12:03:36.8315739Z #4 [internal] load metadata for docker.io/library/nginx:alpine
build-and-deploy	Build and Push Frontend	2026-02-17T12:03:37.0303287Z #4 ...
build-and-deploy	Build and Push Frontend	2026-02-17T12:03:37.0303541Z 
build-and-deploy	Build and Push Frontend	2026-02-17T12:03:37.0303770Z #2 [internal] load metadata for docker.io/library/node:18-alpine
build-and-deploy	Build and Push Frontend	2026-02-17T12:03:37.0304320Z #2 DONE 0.7s
build-and-deploy	Build and Push Frontend	2026-02-17T12:03:37.1635314Z 
build-and-deploy	Build and Push Frontend	2026-02-17T12:03:37.1636695Z #4 [internal] load metadata for docker.io/library/nginx:alpine
build-and-deploy	Build and Push Frontend	2026-02-17T12:03:37.1637519Z #4 DONE 0.8s
build-and-deploy	Build and Push Frontend	2026-02-17T12:03:37.3230156Z 
build-and-deploy	Build and Push Frontend	2026-02-17T12:03:37.3230994Z #5 [internal] load .dockerignore
build-and-deploy	Build and Push Frontend	2026-02-17T12:03:37.3231645Z #5 transferring context: 2B done
build-and-deploy	Build and Push Frontend	2026-02-17T12:03:37.3231954Z #5 DONE 0.0s
build-and-deploy	Build and Push Frontend	2026-02-17T12:03:37.3232096Z 
build-and-deploy	Build and Push Frontend	2026-02-17T12:03:37.3232216Z #6 [internal] load build context
build-and-deploy	Build and Push Frontend	2026-02-17T12:03:37.3232494Z #6 DONE 0.0s
build-and-deploy	Build and Push Frontend	2026-02-17T12:03:37.3232629Z 
build-and-deploy	Build and Push Frontend	2026-02-17T12:03:37.3233035Z #7 [build 1/6] FROM docker.io/library/node:18-alpine@sha256:8d6421d663b4c28fd3ebc498332f249011d118945588d0a35cb9bc4b8ca09d9e
build-and-deploy	Build and Push Frontend	2026-02-17T12:03:37.3233925Z #7 resolve docker.io/library/node:18-alpine@sha256:8d6421d663b4c28fd3ebc498332f249011d118945588d0a35cb9bc4b8ca09d9e 0.0s done
build-and-deploy	Build and Push Frontend	2026-02-17T12:03:37.3234511Z #7 DONE 0.0s
build-and-deploy	Build and Push Frontend	2026-02-17T12:03:37.3234654Z 
build-and-deploy	Build and Push Frontend	2026-02-17T12:03:37.3235061Z #8 [stage-1 1/3] FROM docker.io/library/nginx:alpine@sha256:1d13701a5f9f3fb01aaa88cef2344d65b6b5bf6b7d9fa4cf0dca557a8d7702ba
build-and-deploy	Build and Push Frontend	2026-02-17T12:03:37.3235944Z #8 resolve docker.io/library/nginx:alpine@sha256:1d13701a5f9f3fb01aaa88cef2344d65b6b5bf6b7d9fa4cf0dca557a8d7702ba 0.0s done
build-and-deploy	Build and Push Frontend	2026-02-17T12:03:37.3236808Z #8 DONE 0.0s
build-and-deploy	Build and Push Frontend	2026-02-17T12:03:37.3237299Z 
build-and-deploy	Build and Push Frontend	2026-02-17T12:03:37.3237628Z #9 [auth] ***/upgrade-frontend:pull token for registry-1.docker.io
build-and-deploy	Build and Push Frontend	2026-02-17T12:03:37.4733672Z #9 DONE 0.0s
build-and-deploy	Build and Push Frontend	2026-02-17T12:03:37.4734026Z 
build-and-deploy	Build and Push Frontend	2026-02-17T12:03:37.4734589Z #10 importing cache manifest from ***/upgrade-frontend:buildcache
build-and-deploy	Build and Push Frontend	2026-02-17T12:03:37.6265323Z #10 inferred cache manifest type: application/vnd.oci.image.manifest.v1+json done
build-and-deploy	Build and Push Frontend	2026-02-17T12:03:37.9580153Z #10 DONE 0.8s
build-and-deploy	Build and Push Frontend	2026-02-17T12:03:38.0609628Z 
build-and-deploy	Build and Push Frontend	2026-02-17T12:03:38.0610547Z #6 [internal] load build context
build-and-deploy	Build and Push Frontend	2026-02-17T12:03:38.0611236Z #6 transferring context: 258.29kB done
build-and-deploy	Build and Push Frontend	2026-02-17T12:03:38.0611794Z #6 DONE 0.0s
build-and-deploy	Build and Push Frontend	2026-02-17T12:03:38.0612009Z 
build-and-deploy	Build and Push Frontend	2026-02-17T12:03:38.0612207Z #11 [build 6/6] RUN npm run build
build-and-deploy	Build and Push Frontend	2026-02-17T12:03:38.0612660Z #11 CACHED
build-and-deploy	Build and Push Frontend	2026-02-17T12:03:38.0612868Z 
build-and-deploy	Build and Push Frontend	2026-02-17T12:03:38.0613071Z #12 [build 3/6] COPY package*.json ./
build-and-deploy	Build and Push Frontend	2026-02-17T12:03:38.0613540Z #12 CACHED
build-and-deploy	Build and Push Frontend	2026-02-17T12:03:38.0613744Z 
build-and-deploy	Build and Push Frontend	2026-02-17T12:03:38.0614064Z #13 [stage-1 2/3] COPY --from=build /app/dist /usr/share/nginx/html
build-and-deploy	Build and Push Frontend	2026-02-17T12:03:38.0614741Z #13 CACHED
build-and-deploy	Build and Push Frontend	2026-02-17T12:03:38.0614940Z 
build-and-deploy	Build and Push Frontend	2026-02-17T12:03:38.0615107Z #14 [build 2/6] WORKDIR /app
build-and-deploy	Build and Push Frontend	2026-02-17T12:03:38.0615564Z #14 CACHED
build-and-deploy	Build and Push Frontend	2026-02-17T12:03:38.0615690Z 
build-and-deploy	Build and Push Frontend	2026-02-17T12:03:38.0615801Z #15 [build 4/6] RUN npm ci
build-and-deploy	Build and Push Frontend	2026-02-17T12:03:38.0616061Z #15 CACHED
build-and-deploy	Build and Push Frontend	2026-02-17T12:03:38.0616187Z 
build-and-deploy	Build and Push Frontend	2026-02-17T12:03:38.0616296Z #16 [build 5/6] COPY . .
build-and-deploy	Build and Push Frontend	2026-02-17T12:03:38.0616550Z #16 CACHED
build-and-deploy	Build and Push Frontend	2026-02-17T12:03:38.0616676Z 
build-and-deploy	Build and Push Frontend	2026-02-17T12:03:38.0616862Z #17 [stage-1 3/3] COPY nginx.conf /etc/nginx/conf.d/default.conf
build-and-deploy	Build and Push Frontend	2026-02-17T12:03:38.0617691Z #17 CACHED
build-and-deploy	Build and Push Frontend	2026-02-17T12:03:38.0617841Z 
build-and-deploy	Build and Push Frontend	2026-02-17T12:03:38.0617947Z #18 exporting to image
build-and-deploy	Build and Push Frontend	2026-02-17T12:03:38.0618209Z #18 exporting layers done
build-and-deploy	Build and Push Frontend	2026-02-17T12:03:38.0618686Z #18 exporting manifest sha256:205768ce005afdf2e46ec46f97998ad5ab819e5cc3b6ba8d1b657563dc4eebb8 done
build-and-deploy	Build and Push Frontend	2026-02-17T12:03:38.0619497Z #18 exporting config sha256:24c7355674cb1b29f1aa0e6d742750cb9e29b7c3c93d0351b3688cb2473f7d90 done
build-and-deploy	Build and Push Frontend	2026-02-17T12:03:38.0620293Z #18 exporting attestation manifest sha256:bccb96cf0e52df4937b0eeaac400891aca02dca255ea1c67151a58e64924ba63 done
build-and-deploy	Build and Push Frontend	2026-02-17T12:03:38.0621059Z #18 exporting manifest list sha256:7f6c4c7f6b32f079153e4e9e47ecef8168f1c087324d3e42cab6adc123924cd0
build-and-deploy	Build and Push Frontend	2026-02-17T12:03:38.2048052Z #18 exporting manifest list sha256:7f6c4c7f6b32f079153e4e9e47ecef8168f1c087324d3e42cab6adc123924cd0 done
build-and-deploy	Build and Push Frontend	2026-02-17T12:03:38.2049499Z #18 naming to docker.io/***/upgrade-frontend:latest done
build-and-deploy	Build and Push Frontend	2026-02-17T12:03:38.6472628Z #18 ...
build-and-deploy	Build and Push Frontend	2026-02-17T12:03:38.6472856Z 
build-and-deploy	Build and Push Frontend	2026-02-17T12:03:38.6473241Z #17 [stage-1 3/3] COPY nginx.conf /etc/nginx/conf.d/default.conf
build-and-deploy	Build and Push Frontend	2026-02-17T12:03:38.6473888Z #17 sha256:ec1ca07960982515608d1b856b454d31728ced55b8fd174019338cabde2d7a15 437B / 437B 0.1s done
build-and-deploy	Build and Push Frontend	2026-02-17T12:03:38.6474595Z #17 sha256:399d0898a94e0084f81499a3e3c29824357118c7ce551648ea1dbab813884661 404B / 404B 0.2s done
build-and-deploy	Build and Push Frontend	2026-02-17T12:03:38.6475300Z #17 sha256:5e7756927bef33a266e1221356d5da8553139cb80bc5b1b3827010811d9ea268 20.24MB / 20.24MB 0.4s done
build-and-deploy	Build and Push Frontend	2026-02-17T12:03:38.6476039Z #17 sha256:3e2c181db1b0985ce357c7aaf48ac615f30f392cd15d5c5ba34c4faa1f4f39a2 626B / 626B 0.2s done
build-and-deploy	Build and Push Frontend	2026-02-17T12:03:38.6476774Z #17 sha256:bca5d04786e112d958f100a66f8257b2aeefc14b64d81e405c3c44acff2fb000 1.86MB / 1.86MB 0.2s done
build-and-deploy	Build and Push Frontend	2026-02-17T12:03:38.6478054Z #17 sha256:6b7b6c7061b76cdb8601e18722d12ae3232f0ddcfa1d2983754abcc6ce0a8a83 954B / 954B 0.1s done
build-and-deploy	Build and Push Frontend	2026-02-17T12:03:38.6478813Z #17 sha256:04aa7904ed9ff28acee4eab6602f241a4cd8896941f8b20b24c5bb656a63455e 634.32kB / 634.32kB 0.2s done
build-and-deploy	Build and Push Frontend	2026-02-17T12:03:38.6479553Z #17 sha256:955a8478f9aceb66cbf2f579fa3c24e1af278d1fa3ffd3043d6260e21d2f7416 1.21kB / 1.21kB 0.1s done
build-and-deploy	Build and Push Frontend	2026-02-17T12:03:38.6480270Z #17 sha256:6d397a54a185dd0b6638d1a3934b81daef7a140741e12697377d6279066f7ca7 1.40kB / 1.40kB 0.1s done
build-and-deploy	Build and Push Frontend	2026-02-17T12:03:38.6480755Z #17 DONE 0.5s
build-and-deploy	Build and Push Frontend	2026-02-17T12:03:38.6480895Z 
build-and-deploy	Build and Push Frontend	2026-02-17T12:03:38.6481005Z #18 exporting to image
build-and-deploy	Build and Push Frontend	2026-02-17T12:03:38.6481256Z #18 pushing layers
build-and-deploy	Build and Push Frontend	2026-02-17T12:03:38.7976024Z #18 ...
build-and-deploy	Build and Push Frontend	2026-02-17T12:03:38.7976483Z 
build-and-deploy	Build and Push Frontend	2026-02-17T12:03:38.7976848Z #19 [auth] ***/upgrade-frontend:pull,push token for registry-1.docker.io
build-and-deploy	Build and Push Frontend	2026-02-17T12:03:38.7977743Z #19 DONE 0.0s
build-and-deploy	Build and Push Frontend	2026-02-17T12:03:38.9478595Z 
build-and-deploy	Build and Push Frontend	2026-02-17T12:03:38.9478947Z #18 exporting to image
build-and-deploy	Build and Push Frontend	2026-02-17T12:03:39.6256192Z #18 pushing layers 1.1s done
build-and-deploy	Build and Push Frontend	2026-02-17T12:03:39.6257526Z #18 pushing manifest for docker.io/***/upgrade-frontend:latest@sha256:7f6c4c7f6b32f079153e4e9e47ecef8168f1c087324d3e42cab6adc123924cd0
build-and-deploy	Build and Push Frontend	2026-02-17T12:03:41.8570860Z #18 pushing manifest for docker.io/***/upgrade-frontend:latest@sha256:7f6c4c7f6b32f079153e4e9e47ecef8168f1c087324d3e42cab6adc123924cd0 2.2s done
build-and-deploy	Build and Push Frontend	2026-02-17T12:03:42.0242560Z #18 DONE 3.8s
build-and-deploy	Build and Push Frontend	2026-02-17T12:03:42.0242870Z 
build-and-deploy	Build and Push Frontend	2026-02-17T12:03:42.0243070Z #20 exporting cache to registry
build-and-deploy	Build and Push Frontend	2026-02-17T12:03:42.0243590Z #20 preparing build cache for export
build-and-deploy	Build and Push Frontend	2026-02-17T12:03:42.1826614Z #20 writing layer sha256:04aa7904ed9ff28acee4eab6602f241a4cd8896941f8b20b24c5bb656a63455e
build-and-deploy	Build and Push Frontend	2026-02-17T12:03:42.2909278Z #20 writing layer sha256:04aa7904ed9ff28acee4eab6602f241a4cd8896941f8b20b24c5bb656a63455e 0.1s done
build-and-deploy	Build and Push Frontend	2026-02-17T12:03:42.2910186Z #20 writing layer sha256:10c48fa54d0ed254750420db2af049aee440957e660032491f54f45453f65719 0.1s done
build-and-deploy	Build and Push Frontend	2026-02-17T12:03:42.2910934Z #20 writing layer sha256:1e5a4c89cee5c0826c540ab06d4b6b491c96eda01837f430bd47f0d26702d6e3
build-and-deploy	Build and Push Frontend	2026-02-17T12:03:42.4045907Z #20 writing layer sha256:1e5a4c89cee5c0826c540ab06d4b6b491c96eda01837f430bd47f0d26702d6e3 0.1s done
build-and-deploy	Build and Push Frontend	2026-02-17T12:03:42.4047528Z #20 writing layer sha256:25ff2da83641908f65c3a74d80409d6b1b62ccfaab220b9ea70b80df5a2e0549 0.1s done
build-and-deploy	Build and Push Frontend	2026-02-17T12:03:42.4048489Z #20 writing layer sha256:277217bd2db2dad33f2c767b59da6cf7454d4af7f8f4c9884fac8cd84c2b37be
build-and-deploy	Build and Push Frontend	2026-02-17T12:03:42.5120773Z #20 writing layer sha256:277217bd2db2dad33f2c767b59da6cf7454d4af7f8f4c9884fac8cd84c2b37be 0.1s done
build-and-deploy	Build and Push Frontend	2026-02-17T12:03:42.5121736Z #20 writing layer sha256:399d0898a94e0084f81499a3e3c29824357118c7ce551648ea1dbab813884661 0.1s done
build-and-deploy	Build and Push Frontend	2026-02-17T12:03:42.5122431Z #20 writing layer sha256:3e2c181db1b0985ce357c7aaf48ac615f30f392cd15d5c5ba34c4faa1f4f39a2
build-and-deploy	Build and Push Frontend	2026-02-17T12:03:42.6195065Z #20 writing layer sha256:3e2c181db1b0985ce357c7aaf48ac615f30f392cd15d5c5ba34c4faa1f4f39a2 0.1s done
build-and-deploy	Build and Push Frontend	2026-02-17T12:03:42.6195895Z #20 writing layer sha256:4b753cc6883bb1919c5efb2e395980138ee220a6979f6cb0b8ae0ab4e5b25244 0.1s done
build-and-deploy	Build and Push Frontend	2026-02-17T12:03:42.6196604Z #20 writing layer sha256:589002ba0eaed121a1dbf42f6648f29e5be55d5c8a6ee0f8eaa0285cc21ac153
build-and-deploy	Build and Push Frontend	2026-02-17T12:03:42.7330111Z #20 writing layer sha256:589002ba0eaed121a1dbf42f6648f29e5be55d5c8a6ee0f8eaa0285cc21ac153 0.1s done
build-and-deploy	Build and Push Frontend	2026-02-17T12:03:42.7331116Z #20 writing layer sha256:5e7756927bef33a266e1221356d5da8553139cb80bc5b1b3827010811d9ea268 0.1s done
build-and-deploy	Build and Push Frontend	2026-02-17T12:03:42.7331841Z #20 writing layer sha256:6b7b6c7061b76cdb8601e18722d12ae3232f0ddcfa1d2983754abcc6ce0a8a83
build-and-deploy	Build and Push Frontend	2026-02-17T12:03:42.8414285Z #20 writing layer sha256:6b7b6c7061b76cdb8601e18722d12ae3232f0ddcfa1d2983754abcc6ce0a8a83 0.1s done
build-and-deploy	Build and Push Frontend	2026-02-17T12:03:42.8415134Z #20 writing layer sha256:6d397a54a185dd0b6638d1a3934b81daef7a140741e12697377d6279066f7ca7 0.1s done
build-and-deploy	Build and Push Frontend	2026-02-17T12:03:42.8415894Z #20 writing layer sha256:811b30919085567ba617d21d484399608a50ea03dae6df2df826d7378aebdf3e
build-and-deploy	Build and Push Frontend	2026-02-17T12:03:42.9564889Z #20 writing layer sha256:811b30919085567ba617d21d484399608a50ea03dae6df2df826d7378aebdf3e 0.1s done
build-and-deploy	Build and Push Frontend	2026-02-17T12:03:42.9565995Z #20 writing layer sha256:955a8478f9aceb66cbf2f579fa3c24e1af278d1fa3ffd3043d6260e21d2f7416 0.1s done
build-and-deploy	Build and Push Frontend	2026-02-17T12:03:42.9566930Z #20 writing layer sha256:bca5d04786e112d958f100a66f8257b2aeefc14b64d81e405c3c44acff2fb000
build-and-deploy	Build and Push Frontend	2026-02-17T12:03:43.0677513Z #20 writing layer sha256:bca5d04786e112d958f100a66f8257b2aeefc14b64d81e405c3c44acff2fb000 0.1s done
build-and-deploy	Build and Push Frontend	2026-02-17T12:03:43.0678847Z #20 writing layer sha256:dd71dde834b5c203d162902e6b8994cb2309ae049a0eabc4efea161b2b5a3d0e 0.1s done
build-and-deploy	Build and Push Frontend	2026-02-17T12:03:43.0679739Z #20 writing layer sha256:ec1ca07960982515608d1b856b454d31728ced55b8fd174019338cabde2d7a15
build-and-deploy	Build and Push Frontend	2026-02-17T12:03:43.1789940Z #20 writing layer sha256:ec1ca07960982515608d1b856b454d31728ced55b8fd174019338cabde2d7a15 0.1s done
build-and-deploy	Build and Push Frontend	2026-02-17T12:03:43.1791434Z #20 writing layer sha256:f18232174bc91741fdf3da96d85011092101a032a93a388b79e99e69c2d5c870 0.1s done
build-and-deploy	Build and Push Frontend	2026-02-17T12:03:43.1792551Z #20 writing layer sha256:fa70876bbf6cc1432ebcbee6b39d295b9039a58ba79af4c30cd1bd3c0d5c5ac3
build-and-deploy	Build and Push Frontend	2026-02-17T12:03:43.3859471Z #20 writing layer sha256:fa70876bbf6cc1432ebcbee6b39d295b9039a58ba79af4c30cd1bd3c0d5c5ac3 0.1s done
build-and-deploy	Build and Push Frontend	2026-02-17T12:03:43.3860561Z #20 writing config sha256:7169109038a15dd46a21f7b3f48d32707b01b07aa908e7b364c926139eba24aa
build-and-deploy	Build and Push Frontend	2026-02-17T12:03:44.0078268Z #20 writing config sha256:7169109038a15dd46a21f7b3f48d32707b01b07aa908e7b364c926139eba24aa 0.8s done
build-and-deploy	Build and Push Frontend	2026-02-17T12:03:44.1583199Z #20 writing cache image manifest sha256:d61857e545e9700ed8f503ee36cf07e9b3788a98d3187eadd2b6d6f660c2e521
build-and-deploy	Build and Push Frontend	2026-02-17T12:03:45.7939318Z #20 preparing build cache for export 3.9s done
build-and-deploy	Build and Push Frontend	2026-02-17T12:03:45.7940683Z #20 writing cache image manifest sha256:d61857e545e9700ed8f503ee36cf07e9b3788a98d3187eadd2b6d6f660c2e521 1.8s done
build-and-deploy	Build and Push Frontend	2026-02-17T12:03:45.7941635Z #20 DONE 3.9s
build-and-deploy	Build and Push Frontend	2026-02-17T12:03:45.8373036Z 
build-and-deploy	Build and Push Frontend	2026-02-17T12:03:45.8373515Z #21 resolving provenance for metadata file
build-and-deploy	Build and Push Frontend	2026-02-17T12:03:45.8373979Z #21 DONE 0.0s
build-and-deploy	Build and Push Frontend	2026-02-17T12:03:45.8434566Z ##[group]ImageID
build-and-deploy	Build and Push Frontend	2026-02-17T12:03:45.8435214Z sha256:7f6c4c7f6b32f079153e4e9e47ecef8168f1c087324d3e42cab6adc123924cd0
build-and-deploy	Build and Push Frontend	2026-02-17T12:03:45.8438323Z ##[endgroup]
build-and-deploy	Build and Push Frontend	2026-02-17T12:03:45.8439043Z ##[group]Digest
build-and-deploy	Build and Push Frontend	2026-02-17T12:03:45.8439686Z sha256:7f6c4c7f6b32f079153e4e9e47ecef8168f1c087324d3e42cab6adc123924cd0
build-and-deploy	Build and Push Frontend	2026-02-17T12:03:45.8440943Z ##[endgroup]
build-and-deploy	Build and Push Frontend	2026-02-17T12:03:45.8441646Z ##[group]Metadata
build-and-deploy	Build and Push Frontend	2026-02-17T12:03:45.8442034Z {
build-and-deploy	Build and Push Frontend	2026-02-17T12:03:45.8442414Z   "buildx.build.provenance": {
build-and-deploy	Build and Push Frontend	2026-02-17T12:03:45.8442891Z     "builder": {
build-and-deploy	Build and Push Frontend	2026-02-17T12:03:45.8443274Z       "id": ""
build-and-deploy	Build and Push Frontend	2026-02-17T12:03:45.8443627Z     },
build-and-deploy	Build and Push Frontend	2026-02-17T12:03:45.8444082Z     "buildType": "https://mobyproject.org/buildkit@v1",
build-and-deploy	Build and Push Frontend	2026-02-17T12:03:45.8444642Z     "materials": [
build-and-deploy	Build and Push Frontend	2026-02-17T12:03:45.8445015Z       {
build-and-deploy	Build and Push Frontend	2026-02-17T12:03:45.8445454Z         "uri": "pkg:docker/nginx@alpine?platform=linux%2Famd64",
build-and-deploy	Build and Push Frontend	2026-02-17T12:03:45.8446160Z         "digest": {
build-and-deploy	Build and Push Frontend	2026-02-17T12:03:45.8446802Z           "sha256": "1d13701a5f9f3fb01aaa88cef2344d65b6b5bf6b7d9fa4cf0dca557a8d7702ba"
build-and-deploy	Build and Push Frontend	2026-02-17T12:03:45.8447744Z         }
build-and-deploy	Build and Push Frontend	2026-02-17T12:03:45.8448072Z       },
build-and-deploy	Build and Push Frontend	2026-02-17T12:03:45.8448414Z       {
build-and-deploy	Build and Push Frontend	2026-02-17T12:03:45.8448852Z         "uri": "pkg:docker/node@18-alpine?platform=linux%2Famd64",
build-and-deploy	Build and Push Frontend	2026-02-17T12:03:45.8449511Z         "digest": {
build-and-deploy	Build and Push Frontend	2026-02-17T12:03:45.8450151Z           "sha256": "8d6421d663b4c28fd3ebc498332f249011d118945588d0a35cb9bc4b8ca09d9e"
build-and-deploy	Build and Push Frontend	2026-02-17T12:03:45.8450904Z         }
build-and-deploy	Build and Push Frontend	2026-02-17T12:03:45.8451251Z       }
build-and-deploy	Build and Push Frontend	2026-02-17T12:03:45.8451585Z     ],
build-and-deploy	Build and Push Frontend	2026-02-17T12:03:45.8451945Z     "invocation": {
build-and-deploy	Build and Push Frontend	2026-02-17T12:03:45.8452316Z       "configSource": {
build-and-deploy	Build and Push Frontend	2026-02-17T12:03:45.8452788Z         "entryPoint": "Dockerfile"
build-and-deploy	Build and Push Frontend	2026-02-17T12:03:45.8453286Z       },
build-and-deploy	Build and Push Frontend	2026-02-17T12:03:45.8453650Z       "parameters": {
build-and-deploy	Build and Push Frontend	2026-02-17T12:03:45.8454103Z         "frontend": "dockerfile.v0",
build-and-deploy	Build and Push Frontend	2026-02-17T12:03:45.8454611Z         "locals": [
build-and-deploy	Build and Push Frontend	2026-02-17T12:03:45.8454998Z           {
build-and-deploy	Build and Push Frontend	2026-02-17T12:03:45.8455369Z             "name": "context"
build-and-deploy	Build and Push Frontend	2026-02-17T12:03:45.8455800Z           },
build-and-deploy	Build and Push Frontend	2026-02-17T12:03:45.8456161Z           {
build-and-deploy	Build and Push Frontend	2026-02-17T12:03:45.8456541Z             "name": "dockerfile"
build-and-deploy	Build and Push Frontend	2026-02-17T12:03:45.8456984Z           }
build-and-deploy	Build and Push Frontend	2026-02-17T12:03:45.8457538Z         ]
build-and-deploy	Build and Push Frontend	2026-02-17T12:03:45.8457893Z       },
build-and-deploy	Build and Push Frontend	2026-02-17T12:03:45.8458258Z       "environment": {
build-and-deploy	Build and Push Frontend	2026-02-17T12:03:45.8458692Z         "platform": "linux/amd64"
build-and-deploy	Build and Push Frontend	2026-02-17T12:03:45.8459169Z       }
build-and-deploy	Build and Push Frontend	2026-02-17T12:03:45.8459503Z     }
build-and-deploy	Build and Push Frontend	2026-02-17T12:03:45.8459828Z   },
build-and-deploy	Build and Push Frontend	2026-02-17T12:03:45.8460335Z   "buildx.build.ref": "default/default/yylec5zuvyizu3gz2kbix6oah",
build-and-deploy	Build and Push Frontend	2026-02-17T12:03:45.8461920Z   "cache.manifest": "{\"mediaType\":\"application/vnd.oci.image.manifest.v1+json\",\"digest\":\"sha256:d61857e545e9700ed8f503ee36cf07e9b3788a98d3187eadd2b6d6f660c2e521\",\"size\":7174}",
build-and-deploy	Build and Push Frontend	2026-02-17T12:03:45.8463376Z   "containerimage.descriptor": {
build-and-deploy	Build and Push Frontend	2026-02-17T12:03:45.8463976Z     "mediaType": "application/vnd.oci.image.index.v1+json",
build-and-deploy	Build and Push Frontend	2026-02-17T12:03:45.8465555Z     "digest": "sha256:7f6c4c7f6b32f079153e4e9e47ecef8168f1c087324d3e42cab6adc123924cd0",
build-and-deploy	Build and Push Frontend	2026-02-17T12:03:45.8466328Z     "size": 856
build-and-deploy	Build and Push Frontend	2026-02-17T12:03:45.8466706Z   },
build-and-deploy	Build and Push Frontend	2026-02-17T12:03:45.8467615Z   "containerimage.digest": "sha256:7f6c4c7f6b32f079153e4e9e47ecef8168f1c087324d3e42cab6adc123924cd0",
build-and-deploy	Build and Push Frontend	2026-02-17T12:03:45.8468756Z   "image.name": "docker.io/***/upgrade-frontend:latest"
build-and-deploy	Build and Push Frontend	2026-02-17T12:03:45.8469335Z }
build-and-deploy	Build and Push Frontend	2026-02-17T12:03:45.8470024Z ##[endgroup]
build-and-deploy	Deploy to Server via SSH	﻿2026-02-17T12:03:45.8603106Z ##[group]Run appleboy/ssh-action@v1.0.3
build-and-deploy	Deploy to Server via SSH	2026-02-17T12:03:45.8603441Z with:
build-and-deploy	Deploy to Server via SSH	2026-02-17T12:03:45.8603673Z   host: ***
build-and-deploy	Deploy to Server via SSH	2026-02-17T12:03:45.8603885Z   username: ***
build-and-deploy	Deploy to Server via SSH	2026-02-17T12:03:45.8605672Z   key: ***
build-and-deploy	Deploy to Server via SSH	2026-02-17T12:03:45.8614494Z   script: # Export variables for docker-compose
build-and-deploy	Deploy to Server via SSH	export DOCKER_USERNAME=***
build-and-deploy	Deploy to Server via SSH	
build-and-deploy	Deploy to Server via SSH	# Pull the latest images
build-and-deploy	Deploy to Server via SSH	docker pull ***/upgrade-backend:latest
build-and-deploy	Deploy to Server via SSH	docker pull ***/upgrade-frontend:latest
build-and-deploy	Deploy to Server via SSH	
build-and-deploy	Deploy to Server via SSH	# Create project directory if it doesn't exist
build-and-deploy	Deploy to Server via SSH	mkdir -p ~/upgrade-crm
build-and-deploy	Deploy to Server via SSH	cd ~/upgrade-crm
build-and-deploy	Deploy to Server via SSH	
build-and-deploy	Deploy to Server via SSH	# Copy docker-compose.prod.yml if it's not there (this is a patch, ideally it should be copied from the repo)
build-and-deploy	Deploy to Server via SSH	# Since we can't easily copy from the runner to the server without SCP, we'll rely on the repo being there or creating the file.
build-and-deploy	Deploy to Server via SSH	# BETTER APPROACH: Clone/Pull the repo to get the latest docker-compose.prod.yml
build-and-deploy	Deploy to Server via SSH	
build-and-deploy	Deploy to Server via SSH	# Force sync with repository
build-and-deploy	Deploy to Server via SSH	if [ ! -d ".git" ]; then
build-and-deploy	Deploy to Server via SSH	  git clone https://github.com/stanisloveme-cloud/UPGRADE.git .
build-and-deploy	Deploy to Server via SSH	else
build-and-deploy	Deploy to Server via SSH	  git fetch --all
build-and-deploy	Deploy to Server via SSH	  git reset --hard origin/main
build-and-deploy	Deploy to Server via SSH	fi
build-and-deploy	Deploy to Server via SSH	
build-and-deploy	Deploy to Server via SSH	# DEBUG: Verify config file content
build-and-deploy	Deploy to Server via SSH	echo "=== DOCKER COMPOSE CONFIG ==="
build-and-deploy	Deploy to Server via SSH	cat docker-compose.prod.yml
build-and-deploy	Deploy to Server via SSH	
build-and-deploy	Deploy to Server via SSH	# Restart services using new images
build-and-deploy	Deploy to Server via SSH	# Tries 'docker compose' (v2) first, then 'docker-compose' (v1)
build-and-deploy	Deploy to Server via SSH	if command -v docker-compose &> /dev/null; then
build-and-deploy	Deploy to Server via SSH	    docker-compose -f docker-compose.prod.yml down
build-and-deploy	Deploy to Server via SSH	    docker-compose -f docker-compose.prod.yml up -d
build-and-deploy	Deploy to Server via SSH	else
build-and-deploy	Deploy to Server via SSH	    docker compose -f docker-compose.prod.yml down
build-and-deploy	Deploy to Server via SSH	    docker compose -f docker-compose.prod.yml up -d
build-and-deploy	Deploy to Server via SSH	fi
build-and-deploy	Deploy to Server via SSH	
build-and-deploy	Deploy to Server via SSH	# Run database migrations
build-and-deploy	Deploy to Server via SSH	echo "=== RUNNING MIGRATIONS ==="
build-and-deploy	Deploy to Server via SSH	# Wait for DB to be potentially ready (though healthcheck handles it)
build-and-deploy	Deploy to Server via SSH	sleep 10
build-and-deploy	Deploy to Server via SSH	# Run migration inside the app container
build-and-deploy	Deploy to Server via SSH	if command -v docker-compose &> /dev/null; then
build-and-deploy	Deploy to Server via SSH	    docker-compose -f docker-compose.prod.yml exec -T app npx prisma migrate deploy
build-and-deploy	Deploy to Server via SSH	else
build-and-deploy	Deploy to Server via SSH	    docker compose -f docker-compose.prod.yml exec -T app npx prisma migrate deploy
build-and-deploy	Deploy to Server via SSH	fi
build-and-deploy	Deploy to Server via SSH	
build-and-deploy	Deploy to Server via SSH	# Run database seeding (Create Admin, Events)
build-and-deploy	Deploy to Server via SSH	echo "=== RUNNING SEEDING ==="
build-and-deploy	Deploy to Server via SSH	if command -v docker-compose &> /dev/null; then
build-and-deploy	Deploy to Server via SSH	     docker-compose -f docker-compose.prod.yml exec -T app npx prisma db seed
build-and-deploy	Deploy to Server via SSH	else
build-and-deploy	Deploy to Server via SSH	     docker compose -f docker-compose.prod.yml exec -T app npx prisma db seed
build-and-deploy	Deploy to Server via SSH	fi
build-and-deploy	Deploy to Server via SSH	
build-and-deploy	Deploy to Server via SSH	# Prune unused images to save space
build-and-deploy	Deploy to Server via SSH	docker image prune -f
build-and-deploy	Deploy to Server via SSH	
build-and-deploy	Deploy to Server via SSH	# DEBUG: Show running containers and logs
build-and-deploy	Deploy to Server via SSH	echo "=== RUNNING CONTAINERS ==="
build-and-deploy	Deploy to Server via SSH	docker ps -a
build-and-deploy	Deploy to Server via SSH	
build-and-deploy	Deploy to Server via SSH	echo "=== NGINX CONFIG CHECKSUM ==="
build-and-deploy	Deploy to Server via SSH	# Check what config is actually running
build-and-deploy	Deploy to Server via SSH	if command -v docker-compose &> /dev/null; then
build-and-deploy	Deploy to Server via SSH	     docker-compose -f docker-compose.prod.yml exec -T frontend cat /etc/nginx/conf.d/default.conf
build-and-deploy	Deploy to Server via SSH	else
build-and-deploy	Deploy to Server via SSH	     docker compose -f docker-compose.prod.yml exec -T frontend cat /etc/nginx/conf.d/default.conf
build-and-deploy	Deploy to Server via SSH	fi
build-and-deploy	Deploy to Server via SSH	
build-and-deploy	Deploy to Server via SSH	echo "=== FRONTEND LOGS ==="
build-and-deploy	Deploy to Server via SSH	docker logs -n 20 upgrade-crm-frontend-1 || docker logs -n 20 upgrade-crm_frontend_1 || echo "Container name prediction failed, check ps output"
build-and-deploy	Deploy to Server via SSH	
build-and-deploy	Deploy to Server via SSH	2026-02-17T12:03:45.8623528Z   port: 22
build-and-deploy	Deploy to Server via SSH	2026-02-17T12:03:45.8623746Z   timeout: 30s
build-and-deploy	Deploy to Server via SSH	2026-02-17T12:03:45.8623955Z   command_timeout: 10m
build-and-deploy	Deploy to Server via SSH	2026-02-17T12:03:45.8624188Z   proxy_port: 22
build-and-deploy	Deploy to Server via SSH	2026-02-17T12:03:45.8624408Z   proxy_timeout: 30s
build-and-deploy	Deploy to Server via SSH	2026-02-17T12:03:45.8624639Z ##[endgroup]
build-and-deploy	Deploy to Server via SSH	2026-02-17T12:03:45.8743318Z ##[command]/usr/bin/docker run --name f126266dc4fde2f39f48bbb2bf7d522d4cd304_ae6c96 --label f12626 --workdir /github/workspace --rm -e "INPUT_HOST" -e "INPUT_USERNAME" -e "INPUT_KEY" -e "INPUT_SCRIPT" -e "INPUT_PORT" -e "INPUT_PASSPHRASE" -e "INPUT_PASSWORD" -e "INPUT_SYNC" -e "INPUT_USE_INSECURE_CIPHER" -e "INPUT_CIPHER" -e "INPUT_TIMEOUT" -e "INPUT_COMMAND_TIMEOUT" -e "INPUT_KEY_PATH" -e "INPUT_FINGERPRINT" -e "INPUT_PROXY_HOST" -e "INPUT_PROXY_PORT" -e "INPUT_PROXY_USERNAME" -e "INPUT_PROXY_PASSWORD" -e "INPUT_PROXY_PASSPHRASE" -e "INPUT_PROXY_TIMEOUT" -e "INPUT_PROXY_KEY" -e "INPUT_PROXY_KEY_PATH" -e "INPUT_PROXY_FINGERPRINT" -e "INPUT_PROXY_CIPHER" -e "INPUT_PROXY_USE_INSECURE_CIPHER" -e "INPUT_SCRIPT_STOP" -e "INPUT_ENVS" -e "INPUT_ENVS_FORMAT" -e "INPUT_DEBUG" -e "INPUT_ALLENVS" -e "INPUT_REQUEST_PTY" -e "HOME" -e "GITHUB_JOB" -e "GITHUB_REF" -e "GITHUB_SHA" -e "GITHUB_REPOSITORY" -e "GITHUB_REPOSITORY_OWNER" -e "GITHUB_REPOSITORY_OWNER_ID" -e "GITHUB_RUN_ID" -e "GITHUB_RUN_NUMBER" -e "GITHUB_RETENTION_DAYS" -e "GITHUB_RUN_ATTEMPT" -e "GITHUB_ACTOR_ID" -e "GITHUB_ACTOR" -e "GITHUB_WORKFLOW" -e "GITHUB_HEAD_REF" -e "GITHUB_BASE_REF" -e "GITHUB_EVENT_NAME" -e "GITHUB_SERVER_URL" -e "GITHUB_API_URL" -e "GITHUB_GRAPHQL_URL" -e "GITHUB_REF_NAME" -e "GITHUB_REF_PROTECTED" -e "GITHUB_REF_TYPE" -e "GITHUB_WORKFLOW_REF" -e "GITHUB_WORKFLOW_SHA" -e "GITHUB_REPOSITORY_ID" -e "GITHUB_TRIGGERING_ACTOR" -e "GITHUB_WORKSPACE" -e "GITHUB_ACTION" -e "GITHUB_EVENT_PATH" -e "GITHUB_ACTION_REPOSITORY" -e "GITHUB_ACTION_REF" -e "GITHUB_PATH" -e "GITHUB_ENV" -e "GITHUB_STEP_SUMMARY" -e "GITHUB_STATE" -e "GITHUB_OUTPUT" -e "RUNNER_OS" -e "RUNNER_ARCH" -e "RUNNER_NAME" -e "RUNNER_ENVIRONMENT" -e "RUNNER_TOOL_CACHE" -e "RUNNER_TEMP" -e "RUNNER_WORKSPACE" -e "ACTIONS_RUNTIME_URL" -e "ACTIONS_RUNTIME_TOKEN" -e "ACTIONS_CACHE_URL" -e "ACTIONS_RESULTS_URL" -e "ACTIONS_ORCHESTRATION_ID" -e GITHUB_ACTIONS=true -e CI=true -v "/var/run/docker.sock":"/var/run/docker.sock" -v "/home/runner/work/_temp":"/github/runner_temp" -v "/home/runner/work/_temp/_github_home":"/github/home" -v "/home/runner/work/_temp/_github_workflow":"/github/workflow" -v "/home/runner/work/_temp/_runner_file_commands":"/github/file_commands" -v "/home/runner/work/UPGRADE/UPGRADE":"/github/workspace" f12626:6dc4fde2f39f48bbb2bf7d522d4cd304
build-and-deploy	Deploy to Server via SSH	2026-02-17T12:03:46.0590719Z ======CMD======
build-and-deploy	Deploy to Server via SSH	2026-02-17T12:03:46.0591338Z # Export variables for docker-compose
build-and-deploy	Deploy to Server via SSH	2026-02-17T12:03:46.0591890Z export DOCKER_USERNAME=***
build-and-deploy	Deploy to Server via SSH	2026-02-17T12:03:46.0592102Z 
build-and-deploy	Deploy to Server via SSH	2026-02-17T12:03:46.0592234Z # Pull the latest images
build-and-deploy	Deploy to Server via SSH	2026-02-17T12:03:46.0592547Z docker pull ***/upgrade-backend:latest
build-and-deploy	Deploy to Server via SSH	2026-02-17T12:03:46.0592915Z docker pull ***/upgrade-frontend:latest
build-and-deploy	Deploy to Server via SSH	2026-02-17T12:03:46.0593119Z 
build-and-deploy	Deploy to Server via SSH	2026-02-17T12:03:46.0593249Z # Create project directory if it doesn't exist
build-and-deploy	Deploy to Server via SSH	2026-02-17T12:03:46.0593569Z mkdir -p ~/upgrade-crm
build-and-deploy	Deploy to Server via SSH	2026-02-17T12:03:46.0593818Z cd ~/upgrade-crm
build-and-deploy	Deploy to Server via SSH	2026-02-17T12:03:46.0593951Z 
build-and-deploy	Deploy to Server via SSH	2026-02-17T12:03:46.0594298Z # Copy docker-compose.prod.yml if it's not there (this is a patch, ideally it should be copied from the repo)
build-and-deploy	Deploy to Server via SSH	2026-02-17T12:03:46.0595092Z # Since we can't easily copy from the runner to the server without SCP, we'll rely on the repo being there or creating the file.
build-and-deploy	Deploy to Server via SSH	2026-02-17T12:03:46.0595778Z # BETTER APPROACH: Clone/Pull the repo to get the latest docker-compose.prod.yml
build-and-deploy	Deploy to Server via SSH	2026-02-17T12:03:46.0596108Z 
build-and-deploy	Deploy to Server via SSH	2026-02-17T12:03:46.0596212Z # Force sync with repository
build-and-deploy	Deploy to Server via SSH	2026-02-17T12:03:46.0596470Z if [ ! -d ".git" ]; then
build-and-deploy	Deploy to Server via SSH	2026-02-17T12:03:46.0596804Z   git clone https://github.com/stanisloveme-cloud/UPGRADE.git .
build-and-deploy	Deploy to Server via SSH	2026-02-17T12:03:46.0597765Z else
build-and-deploy	Deploy to Server via SSH	2026-02-17T12:03:46.0598039Z   git fetch --all
build-and-deploy	Deploy to Server via SSH	2026-02-17T12:03:46.0598285Z   git reset --hard origin/main
build-and-deploy	Deploy to Server via SSH	2026-02-17T12:03:46.0598543Z fi
build-and-deploy	Deploy to Server via SSH	2026-02-17T12:03:46.0598648Z 
build-and-deploy	Deploy to Server via SSH	2026-02-17T12:03:46.0598754Z # DEBUG: Verify config file content
build-and-deploy	Deploy to Server via SSH	2026-02-17T12:03:46.0599065Z echo "=== DOCKER COMPOSE CONFIG ==="
build-and-deploy	Deploy to Server via SSH	2026-02-17T12:03:46.0599361Z cat docker-compose.prod.yml
build-and-deploy	Deploy to Server via SSH	2026-02-17T12:03:46.0599527Z 
build-and-deploy	Deploy to Server via SSH	2026-02-17T12:03:46.0599636Z # Restart services using new images
build-and-deploy	Deploy to Server via SSH	2026-02-17T12:03:46.0599995Z # Tries 'docker compose' (v2) first, then 'docker-compose' (v1)
build-and-deploy	Deploy to Server via SSH	2026-02-17T12:03:46.0600439Z if command -v docker-compose &> /dev/null; then
build-and-deploy	Deploy to Server via SSH	2026-02-17T12:03:46.0600794Z     docker-compose -f docker-compose.prod.yml down
build-and-deploy	Deploy to Server via SSH	2026-02-17T12:03:46.0601162Z     docker-compose -f docker-compose.prod.yml up -d
build-and-deploy	Deploy to Server via SSH	2026-02-17T12:03:46.0601470Z else
build-and-deploy	Deploy to Server via SSH	2026-02-17T12:03:46.0601704Z     docker compose -f docker-compose.prod.yml down
build-and-deploy	Deploy to Server via SSH	2026-02-17T12:03:46.0602052Z     docker compose -f docker-compose.prod.yml up -d
build-and-deploy	Deploy to Server via SSH	2026-02-17T12:03:46.0602598Z fi
build-and-deploy	Deploy to Server via SSH	2026-02-17T12:03:46.0602702Z 
build-and-deploy	Deploy to Server via SSH	2026-02-17T12:03:46.0602794Z # Run database migrations
build-and-deploy	Deploy to Server via SSH	2026-02-17T12:03:46.0603050Z echo "=== RUNNING MIGRATIONS ==="
build-and-deploy	Deploy to Server via SSH	2026-02-17T12:03:46.0603404Z # Wait for DB to be potentially ready (though healthcheck handles it)
build-and-deploy	Deploy to Server via SSH	2026-02-17T12:03:46.0603766Z sleep 10
build-and-deploy	Deploy to Server via SSH	2026-02-17T12:03:46.0603975Z # Run migration inside the app container
build-and-deploy	Deploy to Server via SSH	2026-02-17T12:03:46.0604291Z if command -v docker-compose &> /dev/null; then
build-and-deploy	Deploy to Server via SSH	2026-02-17T12:03:46.0604908Z     docker-compose -f docker-compose.prod.yml exec -T app npx prisma migrate deploy
build-and-deploy	Deploy to Server via SSH	2026-02-17T12:03:46.0605375Z else
build-and-deploy	Deploy to Server via SSH	2026-02-17T12:03:46.0605696Z     docker compose -f docker-compose.prod.yml exec -T app npx prisma migrate deploy
build-and-deploy	Deploy to Server via SSH	2026-02-17T12:03:46.0606097Z fi
build-and-deploy	Deploy to Server via SSH	2026-02-17T12:03:46.0606198Z 
build-and-deploy	Deploy to Server via SSH	2026-02-17T12:03:46.0606312Z # Run database seeding (Create Admin, Events)
build-and-deploy	Deploy to Server via SSH	2026-02-17T12:03:46.0606628Z echo "=== RUNNING SEEDING ==="
build-and-deploy	Deploy to Server via SSH	2026-02-17T12:03:46.0606912Z if command -v docker-compose &> /dev/null; then
build-and-deploy	Deploy to Server via SSH	2026-02-17T12:03:46.0607628Z      docker-compose -f docker-compose.prod.yml exec -T app npx prisma db seed
build-and-deploy	Deploy to Server via SSH	2026-02-17T12:03:46.0608033Z else
build-and-deploy	Deploy to Server via SSH	2026-02-17T12:03:46.0608335Z      docker compose -f docker-compose.prod.yml exec -T app npx prisma db seed
build-and-deploy	Deploy to Server via SSH	2026-02-17T12:03:46.0608718Z fi
build-and-deploy	Deploy to Server via SSH	2026-02-17T12:03:46.0608815Z 
build-and-deploy	Deploy to Server via SSH	2026-02-17T12:03:46.0608921Z # Prune unused images to save space
build-and-deploy	Deploy to Server via SSH	2026-02-17T12:03:46.0609190Z docker image prune -f
build-and-deploy	Deploy to Server via SSH	2026-02-17T12:03:46.0609334Z 
build-and-deploy	Deploy to Server via SSH	2026-02-17T12:03:46.0609445Z # DEBUG: Show running containers and logs
build-and-deploy	Deploy to Server via SSH	2026-02-17T12:03:46.0609739Z echo "=== RUNNING CONTAINERS ==="
build-and-deploy	Deploy to Server via SSH	2026-02-17T12:03:46.0609992Z docker ps -a
build-and-deploy	Deploy to Server via SSH	2026-02-17T12:03:46.0610114Z 
build-and-deploy	Deploy to Server via SSH	2026-02-17T12:03:46.0610216Z echo "=== NGINX CONFIG CHECKSUM ==="
build-and-deploy	Deploy to Server via SSH	2026-02-17T12:03:46.0610495Z # Check what config is actually running
build-and-deploy	Deploy to Server via SSH	2026-02-17T12:03:46.0610808Z if command -v docker-compose &> /dev/null; then
build-and-deploy	Deploy to Server via SSH	2026-02-17T12:03:46.0611299Z      docker-compose -f docker-compose.prod.yml exec -T frontend cat /etc/nginx/conf.d/default.conf
build-and-deploy	Deploy to Server via SSH	2026-02-17T12:03:46.0611759Z else
build-and-deploy	Deploy to Server via SSH	2026-02-17T12:03:46.0612128Z      docker compose -f docker-compose.prod.yml exec -T frontend cat /etc/nginx/conf.d/default.conf
build-and-deploy	Deploy to Server via SSH	2026-02-17T12:03:46.0612569Z fi
build-and-deploy	Deploy to Server via SSH	2026-02-17T12:03:46.0612671Z 
build-and-deploy	Deploy to Server via SSH	2026-02-17T12:03:46.0612771Z echo "=== FRONTEND LOGS ==="
build-and-deploy	Deploy to Server via SSH	2026-02-17T12:03:46.0613362Z docker logs -n 20 upgrade-crm-frontend-1 || docker logs -n 20 upgrade-crm_frontend_1 || echo "Container name prediction failed, check ps output"
build-and-deploy	Deploy to Server via SSH	2026-02-17T12:03:46.0613886Z 
build-and-deploy	Deploy to Server via SSH	2026-02-17T12:03:46.0613969Z ======END======
build-and-deploy	Deploy to Server via SSH	2026-02-17T12:03:49.7737758Z err: Error response from daemon: toomanyrequests: You have reached your unauthenticated pull rate limit. https://www.docker.com/increase-rate-limit
build-and-deploy	Deploy to Server via SSH	2026-02-17T12:03:51.1593080Z err: Error response from daemon: toomanyrequests: You have reached your unauthenticated pull rate limit. https://www.docker.com/increase-rate-limit
build-and-deploy	Deploy to Server via SSH	2026-02-17T12:03:51.8627944Z err: From https://github.com/stanisloveme-cloud/UPGRADE
build-and-deploy	Deploy to Server via SSH	2026-02-17T12:03:51.8628666Z err:    5a979be..da8de45  main       -> origin/main
build-and-deploy	Deploy to Server via SSH	2026-02-17T12:03:51.8785883Z out: HEAD is now at da8de45 docs: update project status and task list
build-and-deploy	Deploy to Server via SSH	2026-02-17T12:03:51.8791514Z out: === DOCKER COMPOSE CONFIG ===
build-and-deploy	Deploy to Server via SSH	2026-02-17T12:03:51.8814360Z out: services:
build-and-deploy	Deploy to Server via SSH	2026-02-17T12:03:51.8814937Z out:   app:
build-and-deploy	Deploy to Server via SSH	2026-02-17T12:03:51.8815503Z out:     # Use image from Docker Hub (built by CI/CD)
build-and-deploy	Deploy to Server via SSH	2026-02-17T12:03:51.8816165Z out:     image: ${DOCKER_USERNAME}/upgrade-backend:latest
build-and-deploy	Deploy to Server via SSH	2026-02-17T12:03:51.8816730Z out:     ports:
build-and-deploy	Deploy to Server via SSH	2026-02-17T12:03:51.8817285Z out:       - '3000:3000'
build-and-deploy	Deploy to Server via SSH	2026-02-17T12:03:51.8817725Z out:     environment:
build-and-deploy	Deploy to Server via SSH	2026-02-17T12:03:51.8818465Z out:       DATABASE_URL: ***db:5432/upgrade_crm
build-and-deploy	Deploy to Server via SSH	2026-02-17T12:03:51.8818811Z out:       POSTGRES_USER: upgrade
build-and-deploy	Deploy to Server via SSH	2026-02-17T12:03:51.8819119Z out:       POSTGRES_PASSWORD: upgrade_pass
build-and-deploy	Deploy to Server via SSH	2026-02-17T12:03:51.8819447Z out:       POSTGRES_DB: upgrade_crm
build-and-deploy	Deploy to Server via SSH	2026-02-17T12:03:51.8819756Z out:       # Allow frontend CORS if needed
build-and-deploy	Deploy to Server via SSH	2026-02-17T12:03:51.8820141Z out:       FRONTEND_URL: http://devupgrade.***.ru
build-and-deploy	Deploy to Server via SSH	2026-02-17T12:03:51.8820773Z out:     depends_on:
build-and-deploy	Deploy to Server via SSH	2026-02-17T12:03:51.8821028Z out:       db:
build-and-deploy	Deploy to Server via SSH	2026-02-17T12:03:51.8821276Z out:         condition: service_healthy
build-and-deploy	Deploy to Server via SSH	2026-02-17T12:03:51.8821581Z out:     restart: always
build-and-deploy	Deploy to Server via SSH	2026-02-17T12:03:51.8821839Z out:   frontend:
build-and-deploy	Deploy to Server via SSH	2026-02-17T12:03:51.8822129Z out:     # Use image from Docker Hub (built by CI/CD)
build-and-deploy	Deploy to Server via SSH	2026-02-17T12:03:51.8822522Z out:     image: ${DOCKER_USERNAME}/upgrade-frontend:latest
build-and-deploy	Deploy to Server via SSH	2026-02-17T12:03:51.8822868Z out:     ports:
build-and-deploy	Deploy to Server via SSH	2026-02-17T12:03:51.8823109Z out:       - '80:80'
build-and-deploy	Deploy to Server via SSH	2026-02-17T12:03:51.8823517Z out:     depends_on:
build-and-deploy	Deploy to Server via SSH	2026-02-17T12:03:51.8823762Z out:       - app
build-and-deploy	Deploy to Server via SSH	2026-02-17T12:03:51.8823999Z out:     restart: always
build-and-deploy	Deploy to Server via SSH	2026-02-17T12:03:51.8824251Z out:   db:
build-and-deploy	Deploy to Server via SSH	2026-02-17T12:03:51.8824493Z out:     image: postgres:15-alpine
build-and-deploy	Deploy to Server via SSH	2026-02-17T12:03:51.8824782Z out:     environment:
build-and-deploy	Deploy to Server via SSH	2026-02-17T12:03:51.8825046Z out:       POSTGRES_USER: upgrade
build-and-deploy	Deploy to Server via SSH	2026-02-17T12:03:51.8825361Z out:       POSTGRES_PASSWORD: upgrade_pass
build-and-deploy	Deploy to Server via SSH	2026-02-17T12:03:51.8825688Z out:       POSTGRES_DB: upgrade_crm
build-and-deploy	Deploy to Server via SSH	2026-02-17T12:03:51.8825986Z out:     volumes:
build-and-deploy	Deploy to Server via SSH	2026-02-17T12:03:51.8826264Z out:       - pgdata:/var/lib/postgresql/data
build-and-deploy	Deploy to Server via SSH	2026-02-17T12:03:51.8826589Z out:     healthcheck:
build-and-deploy	Deploy to Server via SSH	2026-02-17T12:03:51.8826938Z out:       test: [ 'CMD-SHELL', 'pg_isready -U upgrade -d upgrade_crm' ]
build-and-deploy	Deploy to Server via SSH	2026-02-17T12:03:51.8827604Z out:       interval: 5s
build-and-deploy	Deploy to Server via SSH	2026-02-17T12:03:51.8827856Z out:       timeout: 5s
build-and-deploy	Deploy to Server via SSH	2026-02-17T12:03:51.8828110Z out:       retries: 5
build-and-deploy	Deploy to Server via SSH	2026-02-17T12:03:51.8828353Z out:     restart: always
build-and-deploy	Deploy to Server via SSH	2026-02-17T12:03:51.8828608Z out: volumes:
build-and-deploy	Deploy to Server via SSH	2026-02-17T12:03:51.8828836Z out:   pgdata:
build-and-deploy	Deploy to Server via SSH	2026-02-17T12:03:52.0583244Z err:  Container upgrade-crm-frontend-1  Stopping
build-and-deploy	Deploy to Server via SSH	2026-02-17T12:03:52.3565735Z err:  Container upgrade-crm-frontend-1  Stopped
build-and-deploy	Deploy to Server via SSH	2026-02-17T12:03:52.3584228Z err:  Container upgrade-crm-frontend-1  Removing
build-and-deploy	Deploy to Server via SSH	2026-02-17T12:03:52.3812474Z err:  Container upgrade-crm-frontend-1  Removed
build-and-deploy	Deploy to Server via SSH	2026-02-17T12:03:52.3813119Z err:  Container upgrade-crm-app-1  Stopping
build-and-deploy	Deploy to Server via SSH	2026-02-17T12:03:52.3899440Z err:  Container upgrade-crm-app-1  Stopped
build-and-deploy	Deploy to Server via SSH	2026-02-17T12:03:52.3911402Z err:  Container upgrade-crm-app-1  Removing
build-and-deploy	Deploy to Server via SSH	2026-02-17T12:03:52.4070145Z err:  Container upgrade-crm-app-1  Removed
build-and-deploy	Deploy to Server via SSH	2026-02-17T12:03:52.4078600Z err:  Container upgrade-crm-db-1  Stopping
build-and-deploy	Deploy to Server via SSH	2026-02-17T12:03:52.6681611Z err:  Container upgrade-crm-db-1  Stopped
build-and-deploy	Deploy to Server via SSH	2026-02-17T12:03:52.6682108Z err:  Container upgrade-crm-db-1  Removing
build-and-deploy	Deploy to Server via SSH	2026-02-17T12:03:52.6886799Z err:  Container upgrade-crm-db-1  Removed
build-and-deploy	Deploy to Server via SSH	2026-02-17T12:03:52.6914083Z err:  Network upgrade-crm_default  Removing
build-and-deploy	Deploy to Server via SSH	2026-02-17T12:03:52.6922512Z err:  Network upgrade-crm_default  Resource is still in use
build-and-deploy	Deploy to Server via SSH	2026-02-17T12:03:52.8983724Z err: time="2026-02-17T12:03:52Z" level=warning msg="Found orphan containers ([upgrade-crm-redis-1]) for this project. If you removed or renamed this service in your compose file, you can run this command with the --remove-orphans flag to clean it up."
build-and-deploy	Deploy to Server via SSH	2026-02-17T12:03:52.8985315Z err:  Container upgrade-crm-db-1  Creating
build-and-deploy	Deploy to Server via SSH	2026-02-17T12:03:52.9803425Z err:  Container upgrade-crm-db-1  Created
build-and-deploy	Deploy to Server via SSH	2026-02-17T12:03:52.9804031Z err:  Container upgrade-crm-app-1  Creating
build-and-deploy	Deploy to Server via SSH	2026-02-17T12:03:53.0370823Z err:  Container upgrade-crm-app-1  Created
build-and-deploy	Deploy to Server via SSH	2026-02-17T12:03:53.0374359Z err:  Container upgrade-crm-frontend-1  Creating
build-and-deploy	Deploy to Server via SSH	2026-02-17T12:03:53.0934527Z err:  Container upgrade-crm-frontend-1  Created
build-and-deploy	Deploy to Server via SSH	2026-02-17T12:03:53.0968009Z err:  Container upgrade-crm-db-1  Starting
build-and-deploy	Deploy to Server via SSH	2026-02-17T12:03:53.3893525Z err:  Container upgrade-crm-db-1  Started
build-and-deploy	Deploy to Server via SSH	2026-02-17T12:03:53.3894299Z err:  Container upgrade-crm-db-1  Waiting
build-and-deploy	Deploy to Server via SSH	2026-02-17T12:03:58.8913751Z err:  Container upgrade-crm-db-1  Healthy
build-and-deploy	Deploy to Server via SSH	2026-02-17T12:03:58.8914550Z err:  Container upgrade-crm-app-1  Starting
build-and-deploy	Deploy to Server via SSH	2026-02-17T12:03:59.2173910Z err:  Container upgrade-crm-app-1  Started
build-and-deploy	Deploy to Server via SSH	2026-02-17T12:03:59.2174504Z err:  Container upgrade-crm-frontend-1  Starting
build-and-deploy	Deploy to Server via SSH	2026-02-17T12:03:59.6695024Z err:  Container upgrade-crm-frontend-1  Started
build-and-deploy	Deploy to Server via SSH	2026-02-17T12:03:59.6846392Z out: === RUNNING MIGRATIONS ===
build-and-deploy	Deploy to Server via SSH	2026-02-17T12:04:09.8655357Z err: Error response from daemon: Container f87fab227c1d87daafb966511d247ce0a3d88b6c1c514d03cf6a2ddd1402d87c is restarting, wait until the container is running
build-and-deploy	Deploy to Server via SSH	2026-02-17T12:04:09.8755266Z out: === RUNNING SEEDING ===
build-and-deploy	Deploy to Server via SSH	2026-02-17T12:04:10.0121139Z err: Error response from daemon: Container f87fab227c1d87daafb966511d247ce0a3d88b6c1c514d03cf6a2ddd1402d87c is restarting, wait until the container is running
build-and-deploy	Deploy to Server via SSH	2026-02-17T12:04:10.0555227Z out: Total reclaimed space: 0B
build-and-deploy	Deploy to Server via SSH	2026-02-17T12:04:10.0562268Z out: === RUNNING CONTAINERS ===
build-and-deploy	Deploy to Server via SSH	2026-02-17T12:04:10.0873896Z out: CONTAINER ID   IMAGE                               COMMAND                  CREATED          STATUS                        PORTS                                         NAMES
build-and-deploy	Deploy to Server via SSH	2026-02-17T12:04:10.0886262Z out: 1d2b639414e1   ***/upgrade-frontend:latest   "/docker-entrypoint.…"   17 seconds ago   Up 10 seconds                 0.0.0.0:80->80/tcp, [::]:80->80/tcp           upgrade-crm-frontend-1
build-and-deploy	Deploy to Server via SSH	2026-02-17T12:04:10.0888042Z out: f87fab227c1d   ***/upgrade-backend:latest    "docker-entrypoint.s…"   17 seconds ago   Restarting (1) 1 second ago                                                 upgrade-crm-app-1
build-and-deploy	Deploy to Server via SSH	2026-02-17T12:04:10.0889566Z out: ffd2362bcd76   postgres:15-alpine                  "docker-entrypoint.s…"   17 seconds ago   Up 16 seconds (healthy)       5432/tcp                                      upgrade-crm-db-1
build-and-deploy	Deploy to Server via SSH	2026-02-17T12:04:10.0890915Z out: 331916f55d37   redis:7-alpine                      "docker-entrypoint.s…"   28 hours ago     Up 28 hours                   0.0.0.0:6379->6379/tcp, [::]:6379->6379/tcp   upgrade-crm-redis-1
build-and-deploy	Deploy to Server via SSH	2026-02-17T12:04:10.0940418Z out: === NGINX CONFIG CHECKSUM ===
build-and-deploy	Deploy to Server via SSH	2026-02-17T12:04:10.3305199Z out: server {
build-and-deploy	Deploy to Server via SSH	2026-02-17T12:04:10.3305550Z out:     listen 80;
build-and-deploy	Deploy to Server via SSH	2026-02-17T12:04:10.3305842Z out:     server_name localhost;
build-and-deploy	Deploy to Server via SSH	2026-02-17T12:04:10.3306252Z out:     *** /usr/share/nginx/html;
build-and-deploy	Deploy to Server via SSH	2026-02-17T12:04:10.3306584Z out:     index index.html;
build-and-deploy	Deploy to Server via SSH	2026-02-17T12:04:10.3306872Z out:     location / {
build-and-deploy	Deploy to Server via SSH	2026-02-17T12:04:10.3307439Z out:         try_files $uri $uri/ /index.html;
build-and-deploy	Deploy to Server via SSH	2026-02-17T12:04:10.3307828Z out:     }
build-and-deploy	Deploy to Server via SSH	2026-02-17T12:04:10.3308104Z out:     error_page 500 502 503 504 /50x.html;
build-and-deploy	Deploy to Server via SSH	2026-02-17T12:04:10.3308462Z out:     location = /50x.html {
build-and-deploy	Deploy to Server via SSH	2026-02-17T12:04:10.3308798Z out:         *** /usr/share/nginx/html;
build-and-deploy	Deploy to Server via SSH	2026-02-17T12:04:10.3309125Z out:     }
build-and-deploy	Deploy to Server via SSH	2026-02-17T12:04:10.3309354Z out: }
build-and-deploy	Deploy to Server via SSH	2026-02-17T12:04:10.3578563Z out: === FRONTEND LOGS ===
build-and-deploy	Deploy to Server via SSH	2026-02-17T12:04:10.3892837Z err: 2026/02/17 12:03:59 [notice] 1#1: using the "epoll" event method
build-and-deploy	Deploy to Server via SSH	2026-02-17T12:04:10.3893496Z err: 2026/02/17 12:03:59 [notice] 1#1: nginx/1.29.5
build-and-deploy	Deploy to Server via SSH	2026-02-17T12:04:10.3894114Z err: 2026/02/17 12:03:59 [notice] 1#1: built by gcc 15.2.0 (Alpine 15.2.0) 
build-and-deploy	Deploy to Server via SSH	2026-02-17T12:04:10.3894706Z err: 2026/02/17 12:03:59 [notice] 1#1: OS: Linux 6.8.0-100-generic
build-and-deploy	Deploy to Server via SSH	2026-02-17T12:04:10.3895220Z err: 2026/02/17 12:03:59 [notice] 1#1: getrlimit(RLIMIT_NOFILE): 1048576:1048576
build-and-deploy	Deploy to Server via SSH	2026-02-17T12:04:10.3895713Z err: 2026/02/17 12:03:59 [notice] 1#1: start worker processes
build-and-deploy	Deploy to Server via SSH	2026-02-17T12:04:10.3896157Z err: 2026/02/17 12:03:59 [notice] 1#1: start worker process 29
build-and-deploy	Deploy to Server via SSH	2026-02-17T12:04:10.3896622Z err: 2026/02/17 12:03:59 [notice] 1#1: start worker process 30
build-and-deploy	Deploy to Server via SSH	2026-02-17T12:04:10.3897520Z out: /docker-entrypoint.sh: /docker-entrypoint.d/ is not empty, will attempt to perform configuration
build-and-deploy	Deploy to Server via SSH	2026-02-17T12:04:10.3898252Z out: /docker-entrypoint.sh: Looking for shell scripts in /docker-entrypoint.d/
build-and-deploy	Deploy to Server via SSH	2026-02-17T12:04:10.3898904Z out: /docker-entrypoint.sh: Launching /docker-entrypoint.d/10-listen-on-ipv6-by-default.sh
build-and-deploy	Deploy to Server via SSH	2026-02-17T12:04:10.3899618Z out: 10-listen-on-ipv6-by-default.sh: info: Getting the checksum of /etc/nginx/conf.d/default.conf
build-and-deploy	Deploy to Server via SSH	2026-02-17T12:04:10.3900400Z out: 10-listen-on-ipv6-by-default.sh: info: /etc/nginx/conf.d/default.conf differs from the packaged version
build-and-deploy	Deploy to Server via SSH	2026-02-17T12:04:10.3901126Z out: /docker-entrypoint.sh: Sourcing /docker-entrypoint.d/15-local-resolvers.envsh
build-and-deploy	Deploy to Server via SSH	2026-02-17T12:04:10.3901772Z out: /docker-entrypoint.sh: Launching /docker-entrypoint.d/20-envsubst-on-templates.sh
build-and-deploy	Deploy to Server via SSH	2026-02-17T12:04:10.3902430Z out: /docker-entrypoint.sh: Launching /docker-entrypoint.d/30-tune-worker-processes.sh
build-and-deploy	Deploy to Server via SSH	2026-02-17T12:04:10.3903305Z out: /docker-entrypoint.sh: Configuration complete; ready for start up
build-and-deploy	Deploy to Server via SSH	2026-02-17T12:04:10.3926611Z ==============================================
build-and-deploy	Deploy to Server via SSH	2026-02-17T12:04:10.3927871Z ✅ Successfully executed commands to all host.
build-and-deploy	Deploy to Server via SSH	2026-02-17T12:04:10.3928621Z ==============================================
build-and-deploy	Post Build and Push Frontend	﻿2026-02-17T12:04:10.4816456Z Post job cleanup.
build-and-deploy	Post Build and Push Frontend	2026-02-17T12:04:10.7204490Z ##[group]Removing temp folder /home/runner/work/_temp/docker-actions-toolkit-gm5hEb
build-and-deploy	Post Build and Push Frontend	2026-02-17T12:04:10.7219320Z ##[endgroup]
build-and-deploy	Post Build and Push Frontend	2026-02-17T12:04:10.7219894Z ##[group]Post cache
build-and-deploy	Post Build and Push Frontend	2026-02-17T12:04:10.7222041Z State not set
build-and-deploy	Post Build and Push Frontend	2026-02-17T12:04:10.7222814Z ##[endgroup]
build-and-deploy	Post Build and Push Backend	﻿2026-02-17T12:04:10.7419685Z Post job cleanup.
build-and-deploy	Post Build and Push Backend	2026-02-17T12:04:10.9772315Z ##[group]Removing temp folder /home/runner/work/_temp/docker-actions-toolkit-kot2H7
build-and-deploy	Post Build and Push Backend	2026-02-17T12:04:10.9786545Z ##[endgroup]
build-and-deploy	Post Build and Push Backend	2026-02-17T12:04:10.9787529Z ##[group]Post cache
build-and-deploy	Post Build and Push Backend	2026-02-17T12:04:10.9789138Z State not set
build-and-deploy	Post Build and Push Backend	2026-02-17T12:04:10.9790056Z ##[endgroup]
build-and-deploy	Post Log in to Docker Hub	﻿2026-02-17T12:04:10.9904471Z Post job cleanup.
build-and-deploy	Post Log in to Docker Hub	2026-02-17T12:04:11.3108931Z ##[group]Logout from docker.io
build-and-deploy	Post Log in to Docker Hub	2026-02-17T12:04:11.3157514Z [command]/usr/bin/docker logout docker.io
build-and-deploy	Post Log in to Docker Hub	2026-02-17T12:04:11.3291453Z Removing login credentials for docker.io
build-and-deploy	Post Log in to Docker Hub	2026-02-17T12:04:11.3322705Z ##[endgroup]
build-and-deploy	Post Log in to Docker Hub	2026-02-17T12:04:11.3323347Z ##[group]Post cache
build-and-deploy	Post Log in to Docker Hub	2026-02-17T12:04:11.3324763Z State not set
build-and-deploy	Post Log in to Docker Hub	2026-02-17T12:04:11.3325657Z ##[endgroup]
build-and-deploy	Post Checkout code	﻿2026-02-17T12:04:11.3508036Z Post job cleanup.
build-and-deploy	Post Checkout code	2026-02-17T12:04:11.4505164Z [command]/usr/bin/git version
build-and-deploy	Post Checkout code	2026-02-17T12:04:11.4542850Z git version 2.52.0
build-and-deploy	Post Checkout code	2026-02-17T12:04:11.4590572Z Temporarily overriding HOME='/home/runner/work/_temp/0ef757a2-7ab5-4a29-8110-20d9846e288f' before making global git config changes
build-and-deploy	Post Checkout code	2026-02-17T12:04:11.4591990Z Adding repository directory to the temporary git global config as a safe directory
build-and-deploy	Post Checkout code	2026-02-17T12:04:11.4597702Z [command]/usr/bin/git config --global --add safe.directory /home/runner/work/UPGRADE/UPGRADE
build-and-deploy	Post Checkout code	2026-02-17T12:04:11.4635619Z [command]/usr/bin/git config --local --name-only --get-regexp core\.sshCommand
build-and-deploy	Post Checkout code	2026-02-17T12:04:11.4670217Z [command]/usr/bin/git submodule foreach --recursive sh -c "git config --local --name-only --get-regexp 'core\.sshCommand' && git config --local --unset-all 'core.sshCommand' || :"
build-and-deploy	Post Checkout code	2026-02-17T12:04:11.4921826Z [command]/usr/bin/git config --local --name-only --get-regexp http\.https\:\/\/github\.com\/\.extraheader
build-and-deploy	Post Checkout code	2026-02-17T12:04:11.4945985Z http.https://github.com/.extraheader
build-and-deploy	Post Checkout code	2026-02-17T12:04:11.4959665Z [command]/usr/bin/git config --local --unset-all http.https://github.com/.extraheader
build-and-deploy	Post Checkout code	2026-02-17T12:04:11.4992431Z [command]/usr/bin/git submodule foreach --recursive sh -c "git config --local --name-only --get-regexp 'http\.https\:\/\/github\.com\/\.extraheader' && git config --local --unset-all 'http.https://github.com/.extraheader' || :"
build-and-deploy	Post Checkout code	2026-02-17T12:04:11.5232819Z [command]/usr/bin/git config --local --name-only --get-regexp ^includeIf\.gitdir:
build-and-deploy	Post Checkout code	2026-02-17T12:04:11.5266635Z [command]/usr/bin/git submodule foreach --recursive git config --local --show-origin --name-only --get-regexp remote.origin.url
build-and-deploy	Complete job	﻿2026-02-17T12:04:11.5639756Z Cleaning up orphan processes
