build-and-deploy	UNKNOWN STEP	ï»¿2026-02-23T13:08:04.2673023Z Current runner version: '2.331.0'
build-and-deploy	UNKNOWN STEP	2026-02-23T13:08:04.2700328Z ##[group]Runner Image Provisioner
build-and-deploy	UNKNOWN STEP	2026-02-23T13:08:04.2701236Z Hosted Compute Agent
build-and-deploy	UNKNOWN STEP	2026-02-23T13:08:04.2701951Z Version: 20260123.484
build-and-deploy	UNKNOWN STEP	2026-02-23T13:08:04.2702887Z Commit: 6bd6555ca37d84114959e1c76d2c01448ff61c5d
build-and-deploy	UNKNOWN STEP	2026-02-23T13:08:04.2703654Z Build Date: 2026-01-23T19:41:17Z
build-and-deploy	UNKNOWN STEP	2026-02-23T13:08:04.2704551Z Worker ID: {caf52449-cc66-42c1-9e08-38849d727210}
build-and-deploy	UNKNOWN STEP	2026-02-23T13:08:04.2705323Z Azure Region: northcentralus
build-and-deploy	UNKNOWN STEP	2026-02-23T13:08:04.2706063Z ##[endgroup]
build-and-deploy	UNKNOWN STEP	2026-02-23T13:08:04.2707617Z ##[group]Operating System
build-and-deploy	UNKNOWN STEP	2026-02-23T13:08:04.2708416Z Ubuntu
build-and-deploy	UNKNOWN STEP	2026-02-23T13:08:04.2709003Z 24.04.3
build-and-deploy	UNKNOWN STEP	2026-02-23T13:08:04.2709561Z LTS
build-and-deploy	UNKNOWN STEP	2026-02-23T13:08:04.2710609Z ##[endgroup]
build-and-deploy	UNKNOWN STEP	2026-02-23T13:08:04.2711268Z ##[group]Runner Image
build-and-deploy	UNKNOWN STEP	2026-02-23T13:08:04.2711992Z Image: ubuntu-24.04
build-and-deploy	UNKNOWN STEP	2026-02-23T13:08:04.2713081Z Version: 20260201.15.1
build-and-deploy	UNKNOWN STEP	2026-02-23T13:08:04.2714707Z Included Software: https://github.com/actions/runner-images/blob/ubuntu24/20260201.15/images/ubuntu/Ubuntu2404-Readme.md
build-and-deploy	UNKNOWN STEP	2026-02-23T13:08:04.2716291Z Image Release: https://github.com/actions/runner-images/releases/tag/ubuntu24%2F20260201.15
build-and-deploy	UNKNOWN STEP	2026-02-23T13:08:04.2717369Z ##[endgroup]
build-and-deploy	UNKNOWN STEP	2026-02-23T13:08:04.2718733Z ##[group]GITHUB_TOKEN Permissions
build-and-deploy	UNKNOWN STEP	2026-02-23T13:08:04.2721008Z Contents: read
build-and-deploy	UNKNOWN STEP	2026-02-23T13:08:04.2721674Z Metadata: read
build-and-deploy	UNKNOWN STEP	2026-02-23T13:08:04.2722685Z Packages: read
build-and-deploy	UNKNOWN STEP	2026-02-23T13:08:04.2723320Z ##[endgroup]
build-and-deploy	UNKNOWN STEP	2026-02-23T13:08:04.2725549Z Secret source: Actions
build-and-deploy	UNKNOWN STEP	2026-02-23T13:08:04.2726699Z Prepare workflow directory
build-and-deploy	UNKNOWN STEP	2026-02-23T13:08:04.3061292Z Prepare all required actions
build-and-deploy	UNKNOWN STEP	2026-02-23T13:08:04.3100411Z Getting action download info
build-and-deploy	UNKNOWN STEP	2026-02-23T13:08:04.7037068Z Download action repository 'actions/checkout@v4' (SHA:34e114876b0b11c390a56381ad16ebd13914f8d5)
build-and-deploy	UNKNOWN STEP	2026-02-23T13:08:04.8293197Z Download action repository 'docker/login-action@v3' (SHA:c94ce9fb468520275223c153574b00df6fe4bcc9)
build-and-deploy	UNKNOWN STEP	2026-02-23T13:08:05.3128856Z Download action repository 'docker/build-push-action@v5' (SHA:ca052bb54ab0790a636c9b5f226502c73d547a25)
build-and-deploy	UNKNOWN STEP	2026-02-23T13:08:05.8395297Z Download action repository 'appleboy/ssh-action@v1.0.3' (SHA:029f5b4aeeeb58fdfe1410a5d17f967dacf36262)
build-and-deploy	UNKNOWN STEP	2026-02-23T13:08:06.3397786Z Complete job name: build-and-deploy
build-and-deploy	UNKNOWN STEP	2026-02-23T13:08:06.4039261Z ##[group]Build container for action use: '/home/runner/work/_actions/appleboy/ssh-action/v1.0.3/Dockerfile'.
build-and-deploy	UNKNOWN STEP	2026-02-23T13:08:06.4113212Z ##[command]/usr/bin/docker build -t b055f5:bee5f6999de84c09b175cc3311595225 -f "/home/runner/work/_actions/appleboy/ssh-action/v1.0.3/Dockerfile" "/home/runner/work/_actions/appleboy/ssh-action/v1.0.3"
build-and-deploy	UNKNOWN STEP	2026-02-23T13:08:12.3109425Z #0 building with "default" instance using docker driver
build-and-deploy	UNKNOWN STEP	2026-02-23T13:08:12.3109937Z 
build-and-deploy	UNKNOWN STEP	2026-02-23T13:08:12.3110224Z #1 [internal] load build definition from Dockerfile
build-and-deploy	UNKNOWN STEP	2026-02-23T13:08:12.3110917Z #1 transferring dockerfile: 149B done
build-and-deploy	UNKNOWN STEP	2026-02-23T13:08:12.4565448Z #1 DONE 0.4s
build-and-deploy	UNKNOWN STEP	2026-02-23T13:08:12.6343341Z 
build-and-deploy	UNKNOWN STEP	2026-02-23T13:08:12.6344169Z #2 [internal] load metadata for ghcr.io/appleboy/drone-ssh:1.7.3
build-and-deploy	UNKNOWN STEP	2026-02-23T13:08:13.1075130Z #2 DONE 0.5s
build-and-deploy	UNKNOWN STEP	2026-02-23T13:08:13.2147864Z 
build-and-deploy	UNKNOWN STEP	2026-02-23T13:08:13.2149434Z #3 [internal] load .dockerignore
build-and-deploy	UNKNOWN STEP	2026-02-23T13:08:13.2150445Z #3 transferring context: 2B done
build-and-deploy	UNKNOWN STEP	2026-02-23T13:08:13.2151756Z #3 DONE 0.0s
build-and-deploy	UNKNOWN STEP	2026-02-23T13:08:13.2152455Z 
build-and-deploy	UNKNOWN STEP	2026-02-23T13:08:13.2152895Z #4 [internal] load build context
build-and-deploy	UNKNOWN STEP	2026-02-23T13:08:13.2154203Z #4 transferring context: 108B done
build-and-deploy	UNKNOWN STEP	2026-02-23T13:08:13.2155056Z #4 DONE 0.0s
build-and-deploy	UNKNOWN STEP	2026-02-23T13:08:13.2155455Z 
build-and-deploy	UNKNOWN STEP	2026-02-23T13:08:13.2156480Z #5 [1/2] FROM ghcr.io/appleboy/drone-ssh:1.7.3@sha256:179cbd253771007f2ebcaf7a3860afe059207351de1f3378efafac93bd310158
build-and-deploy	UNKNOWN STEP	2026-02-23T13:08:13.2158744Z #5 resolve ghcr.io/appleboy/drone-ssh:1.7.3@sha256:179cbd253771007f2ebcaf7a3860afe059207351de1f3378efafac93bd310158 done
build-and-deploy	UNKNOWN STEP	2026-02-23T13:08:13.2159936Z #5 extracting sha256:1207c741d8c9b028d98c4006013f9de959da3c55f85b91ed5e4583438a0112ca
build-and-deploy	UNKNOWN STEP	2026-02-23T13:08:13.3239650Z #5 extracting sha256:1207c741d8c9b028d98c4006013f9de959da3c55f85b91ed5e4583438a0112ca 0.1s done
build-and-deploy	UNKNOWN STEP	2026-02-23T13:08:13.3241616Z #5 sha256:654aaee5654be60f81172539ecd74485cf8bbe2e9137bab0d429862c31c676f6 284.83kB / 284.83kB 0.1s done
build-and-deploy	UNKNOWN STEP	2026-02-23T13:08:13.3244859Z #5 sha256:7e20f48a19643465f486f59127b8f4e0f4114bedc8bd5260fb4f92d5fda95f1c 0B / 1.20kB 0.1s
build-and-deploy	UNKNOWN STEP	2026-02-23T13:08:13.3249922Z #5 sha256:066e5b821e26d8313055e0314c056e6c297847bcf963e5df10e7aa03107f2246 0B / 125B 0.1s
build-and-deploy	UNKNOWN STEP	2026-02-23T13:08:13.3251767Z #5 sha256:47353a6f9201a145b687290e5ae0278ac269faf4bb61bee3e9246c37a8d74277 0B / 2.44MB 0.1s
build-and-deploy	UNKNOWN STEP	2026-02-23T13:08:13.3253305Z #5 sha256:179cbd253771007f2ebcaf7a3860afe059207351de1f3378efafac93bd310158 2.38kB / 2.38kB done
build-and-deploy	UNKNOWN STEP	2026-02-23T13:08:13.3254608Z #5 sha256:1a52f94820e830bc9734623deb03bbafa6a248fba19cdc2e5605c70d90d91441 1.24kB / 1.24kB done
build-and-deploy	UNKNOWN STEP	2026-02-23T13:08:13.3255966Z #5 sha256:c4781b8d012b16b6c7468dc9104fad0a63f2a8815b2af8b7176bb544253ea8c7 3.86kB / 3.86kB done
build-and-deploy	UNKNOWN STEP	2026-02-23T13:08:13.3257428Z #5 sha256:1207c741d8c9b028d98c4006013f9de959da3c55f85b91ed5e4583438a0112ca 3.38MB / 3.38MB 0.1s done
build-and-deploy	UNKNOWN STEP	2026-02-23T13:08:13.3258850Z #5 extracting sha256:654aaee5654be60f81172539ecd74485cf8bbe2e9137bab0d429862c31c676f6
build-and-deploy	UNKNOWN STEP	2026-02-23T13:08:13.4244194Z #5 sha256:7e20f48a19643465f486f59127b8f4e0f4114bedc8bd5260fb4f92d5fda95f1c 1.20kB / 1.20kB 0.1s done
build-and-deploy	UNKNOWN STEP	2026-02-23T13:08:13.4245815Z #5 sha256:066e5b821e26d8313055e0314c056e6c297847bcf963e5df10e7aa03107f2246 125B / 125B 0.1s done
build-and-deploy	UNKNOWN STEP	2026-02-23T13:08:13.4247123Z #5 sha256:47353a6f9201a145b687290e5ae0278ac269faf4bb61bee3e9246c37a8d74277 2.44MB / 2.44MB 0.1s done
build-and-deploy	UNKNOWN STEP	2026-02-23T13:08:13.4248529Z #5 extracting sha256:654aaee5654be60f81172539ecd74485cf8bbe2e9137bab0d429862c31c676f6 0.0s done
build-and-deploy	UNKNOWN STEP	2026-02-23T13:08:13.4249931Z #5 extracting sha256:7e20f48a19643465f486f59127b8f4e0f4114bedc8bd5260fb4f92d5fda95f1c
build-and-deploy	UNKNOWN STEP	2026-02-23T13:08:13.6654821Z #5 extracting sha256:7e20f48a19643465f486f59127b8f4e0f4114bedc8bd5260fb4f92d5fda95f1c done
build-and-deploy	UNKNOWN STEP	2026-02-23T13:08:13.6655900Z #5 extracting sha256:066e5b821e26d8313055e0314c056e6c297847bcf963e5df10e7aa03107f2246 done
build-and-deploy	UNKNOWN STEP	2026-02-23T13:08:13.6656981Z #5 extracting sha256:47353a6f9201a145b687290e5ae0278ac269faf4bb61bee3e9246c37a8d74277 0.0s done
build-and-deploy	UNKNOWN STEP	2026-02-23T13:08:13.6657701Z #5 DONE 0.4s
build-and-deploy	UNKNOWN STEP	2026-02-23T13:08:13.6657881Z 
build-and-deploy	UNKNOWN STEP	2026-02-23T13:08:13.6658136Z #6 [2/2] COPY entrypoint.sh /bin/entrypoint.sh
build-and-deploy	UNKNOWN STEP	2026-02-23T13:08:13.6659015Z #6 DONE 0.0s
build-and-deploy	UNKNOWN STEP	2026-02-23T13:08:13.6659242Z 
build-and-deploy	UNKNOWN STEP	2026-02-23T13:08:13.6659401Z #7 exporting to image
build-and-deploy	UNKNOWN STEP	2026-02-23T13:08:13.6659989Z #7 exporting layers
build-and-deploy	UNKNOWN STEP	2026-02-23T13:08:14.0050461Z #7 exporting layers 0.5s done
build-and-deploy	UNKNOWN STEP	2026-02-23T13:08:14.0248232Z #7 writing image sha256:04b0970c92f15fcfdda04b6ed9444f03f273ef3523d060a78504a76c8b0212b5 done
build-and-deploy	UNKNOWN STEP	2026-02-23T13:08:14.0249630Z #7 naming to docker.io/library/b055f5:bee5f6999de84c09b175cc3311595225 done
build-and-deploy	UNKNOWN STEP	2026-02-23T13:08:14.0251622Z #7 DONE 0.5s
build-and-deploy	UNKNOWN STEP	2026-02-23T13:08:14.0358273Z ##[endgroup]
build-and-deploy	UNKNOWN STEP	2026-02-23T13:08:14.0669316Z ##[group]Run actions/checkout@v4
build-and-deploy	UNKNOWN STEP	2026-02-23T13:08:14.0669939Z with:
build-and-deploy	UNKNOWN STEP	2026-02-23T13:08:14.0670209Z   repository: stanisloveme-cloud/UPGRADE
build-and-deploy	UNKNOWN STEP	2026-02-23T13:08:14.0670744Z   token: ***
build-and-deploy	UNKNOWN STEP	2026-02-23T13:08:14.0670977Z   ssh-strict: true
build-and-deploy	UNKNOWN STEP	2026-02-23T13:08:14.0671221Z   ssh-user: git
build-and-deploy	UNKNOWN STEP	2026-02-23T13:08:14.0671470Z   persist-credentials: true
build-and-deploy	UNKNOWN STEP	2026-02-23T13:08:14.0671765Z   clean: true
build-and-deploy	UNKNOWN STEP	2026-02-23T13:08:14.0672014Z   sparse-checkout-cone-mode: true
build-and-deploy	UNKNOWN STEP	2026-02-23T13:08:14.0672590Z   fetch-depth: 1
build-and-deploy	UNKNOWN STEP	2026-02-23T13:08:14.0672827Z   fetch-tags: false
build-and-deploy	UNKNOWN STEP	2026-02-23T13:08:14.0673088Z   show-progress: true
build-and-deploy	UNKNOWN STEP	2026-02-23T13:08:14.0673318Z   lfs: false
build-and-deploy	UNKNOWN STEP	2026-02-23T13:08:14.0673532Z   submodules: false
build-and-deploy	UNKNOWN STEP	2026-02-23T13:08:14.0673799Z   set-safe-directory: true
build-and-deploy	UNKNOWN STEP	2026-02-23T13:08:14.0674338Z ##[endgroup]
build-and-deploy	UNKNOWN STEP	2026-02-23T13:08:14.1755217Z Syncing repository: stanisloveme-cloud/UPGRADE
build-and-deploy	UNKNOWN STEP	2026-02-23T13:08:14.1757225Z ##[group]Getting Git version info
build-and-deploy	UNKNOWN STEP	2026-02-23T13:08:14.1758027Z Working directory is '/home/runner/work/UPGRADE/UPGRADE'
build-and-deploy	UNKNOWN STEP	2026-02-23T13:08:14.1759084Z [command]/usr/bin/git version
build-and-deploy	UNKNOWN STEP	2026-02-23T13:08:14.1771755Z git version 2.52.0
build-and-deploy	UNKNOWN STEP	2026-02-23T13:08:14.1798273Z ##[endgroup]
build-and-deploy	UNKNOWN STEP	2026-02-23T13:08:14.1811713Z Temporarily overriding HOME='/home/runner/work/_temp/a1c08732-8c1b-4a1b-8711-c993574f3aff' before making global git config changes
build-and-deploy	UNKNOWN STEP	2026-02-23T13:08:14.1812832Z Adding repository directory to the temporary git global config as a safe directory
build-and-deploy	UNKNOWN STEP	2026-02-23T13:08:14.1824878Z [command]/usr/bin/git config --global --add safe.directory /home/runner/work/UPGRADE/UPGRADE
build-and-deploy	UNKNOWN STEP	2026-02-23T13:08:14.1865783Z Deleting the contents of '/home/runner/work/UPGRADE/UPGRADE'
build-and-deploy	UNKNOWN STEP	2026-02-23T13:08:14.1869274Z ##[group]Initializing the repository
build-and-deploy	UNKNOWN STEP	2026-02-23T13:08:14.1873515Z [command]/usr/bin/git init /home/runner/work/UPGRADE/UPGRADE
build-and-deploy	UNKNOWN STEP	2026-02-23T13:08:14.1969219Z hint: Using 'master' as the name for the initial branch. This default branch name
build-and-deploy	UNKNOWN STEP	2026-02-23T13:08:14.1969998Z hint: will change to "main" in Git 3.0. To configure the initial branch name
build-and-deploy	UNKNOWN STEP	2026-02-23T13:08:14.1970860Z hint: to use in all of your new repositories, which will suppress this warning,
build-and-deploy	UNKNOWN STEP	2026-02-23T13:08:14.1971270Z hint: call:
build-and-deploy	UNKNOWN STEP	2026-02-23T13:08:14.1971475Z hint:
build-and-deploy	UNKNOWN STEP	2026-02-23T13:08:14.1971784Z hint: 	git config --global init.defaultBranch <name>
build-and-deploy	UNKNOWN STEP	2026-02-23T13:08:14.1972121Z hint:
build-and-deploy	UNKNOWN STEP	2026-02-23T13:08:14.1972650Z hint: Names commonly chosen instead of 'master' are 'main', 'trunk' and
build-and-deploy	UNKNOWN STEP	2026-02-23T13:08:14.1973203Z hint: 'development'. The just-created branch can be renamed via this command:
build-and-deploy	UNKNOWN STEP	2026-02-23T13:08:14.1973810Z hint:
build-and-deploy	UNKNOWN STEP	2026-02-23T13:08:14.1974170Z hint: 	git branch -m <name>
build-and-deploy	UNKNOWN STEP	2026-02-23T13:08:14.1974570Z hint:
build-and-deploy	UNKNOWN STEP	2026-02-23T13:08:14.1974948Z hint: Disable this message with "git config set advice.defaultBranchName false"
build-and-deploy	UNKNOWN STEP	2026-02-23T13:08:14.1975522Z Initialized empty Git repository in /home/runner/work/UPGRADE/UPGRADE/.git/
build-and-deploy	UNKNOWN STEP	2026-02-23T13:08:14.1985300Z [command]/usr/bin/git remote add origin https://github.com/stanisloveme-cloud/UPGRADE
build-and-deploy	UNKNOWN STEP	2026-02-23T13:08:14.2019219Z ##[endgroup]
build-and-deploy	UNKNOWN STEP	2026-02-23T13:08:14.2019697Z ##[group]Disabling automatic garbage collection
build-and-deploy	UNKNOWN STEP	2026-02-23T13:08:14.2023446Z [command]/usr/bin/git config --local gc.auto 0
build-and-deploy	UNKNOWN STEP	2026-02-23T13:08:14.2051368Z ##[endgroup]
build-and-deploy	UNKNOWN STEP	2026-02-23T13:08:14.2051785Z ##[group]Setting up auth
build-and-deploy	UNKNOWN STEP	2026-02-23T13:08:14.2058205Z [command]/usr/bin/git config --local --name-only --get-regexp core\.sshCommand
build-and-deploy	UNKNOWN STEP	2026-02-23T13:08:14.2086906Z [command]/usr/bin/git submodule foreach --recursive sh -c "git config --local --name-only --get-regexp 'core\.sshCommand' && git config --local --unset-all 'core.sshCommand' || :"
build-and-deploy	UNKNOWN STEP	2026-02-23T13:08:14.2430206Z [command]/usr/bin/git config --local --name-only --get-regexp http\.https\:\/\/github\.com\/\.extraheader
build-and-deploy	UNKNOWN STEP	2026-02-23T13:08:14.2459700Z [command]/usr/bin/git submodule foreach --recursive sh -c "git config --local --name-only --get-regexp 'http\.https\:\/\/github\.com\/\.extraheader' && git config --local --unset-all 'http.https://github.com/.extraheader' || :"
build-and-deploy	UNKNOWN STEP	2026-02-23T13:08:14.2680233Z [command]/usr/bin/git config --local --name-only --get-regexp ^includeIf\.gitdir:
build-and-deploy	UNKNOWN STEP	2026-02-23T13:08:14.2710902Z [command]/usr/bin/git submodule foreach --recursive git config --local --show-origin --name-only --get-regexp remote.origin.url
build-and-deploy	UNKNOWN STEP	2026-02-23T13:08:14.2941512Z [command]/usr/bin/git config --local http.https://github.com/.extraheader AUTHORIZATION: basic ***
build-and-deploy	UNKNOWN STEP	2026-02-23T13:08:14.2975598Z ##[endgroup]
build-and-deploy	UNKNOWN STEP	2026-02-23T13:08:14.2976432Z ##[group]Fetching the repository
build-and-deploy	UNKNOWN STEP	2026-02-23T13:08:14.2985189Z [command]/usr/bin/git -c protocol.version=2 fetch --no-tags --prune --no-recurse-submodules --depth=1 origin +3ab1e98c621cc65e759171bd3813ea3c88785c42:refs/remotes/origin/main
build-and-deploy	UNKNOWN STEP	2026-02-23T13:08:15.4225015Z From https://github.com/stanisloveme-cloud/UPGRADE
build-and-deploy	UNKNOWN STEP	2026-02-23T13:08:15.4255693Z  * [new ref]         3ab1e98c621cc65e759171bd3813ea3c88785c42 -> origin/main
build-and-deploy	UNKNOWN STEP	2026-02-23T13:08:15.4257355Z ##[endgroup]
build-and-deploy	UNKNOWN STEP	2026-02-23T13:08:15.4257760Z ##[group]Determining the checkout info
build-and-deploy	UNKNOWN STEP	2026-02-23T13:08:15.4259041Z ##[endgroup]
build-and-deploy	UNKNOWN STEP	2026-02-23T13:08:15.4264246Z [command]/usr/bin/git sparse-checkout disable
build-and-deploy	UNKNOWN STEP	2026-02-23T13:08:15.4303861Z [command]/usr/bin/git config --local --unset-all extensions.worktreeConfig
build-and-deploy	UNKNOWN STEP	2026-02-23T13:08:15.4327853Z ##[group]Checking out the ref
build-and-deploy	UNKNOWN STEP	2026-02-23T13:08:15.4331551Z [command]/usr/bin/git checkout --progress --force -B main refs/remotes/origin/main
build-and-deploy	UNKNOWN STEP	2026-02-23T13:08:15.5571777Z Switched to a new branch 'main'
build-and-deploy	UNKNOWN STEP	2026-02-23T13:08:15.5573119Z branch 'main' set up to track 'origin/main'.
build-and-deploy	UNKNOWN STEP	2026-02-23T13:08:15.5588893Z ##[endgroup]
build-and-deploy	UNKNOWN STEP	2026-02-23T13:08:15.5626560Z [command]/usr/bin/git log -1 --format=%H
build-and-deploy	UNKNOWN STEP	2026-02-23T13:08:15.5647833Z 3ab1e98c621cc65e759171bd3813ea3c88785c42
build-and-deploy	UNKNOWN STEP	2026-02-23T13:08:15.5856844Z ##[group]Run docker/login-action@v3
build-and-deploy	UNKNOWN STEP	2026-02-23T13:08:15.5857146Z with:
build-and-deploy	UNKNOWN STEP	2026-02-23T13:08:15.5857445Z   username: ***
build-and-deploy	UNKNOWN STEP	2026-02-23T13:08:15.5857759Z   password: ***
build-and-deploy	UNKNOWN STEP	2026-02-23T13:08:15.5857976Z   logout: true
build-and-deploy	UNKNOWN STEP	2026-02-23T13:08:15.5858181Z ##[endgroup]
build-and-deploy	UNKNOWN STEP	2026-02-23T13:08:15.8967927Z Logging into docker.io...
build-and-deploy	UNKNOWN STEP	2026-02-23T13:08:16.1638734Z Login Succeeded!
build-and-deploy	UNKNOWN STEP	2026-02-23T13:08:16.1841624Z ##[group]Run docker/build-push-action@v5
build-and-deploy	UNKNOWN STEP	2026-02-23T13:08:16.1841939Z with:
build-and-deploy	UNKNOWN STEP	2026-02-23T13:08:16.1842137Z   context: .
build-and-deploy	UNKNOWN STEP	2026-02-23T13:08:16.1842644Z   file: Dockerfile
build-and-deploy	UNKNOWN STEP	2026-02-23T13:08:16.1842861Z   push: true
build-and-deploy	UNKNOWN STEP	2026-02-23T13:08:16.1843128Z   tags: ***/upgrade-backend:latest
build-and-deploy	UNKNOWN STEP	2026-02-23T13:08:16.1843405Z   load: false
build-and-deploy	UNKNOWN STEP	2026-02-23T13:08:16.1843603Z   no-cache: false
build-and-deploy	UNKNOWN STEP	2026-02-23T13:08:16.1843837Z   pull: false
build-and-deploy	UNKNOWN STEP	2026-02-23T13:08:16.1844150Z   github-token: ***
build-and-deploy	UNKNOWN STEP	2026-02-23T13:08:16.1844374Z ##[endgroup]
build-and-deploy	UNKNOWN STEP	2026-02-23T13:08:16.4059885Z ##[group]GitHub Actions runtime token ACs
build-and-deploy	UNKNOWN STEP	2026-02-23T13:08:16.4070727Z refs/heads/main: read/write
build-and-deploy	UNKNOWN STEP	2026-02-23T13:08:16.4073177Z ##[endgroup]
build-and-deploy	UNKNOWN STEP	2026-02-23T13:08:16.4073834Z ##[group]Docker info
build-and-deploy	UNKNOWN STEP	2026-02-23T13:08:16.4111435Z [command]/usr/bin/docker version
build-and-deploy	UNKNOWN STEP	2026-02-23T13:08:16.4296264Z Client: Docker Engine - Community
build-and-deploy	UNKNOWN STEP	2026-02-23T13:08:16.4299221Z  Version:           28.0.4
build-and-deploy	UNKNOWN STEP	2026-02-23T13:08:16.4299681Z  API version:       1.48
build-and-deploy	UNKNOWN STEP	2026-02-23T13:08:16.4300190Z  Go version:        go1.23.7
build-and-deploy	UNKNOWN STEP	2026-02-23T13:08:16.4300596Z  Git commit:        b8034c0
build-and-deploy	UNKNOWN STEP	2026-02-23T13:08:16.4301020Z  Built:             Tue Mar 25 15:07:16 2025
build-and-deploy	UNKNOWN STEP	2026-02-23T13:08:16.4301477Z  OS/Arch:           linux/amd64
build-and-deploy	UNKNOWN STEP	2026-02-23T13:08:16.4301872Z  Context:           default
build-and-deploy	UNKNOWN STEP	2026-02-23T13:08:16.4302125Z 
build-and-deploy	UNKNOWN STEP	2026-02-23T13:08:16.4302467Z Server: Docker Engine - Community
build-and-deploy	UNKNOWN STEP	2026-02-23T13:08:16.4302863Z  Engine:
build-and-deploy	UNKNOWN STEP	2026-02-23T13:08:16.4303076Z   Version:          28.0.4
build-and-deploy	UNKNOWN STEP	2026-02-23T13:08:16.4303351Z   API version:      1.48 (minimum version 1.24)
build-and-deploy	UNKNOWN STEP	2026-02-23T13:08:16.4303648Z   Go version:       go1.23.7
build-and-deploy	UNKNOWN STEP	2026-02-23T13:08:16.4303891Z   Git commit:       6430e49
build-and-deploy	UNKNOWN STEP	2026-02-23T13:08:16.4304154Z   Built:            Tue Mar 25 15:07:16 2025
build-and-deploy	UNKNOWN STEP	2026-02-23T13:08:16.4304437Z   OS/Arch:          linux/amd64
build-and-deploy	UNKNOWN STEP	2026-02-23T13:08:16.4304687Z   Experimental:     false
build-and-deploy	UNKNOWN STEP	2026-02-23T13:08:16.4304917Z  containerd:
build-and-deploy	UNKNOWN STEP	2026-02-23T13:08:16.4305115Z   Version:          v2.2.1
build-and-deploy	UNKNOWN STEP	2026-02-23T13:08:16.4305420Z   GitCommit:        dea7da592f5d1d2b7755e3a161be07f43fad8f75
build-and-deploy	UNKNOWN STEP	2026-02-23T13:08:16.4305742Z  runc:
build-and-deploy	UNKNOWN STEP	2026-02-23T13:08:16.4305933Z   Version:          1.3.4
build-and-deploy	UNKNOWN STEP	2026-02-23T13:08:16.4306177Z   GitCommit:        v1.3.4-0-gd6d73eb8
build-and-deploy	UNKNOWN STEP	2026-02-23T13:08:16.4306444Z  docker-init:
build-and-deploy	UNKNOWN STEP	2026-02-23T13:08:16.4306660Z   Version:          0.19.0
build-and-deploy	UNKNOWN STEP	2026-02-23T13:08:16.4306894Z   GitCommit:        de40ad0
build-and-deploy	UNKNOWN STEP	2026-02-23T13:08:16.4349322Z [command]/usr/bin/docker info
build-and-deploy	UNKNOWN STEP	2026-02-23T13:08:19.5054320Z Client: Docker Engine - Community
build-and-deploy	UNKNOWN STEP	2026-02-23T13:08:19.5055885Z  Version:    28.0.4
build-and-deploy	UNKNOWN STEP	2026-02-23T13:08:19.5056351Z  Context:    default
build-and-deploy	UNKNOWN STEP	2026-02-23T13:08:19.5056764Z  Debug Mode: false
build-and-deploy	UNKNOWN STEP	2026-02-23T13:08:19.5057117Z  Plugins:
build-and-deploy	UNKNOWN STEP	2026-02-23T13:08:19.5057448Z   buildx: Docker Buildx (Docker Inc.)
build-and-deploy	UNKNOWN STEP	2026-02-23T13:08:19.5057886Z     Version:  v0.31.1
build-and-deploy	UNKNOWN STEP	2026-02-23T13:08:19.5058341Z     Path:     /usr/libexec/docker/cli-plugins/docker-buildx
build-and-deploy	UNKNOWN STEP	2026-02-23T13:08:19.5058874Z   compose: Docker Compose (Docker Inc.)
build-and-deploy	UNKNOWN STEP	2026-02-23T13:08:19.5059307Z     Version:  v2.38.2
build-and-deploy	UNKNOWN STEP	2026-02-23T13:08:19.5059788Z     Path:     /usr/libexec/docker/cli-plugins/docker-compose
build-and-deploy	UNKNOWN STEP	2026-02-23T13:08:19.5060174Z 
build-and-deploy	UNKNOWN STEP	2026-02-23T13:08:19.5060306Z Server:
build-and-deploy	UNKNOWN STEP	2026-02-23T13:08:19.5060607Z  Containers: 0
build-and-deploy	UNKNOWN STEP	2026-02-23T13:08:19.5060936Z   Running: 0
build-and-deploy	UNKNOWN STEP	2026-02-23T13:08:19.5061247Z   Paused: 0
build-and-deploy	UNKNOWN STEP	2026-02-23T13:08:19.5061559Z   Stopped: 0
build-and-deploy	UNKNOWN STEP	2026-02-23T13:08:19.5061866Z  Images: 2
build-and-deploy	UNKNOWN STEP	2026-02-23T13:08:19.5062179Z  Server Version: 28.0.4
build-and-deploy	UNKNOWN STEP	2026-02-23T13:08:19.5062820Z  Storage Driver: overlay2
build-and-deploy	UNKNOWN STEP	2026-02-23T13:08:19.5063604Z   Backing Filesystem: extfs
build-and-deploy	UNKNOWN STEP	2026-02-23T13:08:19.5063996Z   Supports d_type: true
build-and-deploy	UNKNOWN STEP	2026-02-23T13:08:19.5064372Z   Using metacopy: false
build-and-deploy	UNKNOWN STEP	2026-02-23T13:08:19.5064739Z   Native Overlay Diff: false
build-and-deploy	UNKNOWN STEP	2026-02-23T13:08:19.5065133Z   userxattr: false
build-and-deploy	UNKNOWN STEP	2026-02-23T13:08:19.5065502Z  Logging Driver: json-file
build-and-deploy	UNKNOWN STEP	2026-02-23T13:08:19.5065899Z  Cgroup Driver: systemd
build-and-deploy	UNKNOWN STEP	2026-02-23T13:08:19.5066259Z  Cgroup Version: 2
build-and-deploy	UNKNOWN STEP	2026-02-23T13:08:19.5066586Z  Plugins:
build-and-deploy	UNKNOWN STEP	2026-02-23T13:08:19.5066922Z   Volume: local
build-and-deploy	UNKNOWN STEP	2026-02-23T13:08:19.5067321Z   Network: bridge host ipvlan macvlan null overlay
build-and-deploy	UNKNOWN STEP	2026-02-23T13:08:19.5068243Z   Log: awslogs fluentd gcplogs gelf journald json-file local splunk syslog
build-and-deploy	UNKNOWN STEP	2026-02-23T13:08:19.5068888Z  Swarm: inactive
build-and-deploy	UNKNOWN STEP	2026-02-23T13:08:19.5069264Z  Runtimes: io.containerd.runc.v2 runc
build-and-deploy	UNKNOWN STEP	2026-02-23T13:08:19.5069715Z  Default Runtime: runc
build-and-deploy	UNKNOWN STEP	2026-02-23T13:08:19.5070101Z  Init Binary: docker-init
build-and-deploy	UNKNOWN STEP	2026-02-23T13:08:19.5070614Z  containerd version: dea7da592f5d1d2b7755e3a161be07f43fad8f75
build-and-deploy	UNKNOWN STEP	2026-02-23T13:08:19.5071265Z  runc version: v1.3.4-0-gd6d73eb8
build-and-deploy	UNKNOWN STEP	2026-02-23T13:08:19.5071703Z  init version: de40ad0
build-and-deploy	UNKNOWN STEP	2026-02-23T13:08:19.5072069Z  Security Options:
build-and-deploy	UNKNOWN STEP	2026-02-23T13:08:19.5072572Z   apparmor
build-and-deploy	UNKNOWN STEP	2026-02-23T13:08:19.5072888Z   seccomp
build-and-deploy	UNKNOWN STEP	2026-02-23T13:08:19.5073201Z    Profile: builtin
build-and-deploy	UNKNOWN STEP	2026-02-23T13:08:19.5073541Z   cgroupns
build-and-deploy	UNKNOWN STEP	2026-02-23T13:08:19.5073851Z  Kernel Version: 6.11.0-1018-azure
build-and-deploy	UNKNOWN STEP	2026-02-23T13:08:19.5074310Z  Operating System: Ubuntu 24.04.3 LTS
build-and-deploy	UNKNOWN STEP	2026-02-23T13:08:19.5074720Z  OSType: linux
build-and-deploy	UNKNOWN STEP	2026-02-23T13:08:19.5074928Z  Architecture: x86_64
build-and-deploy	UNKNOWN STEP	2026-02-23T13:08:19.5075144Z  CPUs: 4
build-and-deploy	UNKNOWN STEP	2026-02-23T13:08:19.5075350Z  Total Memory: 15.62GiB
build-and-deploy	UNKNOWN STEP	2026-02-23T13:08:19.5075587Z  Name: runnervmwffz4
build-and-deploy	UNKNOWN STEP	2026-02-23T13:08:19.5075832Z  ID: 073c65d4-c458-42c9-935a-939d0489da0a
build-and-deploy	UNKNOWN STEP	2026-02-23T13:08:19.5076119Z  Docker Root Dir: /var/lib/docker
build-and-deploy	UNKNOWN STEP	2026-02-23T13:08:19.5076369Z  Debug Mode: false
build-and-deploy	UNKNOWN STEP	2026-02-23T13:08:19.5076708Z  Username: ***
build-and-deploy	UNKNOWN STEP	2026-02-23T13:08:19.5076930Z  Experimental: false
build-and-deploy	UNKNOWN STEP	2026-02-23T13:08:19.5077165Z  Insecure Registries:
build-and-deploy	UNKNOWN STEP	2026-02-23T13:08:19.5081971Z   ::1/128
build-and-deploy	UNKNOWN STEP	2026-02-23T13:08:19.5082423Z   127.0.0.0/8
build-and-deploy	UNKNOWN STEP	2026-02-23T13:08:19.5082729Z  Live Restore Enabled: false
build-and-deploy	UNKNOWN STEP	2026-02-23T13:08:19.5082969Z 
build-and-deploy	UNKNOWN STEP	2026-02-23T13:08:19.5083543Z ##[endgroup]
build-and-deploy	UNKNOWN STEP	2026-02-23T13:08:19.5084094Z ##[group]Proxy configuration
build-and-deploy	UNKNOWN STEP	2026-02-23T13:08:19.5084352Z No proxy configuration found
build-and-deploy	UNKNOWN STEP	2026-02-23T13:08:19.5084770Z ##[endgroup]
build-and-deploy	UNKNOWN STEP	2026-02-23T13:08:19.5879899Z ##[group]Buildx version
build-and-deploy	UNKNOWN STEP	2026-02-23T13:08:19.5919606Z [command]/usr/bin/docker buildx version
build-and-deploy	UNKNOWN STEP	2026-02-23T13:08:19.6661082Z github.com/docker/buildx v0.31.1 a2675950d46b2cb171b23c2015ca44fb88607531
build-and-deploy	UNKNOWN STEP	2026-02-23T13:08:19.6703634Z ##[endgroup]
build-and-deploy	UNKNOWN STEP	2026-02-23T13:08:19.6704385Z ##[group]Builder info
build-and-deploy	UNKNOWN STEP	2026-02-23T13:08:19.7591501Z {
build-and-deploy	UNKNOWN STEP	2026-02-23T13:08:19.7613140Z   "nodes": [
build-and-deploy	UNKNOWN STEP	2026-02-23T13:08:19.7615079Z     {
build-and-deploy	UNKNOWN STEP	2026-02-23T13:08:19.7615484Z       "name": "default",
build-and-deploy	UNKNOWN STEP	2026-02-23T13:08:19.7615951Z       "endpoint": "default",
build-and-deploy	UNKNOWN STEP	2026-02-23T13:08:19.7616410Z       "status": "running",
build-and-deploy	UNKNOWN STEP	2026-02-23T13:08:19.7616858Z       "buildkit": "v0.20.2",
build-and-deploy	UNKNOWN STEP	2026-02-23T13:08:19.7617530Z       "platforms": "linux/amd64,linux/amd64/v2,linux/amd64/v3,linux/386",
build-and-deploy	UNKNOWN STEP	2026-02-23T13:08:19.7618224Z       "features": {
build-and-deploy	UNKNOWN STEP	2026-02-23T13:08:19.7618829Z         "Automatically load images to the Docker Engine image store": true,
build-and-deploy	UNKNOWN STEP	2026-02-23T13:08:19.7619541Z         "Cache export": true,
build-and-deploy	UNKNOWN STEP	2026-02-23T13:08:19.7620002Z         "Direct push": true,
build-and-deploy	UNKNOWN STEP	2026-02-23T13:08:19.7620457Z         "Docker exporter": true,
build-and-deploy	UNKNOWN STEP	2026-02-23T13:08:19.7620936Z         "Multi-platform build": true,
build-and-deploy	UNKNOWN STEP	2026-02-23T13:08:19.7621449Z         "OCI exporter": true
build-and-deploy	UNKNOWN STEP	2026-02-23T13:08:19.7621891Z       },
build-and-deploy	UNKNOWN STEP	2026-02-23T13:08:19.7622468Z       "labels": {
build-and-deploy	UNKNOWN STEP	2026-02-23T13:08:19.7623088Z         "org.mobyproject.buildkit.worker.moby.host-gateway-ip": "172.17.0.1"
build-and-deploy	UNKNOWN STEP	2026-02-23T13:08:19.7623767Z       }
build-and-deploy	UNKNOWN STEP	2026-02-23T13:08:19.7624100Z     }
build-and-deploy	UNKNOWN STEP	2026-02-23T13:08:19.7624427Z   ],
build-and-deploy	UNKNOWN STEP	2026-02-23T13:08:19.7624772Z   "name": "default",
build-and-deploy	UNKNOWN STEP	2026-02-23T13:08:19.7625172Z   "driver": "docker",
build-and-deploy	UNKNOWN STEP	2026-02-23T13:08:19.7625602Z   "lastActivity": "2026-02-23T13:08:11.000Z"
build-and-deploy	UNKNOWN STEP	2026-02-23T13:08:19.7626488Z }
build-and-deploy	UNKNOWN STEP	2026-02-23T13:08:19.7627897Z ##[endgroup]
build-and-deploy	UNKNOWN STEP	2026-02-23T13:08:19.9567163Z [command]/usr/bin/docker buildx build --file Dockerfile --iidfile /home/runner/work/_temp/docker-actions-toolkit-iZ0Osn/build-iidfile-96ed27a486.txt --tag ***/upgrade-backend:latest --metadata-file /home/runner/work/_temp/docker-actions-toolkit-iZ0Osn/build-metadata-d48d9973cb.json --push .
build-and-deploy	UNKNOWN STEP	2026-02-23T13:08:20.0506186Z #0 building with "default" instance using docker driver
build-and-deploy	UNKNOWN STEP	2026-02-23T13:08:20.0506506Z 
build-and-deploy	UNKNOWN STEP	2026-02-23T13:08:20.0506658Z #1 [internal] load build definition from Dockerfile
build-and-deploy	UNKNOWN STEP	2026-02-23T13:08:20.2681179Z #1 transferring dockerfile: 796B done
build-and-deploy	UNKNOWN STEP	2026-02-23T13:08:20.2681622Z #1 DONE 0.0s
build-and-deploy	UNKNOWN STEP	2026-02-23T13:08:20.2681776Z 
build-and-deploy	UNKNOWN STEP	2026-02-23T13:08:20.2681976Z #2 [auth] library/node:pull token for registry-1.docker.io
build-and-deploy	UNKNOWN STEP	2026-02-23T13:08:20.2682586Z #2 DONE 0.0s
build-and-deploy	UNKNOWN STEP	2026-02-23T13:08:20.2682730Z 
build-and-deploy	UNKNOWN STEP	2026-02-23T13:08:20.2682930Z #3 [internal] load metadata for docker.io/library/node:20-slim
build-and-deploy	UNKNOWN STEP	2026-02-23T13:08:20.5453603Z #3 DONE 0.5s
build-and-deploy	UNKNOWN STEP	2026-02-23T13:08:20.6620313Z 
build-and-deploy	UNKNOWN STEP	2026-02-23T13:08:20.6621107Z #4 [internal] load .dockerignore
build-and-deploy	UNKNOWN STEP	2026-02-23T13:08:20.6621697Z #4 transferring context: 112B done
build-and-deploy	UNKNOWN STEP	2026-02-23T13:08:20.6622423Z #4 DONE 0.0s
build-and-deploy	UNKNOWN STEP	2026-02-23T13:08:20.6622671Z 
build-and-deploy	UNKNOWN STEP	2026-02-23T13:08:20.6622830Z #5 [internal] load build context
build-and-deploy	UNKNOWN STEP	2026-02-23T13:08:20.6624545Z #5 transferring context: 2.14MB 0.0s done
build-and-deploy	UNKNOWN STEP	2026-02-23T13:08:20.6625163Z #5 DONE 0.0s
build-and-deploy	UNKNOWN STEP	2026-02-23T13:08:20.6625388Z 
build-and-deploy	UNKNOWN STEP	2026-02-23T13:08:20.6626081Z #6 [builder 1/9] FROM docker.io/library/node:20-slim@sha256:c6585df72c34172bebd8d36abed961e231d7d3b5cee2e01294c4495e8a03f687
build-and-deploy	UNKNOWN STEP	2026-02-23T13:08:20.6627585Z #6 resolve docker.io/library/node:20-slim@sha256:c6585df72c34172bebd8d36abed961e231d7d3b5cee2e01294c4495e8a03f687 done
build-and-deploy	UNKNOWN STEP	2026-02-23T13:08:20.6628972Z #6 sha256:1096d6b5560fa2f1e252681cbe7da839860715b80bb08867931ddb8c2d410945 6.88kB / 6.88kB done
build-and-deploy	UNKNOWN STEP	2026-02-23T13:08:20.6629838Z #6 sha256:4831516dd0cb86845f5f902cb9b9d25b5c853152c337eb57e4737a9b7e2a2eb9 0B / 28.23MB 0.1s
build-and-deploy	UNKNOWN STEP	2026-02-23T13:08:20.6630525Z #6 sha256:9d66d95167c29e1f4d0399617e49250519defda4aa8ea5919064ab3dbd6f0627 0B / 3.31kB 0.1s
build-and-deploy	UNKNOWN STEP	2026-02-23T13:08:20.6631224Z #6 sha256:1a0393491048e0b5148349736f25b7d015e244fee9ab757ef2b0824dc65f3bb9 0B / 40.98MB 0.1s
build-and-deploy	UNKNOWN STEP	2026-02-23T13:08:20.6631920Z #6 sha256:c6585df72c34172bebd8d36abed961e231d7d3b5cee2e01294c4495e8a03f687 6.49kB / 6.49kB done
build-and-deploy	UNKNOWN STEP	2026-02-23T13:08:20.6632851Z #6 sha256:721fb2bf28abf97fe5e59dd2660a9b30edeb746f0952c261500ef08030e1385a 1.93kB / 1.93kB done
build-and-deploy	UNKNOWN STEP	2026-02-23T13:08:20.7623021Z #6 sha256:4831516dd0cb86845f5f902cb9b9d25b5c853152c337eb57e4737a9b7e2a2eb9 6.29MB / 28.23MB 0.2s
build-and-deploy	UNKNOWN STEP	2026-02-23T13:08:20.7624345Z #6 sha256:9d66d95167c29e1f4d0399617e49250519defda4aa8ea5919064ab3dbd6f0627 3.31kB / 3.31kB 0.2s done
build-and-deploy	UNKNOWN STEP	2026-02-23T13:08:20.7625326Z #6 sha256:1a0393491048e0b5148349736f25b7d015e244fee9ab757ef2b0824dc65f3bb9 3.15MB / 40.98MB 0.2s
build-and-deploy	UNKNOWN STEP	2026-02-23T13:08:20.7626169Z #6 sha256:786a2dcd5a595e7a3d71eacdb266b1f3057397d8a882e9d5a7e55214ea80a21f 0B / 1.71MB 0.2s
build-and-deploy	UNKNOWN STEP	2026-02-23T13:08:20.8626316Z #6 sha256:4831516dd0cb86845f5f902cb9b9d25b5c853152c337eb57e4737a9b7e2a2eb9 12.58MB / 28.23MB 0.3s
build-and-deploy	UNKNOWN STEP	2026-02-23T13:08:20.8627572Z #6 sha256:1a0393491048e0b5148349736f25b7d015e244fee9ab757ef2b0824dc65f3bb9 10.49MB / 40.98MB 0.3s
build-and-deploy	UNKNOWN STEP	2026-02-23T13:08:20.8628689Z #6 sha256:786a2dcd5a595e7a3d71eacdb266b1f3057397d8a882e9d5a7e55214ea80a21f 1.71MB / 1.71MB 0.3s
build-and-deploy	UNKNOWN STEP	2026-02-23T13:08:20.9627215Z #6 sha256:4831516dd0cb86845f5f902cb9b9d25b5c853152c337eb57e4737a9b7e2a2eb9 17.83MB / 28.23MB 0.4s
build-and-deploy	UNKNOWN STEP	2026-02-23T13:08:20.9628290Z #6 sha256:1a0393491048e0b5148349736f25b7d015e244fee9ab757ef2b0824dc65f3bb9 16.78MB / 40.98MB 0.4s
build-and-deploy	UNKNOWN STEP	2026-02-23T13:08:20.9629341Z #6 sha256:786a2dcd5a595e7a3d71eacdb266b1f3057397d8a882e9d5a7e55214ea80a21f 1.71MB / 1.71MB 0.3s done
build-and-deploy	UNKNOWN STEP	2026-02-23T13:08:20.9630320Z #6 sha256:7aa087727009d9926282b77e9386998f27b6535e550659c7fc1d4ea3b9a973bd 0B / 447B 0.4s
build-and-deploy	UNKNOWN STEP	2026-02-23T13:08:21.1583471Z #6 sha256:4831516dd0cb86845f5f902cb9b9d25b5c853152c337eb57e4737a9b7e2a2eb9 26.21MB / 28.23MB 0.5s
build-and-deploy	UNKNOWN STEP	2026-02-23T13:08:21.1584409Z #6 sha256:1a0393491048e0b5148349736f25b7d015e244fee9ab757ef2b0824dc65f3bb9 23.07MB / 40.98MB 0.5s
build-and-deploy	UNKNOWN STEP	2026-02-23T13:08:21.1585379Z #6 sha256:7aa087727009d9926282b77e9386998f27b6535e550659c7fc1d4ea3b9a973bd 447B / 447B 0.4s done
build-and-deploy	UNKNOWN STEP	2026-02-23T13:08:21.1585984Z #6 extracting sha256:4831516dd0cb86845f5f902cb9b9d25b5c853152c337eb57e4737a9b7e2a2eb9
build-and-deploy	UNKNOWN STEP	2026-02-23T13:08:21.2587914Z #6 sha256:4831516dd0cb86845f5f902cb9b9d25b5c853152c337eb57e4737a9b7e2a2eb9 28.23MB / 28.23MB 0.6s done
build-and-deploy	UNKNOWN STEP	2026-02-23T13:08:21.2589190Z #6 sha256:1a0393491048e0b5148349736f25b7d015e244fee9ab757ef2b0824dc65f3bb9 32.51MB / 40.98MB 0.6s
build-and-deploy	UNKNOWN STEP	2026-02-23T13:08:21.3618623Z #6 sha256:1a0393491048e0b5148349736f25b7d015e244fee9ab757ef2b0824dc65f3bb9 40.98MB / 40.98MB 0.7s done
build-and-deploy	UNKNOWN STEP	2026-02-23T13:08:22.1642614Z #6 extracting sha256:4831516dd0cb86845f5f902cb9b9d25b5c853152c337eb57e4737a9b7e2a2eb9 1.0s done
build-and-deploy	UNKNOWN STEP	2026-02-23T13:08:22.2935837Z #6 extracting sha256:9d66d95167c29e1f4d0399617e49250519defda4aa8ea5919064ab3dbd6f0627 done
build-and-deploy	UNKNOWN STEP	2026-02-23T13:08:22.2936872Z #6 extracting sha256:1a0393491048e0b5148349736f25b7d015e244fee9ab757ef2b0824dc65f3bb9
build-and-deploy	UNKNOWN STEP	2026-02-23T13:08:23.4560470Z #6 extracting sha256:1a0393491048e0b5148349736f25b7d015e244fee9ab757ef2b0824dc65f3bb9 1.0s done
build-and-deploy	UNKNOWN STEP	2026-02-23T13:08:23.4561997Z #6 extracting sha256:786a2dcd5a595e7a3d71eacdb266b1f3057397d8a882e9d5a7e55214ea80a21f 0.0s done
build-and-deploy	UNKNOWN STEP	2026-02-23T13:08:23.6668635Z #6 extracting sha256:7aa087727009d9926282b77e9386998f27b6535e550659c7fc1d4ea3b9a973bd done
build-and-deploy	UNKNOWN STEP	2026-02-23T13:08:23.6669290Z #6 DONE 3.0s
build-and-deploy	UNKNOWN STEP	2026-02-23T13:08:23.6669510Z 
build-and-deploy	UNKNOWN STEP	2026-02-23T13:08:23.6669847Z #7 [builder 2/9] RUN apt-get update -y && apt-get install -y openssl
build-and-deploy	UNKNOWN STEP	2026-02-23T13:08:23.6676319Z #7 0.151 Get:1 http://deb.debian.org/debian bookworm InRelease [151 kB]
build-and-deploy	UNKNOWN STEP	2026-02-23T13:08:23.7873348Z #7 0.161 Get:2 http://deb.debian.org/debian bookworm-updates InRelease [55.4 kB]
build-and-deploy	UNKNOWN STEP	2026-02-23T13:08:23.7874355Z #7 0.161 Get:3 http://deb.debian.org/debian-security bookworm-security InRelease [48.0 kB]
build-and-deploy	UNKNOWN STEP	2026-02-23T13:08:23.7875300Z #7 0.216 Get:4 http://deb.debian.org/debian bookworm/main amd64 Packages [8792 kB]
build-and-deploy	UNKNOWN STEP	2026-02-23T13:08:23.7876216Z #7 0.271 Get:5 http://deb.debian.org/debian bookworm-updates/main amd64 Packages [6924 B]
build-and-deploy	UNKNOWN STEP	2026-02-23T13:08:23.9837680Z #7 0.317 Get:6 http://deb.debian.org/debian-security bookworm-security/main amd64 Packages [297 kB]
build-and-deploy	UNKNOWN STEP	2026-02-23T13:08:24.5409187Z #7 1.025 Fetched 9350 kB in 1s (10.6 MB/s)
build-and-deploy	UNKNOWN STEP	2026-02-23T13:08:24.9505155Z #7 1.025 Reading package lists...
build-and-deploy	UNKNOWN STEP	2026-02-23T13:08:25.3791626Z #7 1.451 Reading package lists...
build-and-deploy	UNKNOWN STEP	2026-02-23T13:08:25.4951128Z #7 1.872 Building dependency tree...
build-and-deploy	UNKNOWN STEP	2026-02-23T13:08:25.4951870Z #7 1.979 Reading state information...
build-and-deploy	UNKNOWN STEP	2026-02-23T13:08:25.6049326Z #7 2.070 The following additional packages will be installed:
build-and-deploy	UNKNOWN STEP	2026-02-23T13:08:25.6049973Z #7 2.070   libssl3
build-and-deploy	UNKNOWN STEP	2026-02-23T13:08:25.6050348Z #7 2.071 Suggested packages:
build-and-deploy	UNKNOWN STEP	2026-02-23T13:08:25.6050633Z #7 2.071   ca-certificates
build-and-deploy	UNKNOWN STEP	2026-02-23T13:08:25.6050937Z #7 2.089 The following NEW packages will be installed:
build-and-deploy	UNKNOWN STEP	2026-02-23T13:08:25.7306007Z #7 2.089   libssl3 openssl
build-and-deploy	UNKNOWN STEP	2026-02-23T13:08:25.7306722Z #7 2.105 0 upgraded, 2 newly installed, 0 to remove and 1 not upgraded.
build-and-deploy	UNKNOWN STEP	2026-02-23T13:08:25.7307456Z #7 2.105 Need to get 3462 kB of archives.
build-and-deploy	UNKNOWN STEP	2026-02-23T13:08:25.7308130Z #7 2.105 After this operation, 8532 kB of additional disk space will be used.
build-and-deploy	UNKNOWN STEP	2026-02-23T13:08:25.7309226Z #7 2.105 Get:1 http://deb.debian.org/debian-security bookworm-security/main amd64 libssl3 amd64 3.0.18-1~deb12u2 [2030 kB]
build-and-deploy	UNKNOWN STEP	2026-02-23T13:08:25.7310506Z #7 2.120 Get:2 http://deb.debian.org/debian-security bookworm-security/main amd64 openssl amd64 3.0.18-1~deb12u2 [1433 kB]
build-and-deploy	UNKNOWN STEP	2026-02-23T13:08:25.7311614Z #7 2.214 debconf: delaying package configuration, since apt-utils is not installed
build-and-deploy	UNKNOWN STEP	2026-02-23T13:08:25.9003393Z #7 2.236 Fetched 3462 kB in 0s (94.9 MB/s)
build-and-deploy	UNKNOWN STEP	2026-02-23T13:08:25.9004118Z #7 2.253 Selecting previously unselected package libssl3:amd64.
build-and-deploy	UNKNOWN STEP	2026-02-23T13:08:25.9004720Z #7 2.253 (Reading database ... 
build-and-deploy	UNKNOWN STEP	2026-02-23T13:08:25.9005128Z (Reading database ... 5%
build-and-deploy	UNKNOWN STEP	2026-02-23T13:08:25.9005531Z (Reading database ... 10%
build-and-deploy	UNKNOWN STEP	2026-02-23T13:08:25.9005920Z (Reading database ... 15%
build-and-deploy	UNKNOWN STEP	2026-02-23T13:08:25.9006313Z (Reading database ... 20%
build-and-deploy	UNKNOWN STEP	2026-02-23T13:08:25.9006874Z (Reading database ... 25%
build-and-deploy	UNKNOWN STEP	2026-02-23T13:08:25.9007120Z (Reading database ... 30%
build-and-deploy	UNKNOWN STEP	2026-02-23T13:08:25.9007369Z (Reading database ... 35%
build-and-deploy	UNKNOWN STEP	2026-02-23T13:08:25.9007601Z (Reading database ... 40%
build-and-deploy	UNKNOWN STEP	2026-02-23T13:08:25.9007832Z (Reading database ... 45%
build-and-deploy	UNKNOWN STEP	2026-02-23T13:08:25.9008070Z (Reading database ... 50%
build-and-deploy	UNKNOWN STEP	2026-02-23T13:08:25.9008304Z (Reading database ... 55%
build-and-deploy	UNKNOWN STEP	2026-02-23T13:08:25.9008541Z (Reading database ... 60%
build-and-deploy	UNKNOWN STEP	2026-02-23T13:08:25.9008774Z (Reading database ... 65%
build-and-deploy	UNKNOWN STEP	2026-02-23T13:08:25.9009007Z (Reading database ... 70%
build-and-deploy	UNKNOWN STEP	2026-02-23T13:08:25.9009384Z (Reading database ... 75%
build-and-deploy	UNKNOWN STEP	2026-02-23T13:08:25.9010248Z (Reading database ... 80%
build-and-deploy	UNKNOWN STEP	2026-02-23T13:08:25.9010989Z (Reading database ... 85%
build-and-deploy	UNKNOWN STEP	2026-02-23T13:08:25.9011456Z (Reading database ... 90%
build-and-deploy	UNKNOWN STEP	2026-02-23T13:08:25.9012122Z (Reading database ... 95%
build-and-deploy	UNKNOWN STEP	2026-02-23T13:08:25.9012731Z (Reading database ... 100%
build-and-deploy	UNKNOWN STEP	2026-02-23T13:08:25.9013094Z (Reading database ... 6096 files and directories currently installed.)
build-and-deploy	UNKNOWN STEP	2026-02-23T13:08:25.9013585Z #7 2.258 Preparing to unpack .../libssl3_3.0.18-1~deb12u2_amd64.deb ...
build-and-deploy	UNKNOWN STEP	2026-02-23T13:08:25.9014000Z #7 2.260 Unpacking libssl3:amd64 (3.0.18-1~deb12u2) ...
build-and-deploy	UNKNOWN STEP	2026-02-23T13:08:25.9014358Z #7 2.384 Selecting previously unselected package openssl.
build-and-deploy	UNKNOWN STEP	2026-02-23T13:08:26.0019579Z #7 2.385 Preparing to unpack .../openssl_3.0.18-1~deb12u2_amd64.deb ...
build-and-deploy	UNKNOWN STEP	2026-02-23T13:08:26.0020272Z #7 2.387 Unpacking openssl (3.0.18-1~deb12u2) ...
build-and-deploy	UNKNOWN STEP	2026-02-23T13:08:26.0020712Z #7 2.482 Setting up libssl3:amd64 (3.0.18-1~deb12u2) ...
build-and-deploy	UNKNOWN STEP	2026-02-23T13:08:26.0021344Z #7 2.486 Setting up openssl (3.0.18-1~deb12u2) ...
build-and-deploy	UNKNOWN STEP	2026-02-23T13:08:26.1232438Z #7 2.491 Processing triggers for libc-bin (2.36-9+deb12u13) ...
build-and-deploy	UNKNOWN STEP	2026-02-23T13:08:26.1233333Z #7 DONE 2.5s
build-and-deploy	UNKNOWN STEP	2026-02-23T13:08:26.1233554Z 
build-and-deploy	UNKNOWN STEP	2026-02-23T13:08:26.1233719Z #8 [builder 3/9] WORKDIR /app
build-and-deploy	UNKNOWN STEP	2026-02-23T13:08:26.1234140Z #8 DONE 0.0s
build-and-deploy	UNKNOWN STEP	2026-02-23T13:08:26.1234337Z 
build-and-deploy	UNKNOWN STEP	2026-02-23T13:08:26.1234532Z #9 [builder 4/9] COPY package*.json ./
build-and-deploy	UNKNOWN STEP	2026-02-23T13:08:26.1234978Z #9 DONE 0.0s
build-and-deploy	UNKNOWN STEP	2026-02-23T13:08:26.1235190Z 
build-and-deploy	UNKNOWN STEP	2026-02-23T13:08:26.1235365Z #10 [builder 5/9] COPY prisma ./prisma/
build-and-deploy	UNKNOWN STEP	2026-02-23T13:08:26.1235808Z #10 DONE 0.0s
build-and-deploy	UNKNOWN STEP	2026-02-23T13:08:26.1236005Z 
build-and-deploy	UNKNOWN STEP	2026-02-23T13:08:26.1236204Z #11 [stage-1 6/9] COPY prisma.config.ts ./
build-and-deploy	UNKNOWN STEP	2026-02-23T13:08:26.1236678Z #11 DONE 0.0s
build-and-deploy	UNKNOWN STEP	2026-02-23T13:08:26.1236874Z 
build-and-deploy	UNKNOWN STEP	2026-02-23T13:08:26.1237039Z #12 [builder 6/9] RUN npm ci
build-and-deploy	UNKNOWN STEP	2026-02-23T13:08:30.5284890Z #12 4.277 npm warn deprecated rimraf@2.7.1: Rimraf versions prior to v4 are no longer supported
build-and-deploy	UNKNOWN STEP	2026-02-23T13:08:31.0777735Z #12 4.977 npm warn deprecated lodash.isequal@4.5.0: This package is deprecated. Use require('node:util').isDeepStrictEqual instead.
build-and-deploy	UNKNOWN STEP	2026-02-23T13:08:31.5984464Z #12 5.498 npm warn deprecated inflight@1.0.6: This module is not supported, and leaks memory. Do not use it. Check out lru-cache if you want a good and tested way to coalesce async requests by a key value, which is much more comprehensive and powerful.
build-and-deploy	UNKNOWN STEP	2026-02-23T13:08:32.6832096Z #12 6.582 npm warn deprecated fstream@1.0.12: This package is no longer supported.
build-and-deploy	UNKNOWN STEP	2026-02-23T13:08:34.3333822Z #12 ...
build-and-deploy	UNKNOWN STEP	2026-02-23T13:08:34.3336296Z 
build-and-deploy	UNKNOWN STEP	2026-02-23T13:08:34.3336650Z #13 [stage-1 7/9] RUN npm ci --omit=dev && npx prisma generate
build-and-deploy	UNKNOWN STEP	2026-02-23T13:08:34.3339244Z #13 2.736 npm warn deprecated rimraf@2.7.1: Rimraf versions prior to v4 are no longer supported
build-and-deploy	UNKNOWN STEP	2026-02-23T13:08:34.3340547Z #13 3.200 npm warn deprecated lodash.isequal@4.5.0: This package is deprecated. Use require('node:util').isDeepStrictEqual instead.
build-and-deploy	UNKNOWN STEP	2026-02-23T13:08:34.3343497Z #13 3.503 npm warn deprecated inflight@1.0.6: This module is not supported, and leaks memory. Do not use it. Check out lru-cache if you want a good and tested way to coalesce async requests by a key value, which is much more comprehensive and powerful.
build-and-deploy	UNKNOWN STEP	2026-02-23T13:08:34.3346624Z #13 4.185 npm warn deprecated glob@7.2.3: Old versions of glob are not supported, and contain widely publicized security vulnerabilities, which have been fixed in the current version. Please update. Support for old versions may be purchased (at exorbitant rates) by contacting i@izs.me
build-and-deploy	UNKNOWN STEP	2026-02-23T13:08:34.3350907Z #13 4.192 npm warn deprecated fstream@1.0.12: This package is no longer supported.
build-and-deploy	UNKNOWN STEP	2026-02-23T13:08:34.3353228Z #13 4.214 npm warn deprecated glob@7.2.3: Old versions of glob are not supported, and contain widely publicized security vulnerabilities, which have been fixed in the current version. Please update. Support for old versions may be purchased (at exorbitant rates) by contacting i@izs.me
build-and-deploy	UNKNOWN STEP	2026-02-23T13:08:34.3356795Z #13 4.242 npm warn deprecated glob@7.2.3: Old versions of glob are not supported, and contain widely publicized security vulnerabilities, which have been fixed in the current version. Please update. Support for old versions may be purchased (at exorbitant rates) by contacting i@izs.me
build-and-deploy	UNKNOWN STEP	2026-02-23T13:08:34.6491821Z #13 ...
build-and-deploy	UNKNOWN STEP	2026-02-23T13:08:34.6499660Z 
build-and-deploy	UNKNOWN STEP	2026-02-23T13:08:34.6500059Z #12 [builder 6/9] RUN npm ci
build-and-deploy	UNKNOWN STEP	2026-02-23T13:08:34.6502455Z #12 8.548 npm warn deprecated glob@7.2.3: Old versions of glob are not supported, and contain widely publicized security vulnerabilities, which have been fixed in the current version. Please update. Support for old versions may be purchased (at exorbitant rates) by contacting i@izs.me
build-and-deploy	UNKNOWN STEP	2026-02-23T13:08:34.8155452Z #12 8.715 npm warn deprecated glob@7.2.3: Old versions of glob are not supported, and contain widely publicized security vulnerabilities, which have been fixed in the current version. Please update. Support for old versions may be purchased (at exorbitant rates) by contacting i@izs.me
build-and-deploy	UNKNOWN STEP	2026-02-23T13:08:34.9672913Z #12 8.715 npm warn deprecated glob@7.2.3: Old versions of glob are not supported, and contain widely publicized security vulnerabilities, which have been fixed in the current version. Please update. Support for old versions may be purchased (at exorbitant rates) by contacting i@izs.me
build-and-deploy	UNKNOWN STEP	2026-02-23T13:08:35.0146619Z #12 8.914 npm warn deprecated glob@7.2.3: Old versions of glob are not supported, and contain widely publicized security vulnerabilities, which have been fixed in the current version. Please update. Support for old versions may be purchased (at exorbitant rates) by contacting i@izs.me
build-and-deploy	UNKNOWN STEP	2026-02-23T13:08:36.4326072Z #12 10.33 npm warn deprecated glob@10.5.0: Old versions of glob are not supported, and contain widely publicized security vulnerabilities, which have been fixed in the current version. Please update. Support for old versions may be purchased (at exorbitant rates) by contacting i@izs.me
build-and-deploy	UNKNOWN STEP	2026-02-23T13:08:36.6565130Z #12 10.38 npm warn deprecated glob@10.5.0: Old versions of glob are not supported, and contain widely publicized security vulnerabilities, which have been fixed in the current version. Please update. Support for old versions may be purchased (at exorbitant rates) by contacting i@izs.me
build-and-deploy	UNKNOWN STEP	2026-02-23T13:08:36.6568402Z #12 10.40 npm warn deprecated glob@10.5.0: Old versions of glob are not supported, and contain widely publicized security vulnerabilities, which have been fixed in the current version. Please update. Support for old versions may be purchased (at exorbitant rates) by contacting i@izs.me
build-and-deploy	UNKNOWN STEP	2026-02-23T13:08:40.3024477Z #12 ...
build-and-deploy	UNKNOWN STEP	2026-02-23T13:08:40.3024746Z 
build-and-deploy	UNKNOWN STEP	2026-02-23T13:08:40.3025095Z #13 [stage-1 7/9] RUN npm ci --omit=dev && npx prisma generate
build-and-deploy	UNKNOWN STEP	2026-02-23T13:08:40.3025739Z #13 14.18 
build-and-deploy	UNKNOWN STEP	2026-02-23T13:08:40.3026202Z #13 14.18 added 357 packages, and audited 358 packages in 14s
build-and-deploy	UNKNOWN STEP	2026-02-23T13:08:40.4497037Z #13 14.18 
build-and-deploy	UNKNOWN STEP	2026-02-23T13:08:40.4497617Z #13 14.18 56 packages are looking for funding
build-and-deploy	UNKNOWN STEP	2026-02-23T13:08:40.4499382Z #13 14.18   run `npm fund` for details
build-and-deploy	UNKNOWN STEP	2026-02-23T13:08:40.4499765Z #13 14.33 
build-and-deploy	UNKNOWN STEP	2026-02-23T13:08:40.4500052Z #13 14.33 16 vulnerabilities (8 moderate, 8 high)
build-and-deploy	UNKNOWN STEP	2026-02-23T13:08:40.4500512Z #13 14.33 
build-and-deploy	UNKNOWN STEP	2026-02-23T13:08:40.4500997Z #13 14.33 To address issues that do not require attention, run:
build-and-deploy	UNKNOWN STEP	2026-02-23T13:08:40.4501612Z #13 14.33   npm audit fix
build-and-deploy	UNKNOWN STEP	2026-02-23T13:08:40.4502001Z #13 14.33 
build-and-deploy	UNKNOWN STEP	2026-02-23T13:08:40.4502728Z #13 14.33 To address all issues (including breaking changes), run:
build-and-deploy	UNKNOWN STEP	2026-02-23T13:08:40.4503369Z #13 14.33   npm audit fix --force
build-and-deploy	UNKNOWN STEP	2026-02-23T13:08:40.4504099Z #13 14.33 
build-and-deploy	UNKNOWN STEP	2026-02-23T13:08:40.4505661Z #13 14.33 Run `npm audit` for details.
build-and-deploy	UNKNOWN STEP	2026-02-23T13:08:40.6017586Z #13 14.33 npm notice
build-and-deploy	UNKNOWN STEP	2026-02-23T13:08:40.6018217Z #13 14.33 npm notice New major version of npm available! 10.8.2 -> 11.10.1
build-and-deploy	UNKNOWN STEP	2026-02-23T13:08:40.6019082Z #13 14.33 npm notice Changelog: https://github.com/npm/cli/releases/tag/v11.10.1
build-and-deploy	UNKNOWN STEP	2026-02-23T13:08:40.6019907Z #13 14.33 npm notice To update run: npm install -g npm@11.10.1
build-and-deploy	UNKNOWN STEP	2026-02-23T13:08:40.6020465Z #13 14.33 npm notice
build-and-deploy	UNKNOWN STEP	2026-02-23T13:08:42.3047724Z #13 16.19 Loaded Prisma config from prisma.config.ts.
build-and-deploy	UNKNOWN STEP	2026-02-23T13:08:42.3048366Z #13 16.19 
build-and-deploy	UNKNOWN STEP	2026-02-23T13:08:42.4353323Z #13 16.32 Prisma schema loaded from prisma/schema.prisma.
build-and-deploy	UNKNOWN STEP	2026-02-23T13:08:42.9112815Z #13 16.79 
build-and-deploy	UNKNOWN STEP	2026-02-23T13:08:42.9118966Z #13 16.79 â Generated Prisma Client (v7.4.0) to ./node_modules/@prisma/client in 273ms
build-and-deploy	UNKNOWN STEP	2026-02-23T13:08:42.9124666Z #13 16.79 
build-and-deploy	UNKNOWN STEP	2026-02-23T13:08:42.9126102Z #13 16.79 Start by importing your Prisma Client (See: https://pris.ly/d/importing-client)
build-and-deploy	UNKNOWN STEP	2026-02-23T13:08:42.9126969Z #13 16.79 
build-and-deploy	UNKNOWN STEP	2026-02-23T13:08:42.9127283Z #13 16.79 
build-and-deploy	UNKNOWN STEP	2026-02-23T13:08:45.1138079Z #13 DONE 19.0s
build-and-deploy	UNKNOWN STEP	2026-02-23T13:08:45.1138455Z 
build-and-deploy	UNKNOWN STEP	2026-02-23T13:08:45.1138592Z #12 [builder 6/9] RUN npm ci
build-and-deploy	UNKNOWN STEP	2026-02-23T13:09:25.6634271Z #12 59.56 
build-and-deploy	UNKNOWN STEP	2026-02-23T13:09:25.6634820Z #12 59.56 added 925 packages, and audited 926 packages in 59s
build-and-deploy	UNKNOWN STEP	2026-02-23T13:09:25.6635185Z #12 59.56 
build-and-deploy	UNKNOWN STEP	2026-02-23T13:09:25.6635428Z #12 59.56 157 packages are looking for funding
build-and-deploy	UNKNOWN STEP	2026-02-23T13:09:25.6635747Z #12 59.56   run `npm fund` for details
build-and-deploy	UNKNOWN STEP	2026-02-23T13:09:26.0002182Z #12 59.90 
build-and-deploy	UNKNOWN STEP	2026-02-23T13:09:26.0003033Z #12 59.90 49 vulnerabilities (13 moderate, 36 high)
build-and-deploy	UNKNOWN STEP	2026-02-23T13:09:26.0003599Z #12 59.90 
build-and-deploy	UNKNOWN STEP	2026-02-23T13:09:26.0004082Z #12 59.90 To address issues that do not require attention, run:
build-and-deploy	UNKNOWN STEP	2026-02-23T13:09:26.0004659Z #12 59.90   npm audit fix
build-and-deploy	UNKNOWN STEP	2026-02-23T13:09:26.0005058Z #12 59.90 
build-and-deploy	UNKNOWN STEP	2026-02-23T13:09:26.0005513Z #12 59.90 To address all issues (including breaking changes), run:
build-and-deploy	UNKNOWN STEP	2026-02-23T13:09:26.0006172Z #12 59.90   npm audit fix --force
build-and-deploy	UNKNOWN STEP	2026-02-23T13:09:26.0006646Z #12 59.90 
build-and-deploy	UNKNOWN STEP	2026-02-23T13:09:26.0007012Z #12 59.90 Run `npm audit` for details.
build-and-deploy	UNKNOWN STEP	2026-02-23T13:09:26.1518681Z #12 59.90 npm notice
build-and-deploy	UNKNOWN STEP	2026-02-23T13:09:26.1519374Z #12 59.90 npm notice New major version of npm available! 10.8.2 -> 11.10.1
build-and-deploy	UNKNOWN STEP	2026-02-23T13:09:26.1520062Z #12 59.90 npm notice Changelog: https://github.com/npm/cli/releases/tag/v11.10.1
build-and-deploy	UNKNOWN STEP	2026-02-23T13:09:26.1520654Z #12 59.90 npm notice To update run: npm install -g npm@11.10.1
build-and-deploy	UNKNOWN STEP	2026-02-23T13:09:26.1521048Z #12 59.90 npm notice
build-and-deploy	UNKNOWN STEP	2026-02-23T13:09:26.2647801Z #12 DONE 60.2s
build-and-deploy	UNKNOWN STEP	2026-02-23T13:09:26.4479097Z 
build-and-deploy	UNKNOWN STEP	2026-02-23T13:09:26.4479598Z #14 [builder 7/9] COPY . .
build-and-deploy	UNKNOWN STEP	2026-02-23T13:09:26.4479943Z #14 DONE 0.0s
build-and-deploy	UNKNOWN STEP	2026-02-23T13:09:26.4480080Z 
build-and-deploy	UNKNOWN STEP	2026-02-23T13:09:26.4480214Z #15 [builder 8/9] RUN npx prisma generate
build-and-deploy	UNKNOWN STEP	2026-02-23T13:09:27.6610467Z #15 1.364 Loaded Prisma config from prisma.config.ts.
build-and-deploy	UNKNOWN STEP	2026-02-23T13:09:27.6611903Z #15 1.364 
build-and-deploy	UNKNOWN STEP	2026-02-23T13:09:27.8974338Z #15 1.449 Prisma schema loaded from prisma/schema.prisma.
build-and-deploy	UNKNOWN STEP	2026-02-23T13:09:28.0789851Z #15 1.781 
build-and-deploy	UNKNOWN STEP	2026-02-23T13:09:28.0790624Z #15 1.781 â Generated Prisma Client (v7.4.0) to ./node_modules/@prisma/client in 197ms
build-and-deploy	UNKNOWN STEP	2026-02-23T13:09:28.0791392Z #15 1.781 
build-and-deploy	UNKNOWN STEP	2026-02-23T13:09:28.0791976Z #15 1.781 Start by importing your Prisma Client (See: https://pris.ly/d/importing-client)
build-and-deploy	UNKNOWN STEP	2026-02-23T13:09:28.0792908Z #15 1.781 
build-and-deploy	UNKNOWN STEP	2026-02-23T13:09:28.0793225Z #15 1.781 
build-and-deploy	UNKNOWN STEP	2026-02-23T13:09:28.2811302Z #15 DONE 1.8s
build-and-deploy	UNKNOWN STEP	2026-02-23T13:09:28.2811607Z 
build-and-deploy	UNKNOWN STEP	2026-02-23T13:09:28.2811790Z #16 [builder 9/9] RUN npm run build
build-and-deploy	UNKNOWN STEP	2026-02-23T13:09:28.3931710Z #16 0.263 
build-and-deploy	UNKNOWN STEP	2026-02-23T13:09:28.3932475Z #16 0.263 > upgrade-crm@0.0.1 build
build-and-deploy	UNKNOWN STEP	2026-02-23T13:09:28.3933047Z #16 0.263 > nest build
build-and-deploy	UNKNOWN STEP	2026-02-23T13:09:28.3933406Z #16 0.263 
build-and-deploy	UNKNOWN STEP	2026-02-23T13:09:32.9427633Z #16 DONE 4.8s
build-and-deploy	UNKNOWN STEP	2026-02-23T13:09:33.7245778Z 
build-and-deploy	UNKNOWN STEP	2026-02-23T13:09:33.7246419Z #17 [stage-1 8/9] COPY --from=builder /app/dist ./dist
build-and-deploy	UNKNOWN STEP	2026-02-23T13:09:33.8691009Z #17 DONE 0.0s
build-and-deploy	UNKNOWN STEP	2026-02-23T13:09:33.8691553Z 
build-and-deploy	UNKNOWN STEP	2026-02-23T13:09:33.8692020Z #18 [stage-1 9/9] RUN mkdir -p /app/uploads && chown -R node:node /app/uploads
build-and-deploy	UNKNOWN STEP	2026-02-23T13:09:33.8695412Z #18 DONE 0.1s
build-and-deploy	UNKNOWN STEP	2026-02-23T13:09:34.0209503Z 
build-and-deploy	UNKNOWN STEP	2026-02-23T13:09:34.0210025Z #19 exporting to image
build-and-deploy	UNKNOWN STEP	2026-02-23T13:09:34.0210536Z #19 exporting layers
build-and-deploy	UNKNOWN STEP	2026-02-23T13:09:38.0888764Z #19 exporting layers 4.2s done
build-and-deploy	UNKNOWN STEP	2026-02-23T13:09:38.3312799Z #19 writing image sha256:3cdf83c24a0b1f3b86c3f543110978c4917da2004202f972885d1e86b61f4169 done
build-and-deploy	UNKNOWN STEP	2026-02-23T13:09:38.3313824Z #19 naming to docker.io/***/upgrade-backend:latest done
build-and-deploy	UNKNOWN STEP	2026-02-23T13:09:38.3314213Z #19 DONE 4.2s
build-and-deploy	UNKNOWN STEP	2026-02-23T13:09:38.3314356Z 
build-and-deploy	UNKNOWN STEP	2026-02-23T13:09:38.3314489Z #20 resolving provenance for metadata file
build-and-deploy	UNKNOWN STEP	2026-02-23T13:09:38.3315201Z #20 DONE 0.0s
build-and-deploy	UNKNOWN STEP	2026-02-23T13:09:38.3315346Z 
build-and-deploy	UNKNOWN STEP	2026-02-23T13:09:38.3315548Z #21 pushing ***/upgrade-backend:latest with docker
build-and-deploy	UNKNOWN STEP	2026-02-23T13:09:38.3315943Z #21 pushing layer 97e0214e0e16
build-and-deploy	UNKNOWN STEP	2026-02-23T13:09:38.3316250Z #21 pushing layer 39886284fa4b
build-and-deploy	UNKNOWN STEP	2026-02-23T13:09:38.3316543Z #21 pushing layer ca031bf481aa
build-and-deploy	UNKNOWN STEP	2026-02-23T13:09:38.3316847Z #21 pushing layer 9de10d5e90e8
build-and-deploy	UNKNOWN STEP	2026-02-23T13:09:38.3317155Z #21 pushing layer 40709bec5a80
build-and-deploy	UNKNOWN STEP	2026-02-23T13:09:38.3317447Z #21 pushing layer 40fb57acf55b
build-and-deploy	UNKNOWN STEP	2026-02-23T13:09:38.3317739Z #21 pushing layer f3f08896beca
build-and-deploy	UNKNOWN STEP	2026-02-23T13:09:38.3318032Z #21 pushing layer 045a1c0c33ae
build-and-deploy	UNKNOWN STEP	2026-02-23T13:09:38.3318334Z #21 pushing layer 0562c05a6550
build-and-deploy	UNKNOWN STEP	2026-02-23T13:09:38.3318644Z #21 pushing layer 48074ef03794
build-and-deploy	UNKNOWN STEP	2026-02-23T13:09:38.3318955Z #21 pushing layer c004b55cc6c1
build-and-deploy	UNKNOWN STEP	2026-02-23T13:09:38.3319279Z #21 pushing layer 9159be211277
build-and-deploy	UNKNOWN STEP	2026-02-23T13:09:38.3319593Z #21 pushing layer e48af84b2108
build-and-deploy	UNKNOWN STEP	2026-02-23T13:09:38.5620258Z #21 pushing layer 39886284fa4b 643.07kB / 501.22kB 0.3s
build-and-deploy	UNKNOWN STEP	2026-02-23T13:09:38.5620928Z #21 pushing layer 9de10d5e90e8 2.56kB / 271B 0.3s
build-and-deploy	UNKNOWN STEP	2026-02-23T13:09:38.5621492Z #21 pushing layer 40709bec5a80 51.71kB / 38.46kB 0.2s
build-and-deploy	UNKNOWN STEP	2026-02-23T13:09:39.4589469Z #21 pushing layer 97e0214e0e16 1.2s done
build-and-deploy	UNKNOWN STEP	2026-02-23T13:09:39.4590045Z #21 pushing layer 39886284fa4b 1.2s done
build-and-deploy	UNKNOWN STEP	2026-02-23T13:09:39.4590583Z #21 pushing layer ca031bf481aa 28.47MB / 531.66MB 1.3s
build-and-deploy	UNKNOWN STEP	2026-02-23T13:09:39.4591111Z #21 pushing layer 9de10d5e90e8 1.2s done
build-and-deploy	UNKNOWN STEP	2026-02-23T13:09:39.4591617Z #21 pushing layer 40709bec5a80 1.2s done
build-and-deploy	UNKNOWN STEP	2026-02-23T13:09:39.5716765Z #21 pushing layer 40fb57acf55b 458.24kB / 455.50kB 1.4s
build-and-deploy	UNKNOWN STEP	2026-02-23T13:09:39.7883807Z #21 pushing layer 045a1c0c33ae 1.76MB / 26.94MB 1.5s
build-and-deploy	UNKNOWN STEP	2026-02-23T13:09:39.9074188Z #21 pushing layer 045a1c0c33ae 4.12MB / 26.94MB 1.6s
build-and-deploy	UNKNOWN STEP	2026-02-23T13:09:40.0081880Z #21 pushing layer 045a1c0c33ae 6.46MB / 26.94MB 1.7s
build-and-deploy	UNKNOWN STEP	2026-02-23T13:09:40.1245114Z #21 pushing layer 045a1c0c33ae 9.38MB / 26.94MB 1.8s
build-and-deploy	UNKNOWN STEP	2026-02-23T13:09:40.2315491Z #21 pushing layer 045a1c0c33ae 15.27MB / 26.94MB 2.1s
build-and-deploy	UNKNOWN STEP	2026-02-23T13:09:40.3350707Z #21 pushing layer 045a1c0c33ae 18.22MB / 26.94MB 2.2s
build-and-deploy	UNKNOWN STEP	2026-02-23T13:09:40.4386357Z #21 pushing layer f3f08896beca 2.2s done
build-and-deploy	UNKNOWN STEP	2026-02-23T13:09:40.4386991Z #21 pushing layer 045a1c0c33ae 21.17MB / 26.94MB 2.3s
build-and-deploy	UNKNOWN STEP	2026-02-23T13:09:40.5427244Z #21 pushing layer 40fb57acf55b 2.3s done
build-and-deploy	UNKNOWN STEP	2026-02-23T13:09:40.5428479Z #21 pushing layer 045a1c0c33ae 24.12MB / 26.94MB 2.4s
build-and-deploy	UNKNOWN STEP	2026-02-23T13:09:40.6821185Z #21 pushing layer ca031bf481aa 60.36MB / 531.66MB 2.5s
build-and-deploy	UNKNOWN STEP	2026-02-23T13:09:40.6821838Z #21 pushing layer 045a1c0c33ae 26.99MB / 26.94MB 2.5s
build-and-deploy	UNKNOWN STEP	2026-02-23T13:09:41.6100954Z #21 pushing layer ca031bf481aa 86.99MB / 531.66MB 3.4s
build-and-deploy	UNKNOWN STEP	2026-02-23T13:09:41.9563433Z #21 pushing layer 045a1c0c33ae 3.7s done
build-and-deploy	UNKNOWN STEP	2026-02-23T13:09:42.5980744Z #21 pushing layer ca031bf481aa 113.58MB / 531.66MB 4.4s
build-and-deploy	UNKNOWN STEP	2026-02-23T13:09:43.6985973Z #21 pushing layer ca031bf481aa 141.31MB / 531.66MB 5.5s
build-and-deploy	UNKNOWN STEP	2026-02-23T13:09:44.4473766Z #21 pushing layer ca031bf481aa 170.52MB / 531.66MB 6.3s
build-and-deploy	UNKNOWN STEP	2026-02-23T13:09:45.4378728Z #21 pushing layer ca031bf481aa 197.19MB / 531.66MB 7.3s
build-and-deploy	UNKNOWN STEP	2026-02-23T13:09:46.3274005Z #21 pushing layer ca031bf481aa 224.61MB / 531.66MB 8.1s
build-and-deploy	UNKNOWN STEP	2026-02-23T13:09:47.3310696Z #21 pushing layer ca031bf481aa 253.97MB / 531.66MB 9.2s
build-and-deploy	UNKNOWN STEP	2026-02-23T13:09:48.4324725Z #21 pushing layer ca031bf481aa 283.03MB / 531.66MB 10.3s
build-and-deploy	UNKNOWN STEP	2026-02-23T13:09:49.4298253Z #21 pushing layer ca031bf481aa 312.69MB / 531.66MB 11.2s
build-and-deploy	UNKNOWN STEP	2026-02-23T13:09:50.4145710Z #21 pushing layer ca031bf481aa 341.67MB / 531.66MB 12.2s
build-and-deploy	UNKNOWN STEP	2026-02-23T13:09:51.3667787Z #21 pushing layer ca031bf481aa 370.59MB / 531.66MB 13.2s
build-and-deploy	UNKNOWN STEP	2026-02-23T13:09:52.4778239Z #21 pushing layer ca031bf481aa 401.52MB / 531.66MB 14.3s
build-and-deploy	UNKNOWN STEP	2026-02-23T13:09:52.9978884Z #21 pushing layer ca031bf481aa 434.20MB / 531.66MB 14.8s
build-and-deploy	UNKNOWN STEP	2026-02-23T13:09:53.7446967Z #21 pushing layer ca031bf481aa 464.26MB / 531.66MB 15.6s
build-and-deploy	UNKNOWN STEP	2026-02-23T13:09:54.1497681Z #21 pushing layer ca031bf481aa 494.89MB / 531.66MB 16.0s
build-and-deploy	UNKNOWN STEP	2026-02-23T13:09:54.6726663Z #21 pushing layer ca031bf481aa 523.67MB / 531.66MB 16.5s
build-and-deploy	UNKNOWN STEP	2026-02-23T13:09:55.2976425Z #21 pushing layer ca031bf481aa 550.64MB / 531.66MB 17.1s
build-and-deploy	UNKNOWN STEP	2026-02-23T13:09:57.5446975Z #21 pushing layer ca031bf481aa 19.4s done
build-and-deploy	UNKNOWN STEP	2026-02-23T13:10:00.4327271Z #21 pushing layer 0562c05a6550 22.3s done
build-and-deploy	UNKNOWN STEP	2026-02-23T13:10:00.5834698Z #21 pushing layer 48074ef03794 22.3s done
build-and-deploy	UNKNOWN STEP	2026-02-23T13:10:00.5835093Z #21 pushing layer c004b55cc6c1 22.3s done
build-and-deploy	UNKNOWN STEP	2026-02-23T13:10:00.5835418Z #21 pushing layer 9159be211277 22.3s done
build-and-deploy	UNKNOWN STEP	2026-02-23T13:10:00.5835739Z #21 pushing layer e48af84b2108 22.3s done
build-and-deploy	UNKNOWN STEP	2026-02-23T13:10:00.5836059Z #21 DONE 22.3s
build-and-deploy	UNKNOWN STEP	2026-02-23T13:10:01.0311681Z ##[group]ImageID
build-and-deploy	UNKNOWN STEP	2026-02-23T13:10:01.0312554Z sha256:3cdf83c24a0b1f3b86c3f543110978c4917da2004202f972885d1e86b61f4169
build-and-deploy	UNKNOWN STEP	2026-02-23T13:10:01.0313606Z ##[endgroup]
build-and-deploy	UNKNOWN STEP	2026-02-23T13:10:01.0314277Z ##[group]Digest
build-and-deploy	UNKNOWN STEP	2026-02-23T13:10:01.0314893Z sha256:ddac52335310850679c4ff5e393d12d09af9e0200298e69bd556b676141cdc93
build-and-deploy	UNKNOWN STEP	2026-02-23T13:10:01.0315874Z ##[endgroup]
build-and-deploy	UNKNOWN STEP	2026-02-23T13:10:01.0316564Z ##[group]Metadata
build-and-deploy	UNKNOWN STEP	2026-02-23T13:10:01.0316925Z {
build-and-deploy	UNKNOWN STEP	2026-02-23T13:10:01.0317277Z   "buildx.build.provenance": {
build-and-deploy	UNKNOWN STEP	2026-02-23T13:10:01.0317747Z     "builder": {
build-and-deploy	UNKNOWN STEP	2026-02-23T13:10:01.0318048Z       "id": ""
build-and-deploy	UNKNOWN STEP	2026-02-23T13:10:01.0318347Z     },
build-and-deploy	UNKNOWN STEP	2026-02-23T13:10:01.0318742Z     "buildType": "https://mobyproject.org/buildkit@v1",
build-and-deploy	UNKNOWN STEP	2026-02-23T13:10:01.0319235Z     "materials": [
build-and-deploy	UNKNOWN STEP	2026-02-23T13:10:01.0319551Z       {
build-and-deploy	UNKNOWN STEP	2026-02-23T13:10:01.0319962Z         "uri": "pkg:docker/node@20-slim?platform=linux%2Famd64",
build-and-deploy	UNKNOWN STEP	2026-02-23T13:10:01.0320489Z         "digest": {
build-and-deploy	UNKNOWN STEP	2026-02-23T13:10:01.0321045Z           "sha256": "c6585df72c34172bebd8d36abed961e231d7d3b5cee2e01294c4495e8a03f687"
build-and-deploy	UNKNOWN STEP	2026-02-23T13:10:01.0321692Z         }
build-and-deploy	UNKNOWN STEP	2026-02-23T13:10:01.0321983Z       }
build-and-deploy	UNKNOWN STEP	2026-02-23T13:10:01.0322459Z     ],
build-and-deploy	UNKNOWN STEP	2026-02-23T13:10:01.0322763Z     "invocation": {
build-and-deploy	UNKNOWN STEP	2026-02-23T13:10:01.0323117Z       "configSource": {
build-and-deploy	UNKNOWN STEP	2026-02-23T13:10:01.0323492Z         "entryPoint": "Dockerfile"
build-and-deploy	UNKNOWN STEP	2026-02-23T13:10:01.0323902Z       },
build-and-deploy	UNKNOWN STEP	2026-02-23T13:10:01.0324211Z       "parameters": {
build-and-deploy	UNKNOWN STEP	2026-02-23T13:10:01.0324583Z         "frontend": "dockerfile.v0",
build-and-deploy	UNKNOWN STEP	2026-02-23T13:10:01.0325001Z         "locals": [
build-and-deploy	UNKNOWN STEP	2026-02-23T13:10:01.0325330Z           {
build-and-deploy	UNKNOWN STEP	2026-02-23T13:10:01.0325645Z             "name": "context"
build-and-deploy	UNKNOWN STEP	2026-02-23T13:10:01.0326024Z           },
build-and-deploy	UNKNOWN STEP	2026-02-23T13:10:01.0326321Z           {
build-and-deploy	UNKNOWN STEP	2026-02-23T13:10:01.0326643Z             "name": "dockerfile"
build-and-deploy	UNKNOWN STEP	2026-02-23T13:10:01.0327023Z           }
build-and-deploy	UNKNOWN STEP	2026-02-23T13:10:01.0327313Z         ]
build-and-deploy	UNKNOWN STEP	2026-02-23T13:10:01.0327611Z       },
build-and-deploy	UNKNOWN STEP	2026-02-23T13:10:01.0327912Z       "environment": {
build-and-deploy	UNKNOWN STEP	2026-02-23T13:10:01.0328290Z         "platform": "linux/amd64"
build-and-deploy	UNKNOWN STEP	2026-02-23T13:10:01.0328679Z       }
build-and-deploy	UNKNOWN STEP	2026-02-23T13:10:01.0328968Z     }
build-and-deploy	UNKNOWN STEP	2026-02-23T13:10:01.0329248Z   },
build-and-deploy	UNKNOWN STEP	2026-02-23T13:10:01.0329698Z   "buildx.build.ref": "default/default/fa9ec9bjxjudritey6w85hwn3",
build-and-deploy	UNKNOWN STEP	2026-02-23T13:10:01.0330671Z   "containerimage.config.digest": "sha256:3cdf83c24a0b1f3b86c3f543110978c4917da2004202f972885d1e86b61f4169",
build-and-deploy	UNKNOWN STEP	2026-02-23T13:10:01.0331860Z   "containerimage.digest": "sha256:ddac52335310850679c4ff5e393d12d09af9e0200298e69bd556b676141cdc93",
build-and-deploy	UNKNOWN STEP	2026-02-23T13:10:01.0333149Z   "image.name": "docker.io/***/upgrade-backend:latest"
build-and-deploy	UNKNOWN STEP	2026-02-23T13:10:01.0333662Z }
build-and-deploy	UNKNOWN STEP	2026-02-23T13:10:01.0334235Z ##[endgroup]
build-and-deploy	UNKNOWN STEP	2026-02-23T13:10:01.0458904Z ##[group]Run docker/build-push-action@v5
build-and-deploy	UNKNOWN STEP	2026-02-23T13:10:01.0459225Z with:
build-and-deploy	UNKNOWN STEP	2026-02-23T13:10:01.0459427Z   context: ./client
build-and-deploy	UNKNOWN STEP	2026-02-23T13:10:01.0459656Z   file: client/Dockerfile
build-and-deploy	UNKNOWN STEP	2026-02-23T13:10:01.0459887Z   push: true
build-and-deploy	UNKNOWN STEP	2026-02-23T13:10:01.0460148Z   tags: ***/upgrade-frontend:latest
build-and-deploy	UNKNOWN STEP	2026-02-23T13:10:01.0460595Z   load: false
build-and-deploy	UNKNOWN STEP	2026-02-23T13:10:01.0460796Z   no-cache: false
build-and-deploy	UNKNOWN STEP	2026-02-23T13:10:01.0461006Z   pull: false
build-and-deploy	UNKNOWN STEP	2026-02-23T13:10:01.0461321Z   github-token: ***
build-and-deploy	UNKNOWN STEP	2026-02-23T13:10:01.0461545Z ##[endgroup]
build-and-deploy	UNKNOWN STEP	2026-02-23T13:10:01.2734801Z ##[group]GitHub Actions runtime token ACs
build-and-deploy	UNKNOWN STEP	2026-02-23T13:10:01.2746340Z refs/heads/main: read/write
build-and-deploy	UNKNOWN STEP	2026-02-23T13:10:01.2747553Z ##[endgroup]
build-and-deploy	UNKNOWN STEP	2026-02-23T13:10:01.2753274Z ##[group]Docker info
build-and-deploy	UNKNOWN STEP	2026-02-23T13:10:01.2795103Z [command]/usr/bin/docker version
build-and-deploy	UNKNOWN STEP	2026-02-23T13:10:01.3002783Z Client: Docker Engine - Community
build-and-deploy	UNKNOWN STEP	2026-02-23T13:10:01.3005984Z  Version:           28.0.4
build-and-deploy	UNKNOWN STEP	2026-02-23T13:10:01.3006868Z  API version:       1.48
build-and-deploy	UNKNOWN STEP	2026-02-23T13:10:01.3008518Z  Go version:        go1.23.7
build-and-deploy	UNKNOWN STEP	2026-02-23T13:10:01.3009226Z  Git commit:        b8034c0
build-and-deploy	UNKNOWN STEP	2026-02-23T13:10:01.3010005Z  Built:             Tue Mar 25 15:07:16 2025
build-and-deploy	UNKNOWN STEP	2026-02-23T13:10:01.3011662Z  OS/Arch:           linux/amd64
build-and-deploy	UNKNOWN STEP	2026-02-23T13:10:01.3012630Z  Context:           default
build-and-deploy	UNKNOWN STEP	2026-02-23T13:10:01.3013059Z 
build-and-deploy	UNKNOWN STEP	2026-02-23T13:10:01.3013520Z Server: Docker Engine - Community
build-and-deploy	UNKNOWN STEP	2026-02-23T13:10:01.3014259Z  Engine:
build-and-deploy	UNKNOWN STEP	2026-02-23T13:10:01.3014613Z   Version:          28.0.4
build-and-deploy	UNKNOWN STEP	2026-02-23T13:10:01.3015078Z   API version:      1.48 (minimum version 1.24)
build-and-deploy	UNKNOWN STEP	2026-02-23T13:10:01.3015584Z   Go version:       go1.23.7
build-and-deploy	UNKNOWN STEP	2026-02-23T13:10:01.3015996Z   Git commit:       6430e49
build-and-deploy	UNKNOWN STEP	2026-02-23T13:10:01.3016411Z   Built:            Tue Mar 25 15:07:16 2025
build-and-deploy	UNKNOWN STEP	2026-02-23T13:10:01.3016858Z   OS/Arch:          linux/amd64
build-and-deploy	UNKNOWN STEP	2026-02-23T13:10:01.3017596Z   Experimental:     false
build-and-deploy	UNKNOWN STEP	2026-02-23T13:10:01.3018052Z  containerd:
build-and-deploy	UNKNOWN STEP	2026-02-23T13:10:01.3018430Z   Version:          v2.2.1
build-and-deploy	UNKNOWN STEP	2026-02-23T13:10:01.3019001Z   GitCommit:        dea7da592f5d1d2b7755e3a161be07f43fad8f75
build-and-deploy	UNKNOWN STEP	2026-02-23T13:10:01.3019604Z  runc:
build-and-deploy	UNKNOWN STEP	2026-02-23T13:10:01.3019965Z   Version:          1.3.4
build-and-deploy	UNKNOWN STEP	2026-02-23T13:10:01.3020409Z   GitCommit:        v1.3.4-0-gd6d73eb8
build-and-deploy	UNKNOWN STEP	2026-02-23T13:10:01.3020918Z  docker-init:
build-and-deploy	UNKNOWN STEP	2026-02-23T13:10:01.3021307Z   Version:          0.19.0
build-and-deploy	UNKNOWN STEP	2026-02-23T13:10:01.3021735Z   GitCommit:        de40ad0
build-and-deploy	UNKNOWN STEP	2026-02-23T13:10:01.3059767Z [command]/usr/bin/docker info
build-and-deploy	UNKNOWN STEP	2026-02-23T13:10:01.3698002Z Client: Docker Engine - Community
build-and-deploy	UNKNOWN STEP	2026-02-23T13:10:01.3699142Z  Version:    28.0.4
build-and-deploy	UNKNOWN STEP	2026-02-23T13:10:01.3699586Z  Context:    default
build-and-deploy	UNKNOWN STEP	2026-02-23T13:10:01.3699975Z  Debug Mode: false
build-and-deploy	UNKNOWN STEP	2026-02-23T13:10:01.3700330Z  Plugins:
build-and-deploy	UNKNOWN STEP	2026-02-23T13:10:01.3700738Z   buildx: Docker Buildx (Docker Inc.)
build-and-deploy	UNKNOWN STEP	2026-02-23T13:10:01.3701556Z     Version:  v0.31.1
build-and-deploy	UNKNOWN STEP	2026-02-23T13:10:01.3701930Z     Path:     /usr/libexec/docker/cli-plugins/docker-buildx
build-and-deploy	UNKNOWN STEP	2026-02-23T13:10:01.3702583Z   compose: Docker Compose (Docker Inc.)
build-and-deploy	UNKNOWN STEP	2026-02-23T13:10:01.3702962Z     Version:  v2.38.2
build-and-deploy	UNKNOWN STEP	2026-02-23T13:10:01.3703282Z     Path:     /usr/libexec/docker/cli-plugins/docker-compose
build-and-deploy	UNKNOWN STEP	2026-02-23T13:10:01.3703531Z 
build-and-deploy	UNKNOWN STEP	2026-02-23T13:10:01.3703616Z Server:
build-and-deploy	UNKNOWN STEP	2026-02-23T13:10:01.3703812Z  Containers: 0
build-and-deploy	UNKNOWN STEP	2026-02-23T13:10:01.3704014Z   Running: 0
build-and-deploy	UNKNOWN STEP	2026-02-23T13:10:01.3704340Z   Paused: 0
build-and-deploy	UNKNOWN STEP	2026-02-23T13:10:01.3704538Z   Stopped: 0
build-and-deploy	UNKNOWN STEP	2026-02-23T13:10:01.3704734Z  Images: 3
build-and-deploy	UNKNOWN STEP	2026-02-23T13:10:01.3704942Z  Server Version: 28.0.4
build-and-deploy	UNKNOWN STEP	2026-02-23T13:10:01.3705173Z  Storage Driver: overlay2
build-and-deploy	UNKNOWN STEP	2026-02-23T13:10:01.3705416Z   Backing Filesystem: extfs
build-and-deploy	UNKNOWN STEP	2026-02-23T13:10:01.3705654Z   Supports d_type: true
build-and-deploy	UNKNOWN STEP	2026-02-23T13:10:01.3705880Z   Using metacopy: false
build-and-deploy	UNKNOWN STEP	2026-02-23T13:10:01.3706110Z   Native Overlay Diff: false
build-and-deploy	UNKNOWN STEP	2026-02-23T13:10:01.3706349Z   userxattr: false
build-and-deploy	UNKNOWN STEP	2026-02-23T13:10:01.3706571Z  Logging Driver: json-file
build-and-deploy	UNKNOWN STEP	2026-02-23T13:10:01.3706814Z  Cgroup Driver: systemd
build-and-deploy	UNKNOWN STEP	2026-02-23T13:10:01.3707035Z  Cgroup Version: 2
build-and-deploy	UNKNOWN STEP	2026-02-23T13:10:01.3707266Z  Plugins:
build-and-deploy	UNKNOWN STEP	2026-02-23T13:10:01.3707456Z   Volume: local
build-and-deploy	UNKNOWN STEP	2026-02-23T13:10:01.3707703Z   Network: bridge host ipvlan macvlan null overlay
build-and-deploy	UNKNOWN STEP	2026-02-23T13:10:01.3708478Z   Log: awslogs fluentd gcplogs gelf journald json-file local splunk syslog
build-and-deploy	UNKNOWN STEP	2026-02-23T13:10:01.3708876Z  Swarm: inactive
build-and-deploy	UNKNOWN STEP	2026-02-23T13:10:01.3709113Z  Runtimes: io.containerd.runc.v2 runc
build-and-deploy	UNKNOWN STEP	2026-02-23T13:10:01.3709387Z  Default Runtime: runc
build-and-deploy	UNKNOWN STEP	2026-02-23T13:10:01.3709615Z  Init Binary: docker-init
build-and-deploy	UNKNOWN STEP	2026-02-23T13:10:01.3710129Z  containerd version: dea7da592f5d1d2b7755e3a161be07f43fad8f75
build-and-deploy	UNKNOWN STEP	2026-02-23T13:10:01.3710478Z  runc version: v1.3.4-0-gd6d73eb8
build-and-deploy	UNKNOWN STEP	2026-02-23T13:10:01.3710740Z  init version: de40ad0
build-and-deploy	UNKNOWN STEP	2026-02-23T13:10:01.3710970Z  Security Options:
build-and-deploy	UNKNOWN STEP	2026-02-23T13:10:01.3711185Z   apparmor
build-and-deploy	UNKNOWN STEP	2026-02-23T13:10:01.3711375Z   seccomp
build-and-deploy	UNKNOWN STEP	2026-02-23T13:10:01.3711564Z    Profile: builtin
build-and-deploy	UNKNOWN STEP	2026-02-23T13:10:01.3711769Z   cgroupns
build-and-deploy	UNKNOWN STEP	2026-02-23T13:10:01.3711971Z  Kernel Version: 6.11.0-1018-azure
build-and-deploy	UNKNOWN STEP	2026-02-23T13:10:01.3712447Z  Operating System: Ubuntu 24.04.3 LTS
build-and-deploy	UNKNOWN STEP	2026-02-23T13:10:01.3712755Z  OSType: linux
build-and-deploy	UNKNOWN STEP	2026-02-23T13:10:01.3712972Z  Architecture: x86_64
build-and-deploy	UNKNOWN STEP	2026-02-23T13:10:01.3713190Z  CPUs: 4
build-and-deploy	UNKNOWN STEP	2026-02-23T13:10:01.3713396Z  Total Memory: 15.62GiB
build-and-deploy	UNKNOWN STEP	2026-02-23T13:10:01.3713626Z  Name: runnervmwffz4
build-and-deploy	UNKNOWN STEP	2026-02-23T13:10:01.3713860Z  ID: 073c65d4-c458-42c9-935a-939d0489da0a
build-and-deploy	UNKNOWN STEP	2026-02-23T13:10:01.3714146Z  Docker Root Dir: /var/lib/docker
build-and-deploy	UNKNOWN STEP	2026-02-23T13:10:01.3714397Z  Debug Mode: false
build-and-deploy	UNKNOWN STEP	2026-02-23T13:10:01.3714745Z  Username: ***
build-and-deploy	UNKNOWN STEP	2026-02-23T13:10:01.3714966Z  Experimental: false
build-and-deploy	UNKNOWN STEP	2026-02-23T13:10:01.3715202Z  Insecure Registries:
build-and-deploy	UNKNOWN STEP	2026-02-23T13:10:01.3715455Z   ::1/128
build-and-deploy	UNKNOWN STEP	2026-02-23T13:10:01.3715637Z   127.0.0.0/8
build-and-deploy	UNKNOWN STEP	2026-02-23T13:10:01.3715841Z  Live Restore Enabled: false
build-and-deploy	UNKNOWN STEP	2026-02-23T13:10:01.3716001Z 
build-and-deploy	UNKNOWN STEP	2026-02-23T13:10:01.3729282Z ##[endgroup]
build-and-deploy	UNKNOWN STEP	2026-02-23T13:10:01.3730055Z ##[group]Proxy configuration
build-and-deploy	UNKNOWN STEP	2026-02-23T13:10:01.3733822Z No proxy configuration found
build-and-deploy	UNKNOWN STEP	2026-02-23T13:10:01.3735644Z ##[endgroup]
build-and-deploy	UNKNOWN STEP	2026-02-23T13:10:01.4481638Z ##[group]Buildx version
build-and-deploy	UNKNOWN STEP	2026-02-23T13:10:01.4523348Z [command]/usr/bin/docker buildx version
build-and-deploy	UNKNOWN STEP	2026-02-23T13:10:01.5131221Z github.com/docker/buildx v0.31.1 a2675950d46b2cb171b23c2015ca44fb88607531
build-and-deploy	UNKNOWN STEP	2026-02-23T13:10:01.5171140Z ##[endgroup]
build-and-deploy	UNKNOWN STEP	2026-02-23T13:10:01.5171619Z ##[group]Builder info
build-and-deploy	UNKNOWN STEP	2026-02-23T13:10:01.6197428Z {
build-and-deploy	UNKNOWN STEP	2026-02-23T13:10:01.6197798Z   "nodes": [
build-and-deploy	UNKNOWN STEP	2026-02-23T13:10:01.6198141Z     {
build-and-deploy	UNKNOWN STEP	2026-02-23T13:10:01.6198367Z       "name": "default",
build-and-deploy	UNKNOWN STEP	2026-02-23T13:10:01.6198637Z       "endpoint": "default",
build-and-deploy	UNKNOWN STEP	2026-02-23T13:10:01.6198890Z       "status": "running",
build-and-deploy	UNKNOWN STEP	2026-02-23T13:10:01.6199170Z       "buildkit": "v0.20.2",
build-and-deploy	UNKNOWN STEP	2026-02-23T13:10:01.6199526Z       "platforms": "linux/amd64,linux/amd64/v2,linux/amd64/v3,linux/386",
build-and-deploy	UNKNOWN STEP	2026-02-23T13:10:01.6199904Z       "features": {
build-and-deploy	UNKNOWN STEP	2026-02-23T13:10:01.6200230Z         "Automatically load images to the Docker Engine image store": true,
build-and-deploy	UNKNOWN STEP	2026-02-23T13:10:01.6200618Z         "Cache export": true,
build-and-deploy	UNKNOWN STEP	2026-02-23T13:10:01.6200865Z         "Direct push": true,
build-and-deploy	UNKNOWN STEP	2026-02-23T13:10:01.6201114Z         "Docker exporter": true,
build-and-deploy	UNKNOWN STEP	2026-02-23T13:10:01.6201374Z         "Multi-platform build": true,
build-and-deploy	UNKNOWN STEP	2026-02-23T13:10:01.6201641Z         "OCI exporter": true
build-and-deploy	UNKNOWN STEP	2026-02-23T13:10:01.6201893Z       },
build-and-deploy	UNKNOWN STEP	2026-02-23T13:10:01.6202093Z       "labels": {
build-and-deploy	UNKNOWN STEP	2026-02-23T13:10:01.6202927Z         "org.mobyproject.buildkit.worker.moby.host-gateway-ip": "172.17.0.1"
build-and-deploy	UNKNOWN STEP	2026-02-23T13:10:01.6203322Z       }
build-and-deploy	UNKNOWN STEP	2026-02-23T13:10:01.6203499Z     }
build-and-deploy	UNKNOWN STEP	2026-02-23T13:10:01.6203678Z   ],
build-and-deploy	UNKNOWN STEP	2026-02-23T13:10:01.6203861Z   "name": "default",
build-and-deploy	UNKNOWN STEP	2026-02-23T13:10:01.6204072Z   "driver": "docker",
build-and-deploy	UNKNOWN STEP	2026-02-23T13:10:01.6204480Z   "lastActivity": "2026-02-23T13:08:20.000Z"
build-and-deploy	UNKNOWN STEP	2026-02-23T13:10:01.6204750Z }
build-and-deploy	UNKNOWN STEP	2026-02-23T13:10:01.6205204Z ##[endgroup]
build-and-deploy	UNKNOWN STEP	2026-02-23T13:10:01.7880864Z [command]/usr/bin/docker buildx build --file client/Dockerfile --iidfile /home/runner/work/_temp/docker-actions-toolkit-HCHqJA/build-iidfile-990488ac78.txt --tag ***/upgrade-frontend:latest --metadata-file /home/runner/work/_temp/docker-actions-toolkit-HCHqJA/build-metadata-c201261845.json --push ./client
build-and-deploy	UNKNOWN STEP	2026-02-23T13:10:01.8817007Z #0 building with "default" instance using docker driver
build-and-deploy	UNKNOWN STEP	2026-02-23T13:10:01.8817458Z 
build-and-deploy	UNKNOWN STEP	2026-02-23T13:10:01.8817615Z #1 [internal] load build definition from Dockerfile
build-and-deploy	UNKNOWN STEP	2026-02-23T13:10:02.1115532Z #1 transferring dockerfile: 342B done
build-and-deploy	UNKNOWN STEP	2026-02-23T13:10:02.1116063Z #1 DONE 0.0s
build-and-deploy	UNKNOWN STEP	2026-02-23T13:10:02.1116224Z 
build-and-deploy	UNKNOWN STEP	2026-02-23T13:10:02.1116445Z #2 [auth] library/nginx:pull token for registry-1.docker.io
build-and-deploy	UNKNOWN STEP	2026-02-23T13:10:02.1116879Z #2 DONE 0.0s
build-and-deploy	UNKNOWN STEP	2026-02-23T13:10:02.1117031Z 
build-and-deploy	UNKNOWN STEP	2026-02-23T13:10:02.1117255Z #3 [internal] load metadata for docker.io/library/node:18-alpine
build-and-deploy	UNKNOWN STEP	2026-02-23T13:10:02.2888120Z #3 DONE 0.4s
build-and-deploy	UNKNOWN STEP	2026-02-23T13:10:02.2888411Z 
build-and-deploy	UNKNOWN STEP	2026-02-23T13:10:02.2888738Z #4 [internal] load metadata for docker.io/library/nginx:alpine
build-and-deploy	UNKNOWN STEP	2026-02-23T13:10:02.5200853Z #4 DONE 0.6s
build-and-deploy	UNKNOWN STEP	2026-02-23T13:10:02.6424499Z 
build-and-deploy	UNKNOWN STEP	2026-02-23T13:10:02.6427373Z #5 [internal] load .dockerignore
build-and-deploy	UNKNOWN STEP	2026-02-23T13:10:02.6427957Z #5 transferring context: 2B done
build-and-deploy	UNKNOWN STEP	2026-02-23T13:10:02.6428749Z #5 DONE 0.0s
build-and-deploy	UNKNOWN STEP	2026-02-23T13:10:02.6429219Z 
build-and-deploy	UNKNOWN STEP	2026-02-23T13:10:02.6429410Z #6 [internal] load build context
build-and-deploy	UNKNOWN STEP	2026-02-23T13:10:02.6430119Z #6 transferring context: 314.23kB done
build-and-deploy	UNKNOWN STEP	2026-02-23T13:10:02.6430629Z #6 DONE 0.0s
build-and-deploy	UNKNOWN STEP	2026-02-23T13:10:02.6431033Z 
build-and-deploy	UNKNOWN STEP	2026-02-23T13:10:02.6431882Z #7 [build 1/6] FROM docker.io/library/node:18-alpine@sha256:8d6421d663b4c28fd3ebc498332f249011d118945588d0a35cb9bc4b8ca09d9e
build-and-deploy	UNKNOWN STEP	2026-02-23T13:10:02.6433671Z #7 resolve docker.io/library/node:18-alpine@sha256:8d6421d663b4c28fd3ebc498332f249011d118945588d0a35cb9bc4b8ca09d9e 0.0s done
build-and-deploy	UNKNOWN STEP	2026-02-23T13:10:02.6435104Z #7 sha256:f18232174bc91741fdf3da96d85011092101a032a93a388b79e99e69c2d5c870 0B / 3.64MB 0.1s
build-and-deploy	UNKNOWN STEP	2026-02-23T13:10:02.6436198Z #7 sha256:dd71dde834b5c203d162902e6b8994cb2309ae049a0eabc4efea161b2b5a3d0e 0B / 40.01MB 0.1s
build-and-deploy	UNKNOWN STEP	2026-02-23T13:10:02.6437182Z #7 sha256:1e5a4c89cee5c0826c540ab06d4b6b491c96eda01837f430bd47f0d26702d6e3 0B / 1.26MB 0.1s
build-and-deploy	UNKNOWN STEP	2026-02-23T13:10:02.6438131Z #7 sha256:8d6421d663b4c28fd3ebc498332f249011d118945588d0a35cb9bc4b8ca09d9e 7.67kB / 7.67kB done
build-and-deploy	UNKNOWN STEP	2026-02-23T13:10:02.6439084Z #7 sha256:929b04d7c782f04f615cf785488fed452b6569f87c73ff666ad553a7554f0006 1.72kB / 1.72kB done
build-and-deploy	UNKNOWN STEP	2026-02-23T13:10:02.6440062Z #7 sha256:ee77c6cd7c1886ecc802ad6cedef3a8ec1ea27d1fb96162bf03dd3710839b8da 6.18kB / 6.18kB done
build-and-deploy	UNKNOWN STEP	2026-02-23T13:10:02.7429949Z #7 sha256:f18232174bc91741fdf3da96d85011092101a032a93a388b79e99e69c2d5c870 3.64MB / 3.64MB 0.1s done
build-and-deploy	UNKNOWN STEP	2026-02-23T13:10:02.7431492Z #7 sha256:1e5a4c89cee5c0826c540ab06d4b6b491c96eda01837f430bd47f0d26702d6e3 1.26MB / 1.26MB 0.2s done
build-and-deploy	UNKNOWN STEP	2026-02-23T13:10:02.7432819Z #7 extracting sha256:f18232174bc91741fdf3da96d85011092101a032a93a388b79e99e69c2d5c870
build-and-deploy	UNKNOWN STEP	2026-02-23T13:10:02.7433602Z #7 sha256:25ff2da83641908f65c3a74d80409d6b1b62ccfaab220b9ea70b80df5a2e0549 0B / 446B 0.2s
build-and-deploy	UNKNOWN STEP	2026-02-23T13:10:02.8432951Z #7 extracting sha256:f18232174bc91741fdf3da96d85011092101a032a93a388b79e99e69c2d5c870 0.1s done
build-and-deploy	UNKNOWN STEP	2026-02-23T13:10:02.9435871Z #7 sha256:dd71dde834b5c203d162902e6b8994cb2309ae049a0eabc4efea161b2b5a3d0e 12.58MB / 40.01MB 0.4s
build-and-deploy	UNKNOWN STEP	2026-02-23T13:10:02.9436634Z #7 sha256:25ff2da83641908f65c3a74d80409d6b1b62ccfaab220b9ea70b80df5a2e0549 446B / 446B 0.2s done
build-and-deploy	UNKNOWN STEP	2026-02-23T13:10:03.1144903Z #7 sha256:dd71dde834b5c203d162902e6b8994cb2309ae049a0eabc4efea161b2b5a3d0e 20.97MB / 40.01MB 0.5s
build-and-deploy	UNKNOWN STEP	2026-02-23T13:10:03.2421902Z #7 sha256:dd71dde834b5c203d162902e6b8994cb2309ae049a0eabc4efea161b2b5a3d0e 32.51MB / 40.01MB 0.7s
build-and-deploy	UNKNOWN STEP	2026-02-23T13:10:03.3423243Z #7 sha256:dd71dde834b5c203d162902e6b8994cb2309ae049a0eabc4efea161b2b5a3d0e 40.01MB / 40.01MB 0.8s done
build-and-deploy	UNKNOWN STEP	2026-02-23T13:10:03.4429966Z #7 extracting sha256:dd71dde834b5c203d162902e6b8994cb2309ae049a0eabc4efea161b2b5a3d0e
build-and-deploy	UNKNOWN STEP	2026-02-23T13:10:04.4890679Z #7 ...
build-and-deploy	UNKNOWN STEP	2026-02-23T13:10:04.4890971Z 
build-and-deploy	UNKNOWN STEP	2026-02-23T13:10:04.4891704Z #8 [stage-1 1/3] FROM docker.io/library/nginx:alpine@sha256:1d13701a5f9f3fb01aaa88cef2344d65b6b5bf6b7d9fa4cf0dca557a8d7702ba
build-and-deploy	UNKNOWN STEP	2026-02-23T13:10:04.4893194Z #8 resolve docker.io/library/nginx:alpine@sha256:1d13701a5f9f3fb01aaa88cef2344d65b6b5bf6b7d9fa4cf0dca557a8d7702ba 0.0s done
build-and-deploy	UNKNOWN STEP	2026-02-23T13:10:04.4894569Z #8 sha256:1d13701a5f9f3fb01aaa88cef2344d65b6b5bf6b7d9fa4cf0dca557a8d7702ba 10.33kB / 10.33kB done
build-and-deploy	UNKNOWN STEP	2026-02-23T13:10:04.4895719Z #8 sha256:b76de378d57272a1dd9091a05dd548a3639dfb792ebdbf95d06704d2950afdea 11.65kB / 11.65kB done
build-and-deploy	UNKNOWN STEP	2026-02-23T13:10:04.4897136Z #8 sha256:c032460d1fd73978317479ba23c37bcb57d93156cab122eb3c54b8e4bdc292fa 2.50kB / 2.50kB done
build-and-deploy	UNKNOWN STEP	2026-02-23T13:10:04.4898067Z #8 sha256:589002ba0eaed121a1dbf42f6648f29e5be55d5c8a6ee0f8eaa0285cc21ac153 3.86MB / 3.86MB 0.5s done
build-and-deploy	UNKNOWN STEP	2026-02-23T13:10:04.4899016Z #8 sha256:bca5d04786e112d958f100a66f8257b2aeefc14b64d81e405c3c44acff2fb000 1.86MB / 1.86MB 0.4s done
build-and-deploy	UNKNOWN STEP	2026-02-23T13:10:04.4900180Z #8 sha256:3e2c181db1b0985ce357c7aaf48ac615f30f392cd15d5c5ba34c4faa1f4f39a2 626B / 626B 0.4s done
build-and-deploy	UNKNOWN STEP	2026-02-23T13:10:04.4901053Z #8 extracting sha256:589002ba0eaed121a1dbf42f6648f29e5be55d5c8a6ee0f8eaa0285cc21ac153 0.1s done
build-and-deploy	UNKNOWN STEP	2026-02-23T13:10:04.4902027Z #8 sha256:399d0898a94e0084f81499a3e3c29824357118c7ce551648ea1dbab813884661 404B / 404B 0.6s done
build-and-deploy	UNKNOWN STEP	2026-02-23T13:10:04.4902899Z #8 sha256:6b7b6c7061b76cdb8601e18722d12ae3232f0ddcfa1d2983754abcc6ce0a8a83 954B / 954B 0.6s done
build-and-deploy	UNKNOWN STEP	2026-02-23T13:10:04.4903705Z #8 extracting sha256:bca5d04786e112d958f100a66f8257b2aeefc14b64d81e405c3c44acff2fb000 0.0s done
build-and-deploy	UNKNOWN STEP	2026-02-23T13:10:04.4904560Z #8 sha256:955a8478f9aceb66cbf2f579fa3c24e1af278d1fa3ffd3043d6260e21d2f7416 1.21kB / 1.21kB 0.7s done
build-and-deploy	UNKNOWN STEP	2026-02-23T13:10:04.4905439Z #8 sha256:6d397a54a185dd0b6638d1a3934b81daef7a140741e12697377d6279066f7ca7 1.40kB / 1.40kB 0.7s done
build-and-deploy	UNKNOWN STEP	2026-02-23T13:10:04.4906483Z #8 sha256:5e7756927bef33a266e1221356d5da8553139cb80bc5b1b3827010811d9ea268 20.24MB / 20.24MB 1.2s done
build-and-deploy	UNKNOWN STEP	2026-02-23T13:10:04.4907257Z #8 extracting sha256:3e2c181db1b0985ce357c7aaf48ac615f30f392cd15d5c5ba34c4faa1f4f39a2 done
build-and-deploy	UNKNOWN STEP	2026-02-23T13:10:04.4907980Z #8 extracting sha256:6b7b6c7061b76cdb8601e18722d12ae3232f0ddcfa1d2983754abcc6ce0a8a83 done
build-and-deploy	UNKNOWN STEP	2026-02-23T13:10:04.4908782Z #8 extracting sha256:399d0898a94e0084f81499a3e3c29824357118c7ce551648ea1dbab813884661 done
build-and-deploy	UNKNOWN STEP	2026-02-23T13:10:04.4909376Z #8 extracting sha256:955a8478f9aceb66cbf2f579fa3c24e1af278d1fa3ffd3043d6260e21d2f7416 done
build-and-deploy	UNKNOWN STEP	2026-02-23T13:10:04.4910204Z #8 extracting sha256:6d397a54a185dd0b6638d1a3934b81daef7a140741e12697377d6279066f7ca7 done
build-and-deploy	UNKNOWN STEP	2026-02-23T13:10:04.4911311Z #8 extracting sha256:5e7756927bef33a266e1221356d5da8553139cb80bc5b1b3827010811d9ea268 0.4s done
build-and-deploy	UNKNOWN STEP	2026-02-23T13:10:04.4912123Z #8 DONE 1.9s
build-and-deploy	UNKNOWN STEP	2026-02-23T13:10:04.4912474Z 
build-and-deploy	UNKNOWN STEP	2026-02-23T13:10:04.4913136Z #7 [build 1/6] FROM docker.io/library/node:18-alpine@sha256:8d6421d663b4c28fd3ebc498332f249011d118945588d0a35cb9bc4b8ca09d9e
build-and-deploy	UNKNOWN STEP	2026-02-23T13:10:04.4914486Z #7 extracting sha256:dd71dde834b5c203d162902e6b8994cb2309ae049a0eabc4efea161b2b5a3d0e 1.1s done
build-and-deploy	UNKNOWN STEP	2026-02-23T13:10:04.6002371Z #7 extracting sha256:1e5a4c89cee5c0826c540ab06d4b6b491c96eda01837f430bd47f0d26702d6e3 0.0s done
build-and-deploy	UNKNOWN STEP	2026-02-23T13:10:04.8051701Z #7 extracting sha256:25ff2da83641908f65c3a74d80409d6b1b62ccfaab220b9ea70b80df5a2e0549 done
build-and-deploy	UNKNOWN STEP	2026-02-23T13:10:04.8052854Z #7 DONE 2.1s
build-and-deploy	UNKNOWN STEP	2026-02-23T13:10:04.8053076Z 
build-and-deploy	UNKNOWN STEP	2026-02-23T13:10:04.8053243Z #9 [build 2/6] WORKDIR /app
build-and-deploy	UNKNOWN STEP	2026-02-23T13:10:04.8053690Z #9 DONE 0.0s
build-and-deploy	UNKNOWN STEP	2026-02-23T13:10:04.8053896Z 
build-and-deploy	UNKNOWN STEP	2026-02-23T13:10:04.8054095Z #10 [build 3/6] COPY package*.json ./
build-and-deploy	UNKNOWN STEP	2026-02-23T13:10:04.8054581Z #10 DONE 0.0s
build-and-deploy	UNKNOWN STEP	2026-02-23T13:10:04.8054807Z 
build-and-deploy	UNKNOWN STEP	2026-02-23T13:10:04.8055010Z #11 [build 4/6] RUN npm ci
build-and-deploy	UNKNOWN STEP	2026-02-23T13:10:05.5131013Z #11 0.858 npm warn EBADENGINE Unsupported engine {
build-and-deploy	UNKNOWN STEP	2026-02-23T13:10:05.5131896Z #11 0.858 npm warn EBADENGINE   package: '@vitejs/plugin-react@5.1.4',
build-and-deploy	UNKNOWN STEP	2026-02-23T13:10:05.5133054Z #11 0.858 npm warn EBADENGINE   required: { node: '^20.19.0 || >=22.12.0' },
build-and-deploy	UNKNOWN STEP	2026-02-23T13:10:05.5133927Z #11 0.858 npm warn EBADENGINE   current: { node: 'v18.20.8', npm: '10.8.2' }
build-and-deploy	UNKNOWN STEP	2026-02-23T13:10:05.5134646Z #11 0.858 npm warn EBADENGINE }
build-and-deploy	UNKNOWN STEP	2026-02-23T13:10:05.6670423Z #11 0.861 npm warn EBADENGINE Unsupported engine {
build-and-deploy	UNKNOWN STEP	2026-02-23T13:10:05.6671260Z #11 0.861 npm warn EBADENGINE   package: 'react-router@7.13.0',
build-and-deploy	UNKNOWN STEP	2026-02-23T13:10:05.6671956Z #11 0.861 npm warn EBADENGINE   required: { node: '>=20.0.0' },
build-and-deploy	UNKNOWN STEP	2026-02-23T13:10:05.6672870Z #11 0.861 npm warn EBADENGINE   current: { node: 'v18.20.8', npm: '10.8.2' }
build-and-deploy	UNKNOWN STEP	2026-02-23T13:10:05.6673524Z #11 0.861 npm warn EBADENGINE }
build-and-deploy	UNKNOWN STEP	2026-02-23T13:10:05.6674020Z #11 0.862 npm warn EBADENGINE Unsupported engine {
build-and-deploy	UNKNOWN STEP	2026-02-23T13:10:05.6675098Z #11 0.862 npm warn EBADENGINE   package: 'react-router-dom@7.13.0',
build-and-deploy	UNKNOWN STEP	2026-02-23T13:10:05.6675880Z #11 0.862 npm warn EBADENGINE   required: { node: '>=20.0.0' },
build-and-deploy	UNKNOWN STEP	2026-02-23T13:10:05.6676671Z #11 0.862 npm warn EBADENGINE   current: { node: 'v18.20.8', npm: '10.8.2' }
build-and-deploy	UNKNOWN STEP	2026-02-23T13:10:05.6677383Z #11 0.862 npm warn EBADENGINE }
build-and-deploy	UNKNOWN STEP	2026-02-23T13:10:05.6678232Z #11 0.862 npm warn EBADENGINE Unsupported engine {
build-and-deploy	UNKNOWN STEP	2026-02-23T13:10:05.6678886Z #11 0.862 npm warn EBADENGINE   package: 'vite@7.3.1',
build-and-deploy	UNKNOWN STEP	2026-02-23T13:10:05.6679634Z #11 0.862 npm warn EBADENGINE   required: { node: '^20.19.0 || >=22.12.0' },
build-and-deploy	UNKNOWN STEP	2026-02-23T13:10:05.6680514Z #11 0.862 npm warn EBADENGINE   current: { node: 'v18.20.8', npm: '10.8.2' }
build-and-deploy	UNKNOWN STEP	2026-02-23T13:10:05.6681209Z #11 0.862 npm warn EBADENGINE }
build-and-deploy	UNKNOWN STEP	2026-02-23T13:10:58.2972049Z #11 53.64 
build-and-deploy	UNKNOWN STEP	2026-02-23T13:10:58.2972818Z #11 53.64 added 344 packages, and audited 345 packages in 53s
build-and-deploy	UNKNOWN STEP	2026-02-23T13:10:58.4475442Z #11 53.64 
build-and-deploy	UNKNOWN STEP	2026-02-23T13:10:58.4475911Z #11 53.64 53 packages are looking for funding
build-and-deploy	UNKNOWN STEP	2026-02-23T13:10:58.4476438Z #11 53.64   run `npm fund` for details
build-and-deploy	UNKNOWN STEP	2026-02-23T13:10:58.5480079Z #11 53.89 
build-and-deploy	UNKNOWN STEP	2026-02-23T13:10:58.5480693Z #11 53.89 11 vulnerabilities (1 moderate, 10 high)
build-and-deploy	UNKNOWN STEP	2026-02-23T13:10:58.5481349Z #11 53.89 
build-and-deploy	UNKNOWN STEP	2026-02-23T13:10:58.5481895Z #11 53.89 To address issues that do not require attention, run:
build-and-deploy	UNKNOWN STEP	2026-02-23T13:10:58.5482789Z #11 53.89   npm audit fix
build-and-deploy	UNKNOWN STEP	2026-02-23T13:10:58.5483200Z #11 53.89 
build-and-deploy	UNKNOWN STEP	2026-02-23T13:10:58.5483606Z #11 53.89 To address all issues (including breaking changes), run:
build-and-deploy	UNKNOWN STEP	2026-02-23T13:10:58.5484008Z #11 53.89   npm audit fix --force
build-and-deploy	UNKNOWN STEP	2026-02-23T13:10:58.5484276Z #11 53.89 
build-and-deploy	UNKNOWN STEP	2026-02-23T13:10:58.5484496Z #11 53.89 Run `npm audit` for details.
build-and-deploy	UNKNOWN STEP	2026-02-23T13:10:58.6996131Z #11 53.89 npm notice
build-and-deploy	UNKNOWN STEP	2026-02-23T13:10:58.6996762Z #11 53.89 npm notice New major version of npm available! 10.8.2 -> 11.10.1
build-and-deploy	UNKNOWN STEP	2026-02-23T13:10:58.6997595Z #11 53.89 npm notice Changelog: https://github.com/npm/cli/releases/tag/v11.10.1
build-and-deploy	UNKNOWN STEP	2026-02-23T13:10:58.6998417Z #11 53.89 npm notice To update run: npm install -g npm@11.10.1
build-and-deploy	UNKNOWN STEP	2026-02-23T13:10:58.6999051Z #11 53.89 npm notice
build-and-deploy	UNKNOWN STEP	2026-02-23T13:10:59.1634421Z #11 DONE 54.5s
build-and-deploy	UNKNOWN STEP	2026-02-23T13:10:59.3315106Z 
build-and-deploy	UNKNOWN STEP	2026-02-23T13:10:59.3315921Z #12 [build 5/6] COPY . .
build-and-deploy	UNKNOWN STEP	2026-02-23T13:10:59.3316547Z #12 DONE 0.0s
build-and-deploy	UNKNOWN STEP	2026-02-23T13:10:59.3316811Z 
build-and-deploy	UNKNOWN STEP	2026-02-23T13:10:59.3317032Z #13 [build 6/6] RUN npm run build
build-and-deploy	UNKNOWN STEP	2026-02-23T13:10:59.4446194Z #13 0.264 
build-and-deploy	UNKNOWN STEP	2026-02-23T13:10:59.4446691Z #13 0.264 > client@0.0.0 build
build-and-deploy	UNKNOWN STEP	2026-02-23T13:10:59.4447206Z #13 0.264 > tsc -b && vite build
build-and-deploy	UNKNOWN STEP	2026-02-23T13:10:59.4447647Z #13 0.264 
build-and-deploy	UNKNOWN STEP	2026-02-23T13:11:04.0881312Z #13 4.907 You are using Node.js 18.20.8. Vite requires Node.js version 20.19+ or 22.12+. Please upgrade your Node.js version.
build-and-deploy	UNKNOWN STEP	2026-02-23T13:11:04.2789852Z #13 5.098 vite v7.3.1 building client environment for production...
build-and-deploy	UNKNOWN STEP	2026-02-23T13:11:04.5005008Z #13 5.169 transforming...
build-and-deploy	UNKNOWN STEP	2026-02-23T13:11:20.9668641Z #13 21.79 â 9954 modules transformed.
build-and-deploy	UNKNOWN STEP	2026-02-23T13:11:22.3092819Z #13 23.13 rendering chunks...
build-and-deploy	UNKNOWN STEP	2026-02-23T13:11:22.5550967Z #13 23.16 computing gzip size...
build-and-deploy	UNKNOWN STEP	2026-02-23T13:11:22.5552008Z #13 23.22 dist/index.html                     0.45 kB â gzip:   0.29 kB
build-and-deploy	UNKNOWN STEP	2026-02-23T13:11:22.5553300Z #13 23.22 dist/assets/index-CvivjFEo.css      1.19 kB â gzip:   0.57 kB
build-and-deploy	UNKNOWN STEP	2026-02-23T13:11:22.5554164Z #13 23.22 dist/assets/index-EIQCoBWt.js   2,253.68 kB â gzip: 714.09 kB
build-and-deploy	UNKNOWN STEP	2026-02-23T13:11:22.5554743Z #13 23.22 
build-and-deploy	UNKNOWN STEP	2026-02-23T13:11:22.5555248Z #13 23.22 (!) Some chunks are larger than 500 kB after minification. Consider:
build-and-deploy	UNKNOWN STEP	2026-02-23T13:11:22.5555990Z #13 23.22 - Using dynamic import() to code-split the application
build-and-deploy	UNKNOWN STEP	2026-02-23T13:11:22.5557193Z #13 23.22 - Use build.rollupOptions.output.manualChunks to improve chunking: https://rollupjs.org/configuration-options/#output-manualchunks
build-and-deploy	UNKNOWN STEP	2026-02-23T13:11:22.5558483Z #13 23.22 - Adjust chunk size limit for this warning via build.chunkSizeWarningLimit.
build-and-deploy	UNKNOWN STEP	2026-02-23T13:11:22.5559277Z #13 23.22 â built in 18.09s
build-and-deploy	UNKNOWN STEP	2026-02-23T13:11:22.6777496Z #13 DONE 23.5s
build-and-deploy	UNKNOWN STEP	2026-02-23T13:11:23.6576184Z 
build-and-deploy	UNKNOWN STEP	2026-02-23T13:11:23.6577235Z #14 [stage-1 2/3] COPY --from=build /app/dist /usr/share/nginx/html
build-and-deploy	UNKNOWN STEP	2026-02-23T13:11:23.8370605Z #14 DONE 0.0s
build-and-deploy	UNKNOWN STEP	2026-02-23T13:11:23.8370836Z 
build-and-deploy	UNKNOWN STEP	2026-02-23T13:11:23.8371067Z #15 [stage-1 3/3] COPY nginx.conf /etc/nginx/conf.d/default.conf
build-and-deploy	UNKNOWN STEP	2026-02-23T13:11:23.8371492Z #15 DONE 0.0s
build-and-deploy	UNKNOWN STEP	2026-02-23T13:11:23.8371635Z 
build-and-deploy	UNKNOWN STEP	2026-02-23T13:11:23.8371745Z #16 exporting to image
build-and-deploy	UNKNOWN STEP	2026-02-23T13:11:23.8372012Z #16 exporting layers
build-and-deploy	UNKNOWN STEP	2026-02-23T13:11:24.0081558Z #16 exporting layers 0.3s done
build-and-deploy	UNKNOWN STEP	2026-02-23T13:11:24.1567670Z #16 writing image sha256:01db01da437d612c5dd5a4dfe5b83da931373a23283c6d438d82ce781c935b68 done
build-and-deploy	UNKNOWN STEP	2026-02-23T13:11:24.1568786Z #16 naming to docker.io/***/upgrade-frontend:latest done
build-and-deploy	UNKNOWN STEP	2026-02-23T13:11:24.1569312Z #16 DONE 0.3s
build-and-deploy	UNKNOWN STEP	2026-02-23T13:11:24.1569496Z 
build-and-deploy	UNKNOWN STEP	2026-02-23T13:11:24.1569685Z #17 resolving provenance for metadata file
build-and-deploy	UNKNOWN STEP	2026-02-23T13:11:24.1570124Z #17 DONE 0.0s
build-and-deploy	UNKNOWN STEP	2026-02-23T13:11:24.1570307Z 
build-and-deploy	UNKNOWN STEP	2026-02-23T13:11:24.1570713Z #18 pushing ***/upgrade-frontend:latest with docker
build-and-deploy	UNKNOWN STEP	2026-02-23T13:11:24.1571272Z #18 pushing layer 6ecc5003d7bf
build-and-deploy	UNKNOWN STEP	2026-02-23T13:11:24.2897938Z #18 pushing layer 6fe48ac0789b
build-and-deploy	UNKNOWN STEP	2026-02-23T13:11:24.2898564Z #18 pushing layer da3ac26fdf0f
build-and-deploy	UNKNOWN STEP	2026-02-23T13:11:24.2901291Z #18 pushing layer 7***3554e63
build-and-deploy	UNKNOWN STEP	2026-02-23T13:11:24.2902071Z #18 pushing layer 6c0e59fd138a 0.1s
build-and-deploy	UNKNOWN STEP	2026-02-23T13:11:24.2902810Z #18 pushing layer aa0fc249df10
build-and-deploy	UNKNOWN STEP	2026-02-23T13:11:24.2903350Z #18 pushing layer f35bcec50d8c
build-and-deploy	UNKNOWN STEP	2026-02-23T13:11:24.2903782Z #18 pushing layer 660f9a93104f
build-and-deploy	UNKNOWN STEP	2026-02-23T13:11:24.2904094Z #18 pushing layer 53998a5033c3
build-and-deploy	UNKNOWN STEP	2026-02-23T13:11:24.2904512Z #18 pushing layer 989e799e6349
build-and-deploy	UNKNOWN STEP	2026-02-23T13:11:24.4109450Z #18 pushing layer 6ecc5003d7bf 4.61kB / 1.42kB 0.2s
build-and-deploy	UNKNOWN STEP	2026-02-23T13:11:24.6586673Z #18 pushing layer 6fe48ac0789b 2.26MB / 2.26MB 0.4s
build-and-deploy	UNKNOWN STEP	2026-02-23T13:11:25.3135024Z #18 pushing layer 6ecc5003d7bf 1.2s done
build-and-deploy	UNKNOWN STEP	2026-02-23T13:11:25.5336271Z #18 pushing layer 6fe48ac0789b 1.4s done
build-and-deploy	UNKNOWN STEP	2026-02-23T13:11:28.2788344Z #18 pushing layer 53998a5033c3 4.1s done
build-and-deploy	UNKNOWN STEP	2026-02-23T13:11:28.4294835Z #18 pushing layer da3ac26fdf0f 4.1s done
build-and-deploy	UNKNOWN STEP	2026-02-23T13:11:28.4297093Z #18 pushing layer 7***3554e63 4.1s done
build-and-deploy	UNKNOWN STEP	2026-02-23T13:11:28.4297510Z #18 pushing layer 6c0e59fd138a 4.1s done
build-and-deploy	UNKNOWN STEP	2026-02-23T13:11:28.4297849Z #18 pushing layer aa0fc249df10 4.1s done
build-and-deploy	UNKNOWN STEP	2026-02-23T13:11:28.4298172Z #18 pushing layer f35bcec50d8c 4.1s done
build-and-deploy	UNKNOWN STEP	2026-02-23T13:11:28.4298481Z #18 pushing layer 660f9a93104f 4.1s done
build-and-deploy	UNKNOWN STEP	2026-02-23T13:11:28.4298791Z #18 pushing layer 989e799e6349 4.1s done
build-and-deploy	UNKNOWN STEP	2026-02-23T13:11:28.4299104Z #18 DONE 4.2s
build-and-deploy	UNKNOWN STEP	2026-02-23T13:11:28.8727566Z ##[group]ImageID
build-and-deploy	UNKNOWN STEP	2026-02-23T13:11:28.8727964Z sha256:01db01da437d612c5dd5a4dfe5b83da931373a23283c6d438d82ce781c935b68
build-and-deploy	UNKNOWN STEP	2026-02-23T13:11:28.8729864Z ##[endgroup]
build-and-deploy	UNKNOWN STEP	2026-02-23T13:11:28.8730419Z ##[group]Digest
build-and-deploy	UNKNOWN STEP	2026-02-23T13:11:28.8731178Z sha256:f6da6a97757d83703b2e70a19b130e964df37b329f6e632c771a83fe2d32b521
build-and-deploy	UNKNOWN STEP	2026-02-23T13:11:28.8732140Z ##[endgroup]
build-and-deploy	UNKNOWN STEP	2026-02-23T13:11:28.8732946Z ##[group]Metadata
build-and-deploy	UNKNOWN STEP	2026-02-23T13:11:28.8733291Z {
build-and-deploy	UNKNOWN STEP	2026-02-23T13:11:28.8733610Z   "buildx.build.provenance": {
build-and-deploy	UNKNOWN STEP	2026-02-23T13:11:28.8734021Z     "builder": {
build-and-deploy	UNKNOWN STEP	2026-02-23T13:11:28.8734342Z       "id": ""
build-and-deploy	UNKNOWN STEP	2026-02-23T13:11:28.8734647Z     },
build-and-deploy	UNKNOWN STEP	2026-02-23T13:11:28.8735106Z     "buildType": "https://mobyproject.org/buildkit@v1",
build-and-deploy	UNKNOWN STEP	2026-02-23T13:11:28.8735625Z     "materials": [
build-and-deploy	UNKNOWN STEP	2026-02-23T13:11:28.8735957Z       {
build-and-deploy	UNKNOWN STEP	2026-02-23T13:11:28.8736372Z         "uri": "pkg:docker/nginx@alpine?platform=linux%2Famd64",
build-and-deploy	UNKNOWN STEP	2026-02-23T13:11:28.8736909Z         "digest": {
build-and-deploy	UNKNOWN STEP	2026-02-23T13:11:28.8737505Z           "sha256": "1d13701a5f9f3fb01aaa88cef2344d65b6b5bf6b7d9fa4cf0dca557a8d7702ba"
build-and-deploy	UNKNOWN STEP	2026-02-23T13:11:28.8737992Z         }
build-and-deploy	UNKNOWN STEP	2026-02-23T13:11:28.8738179Z       },
build-and-deploy	UNKNOWN STEP	2026-02-23T13:11:28.8738367Z       {
build-and-deploy	UNKNOWN STEP	2026-02-23T13:11:28.8738627Z         "uri": "pkg:docker/node@18-alpine?platform=linux%2Famd64",
build-and-deploy	UNKNOWN STEP	2026-02-23T13:11:28.8738970Z         "digest": {
build-and-deploy	UNKNOWN STEP	2026-02-23T13:11:28.8739311Z           "sha256": "8d6421d663b4c28fd3ebc498332f249011d118945588d0a35cb9bc4b8ca09d9e"
build-and-deploy	UNKNOWN STEP	2026-02-23T13:11:28.8739711Z         }
build-and-deploy	UNKNOWN STEP	2026-02-23T13:11:28.8739898Z       }
build-and-deploy	UNKNOWN STEP	2026-02-23T13:11:28.8740076Z     ],
build-and-deploy	UNKNOWN STEP	2026-02-23T13:11:28.8740265Z     "invocation": {
build-and-deploy	UNKNOWN STEP	2026-02-23T13:11:28.8740486Z       "configSource": {
build-and-deploy	UNKNOWN STEP	2026-02-23T13:11:28.8740963Z         "entryPoint": "Dockerfile"
build-and-deploy	UNKNOWN STEP	2026-02-23T13:11:28.8741235Z       },
build-and-deploy	UNKNOWN STEP	2026-02-23T13:11:28.8741469Z       "parameters": {
build-and-deploy	UNKNOWN STEP	2026-02-23T13:11:28.8741706Z         "frontend": "dockerfile.v0",
build-and-deploy	UNKNOWN STEP	2026-02-23T13:11:28.8741970Z         "locals": [
build-and-deploy	UNKNOWN STEP	2026-02-23T13:11:28.8742163Z           {
build-and-deploy	UNKNOWN STEP	2026-02-23T13:11:28.8742538Z             "name": "context"
build-and-deploy	UNKNOWN STEP	2026-02-23T13:11:28.8742960Z           },
build-and-deploy	UNKNOWN STEP	2026-02-23T13:11:28.8743145Z           {
build-and-deploy	UNKNOWN STEP	2026-02-23T13:11:28.8743335Z             "name": "dockerfile"
build-and-deploy	UNKNOWN STEP	2026-02-23T13:11:28.8743575Z           }
build-and-deploy	UNKNOWN STEP	2026-02-23T13:11:28.8743749Z         ]
build-and-deploy	UNKNOWN STEP	2026-02-23T13:11:28.8743924Z       },
build-and-deploy	UNKNOWN STEP	2026-02-23T13:11:28.8744114Z       "environment": {
build-and-deploy	UNKNOWN STEP	2026-02-23T13:11:28.8744347Z         "platform": "linux/amd64"
build-and-deploy	UNKNOWN STEP	2026-02-23T13:11:28.8744588Z       }
build-and-deploy	UNKNOWN STEP	2026-02-23T13:11:28.8744762Z     }
build-and-deploy	UNKNOWN STEP	2026-02-23T13:11:28.8744936Z   },
build-and-deploy	UNKNOWN STEP	2026-02-23T13:11:28.8745216Z   "buildx.build.ref": "default/default/jfjma4t76dbe3krl3qsnghfkf",
build-and-deploy	UNKNOWN STEP	2026-02-23T13:11:28.8745817Z   "containerimage.config.digest": "sha256:01db01da437d612c5dd5a4dfe5b83da931373a23283c6d438d82ce781c935b68",
build-and-deploy	UNKNOWN STEP	2026-02-23T13:11:28.8746529Z   "containerimage.digest": "sha256:f6da6a97757d83703b2e70a19b130e964df37b329f6e632c771a83fe2d32b521",
build-and-deploy	UNKNOWN STEP	2026-02-23T13:11:28.8747212Z   "image.name": "docker.io/***/upgrade-frontend:latest"
build-and-deploy	UNKNOWN STEP	2026-02-23T13:11:28.8747524Z }
build-and-deploy	UNKNOWN STEP	2026-02-23T13:11:28.8747874Z ##[endgroup]
build-and-deploy	UNKNOWN STEP	2026-02-23T13:11:28.8841848Z ##[group]Run {
build-and-deploy	UNKNOWN STEP	2026-02-23T13:11:28.8842148Z [36;1m{[0m
build-and-deploy	UNKNOWN STEP	2026-02-23T13:11:28.8842908Z [36;1m  echo 'COMPOSE_CONFIG<<EOF'[0m
build-and-deploy	UNKNOWN STEP	2026-02-23T13:11:28.8843322Z [36;1m  cat docker-compose.prod.yml[0m
build-and-deploy	UNKNOWN STEP	2026-02-23T13:11:28.8843619Z [36;1m  echo EOF[0m
build-and-deploy	UNKNOWN STEP	2026-02-23T13:11:28.8843848Z [36;1m} >> "$GITHUB_ENV"[0m
build-and-deploy	UNKNOWN STEP	2026-02-23T13:11:28.8878780Z shell: /usr/bin/bash -e {0}
build-and-deploy	UNKNOWN STEP	2026-02-23T13:11:28.8879050Z ##[endgroup]
build-and-deploy	UNKNOWN STEP	2026-02-23T13:11:28.8980832Z ##[error]Unable to process file command 'env' successfully.
build-and-deploy	UNKNOWN STEP	2026-02-23T13:11:28.8989516Z ##[error]Invalid value. Matching delimiter not found 'EOF'
build-and-deploy	UNKNOWN STEP	2026-02-23T13:11:28.9169271Z Post job cleanup.
build-and-deploy	UNKNOWN STEP	2026-02-23T13:11:29.1426554Z ##[group]Removing temp folder /home/runner/work/_temp/docker-actions-toolkit-HCHqJA
build-and-deploy	UNKNOWN STEP	2026-02-23T13:11:29.1440676Z ##[endgroup]
build-and-deploy	UNKNOWN STEP	2026-02-23T13:11:29.1441375Z ##[group]Post cache
build-and-deploy	UNKNOWN STEP	2026-02-23T13:11:29.1443400Z State not set
build-and-deploy	UNKNOWN STEP	2026-02-23T13:11:29.1444060Z ##[endgroup]
build-and-deploy	UNKNOWN STEP	2026-02-23T13:11:29.1577416Z Post job cleanup.
build-and-deploy	UNKNOWN STEP	2026-02-23T13:11:29.3821061Z ##[group]Removing temp folder /home/runner/work/_temp/docker-actions-toolkit-iZ0Osn
build-and-deploy	UNKNOWN STEP	2026-02-23T13:11:29.3835190Z ##[endgroup]
build-and-deploy	UNKNOWN STEP	2026-02-23T13:11:29.3835846Z ##[group]Post cache
build-and-deploy	UNKNOWN STEP	2026-02-23T13:11:29.3837340Z State not set
build-and-deploy	UNKNOWN STEP	2026-02-23T13:11:29.3837939Z ##[endgroup]
build-and-deploy	UNKNOWN STEP	2026-02-23T13:11:29.3953069Z Post job cleanup.
build-and-deploy	UNKNOWN STEP	2026-02-23T13:11:29.6972812Z ##[group]Logout from docker.io
build-and-deploy	UNKNOWN STEP	2026-02-23T13:11:29.7020163Z [command]/usr/bin/docker logout docker.io
build-and-deploy	UNKNOWN STEP	2026-02-23T13:11:29.7152928Z Removing login credentials for docker.io
build-and-deploy	UNKNOWN STEP	2026-02-23T13:11:29.7186707Z ##[endgroup]
build-and-deploy	UNKNOWN STEP	2026-02-23T13:11:29.7187160Z ##[group]Post cache
build-and-deploy	UNKNOWN STEP	2026-02-23T13:11:29.7188998Z State not set
build-and-deploy	UNKNOWN STEP	2026-02-23T13:11:29.7189744Z ##[endgroup]
build-and-deploy	UNKNOWN STEP	2026-02-23T13:11:29.7330372Z Post job cleanup.
build-and-deploy	UNKNOWN STEP	2026-02-23T13:11:29.8281449Z [command]/usr/bin/git version
build-and-deploy	UNKNOWN STEP	2026-02-23T13:11:29.8317334Z git version 2.52.0
build-and-deploy	UNKNOWN STEP	2026-02-23T13:11:29.8360717Z Temporarily overriding HOME='/home/runner/work/_temp/36deab9a-05d9-4ebe-8a13-ce8e6781791e' before making global git config changes
build-and-deploy	UNKNOWN STEP	2026-02-23T13:11:29.8362088Z Adding repository directory to the temporary git global config as a safe directory
build-and-deploy	UNKNOWN STEP	2026-02-23T13:11:29.8367338Z [command]/usr/bin/git config --global --add safe.directory /home/runner/work/UPGRADE/UPGRADE
build-and-deploy	UNKNOWN STEP	2026-02-23T13:11:29.8403590Z [command]/usr/bin/git config --local --name-only --get-regexp core\.sshCommand
build-and-deploy	UNKNOWN STEP	2026-02-23T13:11:29.8436740Z [command]/usr/bin/git submodule foreach --recursive sh -c "git config --local --name-only --get-regexp 'core\.sshCommand' && git config --local --unset-all 'core.sshCommand' || :"
build-and-deploy	UNKNOWN STEP	2026-02-23T13:11:29.8664250Z [command]/usr/bin/git config --local --name-only --get-regexp http\.https\:\/\/github\.com\/\.extraheader
build-and-deploy	UNKNOWN STEP	2026-02-23T13:11:29.8687576Z http.https://github.com/.extraheader
build-and-deploy	UNKNOWN STEP	2026-02-23T13:11:29.8700732Z [command]/usr/bin/git config --local --unset-all http.https://github.com/.extraheader
build-and-deploy	UNKNOWN STEP	2026-02-23T13:11:29.8731458Z [command]/usr/bin/git submodule foreach --recursive sh -c "git config --local --name-only --get-regexp 'http\.https\:\/\/github\.com\/\.extraheader' && git config --local --unset-all 'http.https://github.com/.extraheader' || :"
build-and-deploy	UNKNOWN STEP	2026-02-23T13:11:29.8957257Z [command]/usr/bin/git config --local --name-only --get-regexp ^includeIf\.gitdir:
build-and-deploy	UNKNOWN STEP	2026-02-23T13:11:29.8989249Z [command]/usr/bin/git submodule foreach --recursive git config --local --show-origin --name-only --get-regexp remote.origin.url
build-and-deploy	UNKNOWN STEP	2026-02-23T13:11:29.9313667Z Cleaning up orphan processes
