build-and-deploy	UNKNOWN STEP	ï»¿2026-02-24T09:56:16.4161162Z Current runner version: '2.331.0'
build-and-deploy	UNKNOWN STEP	2026-02-24T09:56:16.4197487Z ##[group]Runner Image Provisioner
build-and-deploy	UNKNOWN STEP	2026-02-24T09:56:16.4199373Z Hosted Compute Agent
build-and-deploy	UNKNOWN STEP	2026-02-24T09:56:16.4200523Z Version: 20260123.484
build-and-deploy	UNKNOWN STEP	2026-02-24T09:56:16.4201795Z Commit: 6bd6555ca37d84114959e1c76d2c01448ff61c5d
build-and-deploy	UNKNOWN STEP	2026-02-24T09:56:16.4203268Z Build Date: 2026-01-23T19:41:17Z
build-and-deploy	UNKNOWN STEP	2026-02-24T09:56:16.4204663Z Worker ID: {fc0cd229-22a1-4289-a9f9-9a366438d575}
build-and-deploy	UNKNOWN STEP	2026-02-24T09:56:16.4206416Z Azure Region: eastus
build-and-deploy	UNKNOWN STEP	2026-02-24T09:56:16.4207516Z ##[endgroup]
build-and-deploy	UNKNOWN STEP	2026-02-24T09:56:16.4210848Z ##[group]Operating System
build-and-deploy	UNKNOWN STEP	2026-02-24T09:56:16.4212051Z Ubuntu
build-and-deploy	UNKNOWN STEP	2026-02-24T09:56:16.4213193Z 24.04.3
build-and-deploy	UNKNOWN STEP	2026-02-24T09:56:16.4214109Z LTS
build-and-deploy	UNKNOWN STEP	2026-02-24T09:56:16.4215434Z ##[endgroup]
build-and-deploy	UNKNOWN STEP	2026-02-24T09:56:16.4216484Z ##[group]Runner Image
build-and-deploy	UNKNOWN STEP	2026-02-24T09:56:16.4217704Z Image: ubuntu-24.04
build-and-deploy	UNKNOWN STEP	2026-02-24T09:56:16.4218951Z Version: 20260201.15.1
build-and-deploy	UNKNOWN STEP	2026-02-24T09:56:16.4221448Z Included Software: https://github.com/actions/runner-images/blob/ubuntu24/20260201.15/images/ubuntu/Ubuntu2404-Readme.md
build-and-deploy	UNKNOWN STEP	2026-02-24T09:56:16.4224366Z Image Release: https://github.com/actions/runner-images/releases/tag/ubuntu24%2F20260201.15
build-and-deploy	UNKNOWN STEP	2026-02-24T09:56:16.4226604Z ##[endgroup]
build-and-deploy	UNKNOWN STEP	2026-02-24T09:56:16.4228926Z ##[group]GITHUB_TOKEN Permissions
build-and-deploy	UNKNOWN STEP	2026-02-24T09:56:16.4231868Z Contents: read
build-and-deploy	UNKNOWN STEP	2026-02-24T09:56:16.4232950Z Metadata: read
build-and-deploy	UNKNOWN STEP	2026-02-24T09:56:16.4233913Z Packages: read
build-and-deploy	UNKNOWN STEP	2026-02-24T09:56:16.4234989Z ##[endgroup]
build-and-deploy	UNKNOWN STEP	2026-02-24T09:56:16.4238240Z Secret source: Actions
build-and-deploy	UNKNOWN STEP	2026-02-24T09:56:16.4239866Z Prepare workflow directory
build-and-deploy	UNKNOWN STEP	2026-02-24T09:56:16.4712489Z Prepare all required actions
build-and-deploy	UNKNOWN STEP	2026-02-24T09:56:16.4769871Z Getting action download info
build-and-deploy	UNKNOWN STEP	2026-02-24T09:56:16.7934522Z Download action repository 'actions/checkout@v4' (SHA:34e114876b0b11c390a56381ad16ebd13914f8d5)
build-and-deploy	UNKNOWN STEP	2026-02-24T09:56:16.9051214Z Download action repository 'docker/login-action@v3' (SHA:c94ce9fb468520275223c153574b00df6fe4bcc9)
build-and-deploy	UNKNOWN STEP	2026-02-24T09:56:17.2129080Z Download action repository 'docker/build-push-action@v5' (SHA:ca052bb54ab0790a636c9b5f226502c73d547a25)
build-and-deploy	UNKNOWN STEP	2026-02-24T09:56:17.4936015Z Download action repository 'appleboy/ssh-action@v1.0.3' (SHA:029f5b4aeeeb58fdfe1410a5d17f967dacf36262)
build-and-deploy	UNKNOWN STEP	2026-02-24T09:56:17.7803141Z Complete job name: build-and-deploy
build-and-deploy	UNKNOWN STEP	2026-02-24T09:56:17.8272011Z ##[group]Build container for action use: '/home/runner/work/_actions/appleboy/ssh-action/v1.0.3/Dockerfile'.
build-and-deploy	UNKNOWN STEP	2026-02-24T09:56:17.8324248Z ##[command]/usr/bin/docker build -t 23987d:9f397a0451674a3f9c3b8ea11d12e028 -f "/home/runner/work/_actions/appleboy/ssh-action/v1.0.3/Dockerfile" "/home/runner/work/_actions/appleboy/ssh-action/v1.0.3"
build-and-deploy	UNKNOWN STEP	2026-02-24T09:56:21.8902400Z #0 building with "default" instance using docker driver
build-and-deploy	UNKNOWN STEP	2026-02-24T09:56:21.8903589Z 
build-and-deploy	UNKNOWN STEP	2026-02-24T09:56:21.8903863Z #1 [internal] load build definition from Dockerfile
build-and-deploy	UNKNOWN STEP	2026-02-24T09:56:21.8904508Z #1 transferring dockerfile: 149B done
build-and-deploy	UNKNOWN STEP	2026-02-24T09:56:21.8905092Z #1 DONE 0.0s
build-and-deploy	UNKNOWN STEP	2026-02-24T09:56:21.8905542Z 
build-and-deploy	UNKNOWN STEP	2026-02-24T09:56:21.8905863Z #2 [internal] load metadata for ghcr.io/appleboy/drone-ssh:1.7.3
build-and-deploy	UNKNOWN STEP	2026-02-24T09:56:21.9812624Z #2 DONE 0.2s
build-and-deploy	UNKNOWN STEP	2026-02-24T09:56:22.1035154Z 
build-and-deploy	UNKNOWN STEP	2026-02-24T09:56:22.1037721Z #3 [internal] load .dockerignore
build-and-deploy	UNKNOWN STEP	2026-02-24T09:56:22.1041055Z #3 transferring context: 2B done
build-and-deploy	UNKNOWN STEP	2026-02-24T09:56:22.1042030Z #3 DONE 0.0s
build-and-deploy	UNKNOWN STEP	2026-02-24T09:56:22.1042342Z 
build-and-deploy	UNKNOWN STEP	2026-02-24T09:56:22.1042824Z #4 [internal] load build context
build-and-deploy	UNKNOWN STEP	2026-02-24T09:56:22.1043547Z #4 transferring context: 108B done
build-and-deploy	UNKNOWN STEP	2026-02-24T09:56:22.1044340Z #4 DONE 0.0s
build-and-deploy	UNKNOWN STEP	2026-02-24T09:56:22.1044757Z 
build-and-deploy	UNKNOWN STEP	2026-02-24T09:56:22.1045693Z #5 [1/2] FROM ghcr.io/appleboy/drone-ssh:1.7.3@sha256:179cbd253771007f2ebcaf7a3860afe059207351de1f3378efafac93bd310158
build-and-deploy	UNKNOWN STEP	2026-02-24T09:56:22.1047068Z #5 resolve ghcr.io/appleboy/drone-ssh:1.7.3@sha256:179cbd253771007f2ebcaf7a3860afe059207351de1f3378efafac93bd310158 done
build-and-deploy	UNKNOWN STEP	2026-02-24T09:56:22.1048576Z #5 extracting sha256:1207c741d8c9b028d98c4006013f9de959da3c55f85b91ed5e4583438a0112ca
build-and-deploy	UNKNOWN STEP	2026-02-24T09:56:22.1049940Z #5 sha256:7e20f48a19643465f486f59127b8f4e0f4114bedc8bd5260fb4f92d5fda95f1c 1.20kB / 1.20kB 0.0s done
build-and-deploy	UNKNOWN STEP	2026-02-24T09:56:22.1051459Z #5 sha256:066e5b821e26d8313055e0314c056e6c297847bcf963e5df10e7aa03107f2246 125B / 125B 0.1s done
build-and-deploy	UNKNOWN STEP	2026-02-24T09:56:22.1052945Z #5 sha256:47353a6f9201a145b687290e5ae0278ac269faf4bb61bee3e9246c37a8d74277 2.19MB / 2.44MB 0.1s
build-and-deploy	UNKNOWN STEP	2026-02-24T09:56:22.1053826Z #5 sha256:179cbd253771007f2ebcaf7a3860afe059207351de1f3378efafac93bd310158 2.38kB / 2.38kB done
build-and-deploy	UNKNOWN STEP	2026-02-24T09:56:22.1054667Z #5 sha256:1a52f94820e830bc9734623deb03bbafa6a248fba19cdc2e5605c70d90d91441 1.24kB / 1.24kB done
build-and-deploy	UNKNOWN STEP	2026-02-24T09:56:22.1055819Z #5 sha256:c4781b8d012b16b6c7468dc9104fad0a63f2a8815b2af8b7176bb544253ea8c7 3.86kB / 3.86kB done
build-and-deploy	UNKNOWN STEP	2026-02-24T09:56:22.1056658Z #5 sha256:1207c741d8c9b028d98c4006013f9de959da3c55f85b91ed5e4583438a0112ca 3.38MB / 3.38MB 0.1s done
build-and-deploy	UNKNOWN STEP	2026-02-24T09:56:22.1057516Z #5 sha256:654aaee5654be60f81172539ecd74485cf8bbe2e9137bab0d429862c31c676f6 284.83kB / 284.83kB 0.0s done
build-and-deploy	UNKNOWN STEP	2026-02-24T09:56:22.2179913Z #5 extracting sha256:1207c741d8c9b028d98c4006013f9de959da3c55f85b91ed5e4583438a0112ca 0.1s done
build-and-deploy	UNKNOWN STEP	2026-02-24T09:56:22.2181937Z #5 sha256:47353a6f9201a145b687290e5ae0278ac269faf4bb61bee3e9246c37a8d74277 2.44MB / 2.44MB 0.1s done
build-and-deploy	UNKNOWN STEP	2026-02-24T09:56:22.2183277Z #5 extracting sha256:654aaee5654be60f81172539ecd74485cf8bbe2e9137bab0d429862c31c676f6 0.0s done
build-and-deploy	UNKNOWN STEP	2026-02-24T09:56:23.7090383Z #5 extracting sha256:7e20f48a19643465f486f59127b8f4e0f4114bedc8bd5260fb4f92d5fda95f1c
build-and-deploy	UNKNOWN STEP	2026-02-24T09:56:23.9527124Z #5 extracting sha256:7e20f48a19643465f486f59127b8f4e0f4114bedc8bd5260fb4f92d5fda95f1c done
build-and-deploy	UNKNOWN STEP	2026-02-24T09:56:23.9528575Z #5 extracting sha256:066e5b821e26d8313055e0314c056e6c297847bcf963e5df10e7aa03107f2246 done
build-and-deploy	UNKNOWN STEP	2026-02-24T09:56:23.9530352Z #5 extracting sha256:47353a6f9201a145b687290e5ae0278ac269faf4bb61bee3e9246c37a8d74277 0.0s done
build-and-deploy	UNKNOWN STEP	2026-02-24T09:56:23.9531454Z #5 DONE 1.8s
build-and-deploy	UNKNOWN STEP	2026-02-24T09:56:23.9531814Z 
build-and-deploy	UNKNOWN STEP	2026-02-24T09:56:23.9532120Z #6 [2/2] COPY entrypoint.sh /bin/entrypoint.sh
build-and-deploy	UNKNOWN STEP	2026-02-24T09:56:23.9533165Z #6 DONE 0.0s
build-and-deploy	UNKNOWN STEP	2026-02-24T09:56:23.9533528Z 
build-and-deploy	UNKNOWN STEP	2026-02-24T09:56:23.9533785Z #7 exporting to image
build-and-deploy	UNKNOWN STEP	2026-02-24T09:56:23.9534555Z #7 exporting layers
build-and-deploy	UNKNOWN STEP	2026-02-24T09:56:24.0062443Z #7 exporting layers 0.2s done
build-and-deploy	UNKNOWN STEP	2026-02-24T09:56:24.0255889Z #7 writing image sha256:074f23cd1ab123c4517eb8a453dc69d37401d8c69b922138f6ab406a98128829 done
build-and-deploy	UNKNOWN STEP	2026-02-24T09:56:24.0257634Z #7 naming to docker.io/library/23987d:9f397a0451674a3f9c3b8ea11d12e028 done
build-and-deploy	UNKNOWN STEP	2026-02-24T09:56:24.0258949Z #7 DONE 0.2s
build-and-deploy	UNKNOWN STEP	2026-02-24T09:56:24.0381384Z ##[endgroup]
build-and-deploy	UNKNOWN STEP	2026-02-24T09:56:24.0703247Z ##[group]Run actions/checkout@v4
build-and-deploy	UNKNOWN STEP	2026-02-24T09:56:24.0703952Z with:
build-and-deploy	UNKNOWN STEP	2026-02-24T09:56:24.0704202Z   repository: stanisloveme-cloud/UPGRADE
build-and-deploy	UNKNOWN STEP	2026-02-24T09:56:24.0704676Z   token: ***
build-and-deploy	UNKNOWN STEP	2026-02-24T09:56:24.0704899Z   ssh-strict: true
build-and-deploy	UNKNOWN STEP	2026-02-24T09:56:24.0705113Z   ssh-user: git
build-and-deploy	UNKNOWN STEP	2026-02-24T09:56:24.0705510Z   persist-credentials: true
build-and-deploy	UNKNOWN STEP	2026-02-24T09:56:24.0705756Z   clean: true
build-and-deploy	UNKNOWN STEP	2026-02-24T09:56:24.0706012Z   sparse-checkout-cone-mode: true
build-and-deploy	UNKNOWN STEP	2026-02-24T09:56:24.0706283Z   fetch-depth: 1
build-and-deploy	UNKNOWN STEP	2026-02-24T09:56:24.0706492Z   fetch-tags: false
build-and-deploy	UNKNOWN STEP	2026-02-24T09:56:24.0706722Z   show-progress: true
build-and-deploy	UNKNOWN STEP	2026-02-24T09:56:24.0706940Z   lfs: false
build-and-deploy	UNKNOWN STEP	2026-02-24T09:56:24.0707152Z   submodules: false
build-and-deploy	UNKNOWN STEP	2026-02-24T09:56:24.0707406Z   set-safe-directory: true
build-and-deploy	UNKNOWN STEP	2026-02-24T09:56:24.0707893Z ##[endgroup]
build-and-deploy	UNKNOWN STEP	2026-02-24T09:56:24.1775794Z Syncing repository: stanisloveme-cloud/UPGRADE
build-and-deploy	UNKNOWN STEP	2026-02-24T09:56:24.1777183Z ##[group]Getting Git version info
build-and-deploy	UNKNOWN STEP	2026-02-24T09:56:24.1777672Z Working directory is '/home/runner/work/UPGRADE/UPGRADE'
build-and-deploy	UNKNOWN STEP	2026-02-24T09:56:24.1778250Z [command]/usr/bin/git version
build-and-deploy	UNKNOWN STEP	2026-02-24T09:56:24.1783856Z git version 2.52.0
build-and-deploy	UNKNOWN STEP	2026-02-24T09:56:24.1808808Z ##[endgroup]
build-and-deploy	UNKNOWN STEP	2026-02-24T09:56:24.1822369Z Temporarily overriding HOME='/home/runner/work/_temp/03f1bc8c-cf79-4d1f-8da9-3e20d109d510' before making global git config changes
build-and-deploy	UNKNOWN STEP	2026-02-24T09:56:24.1823200Z Adding repository directory to the temporary git global config as a safe directory
build-and-deploy	UNKNOWN STEP	2026-02-24T09:56:24.1835686Z [command]/usr/bin/git config --global --add safe.directory /home/runner/work/UPGRADE/UPGRADE
build-and-deploy	UNKNOWN STEP	2026-02-24T09:56:24.1873769Z Deleting the contents of '/home/runner/work/UPGRADE/UPGRADE'
build-and-deploy	UNKNOWN STEP	2026-02-24T09:56:24.1877692Z ##[group]Initializing the repository
build-and-deploy	UNKNOWN STEP	2026-02-24T09:56:24.1882241Z [command]/usr/bin/git init /home/runner/work/UPGRADE/UPGRADE
build-and-deploy	UNKNOWN STEP	2026-02-24T09:56:24.2004019Z hint: Using 'master' as the name for the initial branch. This default branch name
build-and-deploy	UNKNOWN STEP	2026-02-24T09:56:24.2005056Z hint: will change to "main" in Git 3.0. To configure the initial branch name
build-and-deploy	UNKNOWN STEP	2026-02-24T09:56:24.2005891Z hint: to use in all of your new repositories, which will suppress this warning,
build-and-deploy	UNKNOWN STEP	2026-02-24T09:56:24.2006301Z hint: call:
build-and-deploy	UNKNOWN STEP	2026-02-24T09:56:24.2006504Z hint:
build-and-deploy	UNKNOWN STEP	2026-02-24T09:56:24.2006787Z hint: 	git config --global init.defaultBranch <name>
build-and-deploy	UNKNOWN STEP	2026-02-24T09:56:24.2007122Z hint:
build-and-deploy	UNKNOWN STEP	2026-02-24T09:56:24.2007434Z hint: Names commonly chosen instead of 'master' are 'main', 'trunk' and
build-and-deploy	UNKNOWN STEP	2026-02-24T09:56:24.2008217Z hint: 'development'. The just-created branch can be renamed via this command:
build-and-deploy	UNKNOWN STEP	2026-02-24T09:56:24.2008985Z hint:
build-and-deploy	UNKNOWN STEP	2026-02-24T09:56:24.2009248Z hint: 	git branch -m <name>
build-and-deploy	UNKNOWN STEP	2026-02-24T09:56:24.2009502Z hint:
build-and-deploy	UNKNOWN STEP	2026-02-24T09:56:24.2009850Z hint: Disable this message with "git config set advice.defaultBranchName false"
build-and-deploy	UNKNOWN STEP	2026-02-24T09:56:24.2010919Z Initialized empty Git repository in /home/runner/work/UPGRADE/UPGRADE/.git/
build-and-deploy	UNKNOWN STEP	2026-02-24T09:56:24.2021059Z [command]/usr/bin/git remote add origin https://github.com/stanisloveme-cloud/UPGRADE
build-and-deploy	UNKNOWN STEP	2026-02-24T09:56:24.2053224Z ##[endgroup]
build-and-deploy	UNKNOWN STEP	2026-02-24T09:56:24.2054008Z ##[group]Disabling automatic garbage collection
build-and-deploy	UNKNOWN STEP	2026-02-24T09:56:24.2058456Z [command]/usr/bin/git config --local gc.auto 0
build-and-deploy	UNKNOWN STEP	2026-02-24T09:56:24.2085987Z ##[endgroup]
build-and-deploy	UNKNOWN STEP	2026-02-24T09:56:24.2086720Z ##[group]Setting up auth
build-and-deploy	UNKNOWN STEP	2026-02-24T09:56:24.2093175Z [command]/usr/bin/git config --local --name-only --get-regexp core\.sshCommand
build-and-deploy	UNKNOWN STEP	2026-02-24T09:56:24.2123309Z [command]/usr/bin/git submodule foreach --recursive sh -c "git config --local --name-only --get-regexp 'core\.sshCommand' && git config --local --unset-all 'core.sshCommand' || :"
build-and-deploy	UNKNOWN STEP	2026-02-24T09:56:24.2490640Z [command]/usr/bin/git config --local --name-only --get-regexp http\.https\:\/\/github\.com\/\.extraheader
build-and-deploy	UNKNOWN STEP	2026-02-24T09:56:24.2522398Z [command]/usr/bin/git submodule foreach --recursive sh -c "git config --local --name-only --get-regexp 'http\.https\:\/\/github\.com\/\.extraheader' && git config --local --unset-all 'http.https://github.com/.extraheader' || :"
build-and-deploy	UNKNOWN STEP	2026-02-24T09:56:24.2736085Z [command]/usr/bin/git config --local --name-only --get-regexp ^includeIf\.gitdir:
build-and-deploy	UNKNOWN STEP	2026-02-24T09:56:24.2764875Z [command]/usr/bin/git submodule foreach --recursive git config --local --show-origin --name-only --get-regexp remote.origin.url
build-and-deploy	UNKNOWN STEP	2026-02-24T09:56:24.2993306Z [command]/usr/bin/git config --local http.https://github.com/.extraheader AUTHORIZATION: basic ***
build-and-deploy	UNKNOWN STEP	2026-02-24T09:56:24.3027259Z ##[endgroup]
build-and-deploy	UNKNOWN STEP	2026-02-24T09:56:24.3028071Z ##[group]Fetching the repository
build-and-deploy	UNKNOWN STEP	2026-02-24T09:56:24.3036142Z [command]/usr/bin/git -c protocol.version=2 fetch --no-tags --prune --no-recurse-submodules --depth=1 origin +f44866d245875d4ff4099ef0a3bc3c895d0a0268:refs/remotes/origin/main
build-and-deploy	UNKNOWN STEP	2026-02-24T09:56:24.8519757Z From https://github.com/stanisloveme-cloud/UPGRADE
build-and-deploy	UNKNOWN STEP	2026-02-24T09:56:24.8521152Z  * [new ref]         f44866d245875d4ff4099ef0a3bc3c895d0a0268 -> origin/main
build-and-deploy	UNKNOWN STEP	2026-02-24T09:56:24.8554557Z ##[endgroup]
build-and-deploy	UNKNOWN STEP	2026-02-24T09:56:24.8555469Z ##[group]Determining the checkout info
build-and-deploy	UNKNOWN STEP	2026-02-24T09:56:24.8557650Z ##[endgroup]
build-and-deploy	UNKNOWN STEP	2026-02-24T09:56:24.8562719Z [command]/usr/bin/git sparse-checkout disable
build-and-deploy	UNKNOWN STEP	2026-02-24T09:56:24.8603916Z [command]/usr/bin/git config --local --unset-all extensions.worktreeConfig
build-and-deploy	UNKNOWN STEP	2026-02-24T09:56:24.8629838Z ##[group]Checking out the ref
build-and-deploy	UNKNOWN STEP	2026-02-24T09:56:24.8634736Z [command]/usr/bin/git checkout --progress --force -B main refs/remotes/origin/main
build-and-deploy	UNKNOWN STEP	2026-02-24T09:56:24.9899505Z Switched to a new branch 'main'
build-and-deploy	UNKNOWN STEP	2026-02-24T09:56:24.9900609Z branch 'main' set up to track 'origin/main'.
build-and-deploy	UNKNOWN STEP	2026-02-24T09:56:24.9917635Z ##[endgroup]
build-and-deploy	UNKNOWN STEP	2026-02-24T09:56:24.9958624Z [command]/usr/bin/git log -1 --format=%H
build-and-deploy	UNKNOWN STEP	2026-02-24T09:56:24.9980903Z f44866d245875d4ff4099ef0a3bc3c895d0a0268
build-and-deploy	UNKNOWN STEP	2026-02-24T09:56:25.0191497Z ##[group]Run docker/login-action@v3
build-and-deploy	UNKNOWN STEP	2026-02-24T09:56:25.0191827Z with:
build-and-deploy	UNKNOWN STEP	2026-02-24T09:56:25.0192333Z   username: ***
build-and-deploy	UNKNOWN STEP	2026-02-24T09:56:25.0192634Z   password: ***
build-and-deploy	UNKNOWN STEP	2026-02-24T09:56:25.0192868Z   logout: true
build-and-deploy	UNKNOWN STEP	2026-02-24T09:56:25.0193085Z ##[endgroup]
build-and-deploy	UNKNOWN STEP	2026-02-24T09:56:25.3228974Z Logging into docker.io...
build-and-deploy	UNKNOWN STEP	2026-02-24T09:56:25.4760146Z Login Succeeded!
build-and-deploy	UNKNOWN STEP	2026-02-24T09:56:25.4924142Z ##[group]Run docker/build-push-action@v5
build-and-deploy	UNKNOWN STEP	2026-02-24T09:56:25.4924515Z with:
build-and-deploy	UNKNOWN STEP	2026-02-24T09:56:25.4924712Z   context: .
build-and-deploy	UNKNOWN STEP	2026-02-24T09:56:25.4924924Z   file: Dockerfile
build-and-deploy	UNKNOWN STEP	2026-02-24T09:56:25.4925133Z   push: true
build-and-deploy	UNKNOWN STEP	2026-02-24T09:56:25.4925538Z   tags: ***/upgrade-backend:latest
build-and-deploy	UNKNOWN STEP	2026-02-24T09:56:25.4925867Z   load: false
build-and-deploy	UNKNOWN STEP	2026-02-24T09:56:25.4926068Z   no-cache: false
build-and-deploy	UNKNOWN STEP	2026-02-24T09:56:25.4926281Z   pull: false
build-and-deploy	UNKNOWN STEP	2026-02-24T09:56:25.4926597Z   github-token: ***
build-and-deploy	UNKNOWN STEP	2026-02-24T09:56:25.4926815Z ##[endgroup]
build-and-deploy	UNKNOWN STEP	2026-02-24T09:56:25.7140952Z ##[group]GitHub Actions runtime token ACs
build-and-deploy	UNKNOWN STEP	2026-02-24T09:56:25.7151255Z refs/heads/main: read/write
build-and-deploy	UNKNOWN STEP	2026-02-24T09:56:25.7152884Z ##[endgroup]
build-and-deploy	UNKNOWN STEP	2026-02-24T09:56:25.7153712Z ##[group]Docker info
build-and-deploy	UNKNOWN STEP	2026-02-24T09:56:25.7195494Z [command]/usr/bin/docker version
build-and-deploy	UNKNOWN STEP	2026-02-24T09:56:25.7376586Z Client: Docker Engine - Community
build-and-deploy	UNKNOWN STEP	2026-02-24T09:56:25.7379611Z  Version:           28.0.4
build-and-deploy	UNKNOWN STEP	2026-02-24T09:56:25.7380076Z  API version:       1.48
build-and-deploy	UNKNOWN STEP	2026-02-24T09:56:25.7380560Z  Go version:        go1.23.7
build-and-deploy	UNKNOWN STEP	2026-02-24T09:56:25.7380972Z  Git commit:        b8034c0
build-and-deploy	UNKNOWN STEP	2026-02-24T09:56:25.7381407Z  Built:             Tue Mar 25 15:07:16 2025
build-and-deploy	UNKNOWN STEP	2026-02-24T09:56:25.7381881Z  OS/Arch:           linux/amd64
build-and-deploy	UNKNOWN STEP	2026-02-24T09:56:25.7382287Z  Context:           default
build-and-deploy	UNKNOWN STEP	2026-02-24T09:56:25.7382540Z 
build-and-deploy	UNKNOWN STEP	2026-02-24T09:56:25.7382719Z Server: Docker Engine - Community
build-and-deploy	UNKNOWN STEP	2026-02-24T09:56:25.7383146Z  Engine:
build-and-deploy	UNKNOWN STEP	2026-02-24T09:56:25.7383466Z   Version:          28.0.4
build-and-deploy	UNKNOWN STEP	2026-02-24T09:56:25.7383921Z   API version:      1.48 (minimum version 1.24)
build-and-deploy	UNKNOWN STEP	2026-02-24T09:56:25.7384424Z   Go version:       go1.23.7
build-and-deploy	UNKNOWN STEP	2026-02-24T09:56:25.7384840Z   Git commit:       6430e49
build-and-deploy	UNKNOWN STEP	2026-02-24T09:56:25.7385455Z   Built:            Tue Mar 25 15:07:16 2025
build-and-deploy	UNKNOWN STEP	2026-02-24T09:56:25.7385950Z   OS/Arch:          linux/amd64
build-and-deploy	UNKNOWN STEP	2026-02-24T09:56:25.7386397Z   Experimental:     false
build-and-deploy	UNKNOWN STEP	2026-02-24T09:56:25.7386784Z  containerd:
build-and-deploy	UNKNOWN STEP	2026-02-24T09:56:25.7387122Z   Version:          v2.2.1
build-and-deploy	UNKNOWN STEP	2026-02-24T09:56:25.7387631Z   GitCommit:        dea7da592f5d1d2b7755e3a161be07f43fad8f75
build-and-deploy	UNKNOWN STEP	2026-02-24T09:56:25.7388199Z  runc:
build-and-deploy	UNKNOWN STEP	2026-02-24T09:56:25.7388521Z   Version:          1.3.4
build-and-deploy	UNKNOWN STEP	2026-02-24T09:56:25.7388927Z   GitCommit:        v1.3.4-0-gd6d73eb8
build-and-deploy	UNKNOWN STEP	2026-02-24T09:56:25.7389393Z  docker-init:
build-and-deploy	UNKNOWN STEP	2026-02-24T09:56:25.7389711Z   Version:          0.19.0
build-and-deploy	UNKNOWN STEP	2026-02-24T09:56:25.7389951Z   GitCommit:        de40ad0
build-and-deploy	UNKNOWN STEP	2026-02-24T09:56:25.7426204Z [command]/usr/bin/docker info
build-and-deploy	UNKNOWN STEP	2026-02-24T09:56:25.9799032Z Client: Docker Engine - Community
build-and-deploy	UNKNOWN STEP	2026-02-24T09:56:25.9799580Z  Version:    28.0.4
build-and-deploy	UNKNOWN STEP	2026-02-24T09:56:25.9799962Z  Context:    default
build-and-deploy	UNKNOWN STEP	2026-02-24T09:56:25.9800334Z  Debug Mode: false
build-and-deploy	UNKNOWN STEP	2026-02-24T09:56:25.9800704Z  Plugins:
build-and-deploy	UNKNOWN STEP	2026-02-24T09:56:25.9801067Z   buildx: Docker Buildx (Docker Inc.)
build-and-deploy	UNKNOWN STEP	2026-02-24T09:56:25.9801568Z     Version:  v0.31.1
build-and-deploy	UNKNOWN STEP	2026-02-24T09:56:25.9802101Z     Path:     /usr/libexec/docker/cli-plugins/docker-buildx
build-and-deploy	UNKNOWN STEP	2026-02-24T09:56:25.9802677Z   compose: Docker Compose (Docker Inc.)
build-and-deploy	UNKNOWN STEP	2026-02-24T09:56:25.9803136Z     Version:  v2.38.2
build-and-deploy	UNKNOWN STEP	2026-02-24T09:56:25.9803615Z     Path:     /usr/libexec/docker/cli-plugins/docker-compose
build-and-deploy	UNKNOWN STEP	2026-02-24T09:56:25.9804023Z 
build-and-deploy	UNKNOWN STEP	2026-02-24T09:56:25.9804154Z Server:
build-and-deploy	UNKNOWN STEP	2026-02-24T09:56:25.9804472Z  Containers: 0
build-and-deploy	UNKNOWN STEP	2026-02-24T09:56:25.9804804Z   Running: 0
build-and-deploy	UNKNOWN STEP	2026-02-24T09:56:25.9805124Z   Paused: 0
build-and-deploy	UNKNOWN STEP	2026-02-24T09:56:25.9805642Z   Stopped: 0
build-and-deploy	UNKNOWN STEP	2026-02-24T09:56:25.9805963Z  Images: 2
build-and-deploy	UNKNOWN STEP	2026-02-24T09:56:25.9806296Z  Server Version: 28.0.4
build-and-deploy	UNKNOWN STEP	2026-02-24T09:56:25.9806687Z  Storage Driver: overlay2
build-and-deploy	UNKNOWN STEP	2026-02-24T09:56:25.9807080Z   Backing Filesystem: extfs
build-and-deploy	UNKNOWN STEP	2026-02-24T09:56:25.9807486Z   Supports d_type: true
build-and-deploy	UNKNOWN STEP	2026-02-24T09:56:25.9807910Z   Using metacopy: false
build-and-deploy	UNKNOWN STEP	2026-02-24T09:56:25.9808297Z   Native Overlay Diff: false
build-and-deploy	UNKNOWN STEP	2026-02-24T09:56:25.9808697Z   userxattr: false
build-and-deploy	UNKNOWN STEP	2026-02-24T09:56:25.9809051Z  Logging Driver: json-file
build-and-deploy	UNKNOWN STEP	2026-02-24T09:56:25.9809449Z  Cgroup Driver: systemd
build-and-deploy	UNKNOWN STEP	2026-02-24T09:56:25.9810156Z  Cgroup Version: 2
build-and-deploy	UNKNOWN STEP	2026-02-24T09:56:25.9810498Z  Plugins:
build-and-deploy	UNKNOWN STEP	2026-02-24T09:56:25.9810807Z   Volume: local
build-and-deploy	UNKNOWN STEP	2026-02-24T09:56:25.9811216Z   Network: bridge host ipvlan macvlan null overlay
build-and-deploy	UNKNOWN STEP	2026-02-24T09:56:25.9812169Z   Log: awslogs fluentd gcplogs gelf journald json-file local splunk syslog
build-and-deploy	UNKNOWN STEP	2026-02-24T09:56:25.9812815Z  Swarm: inactive
build-and-deploy	UNKNOWN STEP	2026-02-24T09:56:25.9813205Z  Runtimes: io.containerd.runc.v2 runc
build-and-deploy	UNKNOWN STEP	2026-02-24T09:56:25.9813678Z  Default Runtime: runc
build-and-deploy	UNKNOWN STEP	2026-02-24T09:56:25.9814063Z  Init Binary: docker-init
build-and-deploy	UNKNOWN STEP	2026-02-24T09:56:25.9814567Z  containerd version: dea7da592f5d1d2b7755e3a161be07f43fad8f75
build-and-deploy	UNKNOWN STEP	2026-02-24T09:56:25.9815197Z  runc version: v1.3.4-0-gd6d73eb8
build-and-deploy	UNKNOWN STEP	2026-02-24T09:56:25.9815743Z  init version: de40ad0
build-and-deploy	UNKNOWN STEP	2026-02-24T09:56:25.9816099Z  Security Options:
build-and-deploy	UNKNOWN STEP	2026-02-24T09:56:25.9816316Z   apparmor
build-and-deploy	UNKNOWN STEP	2026-02-24T09:56:25.9816502Z   seccomp
build-and-deploy	UNKNOWN STEP	2026-02-24T09:56:25.9816697Z    Profile: builtin
build-and-deploy	UNKNOWN STEP	2026-02-24T09:56:25.9816902Z   cgroupns
build-and-deploy	UNKNOWN STEP	2026-02-24T09:56:25.9817103Z  Kernel Version: 6.11.0-1018-azure
build-and-deploy	UNKNOWN STEP	2026-02-24T09:56:25.9817391Z  Operating System: Ubuntu 24.04.3 LTS
build-and-deploy	UNKNOWN STEP	2026-02-24T09:56:25.9817653Z  OSType: linux
build-and-deploy	UNKNOWN STEP	2026-02-24T09:56:25.9817860Z  Architecture: x86_64
build-and-deploy	UNKNOWN STEP	2026-02-24T09:56:25.9818084Z  CPUs: 4
build-and-deploy	UNKNOWN STEP	2026-02-24T09:56:25.9818280Z  Total Memory: 15.62GiB
build-and-deploy	UNKNOWN STEP	2026-02-24T09:56:25.9818508Z  Name: runnervmwffz4
build-and-deploy	UNKNOWN STEP	2026-02-24T09:56:25.9818738Z  ID: 073c65d4-c458-42c9-935a-939d0489da0a
build-and-deploy	UNKNOWN STEP	2026-02-24T09:56:25.9819019Z  Docker Root Dir: /var/lib/docker
build-and-deploy	UNKNOWN STEP	2026-02-24T09:56:25.9819271Z  Debug Mode: false
build-and-deploy	UNKNOWN STEP	2026-02-24T09:56:25.9819841Z  Username: ***
build-and-deploy	UNKNOWN STEP	2026-02-24T09:56:25.9820240Z  Experimental: false
build-and-deploy	UNKNOWN STEP	2026-02-24T09:56:25.9820652Z  Insecure Registries:
build-and-deploy	UNKNOWN STEP	2026-02-24T09:56:25.9825455Z   ::1/128
build-and-deploy	UNKNOWN STEP	2026-02-24T09:56:25.9825819Z   127.0.0.0/8
build-and-deploy	UNKNOWN STEP	2026-02-24T09:56:25.9826204Z  Live Restore Enabled: false
build-and-deploy	UNKNOWN STEP	2026-02-24T09:56:25.9826519Z 
build-and-deploy	UNKNOWN STEP	2026-02-24T09:56:25.9827135Z ##[endgroup]
build-and-deploy	UNKNOWN STEP	2026-02-24T09:56:25.9827801Z ##[group]Proxy configuration
build-and-deploy	UNKNOWN STEP	2026-02-24T09:56:25.9828264Z No proxy configuration found
build-and-deploy	UNKNOWN STEP	2026-02-24T09:56:25.9828994Z ##[endgroup]
build-and-deploy	UNKNOWN STEP	2026-02-24T09:56:26.0557474Z ##[group]Buildx version
build-and-deploy	UNKNOWN STEP	2026-02-24T09:56:26.0583671Z [command]/usr/bin/docker buildx version
build-and-deploy	UNKNOWN STEP	2026-02-24T09:56:26.1221918Z github.com/docker/buildx v0.31.1 a2675950d46b2cb171b23c2015ca44fb88607531
build-and-deploy	UNKNOWN STEP	2026-02-24T09:56:26.1262275Z ##[endgroup]
build-and-deploy	UNKNOWN STEP	2026-02-24T09:56:26.1263048Z ##[group]Builder info
build-and-deploy	UNKNOWN STEP	2026-02-24T09:56:26.2210003Z {
build-and-deploy	UNKNOWN STEP	2026-02-24T09:56:26.2210387Z   "nodes": [
build-and-deploy	UNKNOWN STEP	2026-02-24T09:56:26.2210638Z     {
build-and-deploy	UNKNOWN STEP	2026-02-24T09:56:26.2210855Z       "name": "default",
build-and-deploy	UNKNOWN STEP	2026-02-24T09:56:26.2211128Z       "endpoint": "default",
build-and-deploy	UNKNOWN STEP	2026-02-24T09:56:26.2211385Z       "status": "running",
build-and-deploy	UNKNOWN STEP	2026-02-24T09:56:26.2211644Z       "buildkit": "v0.20.2",
build-and-deploy	UNKNOWN STEP	2026-02-24T09:56:26.2212008Z       "platforms": "linux/amd64,linux/amd64/v2,linux/amd64/v3,linux/386",
build-and-deploy	UNKNOWN STEP	2026-02-24T09:56:26.2212400Z       "features": {
build-and-deploy	UNKNOWN STEP	2026-02-24T09:56:26.2212746Z         "Automatically load images to the Docker Engine image store": true,
build-and-deploy	UNKNOWN STEP	2026-02-24T09:56:26.2213157Z         "Cache export": true,
build-and-deploy	UNKNOWN STEP	2026-02-24T09:56:26.2213419Z         "Direct push": true,
build-and-deploy	UNKNOWN STEP	2026-02-24T09:56:26.2213717Z         "Docker exporter": true,
build-and-deploy	UNKNOWN STEP	2026-02-24T09:56:26.2213994Z         "Multi-platform build": true,
build-and-deploy	UNKNOWN STEP	2026-02-24T09:56:26.2214283Z         "OCI exporter": true
build-and-deploy	UNKNOWN STEP	2026-02-24T09:56:26.2228792Z       },
build-and-deploy	UNKNOWN STEP	2026-02-24T09:56:26.2229164Z       "labels": {
build-and-deploy	UNKNOWN STEP	2026-02-24T09:56:26.2229775Z         "org.mobyproject.buildkit.worker.moby.host-gateway-ip": "172.17.0.1"
build-and-deploy	UNKNOWN STEP	2026-02-24T09:56:26.2230209Z       }
build-and-deploy	UNKNOWN STEP	2026-02-24T09:56:26.2230407Z     }
build-and-deploy	UNKNOWN STEP	2026-02-24T09:56:26.2230592Z   ],
build-and-deploy	UNKNOWN STEP	2026-02-24T09:56:26.2230779Z   "name": "default",
build-and-deploy	UNKNOWN STEP	2026-02-24T09:56:26.2231012Z   "driver": "docker",
build-and-deploy	UNKNOWN STEP	2026-02-24T09:56:26.2231263Z   "lastActivity": "2026-02-24T09:56:21.000Z"
build-and-deploy	UNKNOWN STEP	2026-02-24T09:56:26.2231533Z }
build-and-deploy	UNKNOWN STEP	2026-02-24T09:56:26.2232043Z ##[endgroup]
build-and-deploy	UNKNOWN STEP	2026-02-24T09:56:26.3722977Z [command]/usr/bin/docker buildx build --file Dockerfile --iidfile /home/runner/work/_temp/docker-actions-toolkit-xTlKWM/build-iidfile-20c9b03a39.txt --tag ***/upgrade-backend:latest --metadata-file /home/runner/work/_temp/docker-actions-toolkit-xTlKWM/build-metadata-0433bf0dfb.json --push .
build-and-deploy	UNKNOWN STEP	2026-02-24T09:56:26.6370944Z #0 building with "default" instance using docker driver
build-and-deploy	UNKNOWN STEP	2026-02-24T09:56:26.6371370Z 
build-and-deploy	UNKNOWN STEP	2026-02-24T09:56:26.6371574Z #1 [internal] load build definition from Dockerfile
build-and-deploy	UNKNOWN STEP	2026-02-24T09:56:26.6372379Z #1 transferring dockerfile: 796B done
build-and-deploy	UNKNOWN STEP	2026-02-24T09:56:26.6372804Z #1 DONE 0.0s
build-and-deploy	UNKNOWN STEP	2026-02-24T09:56:26.6372975Z 
build-and-deploy	UNKNOWN STEP	2026-02-24T09:56:26.6373169Z #2 [auth] library/node:pull token for registry-1.docker.io
build-and-deploy	UNKNOWN STEP	2026-02-24T09:56:26.6373560Z #2 DONE 0.0s
build-and-deploy	UNKNOWN STEP	2026-02-24T09:56:26.6373704Z 
build-and-deploy	UNKNOWN STEP	2026-02-24T09:56:26.6373900Z #3 [internal] load metadata for docker.io/library/node:20-slim
build-and-deploy	UNKNOWN STEP	2026-02-24T09:56:26.8499697Z #3 DONE 0.4s
build-and-deploy	UNKNOWN STEP	2026-02-24T09:56:26.9675472Z 
build-and-deploy	UNKNOWN STEP	2026-02-24T09:56:26.9675913Z #4 [internal] load .dockerignore
build-and-deploy	UNKNOWN STEP	2026-02-24T09:56:26.9676473Z #4 transferring context: 112B done
build-and-deploy	UNKNOWN STEP	2026-02-24T09:56:26.9676956Z #4 DONE 0.0s
build-and-deploy	UNKNOWN STEP	2026-02-24T09:56:26.9677164Z 
build-and-deploy	UNKNOWN STEP	2026-02-24T09:56:26.9677345Z #5 [internal] load build context
build-and-deploy	UNKNOWN STEP	2026-02-24T09:56:26.9677866Z #5 transferring context: 2.14MB 0.0s done
build-and-deploy	UNKNOWN STEP	2026-02-24T09:56:26.9678407Z #5 DONE 0.0s
build-and-deploy	UNKNOWN STEP	2026-02-24T09:56:26.9678611Z 
build-and-deploy	UNKNOWN STEP	2026-02-24T09:56:26.9679329Z #6 [builder 1/9] FROM docker.io/library/node:20-slim@sha256:c6585df72c34172bebd8d36abed961e231d7d3b5cee2e01294c4495e8a03f687
build-and-deploy	UNKNOWN STEP	2026-02-24T09:56:26.9680887Z #6 resolve docker.io/library/node:20-slim@sha256:c6585df72c34172bebd8d36abed961e231d7d3b5cee2e01294c4495e8a03f687 done
build-and-deploy	UNKNOWN STEP	2026-02-24T09:56:26.9681781Z #6 sha256:c6585df72c34172bebd8d36abed961e231d7d3b5cee2e01294c4495e8a03f687 6.49kB / 6.49kB done
build-and-deploy	UNKNOWN STEP	2026-02-24T09:56:26.9682597Z #6 sha256:721fb2bf28abf97fe5e59dd2660a9b30edeb746f0952c261500ef08030e1385a 1.93kB / 1.93kB done
build-and-deploy	UNKNOWN STEP	2026-02-24T09:56:26.9683410Z #6 sha256:1096d6b5560fa2f1e252681cbe7da839860715b80bb08867931ddb8c2d410945 6.88kB / 6.88kB done
build-and-deploy	UNKNOWN STEP	2026-02-24T09:56:26.9684185Z #6 sha256:4831516dd0cb86845f5f902cb9b9d25b5c853152c337eb57e4737a9b7e2a2eb9 0B / 28.23MB 0.1s
build-and-deploy	UNKNOWN STEP	2026-02-24T09:56:26.9684941Z #6 sha256:9d66d95167c29e1f4d0399617e49250519defda4aa8ea5919064ab3dbd6f0627 0B / 3.31kB 0.1s
build-and-deploy	UNKNOWN STEP	2026-02-24T09:56:26.9685824Z #6 sha256:1a0393491048e0b5148349736f25b7d015e244fee9ab757ef2b0824dc65f3bb9 0B / 40.98MB 0.1s
build-and-deploy	UNKNOWN STEP	2026-02-24T09:56:27.1669461Z #6 sha256:4831516dd0cb86845f5f902cb9b9d25b5c853152c337eb57e4737a9b7e2a2eb9 17.83MB / 28.23MB 0.3s
build-and-deploy	UNKNOWN STEP	2026-02-24T09:56:27.1672301Z #6 sha256:9d66d95167c29e1f4d0399617e49250519defda4aa8ea5919064ab3dbd6f0627 3.31kB / 3.31kB 0.1s done
build-and-deploy	UNKNOWN STEP	2026-02-24T09:56:27.1673573Z #6 sha256:1a0393491048e0b5148349736f25b7d015e244fee9ab757ef2b0824dc65f3bb9 11.12MB / 40.98MB 0.3s
build-and-deploy	UNKNOWN STEP	2026-02-24T09:56:27.1676187Z #6 sha256:786a2dcd5a595e7a3d71eacdb266b1f3057397d8a882e9d5a7e55214ea80a21f 1.05MB / 1.71MB 0.3s
build-and-deploy	UNKNOWN STEP	2026-02-24T09:56:27.3291377Z #6 sha256:4831516dd0cb86845f5f902cb9b9d25b5c853152c337eb57e4737a9b7e2a2eb9 25.17MB / 28.23MB 0.4s
build-and-deploy	UNKNOWN STEP	2026-02-24T09:56:27.3292600Z #6 sha256:1a0393491048e0b5148349736f25b7d015e244fee9ab757ef2b0824dc65f3bb9 18.87MB / 40.98MB 0.4s
build-and-deploy	UNKNOWN STEP	2026-02-24T09:56:27.3293773Z #6 sha256:786a2dcd5a595e7a3d71eacdb266b1f3057397d8a882e9d5a7e55214ea80a21f 1.71MB / 1.71MB 0.3s done
build-and-deploy	UNKNOWN STEP	2026-02-24T09:56:27.3294638Z #6 sha256:7aa087727009d9926282b77e9386998f27b6535e550659c7fc1d4ea3b9a973bd 447B / 447B 0.4s done
build-and-deploy	UNKNOWN STEP	2026-02-24T09:56:27.3295640Z #6 extracting sha256:4831516dd0cb86845f5f902cb9b9d25b5c853152c337eb57e4737a9b7e2a2eb9
build-and-deploy	UNKNOWN STEP	2026-02-24T09:56:27.4317001Z #6 sha256:4831516dd0cb86845f5f902cb9b9d25b5c853152c337eb57e4737a9b7e2a2eb9 28.23MB / 28.23MB 0.4s done
build-and-deploy	UNKNOWN STEP	2026-02-24T09:56:27.4318175Z #6 sha256:1a0393491048e0b5148349736f25b7d015e244fee9ab757ef2b0824dc65f3bb9 27.26MB / 40.98MB 0.5s
build-and-deploy	UNKNOWN STEP	2026-02-24T09:56:27.5327758Z #6 sha256:1a0393491048e0b5148349736f25b7d015e244fee9ab757ef2b0824dc65f3bb9 32.51MB / 40.98MB 0.6s
build-and-deploy	UNKNOWN STEP	2026-02-24T09:56:27.6335869Z #6 sha256:1a0393491048e0b5148349736f25b7d015e244fee9ab757ef2b0824dc65f3bb9 40.89MB / 40.98MB 0.7s
build-and-deploy	UNKNOWN STEP	2026-02-24T09:56:27.7389538Z #6 sha256:1a0393491048e0b5148349736f25b7d015e244fee9ab757ef2b0824dc65f3bb9 40.98MB / 40.98MB 0.8s done
build-and-deploy	UNKNOWN STEP	2026-02-24T09:56:28.3382679Z #6 extracting sha256:4831516dd0cb86845f5f902cb9b9d25b5c853152c337eb57e4737a9b7e2a2eb9 1.0s done
build-and-deploy	UNKNOWN STEP	2026-02-24T09:56:28.4447451Z #6 extracting sha256:9d66d95167c29e1f4d0399617e49250519defda4aa8ea5919064ab3dbd6f0627 done
build-and-deploy	UNKNOWN STEP	2026-02-24T09:56:29.6255168Z #6 extracting sha256:1a0393491048e0b5148349736f25b7d015e244fee9ab757ef2b0824dc65f3bb9
build-and-deploy	UNKNOWN STEP	2026-02-24T09:56:29.6256899Z #6 extracting sha256:1a0393491048e0b5148349736f25b7d015e244fee9ab757ef2b0824dc65f3bb9 1.1s done
build-and-deploy	UNKNOWN STEP	2026-02-24T09:56:29.6257979Z #6 extracting sha256:786a2dcd5a595e7a3d71eacdb266b1f3057397d8a882e9d5a7e55214ea80a21f 0.0s done
build-and-deploy	UNKNOWN STEP	2026-02-24T09:56:29.8210438Z #6 extracting sha256:7aa087727009d9926282b77e9386998f27b6535e550659c7fc1d4ea3b9a973bd done
build-and-deploy	UNKNOWN STEP	2026-02-24T09:56:29.8211580Z #6 DONE 2.8s
build-and-deploy	UNKNOWN STEP	2026-02-24T09:56:29.8211824Z 
build-and-deploy	UNKNOWN STEP	2026-02-24T09:56:29.8212254Z #7 [builder 2/9] RUN apt-get update -y && apt-get install -y openssl
build-and-deploy	UNKNOWN STEP	2026-02-24T09:56:29.8213294Z #7 0.145 Get:1 http://deb.debian.org/debian bookworm InRelease [151 kB]
build-and-deploy	UNKNOWN STEP	2026-02-24T09:56:29.9366785Z #7 0.153 Get:2 http://deb.debian.org/debian bookworm-updates InRelease [55.4 kB]
build-and-deploy	UNKNOWN STEP	2026-02-24T09:56:29.9367814Z #7 0.154 Get:3 http://deb.debian.org/debian-security bookworm-security InRelease [48.0 kB]
build-and-deploy	UNKNOWN STEP	2026-02-24T09:56:29.9368837Z #7 0.209 Get:4 http://deb.debian.org/debian bookworm/main amd64 Packages [8792 kB]
build-and-deploy	UNKNOWN STEP	2026-02-24T09:56:29.9369784Z #7 0.261 Get:5 http://deb.debian.org/debian bookworm-updates/main amd64 Packages [6924 B]
build-and-deploy	UNKNOWN STEP	2026-02-24T09:56:30.1306112Z #7 0.304 Get:6 http://deb.debian.org/debian-security bookworm-security/main amd64 Packages [297 kB]
build-and-deploy	UNKNOWN STEP	2026-02-24T09:56:30.6832103Z #7 1.007 Fetched 9350 kB in 1s (10.8 MB/s)
build-and-deploy	UNKNOWN STEP	2026-02-24T09:56:31.0647790Z #7 1.007 Reading package lists...
build-and-deploy	UNKNOWN STEP	2026-02-24T09:56:31.4499698Z #7 1.405 Reading package lists...
build-and-deploy	UNKNOWN STEP	2026-02-24T09:56:31.6216379Z #7 1.783 Building dependency tree...
build-and-deploy	UNKNOWN STEP	2026-02-24T09:56:31.6216988Z #7 1.863 Reading state information...
build-and-deploy	UNKNOWN STEP	2026-02-24T09:56:31.6217620Z #7 1.946 The following additional packages will be installed:
build-and-deploy	UNKNOWN STEP	2026-02-24T09:56:31.7597574Z #7 1.946   libssl3
build-and-deploy	UNKNOWN STEP	2026-02-24T09:56:31.7598010Z #7 1.947 Suggested packages:
build-and-deploy	UNKNOWN STEP	2026-02-24T09:56:31.7598440Z #7 1.947   ca-certificates
build-and-deploy	UNKNOWN STEP	2026-02-24T09:56:31.7598908Z #7 1.963 The following NEW packages will be installed:
build-and-deploy	UNKNOWN STEP	2026-02-24T09:56:31.7599484Z #7 1.963   libssl3 openssl
build-and-deploy	UNKNOWN STEP	2026-02-24T09:56:31.7600043Z #7 1.985 0 upgraded, 2 newly installed, 0 to remove and 1 not upgraded.
build-and-deploy	UNKNOWN STEP	2026-02-24T09:56:31.7600691Z #7 1.985 Need to get 3462 kB of archives.
build-and-deploy	UNKNOWN STEP	2026-02-24T09:56:31.7601360Z #7 1.985 After this operation, 8532 kB of additional disk space will be used.
build-and-deploy	UNKNOWN STEP	2026-02-24T09:56:31.7602487Z #7 1.985 Get:1 http://deb.debian.org/debian-security bookworm-security/main amd64 libssl3 amd64 3.0.18-1~deb12u2 [2030 kB]
build-and-deploy	UNKNOWN STEP	2026-02-24T09:56:31.7603870Z #7 1.997 Get:2 http://deb.debian.org/debian-security bookworm-security/main amd64 openssl amd64 3.0.18-1~deb12u2 [1433 kB]
build-and-deploy	UNKNOWN STEP	2026-02-24T09:56:31.7605034Z #7 2.084 debconf: delaying package configuration, since apt-utils is not installed
build-and-deploy	UNKNOWN STEP	2026-02-24T09:56:31.9143039Z #7 2.102 Fetched 3462 kB in 0s (98.8 MB/s)
build-and-deploy	UNKNOWN STEP	2026-02-24T09:56:31.9143661Z #7 2.115 Selecting previously unselected package libssl3:amd64.
build-and-deploy	UNKNOWN STEP	2026-02-24T09:56:31.9144211Z #7 2.115 (Reading database ... 
build-and-deploy	UNKNOWN STEP	2026-02-24T09:56:31.9144586Z (Reading database ... 5%
build-and-deploy	UNKNOWN STEP	2026-02-24T09:56:31.9144970Z (Reading database ... 10%
build-and-deploy	UNKNOWN STEP	2026-02-24T09:56:31.9145511Z (Reading database ... 15%
build-and-deploy	UNKNOWN STEP	2026-02-24T09:56:31.9145860Z (Reading database ... 20%
build-and-deploy	UNKNOWN STEP	2026-02-24T09:56:31.9146204Z (Reading database ... 25%
build-and-deploy	UNKNOWN STEP	2026-02-24T09:56:31.9146561Z (Reading database ... 30%
build-and-deploy	UNKNOWN STEP	2026-02-24T09:56:31.9146900Z (Reading database ... 35%
build-and-deploy	UNKNOWN STEP	2026-02-24T09:56:31.9147235Z (Reading database ... 40%
build-and-deploy	UNKNOWN STEP	2026-02-24T09:56:31.9147585Z (Reading database ... 45%
build-and-deploy	UNKNOWN STEP	2026-02-24T09:56:31.9147926Z (Reading database ... 50%
build-and-deploy	UNKNOWN STEP	2026-02-24T09:56:31.9148279Z (Reading database ... 55%
build-and-deploy	UNKNOWN STEP	2026-02-24T09:56:31.9148621Z (Reading database ... 60%
build-and-deploy	UNKNOWN STEP	2026-02-24T09:56:31.9148966Z (Reading database ... 65%
build-and-deploy	UNKNOWN STEP	2026-02-24T09:56:31.9149321Z (Reading database ... 70%
build-and-deploy	UNKNOWN STEP	2026-02-24T09:56:31.9149663Z (Reading database ... 75%
build-and-deploy	UNKNOWN STEP	2026-02-24T09:56:31.9150006Z (Reading database ... 80%
build-and-deploy	UNKNOWN STEP	2026-02-24T09:56:31.9150360Z (Reading database ... 85%
build-and-deploy	UNKNOWN STEP	2026-02-24T09:56:31.9150701Z (Reading database ... 90%
build-and-deploy	UNKNOWN STEP	2026-02-24T09:56:31.9151049Z (Reading database ... 95%
build-and-deploy	UNKNOWN STEP	2026-02-24T09:56:31.9151794Z (Reading database ... 100%
build-and-deploy	UNKNOWN STEP	2026-02-24T09:56:31.9153267Z (Reading database ... 6096 files and directories currently installed.)
build-and-deploy	UNKNOWN STEP	2026-02-24T09:56:31.9154140Z #7 2.121 Preparing to unpack .../libssl3_3.0.18-1~deb12u2_amd64.deb ...
build-and-deploy	UNKNOWN STEP	2026-02-24T09:56:31.9155165Z #7 2.123 Unpacking libssl3:amd64 (3.0.18-1~deb12u2) ...
build-and-deploy	UNKNOWN STEP	2026-02-24T09:56:31.9155791Z #7 2.238 Selecting previously unselected package openssl.
build-and-deploy	UNKNOWN STEP	2026-02-24T09:56:32.0157702Z #7 2.240 Preparing to unpack .../openssl_3.0.18-1~deb12u2_amd64.deb ...
build-and-deploy	UNKNOWN STEP	2026-02-24T09:56:32.0158491Z #7 2.241 Unpacking openssl (3.0.18-1~deb12u2) ...
build-and-deploy	UNKNOWN STEP	2026-02-24T09:56:32.0158953Z #7 2.337 Setting up libssl3:amd64 (3.0.18-1~deb12u2) ...
build-and-deploy	UNKNOWN STEP	2026-02-24T09:56:32.0159315Z #7 2.340 Setting up openssl (3.0.18-1~deb12u2) ...
build-and-deploy	UNKNOWN STEP	2026-02-24T09:56:32.1264679Z #7 2.345 Processing triggers for libc-bin (2.36-9+deb12u13) ...
build-and-deploy	UNKNOWN STEP	2026-02-24T09:56:32.1271361Z #7 DONE 2.4s
build-and-deploy	UNKNOWN STEP	2026-02-24T09:56:32.1271877Z 
build-and-deploy	UNKNOWN STEP	2026-02-24T09:56:32.1272161Z #8 [builder 3/9] WORKDIR /app
build-and-deploy	UNKNOWN STEP	2026-02-24T09:56:32.1273550Z #8 DONE 0.0s
build-and-deploy	UNKNOWN STEP	2026-02-24T09:56:32.1275618Z 
build-and-deploy	UNKNOWN STEP	2026-02-24T09:56:32.1278391Z #9 [builder 4/9] COPY package*.json ./
build-and-deploy	UNKNOWN STEP	2026-02-24T09:56:32.1279568Z #9 DONE 0.0s
build-and-deploy	UNKNOWN STEP	2026-02-24T09:56:32.1281340Z 
build-and-deploy	UNKNOWN STEP	2026-02-24T09:56:32.1281766Z #10 [builder 5/9] COPY prisma ./prisma/
build-and-deploy	UNKNOWN STEP	2026-02-24T09:56:32.1285388Z #10 DONE 0.0s
build-and-deploy	UNKNOWN STEP	2026-02-24T09:56:32.1285619Z 
build-and-deploy	UNKNOWN STEP	2026-02-24T09:56:32.1285815Z #11 [stage-1 6/9] COPY prisma.config.ts ./
build-and-deploy	UNKNOWN STEP	2026-02-24T09:56:32.1286295Z #11 DONE 0.0s
build-and-deploy	UNKNOWN STEP	2026-02-24T09:56:32.1315791Z 
build-and-deploy	UNKNOWN STEP	2026-02-24T09:56:32.1316014Z #12 [builder 6/9] RUN npm ci
build-and-deploy	UNKNOWN STEP	2026-02-24T09:56:36.5792856Z #12 4.468 npm warn deprecated rimraf@2.7.1: Rimraf versions prior to v4 are no longer supported
build-and-deploy	UNKNOWN STEP	2026-02-24T09:56:37.3197314Z #12 5.209 npm warn deprecated lodash.isequal@4.5.0: This package is deprecated. Use require('node:util').isDeepStrictEqual instead.
build-and-deploy	UNKNOWN STEP	2026-02-24T09:56:37.9088419Z #12 5.801 npm warn deprecated inflight@1.0.6: This module is not supported, and leaks memory. Do not use it. Check out lru-cache if you want a good and tested way to coalesce async requests by a key value, which is much more comprehensive and powerful.
build-and-deploy	UNKNOWN STEP	2026-02-24T09:56:38.8247470Z #12 6.717 npm warn deprecated fstream@1.0.12: This package is no longer supported.
build-and-deploy	UNKNOWN STEP	2026-02-24T09:56:40.3259725Z #12 ...
build-and-deploy	UNKNOWN STEP	2026-02-24T09:56:40.3262520Z 
build-and-deploy	UNKNOWN STEP	2026-02-24T09:56:40.3263725Z #13 [stage-1 7/9] RUN npm ci --omit=dev && npx prisma generate
build-and-deploy	UNKNOWN STEP	2026-02-24T09:56:40.3264722Z #13 2.871 npm warn deprecated rimraf@2.7.1: Rimraf versions prior to v4 are no longer supported
build-and-deploy	UNKNOWN STEP	2026-02-24T09:56:40.3267897Z #13 3.298 npm warn deprecated lodash.isequal@4.5.0: This package is deprecated. Use require('node:util').isDeepStrictEqual instead.
build-and-deploy	UNKNOWN STEP	2026-02-24T09:56:40.3270074Z #13 3.678 npm warn deprecated inflight@1.0.6: This module is not supported, and leaks memory. Do not use it. Check out lru-cache if you want a good and tested way to coalesce async requests by a key value, which is much more comprehensive and powerful.
build-and-deploy	UNKNOWN STEP	2026-02-24T09:56:40.3273142Z #13 4.472 npm warn deprecated glob@7.2.3: Old versions of glob are not supported, and contain widely publicized security vulnerabilities, which have been fixed in the current version. Please update. Support for old versions may be purchased (at exorbitant rates) by contacting i@izs.me
build-and-deploy	UNKNOWN STEP	2026-02-24T09:56:40.3275485Z #13 4.482 npm warn deprecated fstream@1.0.12: This package is no longer supported.
build-and-deploy	UNKNOWN STEP	2026-02-24T09:56:40.3277600Z #13 4.505 npm warn deprecated glob@7.2.3: Old versions of glob are not supported, and contain widely publicized security vulnerabilities, which have been fixed in the current version. Please update. Support for old versions may be purchased (at exorbitant rates) by contacting i@izs.me
build-and-deploy	UNKNOWN STEP	2026-02-24T09:56:40.3280783Z #13 4.505 npm warn deprecated glob@7.2.3: Old versions of glob are not supported, and contain widely publicized security vulnerabilities, which have been fixed in the current version. Please update. Support for old versions may be purchased (at exorbitant rates) by contacting i@izs.me
build-and-deploy	UNKNOWN STEP	2026-02-24T09:56:40.4882599Z #13 ...
build-and-deploy	UNKNOWN STEP	2026-02-24T09:56:40.4882849Z 
build-and-deploy	UNKNOWN STEP	2026-02-24T09:56:40.4883344Z #12 [builder 6/9] RUN npm ci
build-and-deploy	UNKNOWN STEP	2026-02-24T09:56:40.4885682Z #12 8.380 npm warn deprecated glob@7.2.3: Old versions of glob are not supported, and contain widely publicized security vulnerabilities, which have been fixed in the current version. Please update. Support for old versions may be purchased (at exorbitant rates) by contacting i@izs.me
build-and-deploy	UNKNOWN STEP	2026-02-24T09:56:40.6521103Z #12 8.544 npm warn deprecated glob@7.2.3: Old versions of glob are not supported, and contain widely publicized security vulnerabilities, which have been fixed in the current version. Please update. Support for old versions may be purchased (at exorbitant rates) by contacting i@izs.me
build-and-deploy	UNKNOWN STEP	2026-02-24T09:56:40.8027489Z #12 8.544 npm warn deprecated glob@7.2.3: Old versions of glob are not supported, and contain widely publicized security vulnerabilities, which have been fixed in the current version. Please update. Support for old versions may be purchased (at exorbitant rates) by contacting i@izs.me
build-and-deploy	UNKNOWN STEP	2026-02-24T09:56:40.8360062Z #12 8.728 npm warn deprecated glob@7.2.3: Old versions of glob are not supported, and contain widely publicized security vulnerabilities, which have been fixed in the current version. Please update. Support for old versions may be purchased (at exorbitant rates) by contacting i@izs.me
build-and-deploy	UNKNOWN STEP	2026-02-24T09:56:42.1723294Z #12 10.06 npm warn deprecated glob@10.5.0: Old versions of glob are not supported, and contain widely publicized security vulnerabilities, which have been fixed in the current version. Please update. Support for old versions may be purchased (at exorbitant rates) by contacting i@izs.me
build-and-deploy	UNKNOWN STEP	2026-02-24T09:56:42.3822220Z #12 10.07 npm warn deprecated glob@10.5.0: Old versions of glob are not supported, and contain widely publicized security vulnerabilities, which have been fixed in the current version. Please update. Support for old versions may be purchased (at exorbitant rates) by contacting i@izs.me
build-and-deploy	UNKNOWN STEP	2026-02-24T09:56:42.3825787Z #12 10.12 npm warn deprecated glob@10.5.0: Old versions of glob are not supported, and contain widely publicized security vulnerabilities, which have been fixed in the current version. Please update. Support for old versions may be purchased (at exorbitant rates) by contacting i@izs.me
build-and-deploy	UNKNOWN STEP	2026-02-24T09:56:46.2435960Z #12 ...
build-and-deploy	UNKNOWN STEP	2026-02-24T09:56:46.2436396Z 
build-and-deploy	UNKNOWN STEP	2026-02-24T09:56:46.2436739Z #13 [stage-1 7/9] RUN npm ci --omit=dev && npx prisma generate
build-and-deploy	UNKNOWN STEP	2026-02-24T09:56:46.2437329Z #13 14.12 
build-and-deploy	UNKNOWN STEP	2026-02-24T09:56:46.2437768Z #13 14.12 added 357 packages, and audited 358 packages in 14s
build-and-deploy	UNKNOWN STEP	2026-02-24T09:56:46.2438184Z #13 14.12 
build-and-deploy	UNKNOWN STEP	2026-02-24T09:56:46.3612529Z #13 14.12 56 packages are looking for funding
build-and-deploy	UNKNOWN STEP	2026-02-24T09:56:46.3614657Z #13 14.12   run `npm fund` for details
build-and-deploy	UNKNOWN STEP	2026-02-24T09:56:46.3615115Z #13 14.23 
build-and-deploy	UNKNOWN STEP	2026-02-24T09:56:46.3615802Z #13 14.23 16 vulnerabilities (8 moderate, 8 high)
build-and-deploy	UNKNOWN STEP	2026-02-24T09:56:46.3616307Z #13 14.23 
build-and-deploy	UNKNOWN STEP	2026-02-24T09:56:46.3616769Z #13 14.23 To address issues that do not require attention, run:
build-and-deploy	UNKNOWN STEP	2026-02-24T09:56:46.3617401Z #13 14.23   npm audit fix
build-and-deploy	UNKNOWN STEP	2026-02-24T09:56:46.3617778Z #13 14.23 
build-and-deploy	UNKNOWN STEP	2026-02-24T09:56:46.3618266Z #13 14.23 To address all issues (including breaking changes), run:
build-and-deploy	UNKNOWN STEP	2026-02-24T09:56:46.3618878Z #13 14.23   npm audit fix --force
build-and-deploy	UNKNOWN STEP	2026-02-24T09:56:46.3619323Z #13 14.23 
build-and-deploy	UNKNOWN STEP	2026-02-24T09:56:46.3619702Z #13 14.23 Run `npm audit` for details.
build-and-deploy	UNKNOWN STEP	2026-02-24T09:56:46.5137692Z #13 14.24 npm notice
build-and-deploy	UNKNOWN STEP	2026-02-24T09:56:46.5138422Z #13 14.24 npm notice New major version of npm available! 10.8.2 -> 11.10.1
build-and-deploy	UNKNOWN STEP	2026-02-24T09:56:46.5139291Z #13 14.24 npm notice Changelog: https://github.com/npm/cli/releases/tag/v11.10.1
build-and-deploy	UNKNOWN STEP	2026-02-24T09:56:46.5140145Z #13 14.24 npm notice To update run: npm install -g npm@11.10.1
build-and-deploy	UNKNOWN STEP	2026-02-24T09:56:46.5140709Z #13 14.24 npm notice
build-and-deploy	UNKNOWN STEP	2026-02-24T09:56:47.9889183Z #13 15.86 Loaded Prisma config from prisma.config.ts.
build-and-deploy	UNKNOWN STEP	2026-02-24T09:56:47.9890071Z #13 15.86 
build-and-deploy	UNKNOWN STEP	2026-02-24T09:56:48.1281553Z #13 16.00 Prisma schema loaded from prisma/schema.prisma.
build-and-deploy	UNKNOWN STEP	2026-02-24T09:56:48.5535932Z #13 16.43 
build-and-deploy	UNKNOWN STEP	2026-02-24T09:56:48.5537366Z #13 16.43 â Generated Prisma Client (v7.4.0) to ./node_modules/@prisma/client in 283ms
build-and-deploy	UNKNOWN STEP	2026-02-24T09:56:48.5538646Z #13 16.43 
build-and-deploy	UNKNOWN STEP	2026-02-24T09:56:48.5546010Z #13 16.43 Start by importing your Prisma Client (See: https://pris.ly/d/importing-client)
build-and-deploy	UNKNOWN STEP	2026-02-24T09:56:48.5547130Z #13 16.43 
build-and-deploy	UNKNOWN STEP	2026-02-24T09:56:48.5554948Z #13 16.43 
build-and-deploy	UNKNOWN STEP	2026-02-24T09:56:51.2639619Z #13 DONE 19.1s
build-and-deploy	UNKNOWN STEP	2026-02-24T09:56:51.2641259Z 
build-and-deploy	UNKNOWN STEP	2026-02-24T09:56:51.2641451Z #12 [builder 6/9] RUN npm ci
build-and-deploy	UNKNOWN STEP	2026-02-24T09:57:30.5445846Z #12 58.44 
build-and-deploy	UNKNOWN STEP	2026-02-24T09:57:30.5446410Z #12 58.44 added 925 packages, and audited 926 packages in 58s
build-and-deploy	UNKNOWN STEP	2026-02-24T09:57:30.5446998Z #12 58.44 
build-and-deploy	UNKNOWN STEP	2026-02-24T09:57:30.5447372Z #12 58.44 157 packages are looking for funding
build-and-deploy	UNKNOWN STEP	2026-02-24T09:57:30.6949896Z #12 58.44   run `npm fund` for details
build-and-deploy	UNKNOWN STEP	2026-02-24T09:57:30.8854896Z #12 58.78 
build-and-deploy	UNKNOWN STEP	2026-02-24T09:57:30.8855683Z #12 58.78 49 vulnerabilities (13 moderate, 36 high)
build-and-deploy	UNKNOWN STEP	2026-02-24T09:57:30.8856276Z #12 58.78 
build-and-deploy	UNKNOWN STEP	2026-02-24T09:57:30.8856756Z #12 58.78 To address issues that do not require attention, run:
build-and-deploy	UNKNOWN STEP	2026-02-24T09:57:30.8857346Z #12 58.78   npm audit fix
build-and-deploy	UNKNOWN STEP	2026-02-24T09:57:30.8857790Z #12 58.78 
build-and-deploy	UNKNOWN STEP	2026-02-24T09:57:30.8858300Z #12 58.78 To address all issues (including breaking changes), run:
build-and-deploy	UNKNOWN STEP	2026-02-24T09:57:30.8858952Z #12 58.78   npm audit fix --force
build-and-deploy	UNKNOWN STEP	2026-02-24T09:57:30.8859380Z #12 58.78 
build-and-deploy	UNKNOWN STEP	2026-02-24T09:57:30.8859751Z #12 58.78 Run `npm audit` for details.
build-and-deploy	UNKNOWN STEP	2026-02-24T09:57:31.0370897Z #12 58.78 npm notice
build-and-deploy	UNKNOWN STEP	2026-02-24T09:57:31.0371599Z #12 58.78 npm notice New major version of npm available! 10.8.2 -> 11.10.1
build-and-deploy	UNKNOWN STEP	2026-02-24T09:57:31.0372439Z #12 58.78 npm notice Changelog: https://github.com/npm/cli/releases/tag/v11.10.1
build-and-deploy	UNKNOWN STEP	2026-02-24T09:57:31.0373278Z #12 58.78 npm notice To update run: npm install -g npm@11.10.1
build-and-deploy	UNKNOWN STEP	2026-02-24T09:57:31.0373885Z #12 58.78 npm notice
build-and-deploy	UNKNOWN STEP	2026-02-24T09:57:31.1660682Z #12 DONE 59.1s
build-and-deploy	UNKNOWN STEP	2026-02-24T09:57:31.3489271Z 
build-and-deploy	UNKNOWN STEP	2026-02-24T09:57:31.3489788Z #14 [builder 7/9] COPY . .
build-and-deploy	UNKNOWN STEP	2026-02-24T09:57:31.3490266Z #14 DONE 0.0s
build-and-deploy	UNKNOWN STEP	2026-02-24T09:57:31.3490472Z 
build-and-deploy	UNKNOWN STEP	2026-02-24T09:57:31.3490666Z #15 [builder 8/9] RUN npx prisma generate
build-and-deploy	UNKNOWN STEP	2026-02-24T09:57:32.5316823Z #15 1.333 Loaded Prisma config from prisma.config.ts.
build-and-deploy	UNKNOWN STEP	2026-02-24T09:57:32.5317519Z #15 1.333 
build-and-deploy	UNKNOWN STEP	2026-02-24T09:57:32.7718822Z #15 1.423 Prisma schema loaded from prisma/schema.prisma.
build-and-deploy	UNKNOWN STEP	2026-02-24T09:57:32.9472770Z #15 1.749 
build-and-deploy	UNKNOWN STEP	2026-02-24T09:57:32.9473887Z #15 1.749 â Generated Prisma Client (v7.4.0) to ./node_modules/@prisma/client in 194ms
build-and-deploy	UNKNOWN STEP	2026-02-24T09:57:32.9474621Z #15 1.749 
build-and-deploy	UNKNOWN STEP	2026-02-24T09:57:32.9475473Z #15 1.749 Start by importing your Prisma Client (See: https://pris.ly/d/importing-client)
build-and-deploy	UNKNOWN STEP	2026-02-24T09:57:32.9476230Z #15 1.749 
build-and-deploy	UNKNOWN STEP	2026-02-24T09:57:32.9476535Z #15 1.749 
build-and-deploy	UNKNOWN STEP	2026-02-24T09:57:33.1506368Z #15 DONE 1.8s
build-and-deploy	UNKNOWN STEP	2026-02-24T09:57:33.1506903Z 
build-and-deploy	UNKNOWN STEP	2026-02-24T09:57:33.1507111Z #16 [builder 9/9] RUN npm run build
build-and-deploy	UNKNOWN STEP	2026-02-24T09:57:33.2813716Z #16 0.282 
build-and-deploy	UNKNOWN STEP	2026-02-24T09:57:33.2814130Z #16 0.282 > upgrade-crm@0.0.1 build
build-and-deploy	UNKNOWN STEP	2026-02-24T09:57:33.2814604Z #16 0.282 > nest build
build-and-deploy	UNKNOWN STEP	2026-02-24T09:57:33.2814962Z #16 0.282 
build-and-deploy	UNKNOWN STEP	2026-02-24T09:57:37.7711397Z #16 DONE 4.8s
build-and-deploy	UNKNOWN STEP	2026-02-24T09:57:38.5335708Z 
build-and-deploy	UNKNOWN STEP	2026-02-24T09:57:38.5336396Z #17 [stage-1 8/9] COPY --from=builder /app/dist ./dist
build-and-deploy	UNKNOWN STEP	2026-02-24T09:57:38.6777510Z #17 DONE 0.0s
build-and-deploy	UNKNOWN STEP	2026-02-24T09:57:38.8297382Z 
build-and-deploy	UNKNOWN STEP	2026-02-24T09:57:38.8298131Z #18 [stage-1 9/9] RUN mkdir -p /app/uploads && chown -R node:node /app/uploads
build-and-deploy	UNKNOWN STEP	2026-02-24T09:57:38.8298846Z #18 DONE 0.1s
build-and-deploy	UNKNOWN STEP	2026-02-24T09:57:38.8299094Z 
build-and-deploy	UNKNOWN STEP	2026-02-24T09:57:38.8299633Z #19 exporting to image
build-and-deploy	UNKNOWN STEP	2026-02-24T09:57:38.8300477Z #19 exporting layers
build-and-deploy	UNKNOWN STEP	2026-02-24T09:57:42.8224973Z #19 exporting layers 4.1s done
build-and-deploy	UNKNOWN STEP	2026-02-24T09:57:43.0398035Z #19 writing image sha256:96509a7ebdf7e2a05661581901f45474ce880c4cbebc10cf4bbdf2dabac42c16 done
build-and-deploy	UNKNOWN STEP	2026-02-24T09:57:43.0399236Z #19 naming to docker.io/***/upgrade-backend:latest done
build-and-deploy	UNKNOWN STEP	2026-02-24T09:57:43.0399814Z #19 DONE 4.1s
build-and-deploy	UNKNOWN STEP	2026-02-24T09:57:43.0400044Z 
build-and-deploy	UNKNOWN STEP	2026-02-24T09:57:43.0400252Z #20 resolving provenance for metadata file
build-and-deploy	UNKNOWN STEP	2026-02-24T09:57:43.0400756Z #20 DONE 0.0s
build-and-deploy	UNKNOWN STEP	2026-02-24T09:57:43.0400964Z 
build-and-deploy	UNKNOWN STEP	2026-02-24T09:57:43.0401260Z #21 pushing ***/upgrade-backend:latest with docker
build-and-deploy	UNKNOWN STEP	2026-02-24T09:57:43.0401651Z #21 pushing layer 7ad8a1ccad52
build-and-deploy	UNKNOWN STEP	2026-02-24T09:57:43.0402355Z #21 pushing layer 3b078d9b157b
build-and-deploy	UNKNOWN STEP	2026-02-24T09:57:43.0402664Z #21 pushing layer 61684a5914ff
build-and-deploy	UNKNOWN STEP	2026-02-24T09:57:43.0402960Z #21 pushing layer 8e127a442cea
build-and-deploy	UNKNOWN STEP	2026-02-24T09:57:43.0403256Z #21 pushing layer ab256d16b55a
build-and-deploy	UNKNOWN STEP	2026-02-24T09:57:43.0403802Z #21 pushing layer 4b06c8d7bf31
build-and-deploy	UNKNOWN STEP	2026-02-24T09:57:43.0404117Z #21 pushing layer 786a82d6c83d
build-and-deploy	UNKNOWN STEP	2026-02-24T09:57:43.0404411Z #21 pushing layer affc9a35d0b6
build-and-deploy	UNKNOWN STEP	2026-02-24T09:57:43.0404697Z #21 pushing layer 0562c05a6550
build-and-deploy	UNKNOWN STEP	2026-02-24T09:57:43.0404986Z #21 pushing layer 48074ef03794
build-and-deploy	UNKNOWN STEP	2026-02-24T09:57:43.0405531Z #21 pushing layer c004b55cc6c1
build-and-deploy	UNKNOWN STEP	2026-02-24T09:57:43.0405810Z #21 pushing layer 9159be211277
build-and-deploy	UNKNOWN STEP	2026-02-24T09:57:43.0406081Z #21 pushing layer e48af84b2108
build-and-deploy	UNKNOWN STEP	2026-02-24T09:57:43.2753144Z #21 pushing layer 3b078d9b157b 643.07kB / 501.22kB 0.3s
build-and-deploy	UNKNOWN STEP	2026-02-24T09:57:43.2753791Z #21 pushing layer 8e127a442cea 2.56kB / 271B 0.3s
build-and-deploy	UNKNOWN STEP	2026-02-24T09:57:43.2754358Z #21 pushing layer ab256d16b55a 51.71kB / 38.46kB 0.3s
build-and-deploy	UNKNOWN STEP	2026-02-24T09:57:43.9450445Z #21 pushing layer 3b078d9b157b 1.1s done
build-and-deploy	UNKNOWN STEP	2026-02-24T09:57:43.9451072Z #21 pushing layer ab256d16b55a 1.0s done
build-and-deploy	UNKNOWN STEP	2026-02-24T09:57:44.0489043Z #21 pushing layer 7ad8a1ccad52 1.1s done
build-and-deploy	UNKNOWN STEP	2026-02-24T09:57:44.1550578Z #21 pushing layer 8e127a442cea 1.2s done
build-and-deploy	UNKNOWN STEP	2026-02-24T09:57:44.1551226Z #21 pushing layer 4b06c8d7bf31 458.24kB / 455.50kB 1.2s
build-and-deploy	UNKNOWN STEP	2026-02-24T09:57:44.2868838Z #21 pushing layer 61684a5914ff 30.69MB / 531.66MB 1.4s
build-and-deploy	UNKNOWN STEP	2026-02-24T09:57:44.2869478Z #21 pushing layer affc9a35d0b6 2.35MB / 26.94MB 1.3s
build-and-deploy	UNKNOWN STEP	2026-02-24T09:57:44.4089415Z #21 pushing layer affc9a35d0b6 4.71MB / 26.94MB 1.4s
build-and-deploy	UNKNOWN STEP	2026-02-24T09:57:44.5175026Z #21 pushing layer affc9a35d0b6 7.32MB / 26.94MB 1.5s
build-and-deploy	UNKNOWN STEP	2026-02-24T09:57:44.6176118Z #21 pushing layer affc9a35d0b6 10.26MB / 26.94MB 1.6s
build-and-deploy	UNKNOWN STEP	2026-02-24T09:57:44.7305763Z #21 pushing layer affc9a35d0b6 13.21MB / 26.94MB 1.7s
build-and-deploy	UNKNOWN STEP	2026-02-24T09:57:44.8376471Z #21 pushing layer 786a82d6c83d 1.9s done
build-and-deploy	UNKNOWN STEP	2026-02-24T09:57:44.8377128Z #21 pushing layer affc9a35d0b6 18.52MB / 26.94MB 1.9s
build-and-deploy	UNKNOWN STEP	2026-02-24T09:57:44.9427369Z #21 pushing layer affc9a35d0b6 21.47MB / 26.94MB 2.1s
build-and-deploy	UNKNOWN STEP	2026-02-24T09:57:45.0525704Z #21 pushing layer 4b06c8d7bf31 2.1s done
build-and-deploy	UNKNOWN STEP	2026-02-24T09:57:45.0526528Z #21 pushing layer affc9a35d0b6 24.42MB / 26.94MB 2.2s
build-and-deploy	UNKNOWN STEP	2026-02-24T09:57:45.1796216Z #21 pushing layer affc9a35d0b6 26.99MB / 26.94MB 2.3s
build-and-deploy	UNKNOWN STEP	2026-02-24T09:57:45.4154286Z #21 pushing layer 61684a5914ff 60.36MB / 531.66MB 2.5s
build-and-deploy	UNKNOWN STEP	2026-02-24T09:57:46.4383802Z #21 pushing layer 61684a5914ff 89.22MB / 531.66MB 3.5s
build-and-deploy	UNKNOWN STEP	2026-02-24T09:57:46.6556889Z #21 pushing layer affc9a35d0b6 3.7s done
build-and-deploy	UNKNOWN STEP	2026-02-24T09:57:47.5188777Z #21 pushing layer 61684a5914ff 117.47MB / 531.66MB 4.6s
build-and-deploy	UNKNOWN STEP	2026-02-24T09:57:48.6602270Z #21 pushing layer 61684a5914ff 146.86MB / 531.66MB 5.8s
build-and-deploy	UNKNOWN STEP	2026-02-24T09:57:49.4205969Z #21 pushing layer 61684a5914ff 174.97MB / 531.66MB 6.5s
build-and-deploy	UNKNOWN STEP	2026-02-24T09:57:50.3900719Z #21 pushing layer 61684a5914ff 202.05MB / 531.66MB 7.5s
build-and-deploy	UNKNOWN STEP	2026-02-24T09:57:51.3129441Z #21 pushing layer 61684a5914ff 229.98MB / 531.66MB 8.4s
build-and-deploy	UNKNOWN STEP	2026-02-24T09:57:52.2366625Z #21 pushing layer 61684a5914ff 257.30MB / 531.66MB 9.3s
build-and-deploy	UNKNOWN STEP	2026-02-24T09:57:53.3316186Z #21 pushing layer 61684a5914ff 286.24MB / 531.66MB 10.4s
build-and-deploy	UNKNOWN STEP	2026-02-24T09:57:54.3501957Z #21 pushing layer 61684a5914ff 316.02MB / 531.66MB 11.5s
build-and-deploy	UNKNOWN STEP	2026-02-24T09:57:55.3230705Z #21 pushing layer 61684a5914ff 344.33MB / 531.66MB 12.4s
build-and-deploy	UNKNOWN STEP	2026-02-24T09:57:56.2871003Z #21 pushing layer 61684a5914ff 373.87MB / 531.66MB 13.4s
build-and-deploy	UNKNOWN STEP	2026-02-24T09:57:57.2649716Z #21 pushing layer 61684a5914ff 401.50MB / 531.66MB 14.4s
build-and-deploy	UNKNOWN STEP	2026-02-24T09:57:57.7807512Z #21 pushing layer 61684a5914ff 434.26MB / 531.66MB 14.9s
build-and-deploy	UNKNOWN STEP	2026-02-24T09:57:58.5879211Z #21 pushing layer 61684a5914ff 463.77MB / 531.66MB 15.7s
build-and-deploy	UNKNOWN STEP	2026-02-24T09:57:58.9980166Z #21 pushing layer 61684a5914ff 494.37MB / 531.66MB 16.1s
build-and-deploy	UNKNOWN STEP	2026-02-24T09:57:59.5220344Z #21 pushing layer 61684a5914ff 523.73MB / 531.66MB 16.6s
build-and-deploy	UNKNOWN STEP	2026-02-24T09:58:00.1926825Z #21 pushing layer 61684a5914ff 551.02MB / 531.66MB 17.3s
build-and-deploy	UNKNOWN STEP	2026-02-24T09:58:02.5740583Z #21 pushing layer 61684a5914ff 19.7s done
build-and-deploy	UNKNOWN STEP	2026-02-24T09:58:04.9735876Z #21 pushing layer 0562c05a6550 22.1s done
build-and-deploy	UNKNOWN STEP	2026-02-24T09:58:05.1241555Z #21 pushing layer 48074ef03794 22.1s done
build-and-deploy	UNKNOWN STEP	2026-02-24T09:58:05.1242483Z #21 pushing layer c004b55cc6c1 22.1s done
build-and-deploy	UNKNOWN STEP	2026-02-24T09:58:05.1242841Z #21 pushing layer 9159be211277 22.1s done
build-and-deploy	UNKNOWN STEP	2026-02-24T09:58:05.1243194Z #21 pushing layer e48af84b2108 22.1s done
build-and-deploy	UNKNOWN STEP	2026-02-24T09:58:05.1243510Z #21 DONE 22.1s
build-and-deploy	UNKNOWN STEP	2026-02-24T09:58:05.3601968Z ##[group]ImageID
build-and-deploy	UNKNOWN STEP	2026-02-24T09:58:05.3602401Z sha256:96509a7ebdf7e2a05661581901f45474ce880c4cbebc10cf4bbdf2dabac42c16
build-and-deploy	UNKNOWN STEP	2026-02-24T09:58:05.3603305Z ##[endgroup]
build-and-deploy	UNKNOWN STEP	2026-02-24T09:58:05.3603873Z ##[group]Digest
build-and-deploy	UNKNOWN STEP	2026-02-24T09:58:05.3604440Z sha256:31c78a5b1d0ec25429fe00cf347ac701887f31b013ff7f9c9efdd2216c3d3cf7
build-and-deploy	UNKNOWN STEP	2026-02-24T09:58:05.3605509Z ##[endgroup]
build-and-deploy	UNKNOWN STEP	2026-02-24T09:58:05.3606107Z ##[group]Metadata
build-and-deploy	UNKNOWN STEP	2026-02-24T09:58:05.3606444Z {
build-and-deploy	UNKNOWN STEP	2026-02-24T09:58:05.3606779Z   "buildx.build.provenance": {
build-and-deploy	UNKNOWN STEP	2026-02-24T09:58:05.3607198Z     "builder": {
build-and-deploy	UNKNOWN STEP	2026-02-24T09:58:05.3607457Z       "id": ""
build-and-deploy	UNKNOWN STEP	2026-02-24T09:58:05.3607669Z     },
build-and-deploy	UNKNOWN STEP	2026-02-24T09:58:05.3607972Z     "buildType": "https://mobyproject.org/buildkit@v1",
build-and-deploy	UNKNOWN STEP	2026-02-24T09:58:05.3608335Z     "materials": [
build-and-deploy	UNKNOWN STEP	2026-02-24T09:58:05.3608572Z       {
build-and-deploy	UNKNOWN STEP	2026-02-24T09:58:05.3608966Z         "uri": "pkg:docker/node@20-slim?platform=linux%2Famd64",
build-and-deploy	UNKNOWN STEP	2026-02-24T09:58:05.3609329Z         "digest": {
build-and-deploy	UNKNOWN STEP	2026-02-24T09:58:05.3609724Z           "sha256": "c6585df72c34172bebd8d36abed961e231d7d3b5cee2e01294c4495e8a03f687"
build-and-deploy	UNKNOWN STEP	2026-02-24T09:58:05.3610185Z         }
build-and-deploy	UNKNOWN STEP	2026-02-24T09:58:05.3610383Z       }
build-and-deploy	UNKNOWN STEP	2026-02-24T09:58:05.3610574Z     ],
build-and-deploy	UNKNOWN STEP	2026-02-24T09:58:05.3610782Z     "invocation": {
build-and-deploy	UNKNOWN STEP	2026-02-24T09:58:05.3611016Z       "configSource": {
build-and-deploy	UNKNOWN STEP	2026-02-24T09:58:05.3611278Z         "entryPoint": "Dockerfile"
build-and-deploy	UNKNOWN STEP	2026-02-24T09:58:05.3611550Z       },
build-and-deploy	UNKNOWN STEP	2026-02-24T09:58:05.3611760Z       "parameters": {
build-and-deploy	UNKNOWN STEP	2026-02-24T09:58:05.3612024Z         "frontend": "dockerfile.v0",
build-and-deploy	UNKNOWN STEP	2026-02-24T09:58:05.3612312Z         "locals": [
build-and-deploy	UNKNOWN STEP	2026-02-24T09:58:05.3612530Z           {
build-and-deploy	UNKNOWN STEP	2026-02-24T09:58:05.3612745Z             "name": "context"
build-and-deploy	UNKNOWN STEP	2026-02-24T09:58:05.3612998Z           },
build-and-deploy	UNKNOWN STEP	2026-02-24T09:58:05.3613202Z           {
build-and-deploy	UNKNOWN STEP	2026-02-24T09:58:05.3613420Z             "name": "dockerfile"
build-and-deploy	UNKNOWN STEP	2026-02-24T09:58:05.3613687Z           }
build-and-deploy	UNKNOWN STEP	2026-02-24T09:58:05.3613887Z         ]
build-and-deploy	UNKNOWN STEP	2026-02-24T09:58:05.3614086Z       },
build-and-deploy	UNKNOWN STEP	2026-02-24T09:58:05.3614291Z       "environment": {
build-and-deploy	UNKNOWN STEP	2026-02-24T09:58:05.3614549Z         "platform": "linux/amd64"
build-and-deploy	UNKNOWN STEP	2026-02-24T09:58:05.3614818Z       }
build-and-deploy	UNKNOWN STEP	2026-02-24T09:58:05.3615013Z     }
build-and-deploy	UNKNOWN STEP	2026-02-24T09:58:05.3615479Z   },
build-and-deploy	UNKNOWN STEP	2026-02-24T09:58:05.3615795Z   "buildx.build.ref": "default/default/r06raz6gr0k0nazjh2mo5s81f",
build-and-deploy	UNKNOWN STEP	2026-02-24T09:58:05.3616472Z   "containerimage.config.digest": "sha256:96509a7ebdf7e2a05661581901f45474ce880c4cbebc10cf4bbdf2dabac42c16",
build-and-deploy	UNKNOWN STEP	2026-02-24T09:58:05.3617303Z   "containerimage.digest": "sha256:31c78a5b1d0ec25429fe00cf347ac701887f31b013ff7f9c9efdd2216c3d3cf7",
build-and-deploy	UNKNOWN STEP	2026-02-24T09:58:05.3617981Z   "image.name": "docker.io/***/upgrade-backend:latest"
build-and-deploy	UNKNOWN STEP	2026-02-24T09:58:05.3618290Z }
build-and-deploy	UNKNOWN STEP	2026-02-24T09:58:05.3618747Z ##[endgroup]
build-and-deploy	UNKNOWN STEP	2026-02-24T09:58:05.3775523Z ##[group]Run docker/build-push-action@v5
build-and-deploy	UNKNOWN STEP	2026-02-24T09:58:05.3775849Z with:
build-and-deploy	UNKNOWN STEP	2026-02-24T09:58:05.3776049Z   context: ./client
build-and-deploy	UNKNOWN STEP	2026-02-24T09:58:05.3776298Z   file: client/Dockerfile
build-and-deploy	UNKNOWN STEP	2026-02-24T09:58:05.3776531Z   push: true
build-and-deploy	UNKNOWN STEP	2026-02-24T09:58:05.3776814Z   tags: ***/upgrade-frontend:latest
build-and-deploy	UNKNOWN STEP	2026-02-24T09:58:05.3777077Z   load: false
build-and-deploy	UNKNOWN STEP	2026-02-24T09:58:05.3777275Z   no-cache: false
build-and-deploy	UNKNOWN STEP	2026-02-24T09:58:05.3777482Z   pull: false
build-and-deploy	UNKNOWN STEP	2026-02-24T09:58:05.3777802Z   github-token: ***
build-and-deploy	UNKNOWN STEP	2026-02-24T09:58:05.3778021Z ##[endgroup]
build-and-deploy	UNKNOWN STEP	2026-02-24T09:58:05.6022099Z ##[group]GitHub Actions runtime token ACs
build-and-deploy	UNKNOWN STEP	2026-02-24T09:58:05.6032817Z refs/heads/main: read/write
build-and-deploy	UNKNOWN STEP	2026-02-24T09:58:05.6033991Z ##[endgroup]
build-and-deploy	UNKNOWN STEP	2026-02-24T09:58:05.6034622Z ##[group]Docker info
build-and-deploy	UNKNOWN STEP	2026-02-24T09:58:05.6075605Z [command]/usr/bin/docker version
build-and-deploy	UNKNOWN STEP	2026-02-24T09:58:05.6259798Z Client: Docker Engine - Community
build-and-deploy	UNKNOWN STEP	2026-02-24T09:58:05.6272723Z  Version:           28.0.4
build-and-deploy	UNKNOWN STEP	2026-02-24T09:58:05.6273226Z  API version:       1.48
build-and-deploy	UNKNOWN STEP	2026-02-24T09:58:05.6273754Z  Go version:        go1.23.7
build-and-deploy	UNKNOWN STEP	2026-02-24T09:58:05.6274263Z  Git commit:        b8034c0
build-and-deploy	UNKNOWN STEP	2026-02-24T09:58:05.6274749Z  Built:             Tue Mar 25 15:07:16 2025
build-and-deploy	UNKNOWN STEP	2026-02-24T09:58:05.6275952Z  OS/Arch:           linux/amd64
build-and-deploy	UNKNOWN STEP	2026-02-24T09:58:05.6276403Z  Context:           default
build-and-deploy	UNKNOWN STEP	2026-02-24T09:58:05.6276691Z 
build-and-deploy	UNKNOWN STEP	2026-02-24T09:58:05.6276888Z Server: Docker Engine - Community
build-and-deploy	UNKNOWN STEP	2026-02-24T09:58:05.6277348Z  Engine:
build-and-deploy	UNKNOWN STEP	2026-02-24T09:58:05.6277683Z   Version:          28.0.4
build-and-deploy	UNKNOWN STEP	2026-02-24T09:58:05.6278164Z   API version:      1.48 (minimum version 1.24)
build-and-deploy	UNKNOWN STEP	2026-02-24T09:58:05.6278694Z   Go version:       go1.23.7
build-and-deploy	UNKNOWN STEP	2026-02-24T09:58:05.6279148Z   Git commit:       6430e49
build-and-deploy	UNKNOWN STEP	2026-02-24T09:58:05.6279573Z   Built:            Tue Mar 25 15:07:16 2025
build-and-deploy	UNKNOWN STEP	2026-02-24T09:58:05.6280046Z   OS/Arch:          linux/amd64
build-and-deploy	UNKNOWN STEP	2026-02-24T09:58:05.6280497Z   Experimental:     false
build-and-deploy	UNKNOWN STEP	2026-02-24T09:58:05.6280925Z  containerd:
build-and-deploy	UNKNOWN STEP	2026-02-24T09:58:05.6281291Z   Version:          v2.2.1
build-and-deploy	UNKNOWN STEP	2026-02-24T09:58:05.6281861Z   GitCommit:        dea7da592f5d1d2b7755e3a161be07f43fad8f75
build-and-deploy	UNKNOWN STEP	2026-02-24T09:58:05.6282442Z  runc:
build-and-deploy	UNKNOWN STEP	2026-02-24T09:58:05.6282799Z   Version:          1.3.4
build-and-deploy	UNKNOWN STEP	2026-02-24T09:58:05.6283223Z   GitCommit:        v1.3.4-0-gd6d73eb8
build-and-deploy	UNKNOWN STEP	2026-02-24T09:58:05.6283710Z  docker-init:
build-and-deploy	UNKNOWN STEP	2026-02-24T09:58:05.6284099Z   Version:          0.19.0
build-and-deploy	UNKNOWN STEP	2026-02-24T09:58:05.6284528Z   GitCommit:        de40ad0
build-and-deploy	UNKNOWN STEP	2026-02-24T09:58:05.6311277Z [command]/usr/bin/docker info
build-and-deploy	UNKNOWN STEP	2026-02-24T09:58:05.6770896Z Client: Docker Engine - Community
build-and-deploy	UNKNOWN STEP	2026-02-24T09:58:05.6771420Z  Version:    28.0.4
build-and-deploy	UNKNOWN STEP	2026-02-24T09:58:05.6771784Z  Context:    default
build-and-deploy	UNKNOWN STEP	2026-02-24T09:58:05.6772153Z  Debug Mode: false
build-and-deploy	UNKNOWN STEP	2026-02-24T09:58:05.6772498Z  Plugins:
build-and-deploy	UNKNOWN STEP	2026-02-24T09:58:05.6772855Z   buildx: Docker Buildx (Docker Inc.)
build-and-deploy	UNKNOWN STEP	2026-02-24T09:58:05.6773167Z     Version:  v0.31.1
build-and-deploy	UNKNOWN STEP	2026-02-24T09:58:05.6773465Z     Path:     /usr/libexec/docker/cli-plugins/docker-buildx
build-and-deploy	UNKNOWN STEP	2026-02-24T09:58:05.6773826Z   compose: Docker Compose (Docker Inc.)
build-and-deploy	UNKNOWN STEP	2026-02-24T09:58:05.6774100Z     Version:  v2.38.2
build-and-deploy	UNKNOWN STEP	2026-02-24T09:58:05.6774416Z     Path:     /usr/libexec/docker/cli-plugins/docker-compose
build-and-deploy	UNKNOWN STEP	2026-02-24T09:58:05.6774662Z 
build-and-deploy	UNKNOWN STEP	2026-02-24T09:58:05.6774744Z Server:
build-and-deploy	UNKNOWN STEP	2026-02-24T09:58:05.6774930Z  Containers: 0
build-and-deploy	UNKNOWN STEP	2026-02-24T09:58:05.6775146Z   Running: 0
build-and-deploy	UNKNOWN STEP	2026-02-24T09:58:05.6775606Z   Paused: 0
build-and-deploy	UNKNOWN STEP	2026-02-24T09:58:05.6775799Z   Stopped: 0
build-and-deploy	UNKNOWN STEP	2026-02-24T09:58:05.6775989Z  Images: 3
build-and-deploy	UNKNOWN STEP	2026-02-24T09:58:05.6776178Z  Server Version: 28.0.4
build-and-deploy	UNKNOWN STEP	2026-02-24T09:58:05.6776405Z  Storage Driver: overlay2
build-and-deploy	UNKNOWN STEP	2026-02-24T09:58:05.6776647Z   Backing Filesystem: extfs
build-and-deploy	UNKNOWN STEP	2026-02-24T09:58:05.6776887Z   Supports d_type: true
build-and-deploy	UNKNOWN STEP	2026-02-24T09:58:05.6777111Z   Using metacopy: false
build-and-deploy	UNKNOWN STEP	2026-02-24T09:58:05.6777344Z   Native Overlay Diff: false
build-and-deploy	UNKNOWN STEP	2026-02-24T09:58:05.6777578Z   userxattr: false
build-and-deploy	UNKNOWN STEP	2026-02-24T09:58:05.6777799Z  Logging Driver: json-file
build-and-deploy	UNKNOWN STEP	2026-02-24T09:58:05.6778030Z  Cgroup Driver: systemd
build-and-deploy	UNKNOWN STEP	2026-02-24T09:58:05.6778243Z  Cgroup Version: 2
build-and-deploy	UNKNOWN STEP	2026-02-24T09:58:05.6778447Z  Plugins:
build-and-deploy	UNKNOWN STEP	2026-02-24T09:58:05.6778633Z   Volume: local
build-and-deploy	UNKNOWN STEP	2026-02-24T09:58:05.6778877Z   Network: bridge host ipvlan macvlan null overlay
build-and-deploy	UNKNOWN STEP	2026-02-24T09:58:05.6779660Z   Log: awslogs fluentd gcplogs gelf journald json-file local splunk syslog
build-and-deploy	UNKNOWN STEP	2026-02-24T09:58:05.6780038Z  Swarm: inactive
build-and-deploy	UNKNOWN STEP	2026-02-24T09:58:05.6780275Z  Runtimes: runc io.containerd.runc.v2
build-and-deploy	UNKNOWN STEP	2026-02-24T09:58:05.6780559Z  Default Runtime: runc
build-and-deploy	UNKNOWN STEP	2026-02-24T09:58:05.6780782Z  Init Binary: docker-init
build-and-deploy	UNKNOWN STEP	2026-02-24T09:58:05.6781089Z  containerd version: dea7da592f5d1d2b7755e3a161be07f43fad8f75
build-and-deploy	UNKNOWN STEP	2026-02-24T09:58:05.6781439Z  runc version: v1.3.4-0-gd6d73eb8
build-and-deploy	UNKNOWN STEP	2026-02-24T09:58:05.6781693Z  init version: de40ad0
build-and-deploy	UNKNOWN STEP	2026-02-24T09:58:05.6781911Z  Security Options:
build-and-deploy	UNKNOWN STEP	2026-02-24T09:58:05.6782118Z   apparmor
build-and-deploy	UNKNOWN STEP	2026-02-24T09:58:05.6782307Z   seccomp
build-and-deploy	UNKNOWN STEP	2026-02-24T09:58:05.6782491Z    Profile: builtin
build-and-deploy	UNKNOWN STEP	2026-02-24T09:58:05.6782689Z   cgroupns
build-and-deploy	UNKNOWN STEP	2026-02-24T09:58:05.6782889Z  Kernel Version: 6.11.0-1018-azure
build-and-deploy	UNKNOWN STEP	2026-02-24T09:58:05.6783219Z  Operating System: Ubuntu 24.04.3 LTS
build-and-deploy	UNKNOWN STEP	2026-02-24T09:58:05.6783670Z  OSType: linux
build-and-deploy	UNKNOWN STEP	2026-02-24T09:58:05.6784058Z  Architecture: x86_64
build-and-deploy	UNKNOWN STEP	2026-02-24T09:58:05.6784439Z  CPUs: 4
build-and-deploy	UNKNOWN STEP	2026-02-24T09:58:05.6784796Z  Total Memory: 15.62GiB
build-and-deploy	UNKNOWN STEP	2026-02-24T09:58:05.6785191Z  Name: runnervmwffz4
build-and-deploy	UNKNOWN STEP	2026-02-24T09:58:05.6786059Z  ID: 073c65d4-c458-42c9-935a-939d0489da0a
build-and-deploy	UNKNOWN STEP	2026-02-24T09:58:05.6786886Z  Docker Root Dir: /var/lib/docker
build-and-deploy	UNKNOWN STEP	2026-02-24T09:58:05.6787347Z  Debug Mode: false
build-and-deploy	UNKNOWN STEP	2026-02-24T09:58:05.6787840Z  Username: ***
build-and-deploy	UNKNOWN STEP	2026-02-24T09:58:05.6788204Z  Experimental: false
build-and-deploy	UNKNOWN STEP	2026-02-24T09:58:05.6788601Z  Insecure Registries:
build-and-deploy	UNKNOWN STEP	2026-02-24T09:58:05.6789020Z   ::1/128
build-and-deploy	UNKNOWN STEP	2026-02-24T09:58:05.6789326Z   127.0.0.0/8
build-and-deploy	UNKNOWN STEP	2026-02-24T09:58:05.6789660Z  Live Restore Enabled: false
build-and-deploy	UNKNOWN STEP	2026-02-24T09:58:05.6789930Z 
build-and-deploy	UNKNOWN STEP	2026-02-24T09:58:05.6790426Z ##[endgroup]
build-and-deploy	UNKNOWN STEP	2026-02-24T09:58:05.6791060Z ##[group]Proxy configuration
build-and-deploy	UNKNOWN STEP	2026-02-24T09:58:05.6793786Z No proxy configuration found
build-and-deploy	UNKNOWN STEP	2026-02-24T09:58:05.6794542Z ##[endgroup]
build-and-deploy	UNKNOWN STEP	2026-02-24T09:58:05.7520346Z ##[group]Buildx version
build-and-deploy	UNKNOWN STEP	2026-02-24T09:58:05.7556574Z [command]/usr/bin/docker buildx version
build-and-deploy	UNKNOWN STEP	2026-02-24T09:58:05.8240194Z github.com/docker/buildx v0.31.1 a2675950d46b2cb171b23c2015ca44fb88607531
build-and-deploy	UNKNOWN STEP	2026-02-24T09:58:05.8280770Z ##[endgroup]
build-and-deploy	UNKNOWN STEP	2026-02-24T09:58:05.8282036Z ##[group]Builder info
build-and-deploy	UNKNOWN STEP	2026-02-24T09:58:05.9211616Z {
build-and-deploy	UNKNOWN STEP	2026-02-24T09:58:05.9211923Z   "nodes": [
build-and-deploy	UNKNOWN STEP	2026-02-24T09:58:05.9212172Z     {
build-and-deploy	UNKNOWN STEP	2026-02-24T09:58:05.9212366Z       "name": "default",
build-and-deploy	UNKNOWN STEP	2026-02-24T09:58:05.9212624Z       "endpoint": "default",
build-and-deploy	UNKNOWN STEP	2026-02-24T09:58:05.9212873Z       "status": "running",
build-and-deploy	UNKNOWN STEP	2026-02-24T09:58:05.9213104Z       "buildkit": "v0.20.2",
build-and-deploy	UNKNOWN STEP	2026-02-24T09:58:05.9213444Z       "platforms": "linux/amd64,linux/amd64/v2,linux/amd64/v3,linux/386",
build-and-deploy	UNKNOWN STEP	2026-02-24T09:58:05.9213809Z       "features": {
build-and-deploy	UNKNOWN STEP	2026-02-24T09:58:05.9214134Z         "Automatically load images to the Docker Engine image store": true,
build-and-deploy	UNKNOWN STEP	2026-02-24T09:58:05.9214506Z         "Cache export": true,
build-and-deploy	UNKNOWN STEP	2026-02-24T09:58:05.9214751Z         "Direct push": true,
build-and-deploy	UNKNOWN STEP	2026-02-24T09:58:05.9214999Z         "Docker exporter": true,
build-and-deploy	UNKNOWN STEP	2026-02-24T09:58:05.9215453Z         "Multi-platform build": true,
build-and-deploy	UNKNOWN STEP	2026-02-24T09:58:05.9215746Z         "OCI exporter": true
build-and-deploy	UNKNOWN STEP	2026-02-24T09:58:05.9215971Z       },
build-and-deploy	UNKNOWN STEP	2026-02-24T09:58:05.9216162Z       "labels": {
build-and-deploy	UNKNOWN STEP	2026-02-24T09:58:05.9216501Z         "org.mobyproject.buildkit.worker.moby.host-gateway-ip": "172.17.0.1"
build-and-deploy	UNKNOWN STEP	2026-02-24T09:58:05.9216901Z       }
build-and-deploy	UNKNOWN STEP	2026-02-24T09:58:05.9217077Z     }
build-and-deploy	UNKNOWN STEP	2026-02-24T09:58:05.9217246Z   ],
build-and-deploy	UNKNOWN STEP	2026-02-24T09:58:05.9217430Z   "name": "default",
build-and-deploy	UNKNOWN STEP	2026-02-24T09:58:05.9217641Z   "driver": "docker",
build-and-deploy	UNKNOWN STEP	2026-02-24T09:58:05.9217878Z   "lastActivity": "2026-02-24T09:56:26.000Z"
build-and-deploy	UNKNOWN STEP	2026-02-24T09:58:05.9218141Z }
build-and-deploy	UNKNOWN STEP	2026-02-24T09:58:05.9218565Z ##[endgroup]
build-and-deploy	UNKNOWN STEP	2026-02-24T09:58:06.0841567Z [command]/usr/bin/docker buildx build --file client/Dockerfile --iidfile /home/runner/work/_temp/docker-actions-toolkit-f18HSP/build-iidfile-9b0dfa0a88.txt --tag ***/upgrade-frontend:latest --metadata-file /home/runner/work/_temp/docker-actions-toolkit-f18HSP/build-metadata-20660127f6.json --push ./client
build-and-deploy	UNKNOWN STEP	2026-02-24T09:58:06.3423242Z #0 building with "default" instance using docker driver
build-and-deploy	UNKNOWN STEP	2026-02-24T09:58:06.3423806Z 
build-and-deploy	UNKNOWN STEP	2026-02-24T09:58:06.3423994Z #1 [internal] load build definition from Dockerfile
build-and-deploy	UNKNOWN STEP	2026-02-24T09:58:06.3424718Z #1 transferring dockerfile: 342B done
build-and-deploy	UNKNOWN STEP	2026-02-24T09:58:06.3425046Z #1 DONE 0.0s
build-and-deploy	UNKNOWN STEP	2026-02-24T09:58:06.3425186Z 
build-and-deploy	UNKNOWN STEP	2026-02-24T09:58:06.3425671Z #2 [auth] library/nginx:pull token for registry-1.docker.io
build-and-deploy	UNKNOWN STEP	2026-02-24T09:58:06.3426085Z #2 DONE 0.0s
build-and-deploy	UNKNOWN STEP	2026-02-24T09:58:06.3426227Z 
build-and-deploy	UNKNOWN STEP	2026-02-24T09:58:06.3426438Z #3 [internal] load metadata for docker.io/library/node:18-alpine
build-and-deploy	UNKNOWN STEP	2026-02-24T09:58:06.5322952Z #3 DONE 0.4s
build-and-deploy	UNKNOWN STEP	2026-02-24T09:58:06.5323212Z 
build-and-deploy	UNKNOWN STEP	2026-02-24T09:58:06.5323456Z #4 [internal] load metadata for docker.io/library/nginx:alpine
build-and-deploy	UNKNOWN STEP	2026-02-24T09:58:06.6906721Z #4 DONE 0.4s
build-and-deploy	UNKNOWN STEP	2026-02-24T09:58:06.6907037Z 
build-and-deploy	UNKNOWN STEP	2026-02-24T09:58:06.6907250Z #5 [internal] load .dockerignore
build-and-deploy	UNKNOWN STEP	2026-02-24T09:58:06.6907843Z #5 transferring context: 2B done
build-and-deploy	UNKNOWN STEP	2026-02-24T09:58:06.6908401Z #5 DONE 0.0s
build-and-deploy	UNKNOWN STEP	2026-02-24T09:58:06.6908663Z 
build-and-deploy	UNKNOWN STEP	2026-02-24T09:58:06.6908874Z #6 [internal] load build context
build-and-deploy	UNKNOWN STEP	2026-02-24T09:58:06.6909929Z #6 transferring context: 314.23kB done
build-and-deploy	UNKNOWN STEP	2026-02-24T09:58:06.6910533Z #6 DONE 0.0s
build-and-deploy	UNKNOWN STEP	2026-02-24T09:58:06.6910812Z 
build-and-deploy	UNKNOWN STEP	2026-02-24T09:58:06.6911706Z #7 [build 1/6] FROM docker.io/library/node:18-alpine@sha256:8d6421d663b4c28fd3ebc498332f249011d118945588d0a35cb9bc4b8ca09d9e
build-and-deploy	UNKNOWN STEP	2026-02-24T09:58:06.6913693Z #7 resolve docker.io/library/node:18-alpine@sha256:8d6421d663b4c28fd3ebc498332f249011d118945588d0a35cb9bc4b8ca09d9e 0.0s done
build-and-deploy	UNKNOWN STEP	2026-02-24T09:58:06.6914774Z #7 sha256:929b04d7c782f04f615cf785488fed452b6569f87c73ff666ad553a7554f0006 1.72kB / 1.72kB done
build-and-deploy	UNKNOWN STEP	2026-02-24T09:58:06.6915752Z #7 sha256:ee77c6cd7c1886ecc802ad6cedef3a8ec1ea27d1fb96162bf03dd3710839b8da 6.18kB / 6.18kB done
build-and-deploy	UNKNOWN STEP	2026-02-24T09:58:06.6916427Z #7 sha256:f18232174bc91741fdf3da96d85011092101a032a93a388b79e99e69c2d5c870 0B / 3.64MB 0.1s
build-and-deploy	UNKNOWN STEP	2026-02-24T09:58:06.6917348Z #7 sha256:dd71dde834b5c203d162902e6b8994cb2309ae049a0eabc4efea161b2b5a3d0e 0B / 40.01MB 0.1s
build-and-deploy	UNKNOWN STEP	2026-02-24T09:58:06.6918474Z #7 sha256:1e5a4c89cee5c0826c540ab06d4b6b491c96eda01837f430bd47f0d26702d6e3 0B / 1.26MB 0.1s
build-and-deploy	UNKNOWN STEP	2026-02-24T09:58:06.6919617Z #7 sha256:8d6421d663b4c28fd3ebc498332f249011d118945588d0a35cb9bc4b8ca09d9e 7.67kB / 7.67kB done
build-and-deploy	UNKNOWN STEP	2026-02-24T09:58:06.8285571Z #7 sha256:f18232174bc91741fdf3da96d85011092101a032a93a388b79e99e69c2d5c870 3.64MB / 3.64MB 0.1s done
build-and-deploy	UNKNOWN STEP	2026-02-24T09:58:06.8286888Z #7 sha256:dd71dde834b5c203d162902e6b8994cb2309ae049a0eabc4efea161b2b5a3d0e 7.34MB / 40.01MB 0.2s
build-and-deploy	UNKNOWN STEP	2026-02-24T09:58:06.8288054Z #7 extracting sha256:f18232174bc91741fdf3da96d85011092101a032a93a388b79e99e69c2d5c870 0.1s done
build-and-deploy	UNKNOWN STEP	2026-02-24T09:58:06.8289192Z #7 sha256:25ff2da83641908f65c3a74d80409d6b1b62ccfaab220b9ea70b80df5a2e0549 0B / 446B 0.2s
build-and-deploy	UNKNOWN STEP	2026-02-24T09:58:06.9912725Z #7 sha256:dd71dde834b5c203d162902e6b8994cb2309ae049a0eabc4efea161b2b5a3d0e 18.87MB / 40.01MB 0.4s
build-and-deploy	UNKNOWN STEP	2026-02-24T09:58:06.9913817Z #7 sha256:1e5a4c89cee5c0826c540ab06d4b6b491c96eda01837f430bd47f0d26702d6e3 1.26MB / 1.26MB 0.2s done
build-and-deploy	UNKNOWN STEP	2026-02-24T09:58:06.9914795Z #7 sha256:25ff2da83641908f65c3a74d80409d6b1b62ccfaab220b9ea70b80df5a2e0549 446B / 446B 0.3s done
build-and-deploy	UNKNOWN STEP	2026-02-24T09:58:07.0923844Z #7 sha256:dd71dde834b5c203d162902e6b8994cb2309ae049a0eabc4efea161b2b5a3d0e 22.02MB / 40.01MB 0.5s
build-and-deploy	UNKNOWN STEP	2026-02-24T09:58:07.2225359Z #7 sha256:dd71dde834b5c203d162902e6b8994cb2309ae049a0eabc4efea161b2b5a3d0e 24.12MB / 40.01MB 0.6s
build-and-deploy	UNKNOWN STEP	2026-02-24T09:58:07.3692600Z #7 sha256:dd71dde834b5c203d162902e6b8994cb2309ae049a0eabc4efea161b2b5a3d0e 27.26MB / 40.01MB 0.7s
build-and-deploy	UNKNOWN STEP	2026-02-24T09:58:07.4904580Z #7 sha256:dd71dde834b5c203d162902e6b8994cb2309ae049a0eabc4efea161b2b5a3d0e 36.70MB / 40.01MB 0.9s
build-and-deploy	UNKNOWN STEP	2026-02-24T09:58:07.5922780Z #7 sha256:dd71dde834b5c203d162902e6b8994cb2309ae049a0eabc4efea161b2b5a3d0e 40.01MB / 40.01MB 0.9s done
build-and-deploy	UNKNOWN STEP	2026-02-24T09:58:07.5925133Z #7 extracting sha256:dd71dde834b5c203d162902e6b8994cb2309ae049a0eabc4efea161b2b5a3d0e
build-and-deploy	UNKNOWN STEP	2026-02-24T09:58:08.6769640Z #7 ...
build-and-deploy	UNKNOWN STEP	2026-02-24T09:58:08.6769897Z 
build-and-deploy	UNKNOWN STEP	2026-02-24T09:58:08.6770538Z #8 [stage-1 1/3] FROM docker.io/library/nginx:alpine@sha256:1d13701a5f9f3fb01aaa88cef2344d65b6b5bf6b7d9fa4cf0dca557a8d7702ba
build-and-deploy	UNKNOWN STEP	2026-02-24T09:58:08.6772044Z #8 resolve docker.io/library/nginx:alpine@sha256:1d13701a5f9f3fb01aaa88cef2344d65b6b5bf6b7d9fa4cf0dca557a8d7702ba 0.0s done
build-and-deploy	UNKNOWN STEP	2026-02-24T09:58:08.6773823Z #8 sha256:b76de378d57272a1dd9091a05dd548a3639dfb792ebdbf95d06704d2950afdea 11.65kB / 11.65kB done
build-and-deploy	UNKNOWN STEP	2026-02-24T09:58:08.6775101Z #8 sha256:1d13701a5f9f3fb01aaa88cef2344d65b6b5bf6b7d9fa4cf0dca557a8d7702ba 10.33kB / 10.33kB done
build-and-deploy	UNKNOWN STEP	2026-02-24T09:58:08.6776168Z #8 sha256:c032460d1fd73978317479ba23c37bcb57d93156cab122eb3c54b8e4bdc292fa 2.50kB / 2.50kB done
build-and-deploy	UNKNOWN STEP	2026-02-24T09:58:08.6777094Z #8 sha256:589002ba0eaed121a1dbf42f6648f29e5be55d5c8a6ee0f8eaa0285cc21ac153 3.86MB / 3.86MB 0.5s done
build-and-deploy	UNKNOWN STEP	2026-02-24T09:58:08.6777857Z #8 sha256:bca5d04786e112d958f100a66f8257b2aeefc14b64d81e405c3c44acff2fb000 1.86MB / 1.86MB 0.4s done
build-and-deploy	UNKNOWN STEP	2026-02-24T09:58:08.6778598Z #8 extracting sha256:589002ba0eaed121a1dbf42f6648f29e5be55d5c8a6ee0f8eaa0285cc21ac153 0.1s done
build-and-deploy	UNKNOWN STEP	2026-02-24T09:58:08.6779546Z #8 sha256:3e2c181db1b0985ce357c7aaf48ac615f30f392cd15d5c5ba34c4faa1f4f39a2 626B / 626B 0.5s done
build-and-deploy	UNKNOWN STEP	2026-02-24T09:58:08.6780252Z #8 sha256:6b7b6c7061b76cdb8601e18722d12ae3232f0ddcfa1d2983754abcc6ce0a8a83 954B / 954B 0.6s done
build-and-deploy	UNKNOWN STEP	2026-02-24T09:58:08.6780906Z #8 extracting sha256:bca5d04786e112d958f100a66f8257b2aeefc14b64d81e405c3c44acff2fb000 0.0s done
build-and-deploy	UNKNOWN STEP	2026-02-24T09:58:08.6781773Z #8 sha256:399d0898a94e0084f81499a3e3c29824357118c7ce551648ea1dbab813884661 404B / 404B 0.7s done
build-and-deploy	UNKNOWN STEP	2026-02-24T09:58:08.6782951Z #8 sha256:955a8478f9aceb66cbf2f579fa3c24e1af278d1fa3ffd3043d6260e21d2f7416 1.21kB / 1.21kB 0.7s done
build-and-deploy	UNKNOWN STEP	2026-02-24T09:58:08.6783943Z #8 sha256:6d397a54a185dd0b6638d1a3934b81daef7a140741e12697377d6279066f7ca7 1.40kB / 1.40kB 0.8s done
build-and-deploy	UNKNOWN STEP	2026-02-24T09:58:08.6785180Z #8 sha256:5e7756927bef33a266e1221356d5da8553139cb80bc5b1b3827010811d9ea268 20.24MB / 20.24MB 1.4s done
build-and-deploy	UNKNOWN STEP	2026-02-24T09:58:08.6786524Z #8 extracting sha256:3e2c181db1b0985ce357c7aaf48ac615f30f392cd15d5c5ba34c4faa1f4f39a2 done
build-and-deploy	UNKNOWN STEP	2026-02-24T09:58:08.6787342Z #8 extracting sha256:6b7b6c7061b76cdb8601e18722d12ae3232f0ddcfa1d2983754abcc6ce0a8a83 done
build-and-deploy	UNKNOWN STEP	2026-02-24T09:58:08.6788164Z #8 extracting sha256:399d0898a94e0084f81499a3e3c29824357118c7ce551648ea1dbab813884661 done
build-and-deploy	UNKNOWN STEP	2026-02-24T09:58:08.6788961Z #8 extracting sha256:955a8478f9aceb66cbf2f579fa3c24e1af278d1fa3ffd3043d6260e21d2f7416 done
build-and-deploy	UNKNOWN STEP	2026-02-24T09:58:08.6789973Z #8 extracting sha256:6d397a54a185dd0b6638d1a3934b81daef7a140741e12697377d6279066f7ca7 done
build-and-deploy	UNKNOWN STEP	2026-02-24T09:58:08.6790966Z #8 extracting sha256:5e7756927bef33a266e1221356d5da8553139cb80bc5b1b3827010811d9ea268 0.4s done
build-and-deploy	UNKNOWN STEP	2026-02-24T09:58:08.6791527Z #8 DONE 2.1s
build-and-deploy	UNKNOWN STEP	2026-02-24T09:58:08.6791746Z 
build-and-deploy	UNKNOWN STEP	2026-02-24T09:58:08.6792212Z #7 [build 1/6] FROM docker.io/library/node:18-alpine@sha256:8d6421d663b4c28fd3ebc498332f249011d118945588d0a35cb9bc4b8ca09d9e
build-and-deploy	UNKNOWN STEP	2026-02-24T09:58:08.6793064Z #7 extracting sha256:dd71dde834b5c203d162902e6b8994cb2309ae049a0eabc4efea161b2b5a3d0e 1.1s done
build-and-deploy	UNKNOWN STEP	2026-02-24T09:58:08.7849963Z #7 extracting sha256:1e5a4c89cee5c0826c540ab06d4b6b491c96eda01837f430bd47f0d26702d6e3 0.0s done
build-and-deploy	UNKNOWN STEP	2026-02-24T09:58:08.9919722Z #7 extracting sha256:25ff2da83641908f65c3a74d80409d6b1b62ccfaab220b9ea70b80df5a2e0549 done
build-and-deploy	UNKNOWN STEP	2026-02-24T09:58:08.9920585Z #7 DONE 2.3s
build-and-deploy	UNKNOWN STEP	2026-02-24T09:58:08.9920797Z 
build-and-deploy	UNKNOWN STEP	2026-02-24T09:58:08.9921005Z #9 [build 2/6] WORKDIR /app
build-and-deploy	UNKNOWN STEP	2026-02-24T09:58:08.9921417Z #9 DONE 0.0s
build-and-deploy	UNKNOWN STEP	2026-02-24T09:58:08.9921606Z 
build-and-deploy	UNKNOWN STEP	2026-02-24T09:58:08.9921784Z #10 [build 3/6] COPY package*.json ./
build-and-deploy	UNKNOWN STEP	2026-02-24T09:58:08.9922241Z #10 DONE 0.0s
build-and-deploy	UNKNOWN STEP	2026-02-24T09:58:08.9922436Z 
build-and-deploy	UNKNOWN STEP	2026-02-24T09:58:08.9922592Z #11 [build 4/6] RUN npm ci
build-and-deploy	UNKNOWN STEP	2026-02-24T09:58:09.7197354Z #11 0.878 npm warn EBADENGINE Unsupported engine {
build-and-deploy	UNKNOWN STEP	2026-02-24T09:58:09.7197855Z #11 0.878 npm warn EBADENGINE   package: '@vitejs/plugin-react@5.1.4',
build-and-deploy	UNKNOWN STEP	2026-02-24T09:58:09.7198324Z #11 0.878 npm warn EBADENGINE   required: { node: '^20.19.0 || >=22.12.0' },
build-and-deploy	UNKNOWN STEP	2026-02-24T09:58:09.7198802Z #11 0.878 npm warn EBADENGINE   current: { node: 'v18.20.8', npm: '10.8.2' }
build-and-deploy	UNKNOWN STEP	2026-02-24T09:58:09.7199166Z #11 0.878 npm warn EBADENGINE }
build-and-deploy	UNKNOWN STEP	2026-02-24T09:58:09.8741238Z #11 0.881 npm warn EBADENGINE Unsupported engine {
build-and-deploy	UNKNOWN STEP	2026-02-24T09:58:09.8742008Z #11 0.881 npm warn EBADENGINE   package: 'react-router@7.13.0',
build-and-deploy	UNKNOWN STEP	2026-02-24T09:58:09.8742692Z #11 0.881 npm warn EBADENGINE   required: { node: '>=20.0.0' },
build-and-deploy	UNKNOWN STEP	2026-02-24T09:58:09.8743891Z #11 0.881 npm warn EBADENGINE   current: { node: 'v18.20.8', npm: '10.8.2' }
build-and-deploy	UNKNOWN STEP	2026-02-24T09:58:09.8744640Z #11 0.881 npm warn EBADENGINE }
build-and-deploy	UNKNOWN STEP	2026-02-24T09:58:09.8745460Z #11 0.881 npm warn EBADENGINE Unsupported engine {
build-and-deploy	UNKNOWN STEP	2026-02-24T09:58:09.8746212Z #11 0.881 npm warn EBADENGINE   package: 'react-router-dom@7.13.0',
build-and-deploy	UNKNOWN STEP	2026-02-24T09:58:09.8747021Z #11 0.881 npm warn EBADENGINE   required: { node: '>=20.0.0' },
build-and-deploy	UNKNOWN STEP	2026-02-24T09:58:09.8747792Z #11 0.881 npm warn EBADENGINE   current: { node: 'v18.20.8', npm: '10.8.2' }
build-and-deploy	UNKNOWN STEP	2026-02-24T09:58:09.8748455Z #11 0.881 npm warn EBADENGINE }
build-and-deploy	UNKNOWN STEP	2026-02-24T09:58:09.8748980Z #11 0.882 npm warn EBADENGINE Unsupported engine {
build-and-deploy	UNKNOWN STEP	2026-02-24T09:58:09.8749603Z #11 0.882 npm warn EBADENGINE   package: 'vite@7.3.1',
build-and-deploy	UNKNOWN STEP	2026-02-24T09:58:09.8750307Z #11 0.882 npm warn EBADENGINE   required: { node: '^20.19.0 || >=22.12.0' },
build-and-deploy	UNKNOWN STEP	2026-02-24T09:58:09.8751130Z #11 0.882 npm warn EBADENGINE   current: { node: 'v18.20.8', npm: '10.8.2' }
build-and-deploy	UNKNOWN STEP	2026-02-24T09:58:09.8751791Z #11 0.882 npm warn EBADENGINE }
build-and-deploy	UNKNOWN STEP	2026-02-24T09:59:02.7292558Z #11 53.89 
build-and-deploy	UNKNOWN STEP	2026-02-24T09:59:02.7294276Z #11 53.89 added 344 packages, and audited 345 packages in 54s
build-and-deploy	UNKNOWN STEP	2026-02-24T09:59:02.8795442Z #11 53.89 
build-and-deploy	UNKNOWN STEP	2026-02-24T09:59:02.8798262Z #11 53.89 53 packages are looking for funding
build-and-deploy	UNKNOWN STEP	2026-02-24T09:59:02.8798664Z #11 53.89   run `npm fund` for details
build-and-deploy	UNKNOWN STEP	2026-02-24T09:59:02.9828155Z #11 54.14 
build-and-deploy	UNKNOWN STEP	2026-02-24T09:59:02.9828735Z #11 54.14 11 vulnerabilities (1 moderate, 10 high)
build-and-deploy	UNKNOWN STEP	2026-02-24T09:59:02.9829387Z #11 54.14 
build-and-deploy	UNKNOWN STEP	2026-02-24T09:59:02.9829939Z #11 54.14 To address issues that do not require attention, run:
build-and-deploy	UNKNOWN STEP	2026-02-24T09:59:02.9830644Z #11 54.14   npm audit fix
build-and-deploy	UNKNOWN STEP	2026-02-24T09:59:02.9831112Z #11 54.14 
build-and-deploy	UNKNOWN STEP	2026-02-24T09:59:02.9831675Z #11 54.14 To address all issues (including breaking changes), run:
build-and-deploy	UNKNOWN STEP	2026-02-24T09:59:02.9832364Z #11 54.14   npm audit fix --force
build-and-deploy	UNKNOWN STEP	2026-02-24T09:59:02.9832708Z #11 54.14 
build-and-deploy	UNKNOWN STEP	2026-02-24T09:59:02.9833003Z #11 54.14 Run `npm audit` for details.
build-and-deploy	UNKNOWN STEP	2026-02-24T09:59:03.1344481Z #11 54.14 npm notice
build-and-deploy	UNKNOWN STEP	2026-02-24T09:59:03.1345166Z #11 54.14 npm notice New major version of npm available! 10.8.2 -> 11.10.1
build-and-deploy	UNKNOWN STEP	2026-02-24T09:59:03.1345999Z #11 54.14 npm notice Changelog: https://github.com/npm/cli/releases/tag/v11.10.1
build-and-deploy	UNKNOWN STEP	2026-02-24T09:59:03.1346582Z #11 54.14 npm notice To update run: npm install -g npm@11.10.1
build-and-deploy	UNKNOWN STEP	2026-02-24T09:59:03.1346948Z #11 54.14 npm notice
build-and-deploy	UNKNOWN STEP	2026-02-24T09:59:03.6051441Z #11 DONE 54.8s
build-and-deploy	UNKNOWN STEP	2026-02-24T09:59:03.7732082Z 
build-and-deploy	UNKNOWN STEP	2026-02-24T09:59:03.7732571Z #12 [build 5/6] COPY . .
build-and-deploy	UNKNOWN STEP	2026-02-24T09:59:03.7736383Z #12 DONE 0.0s
build-and-deploy	UNKNOWN STEP	2026-02-24T09:59:03.7736633Z 
build-and-deploy	UNKNOWN STEP	2026-02-24T09:59:03.7736873Z #13 [build 6/6] RUN npm run build
build-and-deploy	UNKNOWN STEP	2026-02-24T09:59:03.8957212Z #13 0.273 
build-and-deploy	UNKNOWN STEP	2026-02-24T09:59:03.8957647Z #13 0.273 > client@0.0.0 build
build-and-deploy	UNKNOWN STEP	2026-02-24T09:59:03.8958138Z #13 0.273 > tsc -b && vite build
build-and-deploy	UNKNOWN STEP	2026-02-24T09:59:03.8958551Z #13 0.273 
build-and-deploy	UNKNOWN STEP	2026-02-24T09:59:08.5301458Z #13 4.907 You are using Node.js 18.20.8. Vite requires Node.js version 20.19+ or 22.12+. Please upgrade your Node.js version.
build-and-deploy	UNKNOWN STEP	2026-02-24T09:59:08.7082322Z #13 5.085 vite v7.3.1 building client environment for production...
build-and-deploy	UNKNOWN STEP	2026-02-24T09:59:08.9241821Z #13 5.151 transforming...
build-and-deploy	UNKNOWN STEP	2026-02-24T09:59:25.3385676Z #13 21.72 â 9954 modules transformed.
build-and-deploy	UNKNOWN STEP	2026-02-24T09:59:26.7110539Z #13 23.09 rendering chunks...
build-and-deploy	UNKNOWN STEP	2026-02-24T09:59:26.9581566Z #13 23.12 computing gzip size...
build-and-deploy	UNKNOWN STEP	2026-02-24T09:59:26.9582562Z #13 23.18 dist/index.html                     0.45 kB â gzip:   0.29 kB
build-and-deploy	UNKNOWN STEP	2026-02-24T09:59:26.9583493Z #13 23.18 dist/assets/index-CvivjFEo.css      1.19 kB â gzip:   0.57 kB
build-and-deploy	UNKNOWN STEP	2026-02-24T09:59:26.9584441Z #13 23.18 dist/assets/index-EIQCoBWt.js   2,253.68 kB â gzip: 714.09 kB
build-and-deploy	UNKNOWN STEP	2026-02-24T09:59:26.9584965Z #13 23.18 
build-and-deploy	UNKNOWN STEP	2026-02-24T09:59:26.9585501Z #13 23.18 (!) Some chunks are larger than 500 kB after minification. Consider:
build-and-deploy	UNKNOWN STEP	2026-02-24T09:59:26.9586067Z #13 23.18 - Using dynamic import() to code-split the application
build-and-deploy	UNKNOWN STEP	2026-02-24T09:59:26.9586956Z #13 23.18 - Use build.rollupOptions.output.manualChunks to improve chunking: https://rollupjs.org/configuration-options/#output-manualchunks
build-and-deploy	UNKNOWN STEP	2026-02-24T09:59:26.9588292Z #13 23.18 - Adjust chunk size limit for this warning via build.chunkSizeWarningLimit.
build-and-deploy	UNKNOWN STEP	2026-02-24T09:59:26.9588871Z #13 23.18 â built in 18.07s
build-and-deploy	UNKNOWN STEP	2026-02-24T09:59:27.0389011Z #13 DONE 23.4s
build-and-deploy	UNKNOWN STEP	2026-02-24T09:59:28.0100439Z 
build-and-deploy	UNKNOWN STEP	2026-02-24T09:59:28.0101068Z #14 [stage-1 2/3] COPY --from=build /app/dist /usr/share/nginx/html
build-and-deploy	UNKNOWN STEP	2026-02-24T09:59:28.1965695Z #14 DONE 0.0s
build-and-deploy	UNKNOWN STEP	2026-02-24T09:59:28.1965944Z 
build-and-deploy	UNKNOWN STEP	2026-02-24T09:59:28.1966216Z #15 [stage-1 3/3] COPY nginx.conf /etc/nginx/conf.d/default.conf
build-and-deploy	UNKNOWN STEP	2026-02-24T09:59:28.1966702Z #15 DONE 0.0s
build-and-deploy	UNKNOWN STEP	2026-02-24T09:59:28.1966868Z 
build-and-deploy	UNKNOWN STEP	2026-02-24T09:59:28.1966993Z #16 exporting to image
build-and-deploy	UNKNOWN STEP	2026-02-24T09:59:28.1967300Z #16 exporting layers
build-and-deploy	UNKNOWN STEP	2026-02-24T09:59:29.0071739Z #16 exporting layers 1.0s done
build-and-deploy	UNKNOWN STEP	2026-02-24T09:59:29.1205377Z #16 writing image sha256:74f1c30d1d00c8ba51e085ede85ddb000c1dbe71b9f460c5ccc1cebb4db7ab99 done
build-and-deploy	UNKNOWN STEP	2026-02-24T09:59:29.1207548Z #16 naming to docker.io/***/upgrade-frontend:latest done
build-and-deploy	UNKNOWN STEP	2026-02-24T09:59:29.1209019Z #16 DONE 1.0s
build-and-deploy	UNKNOWN STEP	2026-02-24T09:59:29.1209261Z 
build-and-deploy	UNKNOWN STEP	2026-02-24T09:59:29.1209504Z #17 resolving provenance for metadata file
build-and-deploy	UNKNOWN STEP	2026-02-24T09:59:29.1210016Z #17 DONE 0.0s
build-and-deploy	UNKNOWN STEP	2026-02-24T09:59:29.1210219Z 
build-and-deploy	UNKNOWN STEP	2026-02-24T09:59:29.1212730Z #18 pushing ***/upgrade-frontend:latest with docker
build-and-deploy	UNKNOWN STEP	2026-02-24T09:59:29.1213440Z #18 pushing layer 064680dfd563
build-and-deploy	UNKNOWN STEP	2026-02-24T09:59:29.1213772Z #18 pushing layer 3e6a5f2f6f48
build-and-deploy	UNKNOWN STEP	2026-02-24T09:59:29.1214134Z #18 pushing layer da3ac26fdf0f 0.1s
build-and-deploy	UNKNOWN STEP	2026-02-24T09:59:29.1214600Z #18 pushing layer 7***3554e63 0.1s
build-and-deploy	UNKNOWN STEP	2026-02-24T09:59:29.1215037Z #18 pushing layer 6c0e59fd138a 0.1s
build-and-deploy	UNKNOWN STEP	2026-02-24T09:59:29.1215635Z #18 pushing layer aa0fc249df10 0.1s
build-and-deploy	UNKNOWN STEP	2026-02-24T09:59:29.1215971Z #18 pushing layer f35bcec50d8c
build-and-deploy	UNKNOWN STEP	2026-02-24T09:59:29.1216311Z #18 pushing layer 660f9a93104f
build-and-deploy	UNKNOWN STEP	2026-02-24T09:59:29.1216741Z #18 pushing layer 53998a5033c3
build-and-deploy	UNKNOWN STEP	2026-02-24T09:59:29.1217113Z #18 pushing layer 989e799e6349
build-and-deploy	UNKNOWN STEP	2026-02-24T09:59:29.2473073Z #18 pushing layer 064680dfd563 4.61kB / 1.42kB 0.2s
build-and-deploy	UNKNOWN STEP	2026-02-24T09:59:29.4690202Z #18 pushing layer 3e6a5f2f6f48 2.26MB / 2.26MB 0.3s
build-and-deploy	UNKNOWN STEP	2026-02-24T09:59:30.0027030Z #18 pushing layer 064680dfd563 1.0s done
build-and-deploy	UNKNOWN STEP	2026-02-24T09:59:30.3390635Z #18 pushing layer 3e6a5f2f6f48 1.3s done
build-and-deploy	UNKNOWN STEP	2026-02-24T09:59:32.7643946Z #18 pushing layer 7***3554e63 3.7s done
build-and-deploy	UNKNOWN STEP	2026-02-24T09:59:32.9150348Z #18 pushing layer da3ac26fdf0f 3.7s done
build-and-deploy	UNKNOWN STEP	2026-02-24T09:59:32.9151144Z #18 pushing layer 6c0e59fd138a 3.7s done
build-and-deploy	UNKNOWN STEP	2026-02-24T09:59:32.9151635Z #18 pushing layer aa0fc249df10 3.7s done
build-and-deploy	UNKNOWN STEP	2026-02-24T09:59:32.9152099Z #18 pushing layer f35bcec50d8c 3.7s done
build-and-deploy	UNKNOWN STEP	2026-02-24T09:59:32.9152546Z #18 pushing layer 660f9a93104f 3.7s done
build-and-deploy	UNKNOWN STEP	2026-02-24T09:59:32.9152998Z #18 pushing layer 53998a5033c3 3.7s done
build-and-deploy	UNKNOWN STEP	2026-02-24T09:59:32.9153439Z #18 pushing layer 989e799e6349 3.7s done
build-and-deploy	UNKNOWN STEP	2026-02-24T09:59:32.9153873Z #18 DONE 3.7s
build-and-deploy	UNKNOWN STEP	2026-02-24T09:59:33.1257887Z ##[group]ImageID
build-and-deploy	UNKNOWN STEP	2026-02-24T09:59:33.1258395Z sha256:74f1c30d1d00c8ba51e085ede85ddb000c1dbe71b9f460c5ccc1cebb4db7ab99
build-and-deploy	UNKNOWN STEP	2026-02-24T09:59:33.1260243Z ##[endgroup]
build-and-deploy	UNKNOWN STEP	2026-02-24T09:59:33.1260830Z ##[group]Digest
build-and-deploy	UNKNOWN STEP	2026-02-24T09:59:33.1261540Z sha256:f657c083f5c5ed44af36859069d7eaca7831c891af64c3dae1917db8ef8aee24
build-and-deploy	UNKNOWN STEP	2026-02-24T09:59:33.1262572Z ##[endgroup]
build-and-deploy	UNKNOWN STEP	2026-02-24T09:59:33.1263133Z ##[group]Metadata
build-and-deploy	UNKNOWN STEP	2026-02-24T09:59:33.1263501Z {
build-and-deploy	UNKNOWN STEP	2026-02-24T09:59:33.1263793Z   "buildx.build.provenance": {
build-and-deploy	UNKNOWN STEP	2026-02-24T09:59:33.1264170Z     "builder": {
build-and-deploy	UNKNOWN STEP	2026-02-24T09:59:33.1264460Z       "id": ""
build-and-deploy	UNKNOWN STEP	2026-02-24T09:59:33.1264778Z     },
build-and-deploy	UNKNOWN STEP	2026-02-24T09:59:33.1265451Z     "buildType": "https://mobyproject.org/buildkit@v1",
build-and-deploy	UNKNOWN STEP	2026-02-24T09:59:33.1266010Z     "materials": [
build-and-deploy	UNKNOWN STEP	2026-02-24T09:59:33.1266347Z       {
build-and-deploy	UNKNOWN STEP	2026-02-24T09:59:33.1266770Z         "uri": "pkg:docker/nginx@alpine?platform=linux%2Famd64",
build-and-deploy	UNKNOWN STEP	2026-02-24T09:59:33.1267308Z         "digest": {
build-and-deploy	UNKNOWN STEP	2026-02-24T09:59:33.1267893Z           "sha256": "1d13701a5f9f3fb01aaa88cef2344d65b6b5bf6b7d9fa4cf0dca557a8d7702ba"
build-and-deploy	UNKNOWN STEP	2026-02-24T09:59:33.1268537Z         }
build-and-deploy	UNKNOWN STEP	2026-02-24T09:59:33.1268716Z       },
build-and-deploy	UNKNOWN STEP	2026-02-24T09:59:33.1268888Z       {
build-and-deploy	UNKNOWN STEP	2026-02-24T09:59:33.1269140Z         "uri": "pkg:docker/node@18-alpine?platform=linux%2Famd64",
build-and-deploy	UNKNOWN STEP	2026-02-24T09:59:33.1269462Z         "digest": {
build-and-deploy	UNKNOWN STEP	2026-02-24T09:59:33.1270032Z           "sha256": "8d6421d663b4c28fd3ebc498332f249011d118945588d0a35cb9bc4b8ca09d9e"
build-and-deploy	UNKNOWN STEP	2026-02-24T09:59:33.1270429Z         }
build-and-deploy	UNKNOWN STEP	2026-02-24T09:59:33.1270603Z       }
build-and-deploy	UNKNOWN STEP	2026-02-24T09:59:33.1270785Z     ],
build-and-deploy	UNKNOWN STEP	2026-02-24T09:59:33.1270965Z     "invocation": {
build-and-deploy	UNKNOWN STEP	2026-02-24T09:59:33.1271174Z       "configSource": {
build-and-deploy	UNKNOWN STEP	2026-02-24T09:59:33.1271409Z         "entryPoint": "Dockerfile"
build-and-deploy	UNKNOWN STEP	2026-02-24T09:59:33.1271647Z       },
build-and-deploy	UNKNOWN STEP	2026-02-24T09:59:33.1271829Z       "parameters": {
build-and-deploy	UNKNOWN STEP	2026-02-24T09:59:33.1272062Z         "frontend": "dockerfile.v0",
build-and-deploy	UNKNOWN STEP	2026-02-24T09:59:33.1272310Z         "locals": [
build-and-deploy	UNKNOWN STEP	2026-02-24T09:59:33.1272504Z           {
build-and-deploy	UNKNOWN STEP	2026-02-24T09:59:33.1272701Z             "name": "context"
build-and-deploy	UNKNOWN STEP	2026-02-24T09:59:33.1272921Z           },
build-and-deploy	UNKNOWN STEP	2026-02-24T09:59:33.1273105Z           {
build-and-deploy	UNKNOWN STEP	2026-02-24T09:59:33.1273292Z             "name": "dockerfile"
build-and-deploy	UNKNOWN STEP	2026-02-24T09:59:33.1273519Z           }
build-and-deploy	UNKNOWN STEP	2026-02-24T09:59:33.1273694Z         ]
build-and-deploy	UNKNOWN STEP	2026-02-24T09:59:33.1273864Z       },
build-and-deploy	UNKNOWN STEP	2026-02-24T09:59:33.1274043Z       "environment": {
build-and-deploy	UNKNOWN STEP	2026-02-24T09:59:33.1274271Z         "platform": "linux/amd64"
build-and-deploy	UNKNOWN STEP	2026-02-24T09:59:33.1274506Z       }
build-and-deploy	UNKNOWN STEP	2026-02-24T09:59:33.1274682Z     }
build-and-deploy	UNKNOWN STEP	2026-02-24T09:59:33.1274850Z   },
build-and-deploy	UNKNOWN STEP	2026-02-24T09:59:33.1275118Z   "buildx.build.ref": "default/default/dqep55la1naigi7n3cis514y9",
build-and-deploy	UNKNOWN STEP	2026-02-24T09:59:33.1276449Z   "containerimage.config.digest": "sha256:74f1c30d1d00c8ba51e085ede85ddb000c1dbe71b9f460c5ccc1cebb4db7ab99",
build-and-deploy	UNKNOWN STEP	2026-02-24T09:59:33.1277180Z   "containerimage.digest": "sha256:f657c083f5c5ed44af36859069d7eaca7831c891af64c3dae1917db8ef8aee24",
build-and-deploy	UNKNOWN STEP	2026-02-24T09:59:33.1277853Z   "image.name": "docker.io/***/upgrade-frontend:latest"
build-and-deploy	UNKNOWN STEP	2026-02-24T09:59:33.1278155Z }
build-and-deploy	UNKNOWN STEP	2026-02-24T09:59:33.1278506Z ##[endgroup]
build-and-deploy	UNKNOWN STEP	2026-02-24T09:59:33.1372472Z ##[group]Run {
build-and-deploy	UNKNOWN STEP	2026-02-24T09:59:33.1372782Z [36;1m{[0m
build-and-deploy	UNKNOWN STEP	2026-02-24T09:59:33.1373009Z [36;1m  echo 'COMPOSE_CONFIG<<EOF'[0m
build-and-deploy	UNKNOWN STEP	2026-02-24T09:59:33.1373333Z [36;1m  cat docker-compose.prod.yml[0m
build-and-deploy	UNKNOWN STEP	2026-02-24T09:59:33.1373606Z [36;1m  echo ""[0m
build-and-deploy	UNKNOWN STEP	2026-02-24T09:59:33.1373824Z [36;1m  echo 'EOF'[0m
build-and-deploy	UNKNOWN STEP	2026-02-24T09:59:33.1374044Z [36;1m} >> "$GITHUB_ENV"[0m
build-and-deploy	UNKNOWN STEP	2026-02-24T09:59:33.1410650Z shell: /usr/bin/bash -e {0}
build-and-deploy	UNKNOWN STEP	2026-02-24T09:59:33.1410919Z ##[endgroup]
build-and-deploy	UNKNOWN STEP	2026-02-24T09:59:33.1572820Z ##[group]Run appleboy/ssh-action@v1.0.3
build-and-deploy	UNKNOWN STEP	2026-02-24T09:59:33.1573167Z with:
build-and-deploy	UNKNOWN STEP	2026-02-24T09:59:33.1573413Z   host: ***
build-and-deploy	UNKNOWN STEP	2026-02-24T09:59:33.1573637Z   username: ***
build-and-deploy	UNKNOWN STEP	2026-02-24T09:59:33.1575830Z   key: ***
build-and-deploy	UNKNOWN STEP	2026-02-24T09:59:33.1576141Z   envs: COMPOSE_CONFIG
build-and-deploy	UNKNOWN STEP	2026-02-24T09:59:33.1582292Z   script: # Stop on first error
build-and-deploy	UNKNOWN STEP	set -e
build-and-deploy	UNKNOWN STEP	
build-and-deploy	UNKNOWN STEP	# Export variables for docker-compose
build-and-deploy	UNKNOWN STEP	export DOCKER_USERNAME=***
build-and-deploy	UNKNOWN STEP	
build-and-deploy	UNKNOWN STEP	# Login to Docker Hub to avoid rate limits
build-and-deploy	UNKNOWN STEP	echo "***" | docker login -u "***" --password-stdin
build-and-deploy	UNKNOWN STEP	
build-and-deploy	UNKNOWN STEP	# Pull the latest images
build-and-deploy	UNKNOWN STEP	docker pull ***/upgrade-backend:latest
build-and-deploy	UNKNOWN STEP	docker pull ***/upgrade-frontend:latest
build-and-deploy	UNKNOWN STEP	
build-and-deploy	UNKNOWN STEP	# Create project directory
build-and-deploy	UNKNOWN STEP	mkdir -p ~/upgrade-crm
build-and-deploy	UNKNOWN STEP	cd ~/upgrade-crm
build-and-deploy	UNKNOWN STEP	
build-and-deploy	UNKNOWN STEP	# Write config file directly (Single Source of Truth)
build-and-deploy	UNKNOWN STEP	echo "$COMPOSE_CONFIG" > docker-compose.prod.yml
build-and-deploy	UNKNOWN STEP	
build-and-deploy	UNKNOWN STEP	# DEBUG: Verify config file content
build-and-deploy	UNKNOWN STEP	echo "=== DOCKER COMPOSE CONFIG ==="
build-and-deploy	UNKNOWN STEP	cat docker-compose.prod.yml
build-and-deploy	UNKNOWN STEP	
build-and-deploy	UNKNOWN STEP	# Restart services using new images
build-and-deploy	UNKNOWN STEP	# Prioritize 'docker compose' (v2)
build-and-deploy	UNKNOWN STEP	if docker compose version &> /dev/null; then
build-and-deploy	UNKNOWN STEP	    DC_CMD="docker compose"
build-and-deploy	UNKNOWN STEP	elif command -v docker-compose &> /dev/null; then
build-and-deploy	UNKNOWN STEP	    DC_CMD="docker-compose"
build-and-deploy	UNKNOWN STEP	else
build-and-deploy	UNKNOWN STEP	    echo "Error: Docker Compose not found"
build-and-deploy	UNKNOWN STEP	    exit 1
build-and-deploy	UNKNOWN STEP	fi
build-and-deploy	UNKNOWN STEP	
build-and-deploy	UNKNOWN STEP	$DC_CMD -f docker-compose.prod.yml down
build-and-deploy	UNKNOWN STEP	$DC_CMD -f docker-compose.prod.yml up -d --remove-orphans
build-and-deploy	UNKNOWN STEP	
build-and-deploy	UNKNOWN STEP	# NOTE: Migrations run automatically inside NestJS on startup (PrismaService.onModuleInit)
build-and-deploy	UNKNOWN STEP	# No need to docker compose exec separately â that was causing exit 137 (SIGKILL)
build-and-deploy	UNKNOWN STEP	
build-and-deploy	UNKNOWN STEP	# Prune unused images
build-and-deploy	UNKNOWN STEP	docker image prune -f
build-and-deploy	UNKNOWN STEP	
build-and-deploy	UNKNOWN STEP	# DEBUG: Show running containers and logs
build-and-deploy	UNKNOWN STEP	echo "=== RUNNING CONTAINERS ==="
build-and-deploy	UNKNOWN STEP	docker ps -a
build-and-deploy	UNKNOWN STEP	
build-and-deploy	UNKNOWN STEP	echo "=== NGINX CONFIG CHECKSUM ==="
build-and-deploy	UNKNOWN STEP	$DC_CMD -f docker-compose.prod.yml exec -T frontend cat /etc/nginx/conf.d/default.conf
build-and-deploy	UNKNOWN STEP	
build-and-deploy	UNKNOWN STEP	echo "=== FRONTEND LOGS ==="
build-and-deploy	UNKNOWN STEP	docker logs -n 20 upgrade-crm-frontend-1 || docker logs -n 20 upgrade-crm_frontend_1 || echo "Container name prediction failed"
build-and-deploy	UNKNOWN STEP	
build-and-deploy	UNKNOWN STEP	echo "=== BACKEND LOGS ==="
build-and-deploy	UNKNOWN STEP	docker logs -n 50 upgrade-crm-app-1 || docker logs -n 50 upgrade-crm_app_1 || echo "Container name prediction failed"
build-and-deploy	UNKNOWN STEP	
build-and-deploy	UNKNOWN STEP	2026-02-24T09:59:33.1603705Z   port: 22
build-and-deploy	UNKNOWN STEP	2026-02-24T09:59:33.1604055Z   timeout: 30s
build-and-deploy	UNKNOWN STEP	2026-02-24T09:59:33.1604306Z   command_timeout: 10m
build-and-deploy	UNKNOWN STEP	2026-02-24T09:59:33.1604558Z   proxy_port: 22
build-and-deploy	UNKNOWN STEP	2026-02-24T09:59:33.1604779Z   proxy_timeout: 30s
build-and-deploy	UNKNOWN STEP	2026-02-24T09:59:33.1604998Z env:
build-and-deploy	UNKNOWN STEP	2026-02-24T09:59:33.1609557Z   COMPOSE_CONFIG: services:
build-and-deploy	UNKNOWN STEP	  app:
build-and-deploy	UNKNOWN STEP	    # Use image from Docker Hub (built by CI/CD)
build-and-deploy	UNKNOWN STEP	    image: ${DOCKER_USERNAME}/upgrade-backend:latest
build-and-deploy	UNKNOWN STEP	    ports:
build-and-deploy	UNKNOWN STEP	      - '3000:3000'
build-and-deploy	UNKNOWN STEP	    environment:
build-and-deploy	UNKNOWN STEP	      DATABASE_URL: ***db:5432/upgrade_crm
build-and-deploy	UNKNOWN STEP	      JWT_SECRET: "complex_secret_value_change_me_in_prod"
build-and-deploy	UNKNOWN STEP	      POSTGRES_USER: upgrade
build-and-deploy	UNKNOWN STEP	      POSTGRES_PASSWORD: upgrade_pass
build-and-deploy	UNKNOWN STEP	      POSTGRES_DB: upgrade_crm
build-and-deploy	UNKNOWN STEP	      # Allow frontend CORS if needed
build-and-deploy	UNKNOWN STEP	      FRONTEND_URL: http://devupgrade.***.ru
build-and-deploy	UNKNOWN STEP	    depends_on:
build-and-deploy	UNKNOWN STEP	      db:
build-and-deploy	UNKNOWN STEP	        condition: service_healthy
build-and-deploy	UNKNOWN STEP	    deploy:
build-and-deploy	UNKNOWN STEP	      resources:
build-and-deploy	UNKNOWN STEP	        limits:
build-and-deploy	UNKNOWN STEP	          memory: 512M
build-and-deploy	UNKNOWN STEP	    restart: always
build-and-deploy	UNKNOWN STEP	
build-and-deploy	UNKNOWN STEP	  frontend:
build-and-deploy	UNKNOWN STEP	    # Use image from Docker Hub (built by CI/CD)
build-and-deploy	UNKNOWN STEP	    image: ${DOCKER_USERNAME}/upgrade-frontend:latest
build-and-deploy	UNKNOWN STEP	    ports:
build-and-deploy	UNKNOWN STEP	      - '80:80'
build-and-deploy	UNKNOWN STEP	    depends_on:
build-and-deploy	UNKNOWN STEP	      - app
build-and-deploy	UNKNOWN STEP	    deploy:
build-and-deploy	UNKNOWN STEP	      resources:
build-and-deploy	UNKNOWN STEP	        limits:
build-and-deploy	UNKNOWN STEP	          memory: 128M
build-and-deploy	UNKNOWN STEP	    restart: always
build-and-deploy	UNKNOWN STEP	
build-and-deploy	UNKNOWN STEP	  db:
build-and-deploy	UNKNOWN STEP	    image: postgres:15-alpine
build-and-deploy	UNKNOWN STEP	    environment:
build-and-deploy	UNKNOWN STEP	      POSTGRES_USER: upgrade
build-and-deploy	UNKNOWN STEP	      POSTGRES_PASSWORD: upgrade_pass
build-and-deploy	UNKNOWN STEP	      POSTGRES_DB: upgrade_crm
build-and-deploy	UNKNOWN STEP	    volumes:
build-and-deploy	UNKNOWN STEP	      - pgdata:/var/lib/postgresql/data
build-and-deploy	UNKNOWN STEP	    deploy:
build-and-deploy	UNKNOWN STEP	      resources:
build-and-deploy	UNKNOWN STEP	        limits:
build-and-deploy	UNKNOWN STEP	          memory: 256M
build-and-deploy	UNKNOWN STEP	    healthcheck:
build-and-deploy	UNKNOWN STEP	      test: [ 'CMD-SHELL', 'pg_isready -U upgrade -d upgrade_crm' ]
build-and-deploy	UNKNOWN STEP	      interval: 5s
build-and-deploy	UNKNOWN STEP	      timeout: 5s
build-and-deploy	UNKNOWN STEP	      retries: 5
build-and-deploy	UNKNOWN STEP	    restart: always
build-and-deploy	UNKNOWN STEP	
build-and-deploy	UNKNOWN STEP	volumes:
build-and-deploy	UNKNOWN STEP	  pgdata:
build-and-deploy	UNKNOWN STEP	2026-02-24T09:59:33.1613908Z ##[endgroup]
build-and-deploy	UNKNOWN STEP	2026-02-24T09:59:33.1725982Z ##[command]/usr/bin/docker run --name d9f397a0451674a3f9c3b8ea11d12e028_6bb723 --label 23987d --workdir /github/workspace --rm -e "COMPOSE_CONFIG" -e "INPUT_HOST" -e "INPUT_USERNAME" -e "INPUT_KEY" -e "INPUT_ENVS" -e "INPUT_SCRIPT" -e "INPUT_PORT" -e "INPUT_PASSPHRASE" -e "INPUT_PASSWORD" -e "INPUT_SYNC" -e "INPUT_USE_INSECURE_CIPHER" -e "INPUT_CIPHER" -e "INPUT_TIMEOUT" -e "INPUT_COMMAND_TIMEOUT" -e "INPUT_KEY_PATH" -e "INPUT_FINGERPRINT" -e "INPUT_PROXY_HOST" -e "INPUT_PROXY_PORT" -e "INPUT_PROXY_USERNAME" -e "INPUT_PROXY_PASSWORD" -e "INPUT_PROXY_PASSPHRASE" -e "INPUT_PROXY_TIMEOUT" -e "INPUT_PROXY_KEY" -e "INPUT_PROXY_KEY_PATH" -e "INPUT_PROXY_FINGERPRINT" -e "INPUT_PROXY_CIPHER" -e "INPUT_PROXY_USE_INSECURE_CIPHER" -e "INPUT_SCRIPT_STOP" -e "INPUT_ENVS_FORMAT" -e "INPUT_DEBUG" -e "INPUT_ALLENVS" -e "INPUT_REQUEST_PTY" -e "HOME" -e "GITHUB_JOB" -e "GITHUB_REF" -e "GITHUB_SHA" -e "GITHUB_REPOSITORY" -e "GITHUB_REPOSITORY_OWNER" -e "GITHUB_REPOSITORY_OWNER_ID" -e "GITHUB_RUN_ID" -e "GITHUB_RUN_NUMBER" -e "GITHUB_RETENTION_DAYS" -e "GITHUB_RUN_ATTEMPT" -e "GITHUB_ACTOR_ID" -e "GITHUB_ACTOR" -e "GITHUB_WORKFLOW" -e "GITHUB_HEAD_REF" -e "GITHUB_BASE_REF" -e "GITHUB_EVENT_NAME" -e "GITHUB_SERVER_URL" -e "GITHUB_API_URL" -e "GITHUB_GRAPHQL_URL" -e "GITHUB_REF_NAME" -e "GITHUB_REF_PROTECTED" -e "GITHUB_REF_TYPE" -e "GITHUB_WORKFLOW_REF" -e "GITHUB_WORKFLOW_SHA" -e "GITHUB_REPOSITORY_ID" -e "GITHUB_TRIGGERING_ACTOR" -e "GITHUB_WORKSPACE" -e "GITHUB_ACTION" -e "GITHUB_EVENT_PATH" -e "GITHUB_ACTION_REPOSITORY" -e "GITHUB_ACTION_REF" -e "GITHUB_PATH" -e "GITHUB_ENV" -e "GITHUB_STEP_SUMMARY" -e "GITHUB_STATE" -e "GITHUB_OUTPUT" -e "RUNNER_OS" -e "RUNNER_ARCH" -e "RUNNER_NAME" -e "RUNNER_ENVIRONMENT" -e "RUNNER_TOOL_CACHE" -e "RUNNER_TEMP" -e "RUNNER_WORKSPACE" -e "ACTIONS_RUNTIME_URL" -e "ACTIONS_RUNTIME_TOKEN" -e "ACTIONS_CACHE_URL" -e "ACTIONS_RESULTS_URL" -e "ACTIONS_ORCHESTRATION_ID" -e GITHUB_ACTIONS=true -e CI=true -v "/var/run/docker.sock":"/var/run/docker.sock" -v "/home/runner/work/_temp":"/github/runner_temp" -v "/home/runner/work/_temp/_github_home":"/github/home" -v "/home/runner/work/_temp/_github_workflow":"/github/workflow" -v "/home/runner/work/_temp/_runner_file_commands":"/github/file_commands" -v "/home/runner/work/UPGRADE/UPGRADE":"/github/workspace" 23987d:9f397a0451674a3f9c3b8ea11d12e028
build-and-deploy	UNKNOWN STEP	2026-02-24T09:59:33.3372658Z ======CMD======
build-and-deploy	UNKNOWN STEP	2026-02-24T09:59:33.3373148Z # Stop on first error
build-and-deploy	UNKNOWN STEP	2026-02-24T09:59:33.3373512Z set -e
build-and-deploy	UNKNOWN STEP	2026-02-24T09:59:33.3373707Z 
build-and-deploy	UNKNOWN STEP	2026-02-24T09:59:33.3373903Z # Export variables for docker-compose
build-and-deploy	UNKNOWN STEP	2026-02-24T09:59:33.3374658Z export DOCKER_USERNAME=***
build-and-deploy	UNKNOWN STEP	2026-02-24T09:59:33.3374926Z 
build-and-deploy	UNKNOWN STEP	2026-02-24T09:59:33.3375106Z # Login to Docker Hub to avoid rate limits
build-and-deploy	UNKNOWN STEP	2026-02-24T09:59:33.3375923Z echo "***" | docker login -u "***" --password-stdin
build-and-deploy	UNKNOWN STEP	2026-02-24T09:59:33.3376166Z 
build-and-deploy	UNKNOWN STEP	2026-02-24T09:59:33.3376259Z # Pull the latest images
build-and-deploy	UNKNOWN STEP	2026-02-24T09:59:33.3376571Z docker pull ***/upgrade-backend:latest
build-and-deploy	UNKNOWN STEP	2026-02-24T09:59:33.3376887Z docker pull ***/upgrade-frontend:latest
build-and-deploy	UNKNOWN STEP	2026-02-24T09:59:33.3377080Z 
build-and-deploy	UNKNOWN STEP	2026-02-24T09:59:33.3377182Z # Create project directory
build-and-deploy	UNKNOWN STEP	2026-02-24T09:59:33.3377428Z mkdir -p ~/upgrade-crm
build-and-deploy	UNKNOWN STEP	2026-02-24T09:59:33.3377658Z cd ~/upgrade-crm
build-and-deploy	UNKNOWN STEP	2026-02-24T09:59:33.3377791Z 
build-and-deploy	UNKNOWN STEP	2026-02-24T09:59:33.3377930Z # Write config file directly (Single Source of Truth)
build-and-deploy	UNKNOWN STEP	2026-02-24T09:59:33.3378279Z echo "$COMPOSE_CONFIG" > docker-compose.prod.yml
build-and-deploy	UNKNOWN STEP	2026-02-24T09:59:33.3378504Z 
build-and-deploy	UNKNOWN STEP	2026-02-24T09:59:33.3378617Z # DEBUG: Verify config file content
build-and-deploy	UNKNOWN STEP	2026-02-24T09:59:33.3378892Z echo "=== DOCKER COMPOSE CONFIG ==="
build-and-deploy	UNKNOWN STEP	2026-02-24T09:59:33.3379436Z cat docker-compose.prod.yml
build-and-deploy	UNKNOWN STEP	2026-02-24T09:59:33.3379604Z 
build-and-deploy	UNKNOWN STEP	2026-02-24T09:59:33.3379704Z # Restart services using new images
build-and-deploy	UNKNOWN STEP	2026-02-24T09:59:33.3379971Z # Prioritize 'docker compose' (v2)
build-and-deploy	UNKNOWN STEP	2026-02-24T09:59:33.3380263Z if docker compose version &> /dev/null; then
build-and-deploy	UNKNOWN STEP	2026-02-24T09:59:33.3380548Z     DC_CMD="docker compose"
build-and-deploy	UNKNOWN STEP	2026-02-24T09:59:33.3380833Z elif command -v docker-compose &> /dev/null; then
build-and-deploy	UNKNOWN STEP	2026-02-24T09:59:33.3381152Z     DC_CMD="docker-compose"
build-and-deploy	UNKNOWN STEP	2026-02-24T09:59:33.3381378Z else
build-and-deploy	UNKNOWN STEP	2026-02-24T09:59:33.3381582Z     echo "Error: Docker Compose not found"
build-and-deploy	UNKNOWN STEP	2026-02-24T09:59:33.3381849Z     exit 1
build-and-deploy	UNKNOWN STEP	2026-02-24T09:59:33.3382029Z fi
build-and-deploy	UNKNOWN STEP	2026-02-24T09:59:33.3382128Z 
build-and-deploy	UNKNOWN STEP	2026-02-24T09:59:33.3382245Z $DC_CMD -f docker-compose.prod.yml down
build-and-deploy	UNKNOWN STEP	2026-02-24T09:59:33.3382600Z $DC_CMD -f docker-compose.prod.yml up -d --remove-orphans
build-and-deploy	UNKNOWN STEP	2026-02-24T09:59:33.3382844Z 
build-and-deploy	UNKNOWN STEP	2026-02-24T09:59:33.3383312Z # NOTE: Migrations run automatically inside NestJS on startup (PrismaService.onModuleInit)
build-and-deploy	UNKNOWN STEP	2026-02-24T09:59:33.3384176Z # No need to docker compose exec separately â that was causing exit 137 (SIGKILL)
build-and-deploy	UNKNOWN STEP	2026-02-24T09:59:33.3384503Z 
build-and-deploy	UNKNOWN STEP	2026-02-24T09:59:33.3384595Z # Prune unused images
build-and-deploy	UNKNOWN STEP	2026-02-24T09:59:33.3384829Z docker image prune -f
build-and-deploy	UNKNOWN STEP	2026-02-24T09:59:33.3384962Z 
build-and-deploy	UNKNOWN STEP	2026-02-24T09:59:33.3385074Z # DEBUG: Show running containers and logs
build-and-deploy	UNKNOWN STEP	2026-02-24T09:59:33.3385680Z echo "=== RUNNING CONTAINERS ==="
build-and-deploy	UNKNOWN STEP	2026-02-24T09:59:33.3385947Z docker ps -a
build-and-deploy	UNKNOWN STEP	2026-02-24T09:59:33.3386064Z 
build-and-deploy	UNKNOWN STEP	2026-02-24T09:59:33.3386167Z echo "=== NGINX CONFIG CHECKSUM ==="
build-and-deploy	UNKNOWN STEP	2026-02-24T09:59:33.3386595Z $DC_CMD -f docker-compose.prod.yml exec -T frontend cat /etc/nginx/conf.d/default.conf
build-and-deploy	UNKNOWN STEP	2026-02-24T09:59:33.3386926Z 
build-and-deploy	UNKNOWN STEP	2026-02-24T09:59:33.3387021Z echo "=== FRONTEND LOGS ==="
build-and-deploy	UNKNOWN STEP	2026-02-24T09:59:33.3387543Z docker logs -n 20 upgrade-crm-frontend-1 || docker logs -n 20 upgrade-crm_frontend_1 || echo "Container name prediction failed"
build-and-deploy	UNKNOWN STEP	2026-02-24T09:59:33.3388005Z 
build-and-deploy	UNKNOWN STEP	2026-02-24T09:59:33.3388109Z echo "=== BACKEND LOGS ==="
build-and-deploy	UNKNOWN STEP	2026-02-24T09:59:33.3388587Z docker logs -n 50 upgrade-crm-app-1 || docker logs -n 50 upgrade-crm_app_1 || echo "Container name prediction failed"
build-and-deploy	UNKNOWN STEP	2026-02-24T09:59:33.3389003Z 
build-and-deploy	UNKNOWN STEP	2026-02-24T09:59:33.3389087Z ======END======
build-and-deploy	UNKNOWN STEP	2026-02-24T09:59:36.4288334Z out: Login Succeeded
build-and-deploy	UNKNOWN STEP	2026-02-24T09:59:38.1317970Z out: latest: Pulling from ***/upgrade-backend
build-and-deploy	UNKNOWN STEP	2026-02-24T09:59:38.1318590Z out: 4831516dd0cb: Already exists
build-and-deploy	UNKNOWN STEP	2026-02-24T09:59:38.1400782Z out: 9d66d95167c2: Already exists
build-and-deploy	UNKNOWN STEP	2026-02-24T09:59:38.1489773Z out: 1a0393491048: Already exists
build-and-deploy	UNKNOWN STEP	2026-02-24T09:59:38.1572177Z out: 786a2dcd5a59: Already exists
build-and-deploy	UNKNOWN STEP	2026-02-24T09:59:38.1652589Z out: 7aa087727009: Already exists
build-and-deploy	UNKNOWN STEP	2026-02-24T09:59:38.1770422Z out: 6ea0a5055939: Pulling fs layer
build-and-deploy	UNKNOWN STEP	2026-02-24T09:59:38.1771066Z out: e79cb87cec05: Pulling fs layer
build-and-deploy	UNKNOWN STEP	2026-02-24T09:59:38.1771545Z out: 895459450543: Pulling fs layer
build-and-deploy	UNKNOWN STEP	2026-02-24T09:59:38.1771930Z out: e4ffc15dbcc3: Pulling fs layer
build-and-deploy	UNKNOWN STEP	2026-02-24T09:59:38.1772350Z out: 7fd98bdf3e19: Pulling fs layer
build-and-deploy	UNKNOWN STEP	2026-02-24T09:59:38.1772756Z out: c7c32108af6b: Pulling fs layer
build-and-deploy	UNKNOWN STEP	2026-02-24T09:59:38.1773154Z out: 946e3e54c3d4: Pulling fs layer
build-and-deploy	UNKNOWN STEP	2026-02-24T09:59:38.1773541Z out: f16c26bdfab0: Pulling fs layer
build-and-deploy	UNKNOWN STEP	2026-02-24T09:59:38.1773919Z out: e4ffc15dbcc3: Waiting
build-and-deploy	UNKNOWN STEP	2026-02-24T09:59:38.1774266Z out: 7fd98bdf3e19: Waiting
build-and-deploy	UNKNOWN STEP	2026-02-24T09:59:38.1774608Z out: c7c32108af6b: Waiting
build-and-deploy	UNKNOWN STEP	2026-02-24T09:59:38.1774936Z out: 946e3e54c3d4: Waiting
build-and-deploy	UNKNOWN STEP	2026-02-24T09:59:38.1775510Z out: f16c26bdfab0: Waiting
build-and-deploy	UNKNOWN STEP	2026-02-24T09:59:39.0179668Z out: e79cb87cec05: Download complete
build-and-deploy	UNKNOWN STEP	2026-02-24T09:59:39.4266860Z out: 895459450543: Verifying Checksum
build-and-deploy	UNKNOWN STEP	2026-02-24T09:59:39.4267475Z out: 895459450543: Download complete
build-and-deploy	UNKNOWN STEP	2026-02-24T09:59:39.8205869Z out: 6ea0a5055939: Verifying Checksum
build-and-deploy	UNKNOWN STEP	2026-02-24T09:59:39.8206519Z out: 6ea0a5055939: Download complete
build-and-deploy	UNKNOWN STEP	2026-02-24T09:59:40.0397084Z out: e4ffc15dbcc3: Verifying Checksum
build-and-deploy	UNKNOWN STEP	2026-02-24T09:59:40.0397590Z out: e4ffc15dbcc3: Download complete
build-and-deploy	UNKNOWN STEP	2026-02-24T09:59:40.2099201Z out: 6ea0a5055939: Pull complete
build-and-deploy	UNKNOWN STEP	2026-02-24T09:59:40.2467456Z out: e79cb87cec05: Pull complete
build-and-deploy	UNKNOWN STEP	2026-02-24T09:59:40.2935773Z out: 895459450543: Pull complete
build-and-deploy	UNKNOWN STEP	2026-02-24T09:59:40.2952641Z out: 7fd98bdf3e19: Download complete
build-and-deploy	UNKNOWN STEP	2026-02-24T09:59:40.3601225Z out: e4ffc15dbcc3: Pull complete
build-and-deploy	UNKNOWN STEP	2026-02-24T09:59:40.4037027Z out: 7fd98bdf3e19: Pull complete
build-and-deploy	UNKNOWN STEP	2026-02-24T09:59:40.9057756Z out: 946e3e54c3d4: Verifying Checksum
build-and-deploy	UNKNOWN STEP	2026-02-24T09:59:40.9058439Z out: 946e3e54c3d4: Download complete
build-and-deploy	UNKNOWN STEP	2026-02-24T09:59:41.1248713Z out: f16c26bdfab0: Verifying Checksum
build-and-deploy	UNKNOWN STEP	2026-02-24T09:59:41.1249173Z out: f16c26bdfab0: Download complete
build-and-deploy	UNKNOWN STEP	2026-02-24T09:59:45.5419915Z out: c7c32108af6b: Verifying Checksum
build-and-deploy	UNKNOWN STEP	2026-02-24T09:59:45.5420595Z out: c7c32108af6b: Download complete
build-and-deploy	UNKNOWN STEP	2026-02-24T10:00:00.3133973Z out: c7c32108af6b: Pull complete
build-and-deploy	UNKNOWN STEP	2026-02-24T10:00:00.4435774Z out: 946e3e54c3d4: Pull complete
build-and-deploy	UNKNOWN STEP	2026-02-24T10:00:00.5017613Z out: f16c26bdfab0: Pull complete
build-and-deploy	UNKNOWN STEP	2026-02-24T10:00:00.5289479Z out: Digest: sha256:31c78a5b1d0ec25429fe00cf347ac701887f31b013ff7f9c9efdd2216c3d3cf7
build-and-deploy	UNKNOWN STEP	2026-02-24T10:00:00.5348971Z out: Status: Downloaded newer image for ***/upgrade-backend:latest
build-and-deploy	UNKNOWN STEP	2026-02-24T10:00:00.5419435Z out: docker.io/***/upgrade-backend:latest
build-and-deploy	UNKNOWN STEP	2026-02-24T10:00:08.1239562Z out: latest: Pulling from ***/upgrade-frontend
build-and-deploy	UNKNOWN STEP	2026-02-24T10:00:08.1243740Z out: 589002ba0eae: Already exists
build-and-deploy	UNKNOWN STEP	2026-02-24T10:00:08.1313674Z out: bca5d04786e1: Already exists
build-and-deploy	UNKNOWN STEP	2026-02-24T10:00:08.1402886Z out: 3e2c181db1b0: Already exists
build-and-deploy	UNKNOWN STEP	2026-02-24T10:00:08.1484522Z out: 6b7b6c7061b7: Already exists
build-and-deploy	UNKNOWN STEP	2026-02-24T10:00:08.1572578Z out: 399d0898a94e: Already exists
build-and-deploy	UNKNOWN STEP	2026-02-24T10:00:08.1665187Z out: 955a8478f9ac: Already exists
build-and-deploy	UNKNOWN STEP	2026-02-24T10:00:08.1742573Z out: 6d397a54a185: Already exists
build-and-deploy	UNKNOWN STEP	2026-02-24T10:00:08.1839210Z out: 5e7756927bef: Already exists
build-and-deploy	UNKNOWN STEP	2026-02-24T10:00:08.2123696Z out: ce27385a1ea6: Pulling fs layer
build-and-deploy	UNKNOWN STEP	2026-02-24T10:00:08.2124362Z out: 4c1c77ab2e9c: Pulling fs layer
build-and-deploy	UNKNOWN STEP	2026-02-24T10:00:09.4625008Z out: 4c1c77ab2e9c: Verifying Checksum
build-and-deploy	UNKNOWN STEP	2026-02-24T10:00:09.4625693Z out: 4c1c77ab2e9c: Download complete
build-and-deploy	UNKNOWN STEP	2026-02-24T10:00:28.7289590Z out: ce27385a1ea6: Verifying Checksum
build-and-deploy	UNKNOWN STEP	2026-02-24T10:00:28.7290053Z out: ce27385a1ea6: Download complete
build-and-deploy	UNKNOWN STEP	2026-02-24T10:00:28.7847288Z out: ce27385a1ea6: Pull complete
build-and-deploy	UNKNOWN STEP	2026-02-24T10:00:28.8371589Z out: 4c1c77ab2e9c: Pull complete
build-and-deploy	UNKNOWN STEP	2026-02-24T10:00:28.8501734Z out: Digest: sha256:f657c083f5c5ed44af36859069d7eaca7831c891af64c3dae1917db8ef8aee24
build-and-deploy	UNKNOWN STEP	2026-02-24T10:00:28.8569230Z out: Status: Downloaded newer image for ***/upgrade-frontend:latest
build-and-deploy	UNKNOWN STEP	2026-02-24T10:00:28.8606341Z out: docker.io/***/upgrade-frontend:latest
build-and-deploy	UNKNOWN STEP	2026-02-24T10:00:28.8692251Z out: === DOCKER COMPOSE CONFIG ===
build-and-deploy	UNKNOWN STEP	2026-02-24T10:00:28.8721449Z out: services:
build-and-deploy	UNKNOWN STEP	2026-02-24T10:00:28.8721816Z out:   app:
build-and-deploy	UNKNOWN STEP	2026-02-24T10:00:28.8722267Z out:     # Use image from Docker Hub (built by CI/CD)
build-and-deploy	UNKNOWN STEP	2026-02-24T10:00:28.8722942Z out:     image: ${DOCKER_USERNAME}/upgrade-backend:latest
build-and-deploy	UNKNOWN STEP	2026-02-24T10:00:28.8723343Z out:     ports:
build-and-deploy	UNKNOWN STEP	2026-02-24T10:00:28.8723595Z out:       - '3000:3000'
build-and-deploy	UNKNOWN STEP	2026-02-24T10:00:28.8723868Z out:     environment:
build-and-deploy	UNKNOWN STEP	2026-02-24T10:00:28.8724512Z out:       DATABASE_URL: ***db:5432/upgrade_crm
build-and-deploy	UNKNOWN STEP	2026-02-24T10:00:28.8724951Z out:       JWT_SECRET: "complex_secret_value_change_me_in_prod"
build-and-deploy	UNKNOWN STEP	2026-02-24T10:00:28.8725617Z out:       POSTGRES_USER: upgrade
build-and-deploy	UNKNOWN STEP	2026-02-24T10:00:28.8725958Z out:       POSTGRES_PASSWORD: upgrade_pass
build-and-deploy	UNKNOWN STEP	2026-02-24T10:00:28.8726312Z out:       POSTGRES_DB: upgrade_crm
build-and-deploy	UNKNOWN STEP	2026-02-24T10:00:28.8726641Z out:       # Allow frontend CORS if needed
build-and-deploy	UNKNOWN STEP	2026-02-24T10:00:28.8727068Z out:       FRONTEND_URL: http://devupgrade.***.ru
build-and-deploy	UNKNOWN STEP	2026-02-24T10:00:28.8727439Z out:     depends_on:
build-and-deploy	UNKNOWN STEP	2026-02-24T10:00:28.8727696Z out:       db:
build-and-deploy	UNKNOWN STEP	2026-02-24T10:00:28.8727958Z out:         condition: service_healthy
build-and-deploy	UNKNOWN STEP	2026-02-24T10:00:28.8728274Z out:     deploy:
build-and-deploy	UNKNOWN STEP	2026-02-24T10:00:28.8728516Z out:       resources:
build-and-deploy	UNKNOWN STEP	2026-02-24T10:00:28.8728771Z out:         limits:
build-and-deploy	UNKNOWN STEP	2026-02-24T10:00:28.8729026Z out:           memory: 512M
build-and-deploy	UNKNOWN STEP	2026-02-24T10:00:28.8729303Z out:     restart: always
build-and-deploy	UNKNOWN STEP	2026-02-24T10:00:28.8729576Z out:   frontend:
build-and-deploy	UNKNOWN STEP	2026-02-24T10:00:28.8729869Z out:     # Use image from Docker Hub (built by CI/CD)
build-and-deploy	UNKNOWN STEP	2026-02-24T10:00:28.8730313Z out:     image: ${DOCKER_USERNAME}/upgrade-frontend:latest
build-and-deploy	UNKNOWN STEP	2026-02-24T10:00:28.8730979Z out:     ports:
build-and-deploy	UNKNOWN STEP	2026-02-24T10:00:28.8731221Z out:       - '80:80'
build-and-deploy	UNKNOWN STEP	2026-02-24T10:00:28.8731478Z out:     depends_on:
build-and-deploy	UNKNOWN STEP	2026-02-24T10:00:28.8731726Z out:       - app
build-and-deploy	UNKNOWN STEP	2026-02-24T10:00:28.8731963Z out:     deploy:
build-and-deploy	UNKNOWN STEP	2026-02-24T10:00:28.8732203Z out:       resources:
build-and-deploy	UNKNOWN STEP	2026-02-24T10:00:28.8732454Z out:         limits:
build-and-deploy	UNKNOWN STEP	2026-02-24T10:00:28.8732709Z out:           memory: 128M
build-and-deploy	UNKNOWN STEP	2026-02-24T10:00:28.8732989Z out:     restart: always
build-and-deploy	UNKNOWN STEP	2026-02-24T10:00:28.8733253Z out:   db:
build-and-deploy	UNKNOWN STEP	2026-02-24T10:00:28.8733498Z out:     image: postgres:15-alpine
build-and-deploy	UNKNOWN STEP	2026-02-24T10:00:28.8733805Z out:     environment:
build-and-deploy	UNKNOWN STEP	2026-02-24T10:00:28.8734073Z out:       POSTGRES_USER: upgrade
build-and-deploy	UNKNOWN STEP	2026-02-24T10:00:28.8734409Z out:       POSTGRES_PASSWORD: upgrade_pass
build-and-deploy	UNKNOWN STEP	2026-02-24T10:00:28.8734767Z out:       POSTGRES_DB: upgrade_crm
build-and-deploy	UNKNOWN STEP	2026-02-24T10:00:28.8735046Z out:     volumes:
build-and-deploy	UNKNOWN STEP	2026-02-24T10:00:28.8735399Z out:       - pgdata:/var/lib/postgresql/data
build-and-deploy	UNKNOWN STEP	2026-02-24T10:00:28.8735831Z out:     deploy:
build-and-deploy	UNKNOWN STEP	2026-02-24T10:00:28.8736040Z out:       resources:
build-and-deploy	UNKNOWN STEP	2026-02-24T10:00:28.8736250Z out:         limits:
build-and-deploy	UNKNOWN STEP	2026-02-24T10:00:28.8736454Z out:           memory: 256M
build-and-deploy	UNKNOWN STEP	2026-02-24T10:00:28.8736681Z out:     healthcheck:
build-and-deploy	UNKNOWN STEP	2026-02-24T10:00:28.8736982Z out:       test: [ 'CMD-SHELL', 'pg_isready -U upgrade -d upgrade_crm' ]
build-and-deploy	UNKNOWN STEP	2026-02-24T10:00:28.8737332Z out:       interval: 5s
build-and-deploy	UNKNOWN STEP	2026-02-24T10:00:28.8737552Z out:       timeout: 5s
build-and-deploy	UNKNOWN STEP	2026-02-24T10:00:28.8737760Z out:       retries: 5
build-and-deploy	UNKNOWN STEP	2026-02-24T10:00:28.8737971Z out:     restart: always
build-and-deploy	UNKNOWN STEP	2026-02-24T10:00:28.8738187Z out: volumes:
build-and-deploy	UNKNOWN STEP	2026-02-24T10:00:28.8738379Z out:   pgdata:
build-and-deploy	UNKNOWN STEP	2026-02-24T10:00:29.1466160Z err:  Container upgrade-crm-frontend-1  Stopping
build-and-deploy	UNKNOWN STEP	2026-02-24T10:00:30.0153018Z err:  Container upgrade-crm-frontend-1  Stopped
build-and-deploy	UNKNOWN STEP	2026-02-24T10:00:30.0153610Z err:  Container upgrade-crm-frontend-1  Removing
build-and-deploy	UNKNOWN STEP	2026-02-24T10:00:30.0386000Z err:  Container upgrade-crm-frontend-1  Removed
build-and-deploy	UNKNOWN STEP	2026-02-24T10:00:30.0386585Z err:  Container upgrade-crm-app-1  Stopping
build-and-deploy	UNKNOWN STEP	2026-02-24T10:00:40.3556648Z err:  Container upgrade-crm-app-1  Stopped
build-and-deploy	UNKNOWN STEP	2026-02-24T10:00:40.3557200Z err:  Container upgrade-crm-app-1  Removing
build-and-deploy	UNKNOWN STEP	2026-02-24T10:00:40.3735469Z err:  Container upgrade-crm-app-1  Removed
build-and-deploy	UNKNOWN STEP	2026-02-24T10:00:40.3735958Z err:  Container upgrade-crm-db-1  Stopping
build-and-deploy	UNKNOWN STEP	2026-02-24T10:00:40.5731835Z err:  Container upgrade-crm-db-1  Stopped
build-and-deploy	UNKNOWN STEP	2026-02-24T10:00:40.5732442Z err:  Container upgrade-crm-db-1  Removing
build-and-deploy	UNKNOWN STEP	2026-02-24T10:00:40.5937793Z err:  Container upgrade-crm-db-1  Removed
build-and-deploy	UNKNOWN STEP	2026-02-24T10:00:40.5953780Z err:  Network upgrade-crm_default  Removing
build-and-deploy	UNKNOWN STEP	2026-02-24T10:00:40.5969985Z err:  Network upgrade-crm_default  Resource is still in use
build-and-deploy	UNKNOWN STEP	2026-02-24T10:00:40.7667927Z err:  Container upgrade-crm-redis-1  Stopping
build-and-deploy	UNKNOWN STEP	2026-02-24T10:00:40.9537747Z err:  Container upgrade-crm-redis-1  Stopped
build-and-deploy	UNKNOWN STEP	2026-02-24T10:00:40.9538553Z err:  Container upgrade-crm-redis-1  Removing
build-and-deploy	UNKNOWN STEP	2026-02-24T10:00:40.9766767Z err:  Container upgrade-crm-redis-1  Removed
build-and-deploy	UNKNOWN STEP	2026-02-24T10:00:40.9767460Z err:  Container upgrade-crm-db-1  Creating
build-and-deploy	UNKNOWN STEP	2026-02-24T10:00:41.0531141Z err:  Container upgrade-crm-db-1  Created
build-and-deploy	UNKNOWN STEP	2026-02-24T10:00:41.0531693Z err:  Container upgrade-crm-app-1  Creating
build-and-deploy	UNKNOWN STEP	2026-02-24T10:00:41.1121547Z err:  Container upgrade-crm-app-1  Created
build-and-deploy	UNKNOWN STEP	2026-02-24T10:00:41.1122121Z err:  Container upgrade-crm-frontend-1  Creating
build-and-deploy	UNKNOWN STEP	2026-02-24T10:00:41.1847685Z err:  Container upgrade-crm-frontend-1  Created
build-and-deploy	UNKNOWN STEP	2026-02-24T10:00:41.1882653Z err:  Container upgrade-crm-db-1  Starting
build-and-deploy	UNKNOWN STEP	2026-02-24T10:00:41.4715995Z err:  Container upgrade-crm-db-1  Started
build-and-deploy	UNKNOWN STEP	2026-02-24T10:00:41.4716524Z err:  Container upgrade-crm-db-1  Waiting
build-and-deploy	UNKNOWN STEP	2026-02-24T10:00:46.9740045Z err:  Container upgrade-crm-db-1  Healthy
build-and-deploy	UNKNOWN STEP	2026-02-24T10:00:46.9740603Z err:  Container upgrade-crm-app-1  Starting
build-and-deploy	UNKNOWN STEP	2026-02-24T10:00:47.2843588Z err:  Container upgrade-crm-app-1  Started
build-and-deploy	UNKNOWN STEP	2026-02-24T10:00:47.2844153Z err:  Container upgrade-crm-frontend-1  Starting
build-and-deploy	UNKNOWN STEP	2026-02-24T10:00:47.6440148Z err:  Container upgrade-crm-frontend-1  Started
build-and-deploy	UNKNOWN STEP	2026-02-24T10:00:49.6944806Z out: Deleted Images:
build-and-deploy	UNKNOWN STEP	2026-02-24T10:00:49.6945847Z out: untagged: ***/upgrade-frontend@sha256:990f19c2c9131c96c4309f3d88b2a4d3d098e61cd1566652765a41aac2a3e56d
build-and-deploy	UNKNOWN STEP	2026-02-24T10:00:49.6947019Z out: deleted: sha256:2f0c7b0794c9a110e2a78c10eeaf67ce6c6592b20577c807f9f09814fa0d5d0c
build-and-deploy	UNKNOWN STEP	2026-02-24T10:00:49.6947699Z out: deleted: sha256:6f657e7285edcb8360544a5714dca07dc98ab1cc8dbdae247ac11f0e30669457
build-and-deploy	UNKNOWN STEP	2026-02-24T10:00:49.6948261Z out: deleted: sha256:22ed0cf97d82c656a51c7ced0245e67d54098a892358b3a98a4a297e6319241e
build-and-deploy	UNKNOWN STEP	2026-02-24T10:00:49.6948943Z out: untagged: ***/upgrade-backend@sha256:05ef40645aee22dbe385947a3dd4e151b32200898fc57bda06f6e40845ef6086
build-and-deploy	UNKNOWN STEP	2026-02-24T10:00:49.6949586Z out: deleted: sha256:36c1274644ce1dcaea841849cafa8d52436dff4f4fd557e9c0a2976458ad27e4
build-and-deploy	UNKNOWN STEP	2026-02-24T10:00:49.6950157Z out: deleted: sha256:f3bdc59107866664fd4b0492eee5c997d6d471f331de41a64e1a5dcad0d517d7
build-and-deploy	UNKNOWN STEP	2026-02-24T10:00:49.6950703Z out: deleted: sha256:778209b274cd8019f060ec64875ec3e1e848079af138fdca2c393b32e4d628f3
build-and-deploy	UNKNOWN STEP	2026-02-24T10:00:49.6951406Z out: deleted: sha256:1ef6533b1b577d7c72309b8afc304c6b1649b7828df228ad401a2639f9cbf66b
build-and-deploy	UNKNOWN STEP	2026-02-24T10:00:49.6951968Z out: deleted: sha256:e77d191223e8acd926c692d89dffa2bb95fbe3f63bfe56df15cadb6c4cf1a72e
build-and-deploy	UNKNOWN STEP	2026-02-24T10:00:49.6952532Z out: deleted: sha256:bc63bc32a6ca9a8a506d684c3ab6085c0dff041edf9e2adf3cb35a90224e6a10
build-and-deploy	UNKNOWN STEP	2026-02-24T10:00:49.6953080Z out: deleted: sha256:c18295a342cbf3405a6cfd725af0ed41f35892c833321fc09cb089559f84de38
build-and-deploy	UNKNOWN STEP	2026-02-24T10:00:49.6953618Z out: deleted: sha256:107839df9825d1e3604eec06cad7b9a5cf6a26fecdaa024f41a07c1804d3f3be
build-and-deploy	UNKNOWN STEP	2026-02-24T10:00:49.6954164Z out: deleted: sha256:89335b78ae8a63622ad887855f2bf93ce3ac0dbf02a1d1ba23acbb5c4e15c7c1
build-and-deploy	UNKNOWN STEP	2026-02-24T10:00:49.6954586Z out: Total reclaimed space: 561.8MB
build-and-deploy	UNKNOWN STEP	2026-02-24T10:00:49.6984405Z out: === RUNNING CONTAINERS ===
build-and-deploy	UNKNOWN STEP	2026-02-24T10:00:49.7512292Z out: CONTAINER ID   IMAGE                               COMMAND                  CREATED         STATUS                   PORTS                                         NAMES
build-and-deploy	UNKNOWN STEP	2026-02-24T10:00:49.7515974Z out: e86f73a5009a   ***/upgrade-frontend:latest   "/docker-entrypoint.â¦"   8 seconds ago   Up 2 seconds             0.0.0.0:80->80/tcp, [::]:80->80/tcp           upgrade-crm-frontend-1
build-and-deploy	UNKNOWN STEP	2026-02-24T10:00:49.7518135Z out: 4da8a85aa22f   ***/upgrade-backend:latest    "docker-entrypoint.sâ¦"   9 seconds ago   Up 2 seconds             0.0.0.0:3000->3000/tcp, [::]:3000->3000/tcp   upgrade-crm-app-1
build-and-deploy	UNKNOWN STEP	2026-02-24T10:00:49.7519826Z out: 18fa40d37785   postgres:15-alpine                  "docker-entrypoint.sâ¦"   9 seconds ago   Up 8 seconds (healthy)   5432/tcp                                      upgrade-crm-db-1
build-and-deploy	UNKNOWN STEP	2026-02-24T10:00:49.7561787Z out: === NGINX CONFIG CHECKSUM ===
build-and-deploy	UNKNOWN STEP	2026-02-24T10:00:50.1357382Z out: server {
build-and-deploy	UNKNOWN STEP	2026-02-24T10:00:50.1357809Z out:     listen 80;
build-and-deploy	UNKNOWN STEP	2026-02-24T10:00:50.1358195Z out:     server_name localhost;
build-and-deploy	UNKNOWN STEP	2026-02-24T10:00:50.1358721Z out:     *** /usr/share/nginx/html;
build-and-deploy	UNKNOWN STEP	2026-02-24T10:00:50.1359182Z out:     index index.html;
build-and-deploy	UNKNOWN STEP	2026-02-24T10:00:50.1359720Z out:     # Do not cache index.html so frontend updates are immediate
build-and-deploy	UNKNOWN STEP	2026-02-24T10:00:50.1360356Z out:     location / {
build-and-deploy	UNKNOWN STEP	2026-02-24T10:00:50.1360691Z out:         try_files $uri $uri/ /index.html;
build-and-deploy	UNKNOWN STEP	2026-02-24T10:00:50.1361013Z out:         
build-and-deploy	UNKNOWN STEP	2026-02-24T10:00:50.1361251Z out:         # Kill cache for HTML files
build-and-deploy	UNKNOWN STEP	2026-02-24T10:00:50.1361580Z out:         if ($request_filename ~* ^.*\.html$) {
build-and-deploy	UNKNOWN STEP	2026-02-24T10:00:50.1362017Z out:             add_header Cache-Control "no-cache, no-store, must-revalidate";
build-and-deploy	UNKNOWN STEP	2026-02-24T10:00:50.1362467Z out:             add_header Pragma "no-cache";
build-and-deploy	UNKNOWN STEP	2026-02-24T10:00:50.1362781Z out:             expires 0;
build-and-deploy	UNKNOWN STEP	2026-02-24T10:00:50.1363040Z out:         }
build-and-deploy	UNKNOWN STEP	2026-02-24T10:00:50.1363255Z out:     }
build-and-deploy	UNKNOWN STEP	2026-02-24T10:00:50.1363612Z out:     # Cache static assets (JS, CSS, Images, Fonts) which have hashes in filenames
build-and-deploy	UNKNOWN STEP	2026-02-24T10:00:50.1364189Z out:     location ~* \.(js|css|png|jpg|jpeg|gif|ico|svg|woff|woff2|ttf|eot)$ {
build-and-deploy	UNKNOWN STEP	2026-02-24T10:00:50.1364605Z out:         expires 1y;
build-and-deploy	UNKNOWN STEP	2026-02-24T10:00:50.1364971Z out:         add_header Cache-Control "public, max-age=31536000, immutable";
build-and-deploy	UNKNOWN STEP	2026-02-24T10:00:50.1365596Z out:         access_log off;
build-and-deploy	UNKNOWN STEP	2026-02-24T10:00:50.1365852Z out:     }
build-and-deploy	UNKNOWN STEP	2026-02-24T10:00:50.1366328Z out:     location ^~ /api/ {
build-and-deploy	UNKNOWN STEP	2026-02-24T10:00:50.1366663Z out:         proxy_pass http://app:3000;
build-and-deploy	UNKNOWN STEP	2026-02-24T10:00:50.1366974Z out:         proxy_http_version 1.1;
build-and-deploy	UNKNOWN STEP	2026-02-24T10:00:50.1367286Z out:         proxy_set_header Upgrade $http_upgrade;
build-and-deploy	UNKNOWN STEP	2026-02-24T10:00:50.1367618Z out:         proxy_set_header Connection 'upgrade';
build-and-deploy	UNKNOWN STEP	2026-02-24T10:00:50.1367923Z out:         proxy_set_header Host $host;
build-and-deploy	UNKNOWN STEP	2026-02-24T10:00:50.1368223Z out:         proxy_cache_bypass $http_upgrade;
build-and-deploy	UNKNOWN STEP	2026-02-24T10:00:50.1368487Z out:     }
build-and-deploy	UNKNOWN STEP	2026-02-24T10:00:50.1368682Z out:     location ^~ /auth/ {
build-and-deploy	UNKNOWN STEP	2026-02-24T10:00:50.1368945Z out:         proxy_pass http://app:3000;
build-and-deploy	UNKNOWN STEP	2026-02-24T10:00:50.1369238Z out:         proxy_http_version 1.1;
build-and-deploy	UNKNOWN STEP	2026-02-24T10:00:50.1369535Z out:         proxy_set_header Upgrade $http_upgrade;
build-and-deploy	UNKNOWN STEP	2026-02-24T10:00:50.1369865Z out:         proxy_set_header Connection 'upgrade';
build-and-deploy	UNKNOWN STEP	2026-02-24T10:00:50.1370325Z out:         proxy_set_header Host $host;
build-and-deploy	UNKNOWN STEP	2026-02-24T10:00:50.1370648Z out:         proxy_cache_bypass $http_upgrade;
build-and-deploy	UNKNOWN STEP	2026-02-24T10:00:50.1370926Z out:     }
build-and-deploy	UNKNOWN STEP	2026-02-24T10:00:50.1371141Z out:     error_page 500 502 503 504 /50x.html;
build-and-deploy	UNKNOWN STEP	2026-02-24T10:00:50.1371416Z out:     location = /50x.html {
build-and-deploy	UNKNOWN STEP	2026-02-24T10:00:50.1371704Z out:         *** /usr/share/nginx/html;
build-and-deploy	UNKNOWN STEP	2026-02-24T10:00:50.1371969Z out:     }
build-and-deploy	UNKNOWN STEP	2026-02-24T10:00:50.1593004Z out: }=== FRONTEND LOGS ===
build-and-deploy	UNKNOWN STEP	2026-02-24T10:00:50.1933613Z out: /docker-entrypoint.sh: /docker-entrypoint.d/ is not empty, will attempt to perform configuration
build-and-deploy	UNKNOWN STEP	2026-02-24T10:00:50.1949795Z err: 2026/02/24 10:00:47 [notice] 1#1: using the "epoll" event method
build-and-deploy	UNKNOWN STEP	2026-02-24T10:00:50.1950327Z err: 2026/02/24 10:00:47 [notice] 1#1: nginx/1.29.5
build-and-deploy	UNKNOWN STEP	2026-02-24T10:00:50.1950767Z err: 2026/02/24 10:00:47 [notice] 1#1: built by gcc 15.2.0 (Alpine 15.2.0) 
build-and-deploy	UNKNOWN STEP	2026-02-24T10:00:50.1951247Z err: 2026/02/24 10:00:47 [notice] 1#1: OS: Linux 6.8.0-100-generic
build-and-deploy	UNKNOWN STEP	2026-02-24T10:00:50.1951752Z err: 2026/02/24 10:00:47 [notice] 1#1: getrlimit(RLIMIT_NOFILE): 1048576:1048576
build-and-deploy	UNKNOWN STEP	2026-02-24T10:00:50.1952238Z err: 2026/02/24 10:00:47 [notice] 1#1: start worker processes
build-and-deploy	UNKNOWN STEP	2026-02-24T10:00:50.1952671Z err: 2026/02/24 10:00:47 [notice] 1#1: start worker process 29
build-and-deploy	UNKNOWN STEP	2026-02-24T10:00:50.1953188Z out: /docker-entrypoint.sh: Looking for shell scripts in /docker-entrypoint.d/
build-and-deploy	UNKNOWN STEP	2026-02-24T10:00:50.1953840Z out: /docker-entrypoint.sh: Launching /docker-entrypoint.d/10-listen-on-ipv6-by-default.sh
build-and-deploy	UNKNOWN STEP	2026-02-24T10:00:50.1954564Z out: 10-listen-on-ipv6-by-default.sh: info: Getting the checksum of /etc/nginx/conf.d/default.conf
build-and-deploy	UNKNOWN STEP	2026-02-24T10:00:50.1955151Z err: 2026/02/24 10:00:47 [notice] 1#1: start worker process 30
build-and-deploy	UNKNOWN STEP	2026-02-24T10:00:50.1956021Z out: 10-listen-on-ipv6-by-default.sh: info: /etc/nginx/conf.d/default.conf differs from the packaged version
build-and-deploy	UNKNOWN STEP	2026-02-24T10:00:50.1956749Z out: /docker-entrypoint.sh: Sourcing /docker-entrypoint.d/15-local-resolvers.envsh
build-and-deploy	UNKNOWN STEP	2026-02-24T10:00:50.1957399Z out: /docker-entrypoint.sh: Launching /docker-entrypoint.d/20-envsubst-on-templates.sh
build-and-deploy	UNKNOWN STEP	2026-02-24T10:00:50.1958064Z out: /docker-entrypoint.sh: Launching /docker-entrypoint.d/30-tune-worker-processes.sh
build-and-deploy	UNKNOWN STEP	2026-02-24T10:00:50.1958668Z out: /docker-entrypoint.sh: Configuration complete; ready for start up
build-and-deploy	UNKNOWN STEP	2026-02-24T10:00:50.1980066Z out: === BACKEND LOGS ===
build-and-deploy	UNKNOWN STEP	2026-02-24T10:00:50.2354959Z out: [32m[Nest] 1  - [39m02/24/2026, 10:00:49 AM [32m    LOG[39m [38;5;3m[InstanceLoader] [39m[32mAppModule dependencies initialized[39m[38;5;3m +1ms[39m
build-and-deploy	UNKNOWN STEP	2026-02-24T10:00:50.2356745Z out: [32m[Nest] 1  - [39m02/24/2026, 10:00:49 AM [32m    LOG[39m [38;5;3m[InstanceLoader] [39m[32mEventsModule dependencies initialized[39m[38;5;3m +0ms[39m
build-and-deploy	UNKNOWN STEP	2026-02-24T10:00:50.2358230Z out: [32m[Nest] 1  - [39m02/24/2026, 10:00:49 AM [32m    LOG[39m [38;5;3m[InstanceLoader] [39m[32mHallsModule dependencies initialized[39m[38;5;3m +1ms[39m
build-and-deploy	UNKNOWN STEP	2026-02-24T10:00:50.2359464Z out: [32m[Nest] 1  - [39m02/24/2026, 10:00:49 AM [32m    LOG[39m [38;5;3m[InstanceLoader] [39m[32mTracksModule dependencies initialized[39m[38;5;3m +0ms[39m
build-and-deploy	UNKNOWN STEP	2026-02-24T10:00:50.2360919Z out: [32m[Nest] 1  - [39m02/24/2026, 10:00:49 AM [32m    LOG[39m [38;5;3m[InstanceLoader] [39m[32mSpeakersModule dependencies initialized[39m[38;5;3m +0ms[39m
build-and-deploy	UNKNOWN STEP	2026-02-24T10:00:50.2362098Z out: [32m[Nest] 1  - [39m02/24/2026, 10:00:49 AM [32m    LOG[39m [38;5;3m[InstanceLoader] [39m[32mExportsModule dependencies initialized[39m[38;5;3m +0ms[39m
build-and-deploy	UNKNOWN STEP	2026-02-24T10:00:50.2363269Z out: [32m[Nest] 1  - [39m02/24/2026, 10:00:49 AM [32m    LOG[39m [38;5;3m[InstanceLoader] [39m[32mSessionsModule dependencies initialized[39m[38;5;3m +1ms[39m
build-and-deploy	UNKNOWN STEP	2026-02-24T10:00:50.2364447Z out: [32m[Nest] 1  - [39m02/24/2026, 10:00:49 AM [32m    LOG[39m [38;5;3m[InstanceLoader] [39m[32mUsersModule dependencies initialized[39m[38;5;3m +0ms[39m
build-and-deploy	UNKNOWN STEP	2026-02-24T10:00:50.2365850Z out: [32m[Nest] 1  - [39m02/24/2026, 10:00:49 AM [32m    LOG[39m [38;5;3m[InstanceLoader] [39m[32mAuthModule dependencies initialized[39m[38;5;3m +1ms[39m
build-and-deploy	UNKNOWN STEP	2026-02-24T10:00:50.2366984Z out: [32m[Nest] 1  - [39m02/24/2026, 10:00:49 AM [32m    LOG[39m [38;5;3m[RoutesResolver] [39m[32mEventsController {/api/events}:[39m[38;5;3m +7ms[39m
build-and-deploy	UNKNOWN STEP	2026-02-24T10:00:50.2368127Z out: [32m[Nest] 1  - [39m02/24/2026, 10:00:49 AM [32m    LOG[39m [38;5;3m[RouterExplorer] [39m[32mMapped {/api/events, POST} route[39m[38;5;3m +6ms[39m
build-and-deploy	UNKNOWN STEP	2026-02-24T10:00:50.2369180Z out: [32m[Nest] 1  - [39m02/24/2026, 10:00:49 AM [32m    LOG[39m [38;5;3m[RouterExplorer] [39m[32mMapped {/api/events/:id/full-structure, GET} route[39m[38;5;3m +2ms[39m
build-and-deploy	UNKNOWN STEP	2026-02-24T10:00:50.2370197Z out: [32m[Nest] 1  - [39m02/24/2026, 10:00:49 AM [32m    LOG[39m [38;5;3m[RouterExplorer] [39m[32mMapped {/api/events/:id, GET} route[39m[38;5;3m +1ms[39m
build-and-deploy	UNKNOWN STEP	2026-02-24T10:00:50.2371141Z out: [32m[Nest] 1  - [39m02/24/2026, 10:00:49 AM [32m    LOG[39m [38;5;3m[RouterExplorer] [39m[32mMapped {/api/events, GET} route[39m[38;5;3m +0ms[39m
build-and-deploy	UNKNOWN STEP	2026-02-24T10:00:50.2372082Z out: [32m[Nest] 1  - [39m02/24/2026, 10:00:49 AM [32m    LOG[39m [38;5;3m[RoutesResolver] [39m[32mHallsController {/api/halls}:[39m[38;5;3m +1ms[39m
build-and-deploy	UNKNOWN STEP	2026-02-24T10:00:50.2373014Z out: [32m[Nest] 1  - [39m02/24/2026, 10:00:49 AM [32m    LOG[39m [38;5;3m[RouterExplorer] [39m[32mMapped {/api/halls, POST} route[39m[38;5;3m +0ms[39m
build-and-deploy	UNKNOWN STEP	2026-02-24T10:00:50.2373947Z out: [32m[Nest] 1  - [39m02/24/2026, 10:00:49 AM [32m    LOG[39m [38;5;3m[RouterExplorer] [39m[32mMapped {/api/halls, GET} route[39m[38;5;3m +1ms[39m
build-and-deploy	UNKNOWN STEP	2026-02-24T10:00:50.2374883Z out: [32m[Nest] 1  - [39m02/24/2026, 10:00:49 AM [32m    LOG[39m [38;5;3m[RouterExplorer] [39m[32mMapped {/api/halls/:id, GET} route[39m[38;5;3m +1ms[39m
build-and-deploy	UNKNOWN STEP	2026-02-24T10:00:50.2375949Z out: [32m[Nest] 1  - [39m02/24/2026, 10:00:49 AM [32m    LOG[39m [38;5;3m[RouterExplorer] [39m[32mMapped {/api/halls/:id, PATCH} route[39m[38;5;3m +0ms[39m
build-and-deploy	UNKNOWN STEP	2026-02-24T10:00:50.2376918Z out: [32m[Nest] 1  - [39m02/24/2026, 10:00:49 AM [32m    LOG[39m [38;5;3m[RouterExplorer] [39m[32mMapped {/api/halls/:id, DELETE} route[39m[38;5;3m +2ms[39m
build-and-deploy	UNKNOWN STEP	2026-02-24T10:00:50.2377880Z out: [32m[Nest] 1  - [39m02/24/2026, 10:00:49 AM [32m    LOG[39m [38;5;3m[RoutesResolver] [39m[32mTracksController {/api/tracks}:[39m[38;5;3m +0ms[39m
build-and-deploy	UNKNOWN STEP	2026-02-24T10:00:50.2378820Z out: [32m[Nest] 1  - [39m02/24/2026, 10:00:49 AM [32m    LOG[39m [38;5;3m[RouterExplorer] [39m[32mMapped {/api/tracks, POST} route[39m[38;5;3m +1ms[39m
build-and-deploy	UNKNOWN STEP	2026-02-24T10:00:50.2379749Z out: [32m[Nest] 1  - [39m02/24/2026, 10:00:49 AM [32m    LOG[39m [38;5;3m[RouterExplorer] [39m[32mMapped {/api/tracks, GET} route[39m[38;5;3m +0ms[39m
build-and-deploy	UNKNOWN STEP	2026-02-24T10:00:50.2380682Z out: [32m[Nest] 1  - [39m02/24/2026, 10:00:49 AM [32m    LOG[39m [38;5;3m[RouterExplorer] [39m[32mMapped {/api/tracks/:id, GET} route[39m[38;5;3m +1ms[39m
build-and-deploy	UNKNOWN STEP	2026-02-24T10:00:50.2381661Z out: [32m[Nest] 1  - [39m02/24/2026, 10:00:49 AM [32m    LOG[39m [38;5;3m[RouterExplorer] [39m[32mMapped {/api/tracks/:id, PATCH} route[39m[38;5;3m +1ms[39m
build-and-deploy	UNKNOWN STEP	2026-02-24T10:00:50.2382637Z out: [32m[Nest] 1  - [39m02/24/2026, 10:00:49 AM [32m    LOG[39m [38;5;3m[RouterExplorer] [39m[32mMapped {/api/tracks/:id, DELETE} route[39m[38;5;3m +2ms[39m
build-and-deploy	UNKNOWN STEP	2026-02-24T10:00:50.2383743Z out: [32m[Nest] 1  - [39m02/24/2026, 10:00:49 AM [32m    LOG[39m [38;5;3m[RoutesResolver] [39m[32mSessionsController {/api/sessions}:[39m[38;5;3m +0ms[39m
build-and-deploy	UNKNOWN STEP	2026-02-24T10:00:50.2384703Z out: [32m[Nest] 1  - [39m02/24/2026, 10:00:49 AM [32m    LOG[39m [38;5;3m[RouterExplorer] [39m[32mMapped {/api/sessions, POST} route[39m[38;5;3m +1ms[39m
build-and-deploy	UNKNOWN STEP	2026-02-24T10:00:50.2385756Z out: [32m[Nest] 1  - [39m02/24/2026, 10:00:49 AM [32m    LOG[39m [38;5;3m[RouterExplorer] [39m[32mMapped {/api/sessions, GET} route[39m[38;5;3m +1ms[39m
build-and-deploy	UNKNOWN STEP	2026-02-24T10:00:50.2386714Z out: [32m[Nest] 1  - [39m02/24/2026, 10:00:49 AM [32m    LOG[39m [38;5;3m[RouterExplorer] [39m[32mMapped {/api/sessions/:id, GET} route[39m[38;5;3m +0ms[39m
build-and-deploy	UNKNOWN STEP	2026-02-24T10:00:50.2387857Z out: [32m[Nest] 1  - [39m02/24/2026, 10:00:49 AM [32m    LOG[39m [38;5;3m[RouterExplorer] [39m[32mMapped {/api/sessions/:id, PATCH} route[39m[38;5;3m +0ms[39m
build-and-deploy	UNKNOWN STEP	2026-02-24T10:00:50.2389130Z out: [32m[Nest] 1  - [39m02/24/2026, 10:00:49 AM [32m    LOG[39m [38;5;3m[RouterExplorer] [39m[32mMapped {/api/sessions/:id, DELETE} route[39m[38;5;3m +1ms[39m
build-and-deploy	UNKNOWN STEP	2026-02-24T10:00:50.2390142Z out: [32m[Nest] 1  - [39m02/24/2026, 10:00:49 AM [32m    LOG[39m [38;5;3m[RoutesResolver] [39m[32mSpeakersController {/api/speakers}:[39m[38;5;3m +0ms[39m
build-and-deploy	UNKNOWN STEP	2026-02-24T10:00:50.2391122Z out: [32m[Nest] 1  - [39m02/24/2026, 10:00:49 AM [32m    LOG[39m [38;5;3m[RouterExplorer] [39m[32mMapped {/api/speakers, POST} route[39m[38;5;3m +0ms[39m
build-and-deploy	UNKNOWN STEP	2026-02-24T10:00:50.2392079Z out: [32m[Nest] 1  - [39m02/24/2026, 10:00:49 AM [32m    LOG[39m [38;5;3m[RouterExplorer] [39m[32mMapped {/api/speakers, GET} route[39m[38;5;3m +1ms[39m
build-and-deploy	UNKNOWN STEP	2026-02-24T10:00:50.2393057Z out: [32m[Nest] 1  - [39m02/24/2026, 10:00:49 AM [32m    LOG[39m [38;5;3m[RouterExplorer] [39m[32mMapped {/api/speakers/:id, GET} route[39m[38;5;3m +1ms[39m
build-and-deploy	UNKNOWN STEP	2026-02-24T10:00:50.2394050Z out: [32m[Nest] 1  - [39m02/24/2026, 10:00:49 AM [32m    LOG[39m [38;5;3m[RouterExplorer] [39m[32mMapped {/api/speakers/:id, PATCH} route[39m[38;5;3m +1ms[39m
build-and-deploy	UNKNOWN STEP	2026-02-24T10:00:50.2395050Z out: [32m[Nest] 1  - [39m02/24/2026, 10:00:49 AM [32m    LOG[39m [38;5;3m[RouterExplorer] [39m[32mMapped {/api/speakers/:id, DELETE} route[39m[38;5;3m +0ms[39m
build-and-deploy	UNKNOWN STEP	2026-02-24T10:00:50.2396227Z out: [32m[Nest] 1  - [39m02/24/2026, 10:00:49 AM [32m    LOG[39m [38;5;3m[RoutesResolver] [39m[32mAuthController {/api/auth}:[39m[38;5;3m +0ms[39m
build-and-deploy	UNKNOWN STEP	2026-02-24T10:00:50.2397164Z out: [32m[Nest] 1  - [39m02/24/2026, 10:00:49 AM [32m    LOG[39m [38;5;3m[RouterExplorer] [39m[32mMapped {/auth/login, POST} route[39m[38;5;3m +1ms[39m
build-and-deploy	UNKNOWN STEP	2026-02-24T10:00:50.2398111Z out: [32m[Nest] 1  - [39m02/24/2026, 10:00:49 AM [32m    LOG[39m [38;5;3m[RouterExplorer] [39m[32mMapped {/auth/profile, GET} route[39m[38;5;3m +0ms[39m
build-and-deploy	UNKNOWN STEP	2026-02-24T10:00:50.2399056Z out: [32m[Nest] 1  - [39m02/24/2026, 10:00:49 AM [32m    LOG[39m [38;5;3m[RoutesResolver] [39m[32mUsersController {/api/users}:[39m[38;5;3m +1ms[39m
build-and-deploy	UNKNOWN STEP	2026-02-24T10:00:50.2400074Z out: [32m[Nest] 1  - [39m02/24/2026, 10:00:49 AM [32m    LOG[39m [38;5;3m[RouterExplorer] [39m[32mMapped {/api/users/change-password, POST} route[39m[38;5;3m +0ms[39m
build-and-deploy	UNKNOWN STEP	2026-02-24T10:00:50.2401117Z out: [32m[Nest] 1  - [39m02/24/2026, 10:00:49 AM [32m    LOG[39m [38;5;3m[RoutesResolver] [39m[32mUploadsController {/api/uploads}:[39m[38;5;3m +0ms[39m
build-and-deploy	UNKNOWN STEP	2026-02-24T10:00:50.2402134Z out: [32m[Nest] 1  - [39m02/24/2026, 10:00:49 AM [32m    LOG[39m [38;5;3m[RouterExplorer] [39m[32mMapped {/api/uploads/speaker-photo, POST} route[39m[38;5;3m +1ms[39m
build-and-deploy	UNKNOWN STEP	2026-02-24T10:00:50.2403227Z out: [32m[Nest] 1  - [39m02/24/2026, 10:00:49 AM [32m    LOG[39m [38;5;3m[RouterExplorer] [39m[32mMapped {/api/uploads/presentation, POST} route[39m[38;5;3m +0ms[39m
build-and-deploy	UNKNOWN STEP	2026-02-24T10:00:50.2404234Z out: [32m[Nest] 1  - [39m02/24/2026, 10:00:49 AM [32m    LOG[39m [38;5;3m[RoutesResolver] [39m[32mExportsController {/api/exports}:[39m[38;5;3m +0ms[39m
build-and-deploy	UNKNOWN STEP	2026-02-24T10:00:50.2405520Z out: [32m[Nest] 1  - [39m02/24/2026, 10:00:49 AM [32m    LOG[39m [38;5;3m[RouterExplorer] [39m[32mMapped {/api/exports/schedule/:eventId, GET} route[39m[38;5;3m +1ms[39m
build-and-deploy	UNKNOWN STEP	2026-02-24T10:00:50.2406492Z out: [32m[Nest] 1  - [39m02/24/2026, 10:00:49 AM [32m    LOG[39m [38;5;3m[PrismaService] [39m[32mRunning Prisma migrations...[39m
build-and-deploy	UNKNOWN STEP	2026-02-24T10:00:50.2407581Z out: [32m[Nest] 1  - [39m02/24/2026, 10:00:49 AM [32m    LOG[39m [38;5;3m[NotificationsService] [39m[32mEthereal Email initialized. Test credentials: f3chw2x24zfmi4mr@ethereal.email[39m
build-and-deploy	UNKNOWN STEP	2026-02-24T10:00:50.2413499Z ==============================================
build-and-deploy	UNKNOWN STEP	2026-02-24T10:00:50.2414195Z â Successfully executed commands to all host.
build-and-deploy	UNKNOWN STEP	2026-02-24T10:00:50.2414926Z ==============================================
build-and-deploy	UNKNOWN STEP	2026-02-24T10:00:50.3233691Z Post job cleanup.
build-and-deploy	UNKNOWN STEP	2026-02-24T10:00:50.5425558Z ##[group]Removing temp folder /home/runner/work/_temp/docker-actions-toolkit-f18HSP
build-and-deploy	UNKNOWN STEP	2026-02-24T10:00:50.5439221Z ##[endgroup]
build-and-deploy	UNKNOWN STEP	2026-02-24T10:00:50.5450820Z ##[group]Post cache
build-and-deploy	UNKNOWN STEP	2026-02-24T10:00:50.5451228Z State not set
build-and-deploy	UNKNOWN STEP	2026-02-24T10:00:50.5451826Z ##[endgroup]
build-and-deploy	UNKNOWN STEP	2026-02-24T10:00:50.5580211Z Post job cleanup.
build-and-deploy	UNKNOWN STEP	2026-02-24T10:00:50.7781969Z ##[group]Removing temp folder /home/runner/work/_temp/docker-actions-toolkit-xTlKWM
build-and-deploy	UNKNOWN STEP	2026-02-24T10:00:50.7795464Z ##[endgroup]
build-and-deploy	UNKNOWN STEP	2026-02-24T10:00:50.7795982Z ##[group]Post cache
build-and-deploy	UNKNOWN STEP	2026-02-24T10:00:50.7797655Z State not set
build-and-deploy	UNKNOWN STEP	2026-02-24T10:00:50.7798219Z ##[endgroup]
build-and-deploy	UNKNOWN STEP	2026-02-24T10:00:50.7914934Z Post job cleanup.
build-and-deploy	UNKNOWN STEP	2026-02-24T10:00:51.0914453Z ##[group]Logout from docker.io
build-and-deploy	UNKNOWN STEP	2026-02-24T10:00:51.0959015Z [command]/usr/bin/docker logout docker.io
build-and-deploy	UNKNOWN STEP	2026-02-24T10:00:51.1088236Z Removing login credentials for docker.io
build-and-deploy	UNKNOWN STEP	2026-02-24T10:00:51.1118174Z ##[endgroup]
build-and-deploy	UNKNOWN STEP	2026-02-24T10:00:51.1118876Z ##[group]Post cache
build-and-deploy	UNKNOWN STEP	2026-02-24T10:00:51.1120628Z State not set
build-and-deploy	UNKNOWN STEP	2026-02-24T10:00:51.1121445Z ##[endgroup]
build-and-deploy	UNKNOWN STEP	2026-02-24T10:00:51.1268809Z Post job cleanup.
build-and-deploy	UNKNOWN STEP	2026-02-24T10:00:51.2268414Z [command]/usr/bin/git version
build-and-deploy	UNKNOWN STEP	2026-02-24T10:00:51.2304513Z git version 2.52.0
build-and-deploy	UNKNOWN STEP	2026-02-24T10:00:51.2348436Z Temporarily overriding HOME='/home/runner/work/_temp/f11da2db-62a7-440b-af81-aaf7bf294532' before making global git config changes
build-and-deploy	UNKNOWN STEP	2026-02-24T10:00:51.2349801Z Adding repository directory to the temporary git global config as a safe directory
build-and-deploy	UNKNOWN STEP	2026-02-24T10:00:51.2361887Z [command]/usr/bin/git config --global --add safe.directory /home/runner/work/UPGRADE/UPGRADE
build-and-deploy	UNKNOWN STEP	2026-02-24T10:00:51.2397706Z [command]/usr/bin/git config --local --name-only --get-regexp core\.sshCommand
build-and-deploy	UNKNOWN STEP	2026-02-24T10:00:51.2430511Z [command]/usr/bin/git submodule foreach --recursive sh -c "git config --local --name-only --get-regexp 'core\.sshCommand' && git config --local --unset-all 'core.sshCommand' || :"
build-and-deploy	UNKNOWN STEP	2026-02-24T10:00:51.2669184Z [command]/usr/bin/git config --local --name-only --get-regexp http\.https\:\/\/github\.com\/\.extraheader
build-and-deploy	UNKNOWN STEP	2026-02-24T10:00:51.2692319Z http.https://github.com/.extraheader
build-and-deploy	UNKNOWN STEP	2026-02-24T10:00:51.2704939Z [command]/usr/bin/git config --local --unset-all http.https://github.com/.extraheader
build-and-deploy	UNKNOWN STEP	2026-02-24T10:00:51.2736929Z [command]/usr/bin/git submodule foreach --recursive sh -c "git config --local --name-only --get-regexp 'http\.https\:\/\/github\.com\/\.extraheader' && git config --local --unset-all 'http.https://github.com/.extraheader' || :"
build-and-deploy	UNKNOWN STEP	2026-02-24T10:00:51.2959239Z [command]/usr/bin/git config --local --name-only --get-regexp ^includeIf\.gitdir:
build-and-deploy	UNKNOWN STEP	2026-02-24T10:00:51.2991698Z [command]/usr/bin/git submodule foreach --recursive git config --local --show-origin --name-only --get-regexp remote.origin.url
build-and-deploy	UNKNOWN STEP	2026-02-24T10:00:51.3321455Z Cleaning up orphan processes
