build-and-deploy	Set up job	﻿2026-02-17T12:52:28.8457200Z Current runner version: '2.331.0'
build-and-deploy	Set up job	2026-02-17T12:52:28.8481938Z ##[group]Runner Image Provisioner
build-and-deploy	Set up job	2026-02-17T12:52:28.8483087Z Hosted Compute Agent
build-and-deploy	Set up job	2026-02-17T12:52:28.8483745Z Version: 20260123.484
build-and-deploy	Set up job	2026-02-17T12:52:28.8484537Z Commit: 6bd6555ca37d84114959e1c76d2c01448ff61c5d
build-and-deploy	Set up job	2026-02-17T12:52:28.8485390Z Build Date: 2026-01-23T19:41:17Z
build-and-deploy	Set up job	2026-02-17T12:52:28.8486160Z Worker ID: {d44a7e13-b69d-4662-a455-c68682293a71}
build-and-deploy	Set up job	2026-02-17T12:52:28.8487051Z Azure Region: westus
build-and-deploy	Set up job	2026-02-17T12:52:28.8487682Z ##[endgroup]
build-and-deploy	Set up job	2026-02-17T12:52:28.8489220Z ##[group]Operating System
build-and-deploy	Set up job	2026-02-17T12:52:28.8490300Z Ubuntu
build-and-deploy	Set up job	2026-02-17T12:52:28.8491092Z 24.04.3
build-and-deploy	Set up job	2026-02-17T12:52:28.8491682Z LTS
build-and-deploy	Set up job	2026-02-17T12:52:28.8492255Z ##[endgroup]
build-and-deploy	Set up job	2026-02-17T12:52:28.8493381Z ##[group]Runner Image
build-and-deploy	Set up job	2026-02-17T12:52:28.8494142Z Image: ubuntu-24.04
build-and-deploy	Set up job	2026-02-17T12:52:28.8494824Z Version: 20260209.23.1
build-and-deploy	Set up job	2026-02-17T12:52:28.8495956Z Included Software: https://github.com/actions/runner-images/blob/ubuntu24/20260209.23/images/ubuntu/Ubuntu2404-Readme.md
build-and-deploy	Set up job	2026-02-17T12:52:28.8497808Z Image Release: https://github.com/actions/runner-images/releases/tag/ubuntu24%2F20260209.23
build-and-deploy	Set up job	2026-02-17T12:52:28.8498899Z ##[endgroup]
build-and-deploy	Set up job	2026-02-17T12:52:28.8500409Z ##[group]GITHUB_TOKEN Permissions
build-and-deploy	Set up job	2026-02-17T12:52:28.8502665Z Contents: read
build-and-deploy	Set up job	2026-02-17T12:52:28.8503410Z Metadata: read
build-and-deploy	Set up job	2026-02-17T12:52:28.8504017Z Packages: read
build-and-deploy	Set up job	2026-02-17T12:52:28.8504787Z ##[endgroup]
build-and-deploy	Set up job	2026-02-17T12:52:28.8506960Z Secret source: Actions
build-and-deploy	Set up job	2026-02-17T12:52:28.8507897Z Prepare workflow directory
build-and-deploy	Set up job	2026-02-17T12:52:28.8827638Z Prepare all required actions
build-and-deploy	Set up job	2026-02-17T12:52:28.8869316Z Getting action download info
build-and-deploy	Set up job	2026-02-17T12:52:29.4141452Z Download action repository 'actions/checkout@v4' (SHA:34e114876b0b11c390a56381ad16ebd13914f8d5)
build-and-deploy	Set up job	2026-02-17T12:52:29.5615982Z Download action repository 'docker/login-action@v3' (SHA:c94ce9fb468520275223c153574b00df6fe4bcc9)
build-and-deploy	Set up job	2026-02-17T12:52:30.2522941Z Download action repository 'docker/build-push-action@v5' (SHA:ca052bb54ab0790a636c9b5f226502c73d547a25)
build-and-deploy	Set up job	2026-02-17T12:52:30.8793034Z Download action repository 'appleboy/ssh-action@v1.0.3' (SHA:029f5b4aeeeb58fdfe1410a5d17f967dacf36262)
build-and-deploy	Set up job	2026-02-17T12:52:31.4821110Z Complete job name: build-and-deploy
build-and-deploy	Build appleboy/ssh-action@v1.0.3	﻿2026-02-17T12:52:31.5320508Z ##[group]Build container for action use: '/home/runner/work/_actions/appleboy/ssh-action/v1.0.3/Dockerfile'.
build-and-deploy	Build appleboy/ssh-action@v1.0.3	2026-02-17T12:52:31.5380797Z ##[command]/usr/bin/docker build -t 765f21:0ef09ebc799a4de2a08a9853879af676 -f "/home/runner/work/_actions/appleboy/ssh-action/v1.0.3/Dockerfile" "/home/runner/work/_actions/appleboy/ssh-action/v1.0.3"
build-and-deploy	Build appleboy/ssh-action@v1.0.3	2026-02-17T12:52:32.1254178Z #0 building with "default" instance using docker driver
build-and-deploy	Build appleboy/ssh-action@v1.0.3	2026-02-17T12:52:32.1254898Z 
build-and-deploy	Build appleboy/ssh-action@v1.0.3	2026-02-17T12:52:32.2947704Z #1 [internal] load build definition from Dockerfile
build-and-deploy	Build appleboy/ssh-action@v1.0.3	2026-02-17T12:52:32.2948635Z #1 transferring dockerfile: 149B done
build-and-deploy	Build appleboy/ssh-action@v1.0.3	2026-02-17T12:52:32.2949310Z #1 DONE 0.0s
build-and-deploy	Build appleboy/ssh-action@v1.0.3	2026-02-17T12:52:32.2949607Z 
build-and-deploy	Build appleboy/ssh-action@v1.0.3	2026-02-17T12:52:32.2949917Z #2 [internal] load metadata for ghcr.io/appleboy/drone-ssh:1.7.3
build-and-deploy	Build appleboy/ssh-action@v1.0.3	2026-02-17T12:52:33.0324209Z #2 DONE 0.9s
build-and-deploy	Build appleboy/ssh-action@v1.0.3	2026-02-17T12:52:33.2287519Z 
build-and-deploy	Build appleboy/ssh-action@v1.0.3	2026-02-17T12:52:33.2289823Z #3 [internal] load .dockerignore
build-and-deploy	Build appleboy/ssh-action@v1.0.3	2026-02-17T12:52:33.2293128Z #3 transferring context: 2B done
build-and-deploy	Build appleboy/ssh-action@v1.0.3	2026-02-17T12:52:33.2293897Z #3 DONE 0.0s
build-and-deploy	Build appleboy/ssh-action@v1.0.3	2026-02-17T12:52:33.2294355Z 
build-and-deploy	Build appleboy/ssh-action@v1.0.3	2026-02-17T12:52:33.2294751Z #4 [internal] load build context
build-and-deploy	Build appleboy/ssh-action@v1.0.3	2026-02-17T12:52:33.2295456Z #4 transferring context: 108B done
build-and-deploy	Build appleboy/ssh-action@v1.0.3	2026-02-17T12:52:33.2296212Z #4 DONE 0.0s
build-and-deploy	Build appleboy/ssh-action@v1.0.3	2026-02-17T12:52:33.2296488Z 
build-and-deploy	Build appleboy/ssh-action@v1.0.3	2026-02-17T12:52:33.2297233Z #5 [1/2] FROM ghcr.io/appleboy/drone-ssh:1.7.3@sha256:179cbd253771007f2ebcaf7a3860afe059207351de1f3378efafac93bd310158
build-and-deploy	Build appleboy/ssh-action@v1.0.3	2026-02-17T12:52:33.2299493Z #5 resolve ghcr.io/appleboy/drone-ssh:1.7.3@sha256:179cbd253771007f2ebcaf7a3860afe059207351de1f3378efafac93bd310158 0.0s done
build-and-deploy	Build appleboy/ssh-action@v1.0.3	2026-02-17T12:52:33.2301400Z #5 sha256:47353a6f9201a145b687290e5ae0278ac269faf4bb61bee3e9246c37a8d74277 2.44MB / 2.44MB 0.1s done
build-and-deploy	Build appleboy/ssh-action@v1.0.3	2026-02-17T12:52:33.3605699Z #5 sha256:066e5b821e26d8313055e0314c056e6c297847bcf963e5df10e7aa03107f2246 125B / 125B 0.1s done
build-and-deploy	Build appleboy/ssh-action@v1.0.3	2026-02-17T12:52:33.3607513Z #5 sha256:7e20f48a19643465f486f59127b8f4e0f4114bedc8bd5260fb4f92d5fda95f1c 1.20kB / 1.20kB 0.2s done
build-and-deploy	Build appleboy/ssh-action@v1.0.3	2026-02-17T12:52:33.3609633Z #5 sha256:654aaee5654be60f81172539ecd74485cf8bbe2e9137bab0d429862c31c676f6 284.83kB / 284.83kB 0.2s done
build-and-deploy	Build appleboy/ssh-action@v1.0.3	2026-02-17T12:52:33.3611565Z #5 sha256:1207c741d8c9b028d98c4006013f9de959da3c55f85b91ed5e4583438a0112ca 3.38MB / 3.38MB 0.1s done
build-and-deploy	Build appleboy/ssh-action@v1.0.3	2026-02-17T12:52:33.4929221Z #5 extracting sha256:1207c741d8c9b028d98c4006013f9de959da3c55f85b91ed5e4583438a0112ca 0.1s done
build-and-deploy	Build appleboy/ssh-action@v1.0.3	2026-02-17T12:52:33.4931181Z #5 extracting sha256:654aaee5654be60f81172539ecd74485cf8bbe2e9137bab0d429862c31c676f6 0.0s done
build-and-deploy	Build appleboy/ssh-action@v1.0.3	2026-02-17T12:52:33.4932467Z #5 DONE 0.4s
build-and-deploy	Build appleboy/ssh-action@v1.0.3	2026-02-17T12:52:33.5949543Z 
build-and-deploy	Build appleboy/ssh-action@v1.0.3	2026-02-17T12:52:33.5952139Z #5 [1/2] FROM ghcr.io/appleboy/drone-ssh:1.7.3@sha256:179cbd253771007f2ebcaf7a3860afe059207351de1f3378efafac93bd310158
build-and-deploy	Build appleboy/ssh-action@v1.0.3	2026-02-17T12:52:33.5953744Z #5 extracting sha256:7e20f48a19643465f486f59127b8f4e0f4114bedc8bd5260fb4f92d5fda95f1c done
build-and-deploy	Build appleboy/ssh-action@v1.0.3	2026-02-17T12:52:33.5955164Z #5 extracting sha256:066e5b821e26d8313055e0314c056e6c297847bcf963e5df10e7aa03107f2246 done
build-and-deploy	Build appleboy/ssh-action@v1.0.3	2026-02-17T12:52:33.5956555Z #5 extracting sha256:47353a6f9201a145b687290e5ae0278ac269faf4bb61bee3e9246c37a8d74277 0.0s done
build-and-deploy	Build appleboy/ssh-action@v1.0.3	2026-02-17T12:52:33.5957438Z #5 DONE 0.5s
build-and-deploy	Build appleboy/ssh-action@v1.0.3	2026-02-17T12:52:33.5957694Z 
build-and-deploy	Build appleboy/ssh-action@v1.0.3	2026-02-17T12:52:33.5957911Z #6 [2/2] COPY entrypoint.sh /bin/entrypoint.sh
build-and-deploy	Build appleboy/ssh-action@v1.0.3	2026-02-17T12:52:33.5958304Z #6 DONE 0.0s
build-and-deploy	Build appleboy/ssh-action@v1.0.3	2026-02-17T12:52:33.5958637Z 
build-and-deploy	Build appleboy/ssh-action@v1.0.3	2026-02-17T12:52:33.5958818Z #7 exporting to image
build-and-deploy	Build appleboy/ssh-action@v1.0.3	2026-02-17T12:52:33.5959239Z #7 exporting layers 0.0s done
build-and-deploy	Build appleboy/ssh-action@v1.0.3	2026-02-17T12:52:33.5960228Z #7 exporting manifest sha256:0a1feb84612625ae07e46d64374b223fd9f383822572f75357a6736a84ac6dc4 done
build-and-deploy	Build appleboy/ssh-action@v1.0.3	2026-02-17T12:52:33.5961404Z #7 exporting config sha256:1a1c0412c2bce13d27141c4aba6a09503ec75df4106f371adfee552e9b036ec8 done
build-and-deploy	Build appleboy/ssh-action@v1.0.3	2026-02-17T12:52:33.5962546Z #7 exporting attestation manifest sha256:8c685189e570f00f48a1002f3cc1dd86fbfe9f4cc0f97375ea8076df10564ab1
build-and-deploy	Build appleboy/ssh-action@v1.0.3	2026-02-17T12:52:33.6728372Z #7 exporting attestation manifest sha256:8c685189e570f00f48a1002f3cc1dd86fbfe9f4cc0f97375ea8076df10564ab1 done
build-and-deploy	Build appleboy/ssh-action@v1.0.3	2026-02-17T12:52:33.6730309Z #7 exporting manifest list sha256:8c8393c9b349682e030a90a48508c6ab965b6f08c46840b7dd599b135632f181 done
build-and-deploy	Build appleboy/ssh-action@v1.0.3	2026-02-17T12:52:33.6732810Z #7 naming to docker.io/library/765f21:0ef09ebc799a4de2a08a9853879af676 done
build-and-deploy	Build appleboy/ssh-action@v1.0.3	2026-02-17T12:52:33.6733863Z #7 unpacking to docker.io/library/765f21:0ef09ebc799a4de2a08a9853879af676 0.0s done
build-and-deploy	Build appleboy/ssh-action@v1.0.3	2026-02-17T12:52:33.6734607Z #7 DONE 0.1s
build-and-deploy	Build appleboy/ssh-action@v1.0.3	2026-02-17T12:52:33.6836337Z ##[endgroup]
build-and-deploy	Checkout code	﻿2026-02-17T12:52:33.7163302Z ##[group]Run actions/checkout@v4
build-and-deploy	Checkout code	2026-02-17T12:52:33.7163990Z with:
build-and-deploy	Checkout code	2026-02-17T12:52:33.7164245Z   repository: stanisloveme-cloud/UPGRADE
build-and-deploy	Checkout code	2026-02-17T12:52:33.7164695Z   token: ***
build-and-deploy	Checkout code	2026-02-17T12:52:33.7164924Z   ssh-strict: true
build-and-deploy	Checkout code	2026-02-17T12:52:33.7165150Z   ssh-user: git
build-and-deploy	Checkout code	2026-02-17T12:52:33.7165379Z   persist-credentials: true
build-and-deploy	Checkout code	2026-02-17T12:52:33.7165661Z   clean: true
build-and-deploy	Checkout code	2026-02-17T12:52:33.7165914Z   sparse-checkout-cone-mode: true
build-and-deploy	Checkout code	2026-02-17T12:52:33.7166191Z   fetch-depth: 1
build-and-deploy	Checkout code	2026-02-17T12:52:33.7166401Z   fetch-tags: false
build-and-deploy	Checkout code	2026-02-17T12:52:33.7166622Z   show-progress: true
build-and-deploy	Checkout code	2026-02-17T12:52:33.7166857Z   lfs: false
build-and-deploy	Checkout code	2026-02-17T12:52:33.7167055Z   submodules: false
build-and-deploy	Checkout code	2026-02-17T12:52:33.7167273Z   set-safe-directory: true
build-and-deploy	Checkout code	2026-02-17T12:52:33.7167715Z ##[endgroup]
build-and-deploy	Checkout code	2026-02-17T12:52:33.8292839Z Syncing repository: stanisloveme-cloud/UPGRADE
build-and-deploy	Checkout code	2026-02-17T12:52:33.8294961Z ##[group]Getting Git version info
build-and-deploy	Checkout code	2026-02-17T12:52:33.8295713Z Working directory is '/home/runner/work/UPGRADE/UPGRADE'
build-and-deploy	Checkout code	2026-02-17T12:52:33.8296855Z [command]/usr/bin/git version
build-and-deploy	Checkout code	2026-02-17T12:52:33.8297415Z git version 2.52.0
build-and-deploy	Checkout code	2026-02-17T12:52:33.8323557Z ##[endgroup]
build-and-deploy	Checkout code	2026-02-17T12:52:33.8337034Z Temporarily overriding HOME='/home/runner/work/_temp/289ab735-8397-469b-a0b8-be6e4d1c10f1' before making global git config changes
build-and-deploy	Checkout code	2026-02-17T12:52:33.8349773Z Adding repository directory to the temporary git global config as a safe directory
build-and-deploy	Checkout code	2026-02-17T12:52:33.8351099Z [command]/usr/bin/git config --global --add safe.directory /home/runner/work/UPGRADE/UPGRADE
build-and-deploy	Checkout code	2026-02-17T12:52:33.8389796Z Deleting the contents of '/home/runner/work/UPGRADE/UPGRADE'
build-and-deploy	Checkout code	2026-02-17T12:52:33.8393484Z ##[group]Initializing the repository
build-and-deploy	Checkout code	2026-02-17T12:52:33.8397592Z [command]/usr/bin/git init /home/runner/work/UPGRADE/UPGRADE
build-and-deploy	Checkout code	2026-02-17T12:52:33.8505115Z hint: Using 'master' as the name for the initial branch. This default branch name
build-and-deploy	Checkout code	2026-02-17T12:52:33.8506101Z hint: will change to "main" in Git 3.0. To configure the initial branch name
build-and-deploy	Checkout code	2026-02-17T12:52:33.8506699Z hint: to use in all of your new repositories, which will suppress this warning,
build-and-deploy	Checkout code	2026-02-17T12:52:33.8507165Z hint: call:
build-and-deploy	Checkout code	2026-02-17T12:52:33.8507390Z hint:
build-and-deploy	Checkout code	2026-02-17T12:52:33.8507808Z hint: 	git config --global init.defaultBranch <name>
build-and-deploy	Checkout code	2026-02-17T12:52:33.8508177Z hint:
build-and-deploy	Checkout code	2026-02-17T12:52:33.8508526Z hint: Names commonly chosen instead of 'master' are 'main', 'trunk' and
build-and-deploy	Checkout code	2026-02-17T12:52:33.8509263Z hint: 'development'. The just-created branch can be renamed via this command:
build-and-deploy	Checkout code	2026-02-17T12:52:33.8510248Z hint:
build-and-deploy	Checkout code	2026-02-17T12:52:33.8510757Z hint: 	git branch -m <name>
build-and-deploy	Checkout code	2026-02-17T12:52:33.8511077Z hint:
build-and-deploy	Checkout code	2026-02-17T12:52:33.8511590Z hint: Disable this message with "git config set advice.defaultBranchName false"
build-and-deploy	Checkout code	2026-02-17T12:52:33.8512688Z Initialized empty Git repository in /home/runner/work/UPGRADE/UPGRADE/.git/
build-and-deploy	Checkout code	2026-02-17T12:52:33.8523157Z [command]/usr/bin/git remote add origin https://github.com/stanisloveme-cloud/UPGRADE
build-and-deploy	Checkout code	2026-02-17T12:52:33.8557244Z ##[endgroup]
build-and-deploy	Checkout code	2026-02-17T12:52:33.8558034Z ##[group]Disabling automatic garbage collection
build-and-deploy	Checkout code	2026-02-17T12:52:33.8562751Z [command]/usr/bin/git config --local gc.auto 0
build-and-deploy	Checkout code	2026-02-17T12:52:33.8592512Z ##[endgroup]
build-and-deploy	Checkout code	2026-02-17T12:52:33.8593223Z ##[group]Setting up auth
build-and-deploy	Checkout code	2026-02-17T12:52:33.8600725Z [command]/usr/bin/git config --local --name-only --get-regexp core\.sshCommand
build-and-deploy	Checkout code	2026-02-17T12:52:33.8633981Z [command]/usr/bin/git submodule foreach --recursive sh -c "git config --local --name-only --get-regexp 'core\.sshCommand' && git config --local --unset-all 'core.sshCommand' || :"
build-and-deploy	Checkout code	2026-02-17T12:52:33.9013898Z [command]/usr/bin/git config --local --name-only --get-regexp http\.https\:\/\/github\.com\/\.extraheader
build-and-deploy	Checkout code	2026-02-17T12:52:33.9042815Z [command]/usr/bin/git submodule foreach --recursive sh -c "git config --local --name-only --get-regexp 'http\.https\:\/\/github\.com\/\.extraheader' && git config --local --unset-all 'http.https://github.com/.extraheader' || :"
build-and-deploy	Checkout code	2026-02-17T12:52:33.9271365Z [command]/usr/bin/git config --local --name-only --get-regexp ^includeIf\.gitdir:
build-and-deploy	Checkout code	2026-02-17T12:52:33.9309068Z [command]/usr/bin/git submodule foreach --recursive git config --local --show-origin --name-only --get-regexp remote.origin.url
build-and-deploy	Checkout code	2026-02-17T12:52:33.9542522Z [command]/usr/bin/git config --local http.https://github.com/.extraheader AUTHORIZATION: basic ***
build-and-deploy	Checkout code	2026-02-17T12:52:33.9575704Z ##[endgroup]
build-and-deploy	Checkout code	2026-02-17T12:52:33.9576258Z ##[group]Fetching the repository
build-and-deploy	Checkout code	2026-02-17T12:52:33.9584214Z [command]/usr/bin/git -c protocol.version=2 fetch --no-tags --prune --no-recurse-submodules --depth=1 origin +30ac81d3cc1e797861692c89653e7cf380f2d685:refs/remotes/origin/main
build-and-deploy	Checkout code	2026-02-17T12:52:34.8082942Z From https://github.com/stanisloveme-cloud/UPGRADE
build-and-deploy	Checkout code	2026-02-17T12:52:34.8084238Z  * [new ref]         30ac81d3cc1e797861692c89653e7cf380f2d685 -> origin/main
build-and-deploy	Checkout code	2026-02-17T12:52:34.8120677Z ##[endgroup]
build-and-deploy	Checkout code	2026-02-17T12:52:34.8121572Z ##[group]Determining the checkout info
build-and-deploy	Checkout code	2026-02-17T12:52:34.8123082Z ##[endgroup]
build-and-deploy	Checkout code	2026-02-17T12:52:34.8128664Z [command]/usr/bin/git sparse-checkout disable
build-and-deploy	Checkout code	2026-02-17T12:52:34.8173808Z [command]/usr/bin/git config --local --unset-all extensions.worktreeConfig
build-and-deploy	Checkout code	2026-02-17T12:52:34.8202973Z ##[group]Checking out the ref
build-and-deploy	Checkout code	2026-02-17T12:52:34.8207740Z [command]/usr/bin/git checkout --progress --force -B main refs/remotes/origin/main
build-and-deploy	Checkout code	2026-02-17T12:52:34.9432135Z Switched to a new branch 'main'
build-and-deploy	Checkout code	2026-02-17T12:52:34.9433534Z branch 'main' set up to track 'origin/main'.
build-and-deploy	Checkout code	2026-02-17T12:52:34.9449147Z ##[endgroup]
build-and-deploy	Checkout code	2026-02-17T12:52:34.9489229Z [command]/usr/bin/git log -1 --format=%H
build-and-deploy	Checkout code	2026-02-17T12:52:34.9514746Z 30ac81d3cc1e797861692c89653e7cf380f2d685
build-and-deploy	Log in to Docker Hub	﻿2026-02-17T12:52:34.9728031Z ##[group]Run docker/login-action@v3
build-and-deploy	Log in to Docker Hub	2026-02-17T12:52:34.9728336Z with:
build-and-deploy	Log in to Docker Hub	2026-02-17T12:52:34.9728636Z   username: ***
build-and-deploy	Log in to Docker Hub	2026-02-17T12:52:34.9728908Z   password: ***
build-and-deploy	Log in to Docker Hub	2026-02-17T12:52:34.9729126Z   logout: true
build-and-deploy	Log in to Docker Hub	2026-02-17T12:52:34.9729329Z ##[endgroup]
build-and-deploy	Log in to Docker Hub	2026-02-17T12:52:35.2802356Z Logging into docker.io...
build-and-deploy	Log in to Docker Hub	2026-02-17T12:52:35.8397099Z Login Succeeded!
build-and-deploy	Build and Push Backend	﻿2026-02-17T12:52:35.8564251Z ##[group]Run docker/build-push-action@v5
build-and-deploy	Build and Push Backend	2026-02-17T12:52:35.8564581Z with:
build-and-deploy	Build and Push Backend	2026-02-17T12:52:35.8564777Z   context: .
build-and-deploy	Build and Push Backend	2026-02-17T12:52:35.8564982Z   file: Dockerfile
build-and-deploy	Build and Push Backend	2026-02-17T12:52:35.8565204Z   push: true
build-and-deploy	Build and Push Backend	2026-02-17T12:52:35.8565485Z   tags: ***/upgrade-backend:latest
build-and-deploy	Build and Push Backend	2026-02-17T12:52:35.8565874Z   cache-from: type=registry,ref=***/upgrade-backend:buildcache
build-and-deploy	Build and Push Backend	2026-02-17T12:52:35.8566356Z   cache-to: type=registry,ref=***/upgrade-backend:buildcache,mode=max
build-and-deploy	Build and Push Backend	2026-02-17T12:52:35.8566728Z   load: false
build-and-deploy	Build and Push Backend	2026-02-17T12:52:35.8566930Z   no-cache: false
build-and-deploy	Build and Push Backend	2026-02-17T12:52:35.8567138Z   pull: false
build-and-deploy	Build and Push Backend	2026-02-17T12:52:35.8567445Z   github-token: ***
build-and-deploy	Build and Push Backend	2026-02-17T12:52:35.8567679Z ##[endgroup]
build-and-deploy	Build and Push Backend	2026-02-17T12:52:36.0815357Z ##[group]GitHub Actions runtime token ACs
build-and-deploy	Build and Push Backend	2026-02-17T12:52:36.0827327Z refs/heads/main: read/write
build-and-deploy	Build and Push Backend	2026-02-17T12:52:36.0829573Z ##[endgroup]
build-and-deploy	Build and Push Backend	2026-02-17T12:52:36.0832035Z ##[group]Docker info
build-and-deploy	Build and Push Backend	2026-02-17T12:52:36.0877651Z [command]/usr/bin/docker version
build-and-deploy	Build and Push Backend	2026-02-17T12:52:36.1091618Z Client: Docker Engine - Community
build-and-deploy	Build and Push Backend	2026-02-17T12:52:36.1092553Z  Version:           29.1.5
build-and-deploy	Build and Push Backend	2026-02-17T12:52:36.1093494Z  API version:       1.52
build-and-deploy	Build and Push Backend	2026-02-17T12:52:36.1093905Z  Go version:        go1.25.6
build-and-deploy	Build and Push Backend	2026-02-17T12:52:36.1094340Z  Git commit:        0e6fee6
build-and-deploy	Build and Push Backend	2026-02-17T12:52:36.1094790Z  Built:             Fri Jan 16 12:48:47 2026
build-and-deploy	Build and Push Backend	2026-02-17T12:52:36.1095296Z  OS/Arch:           linux/amd64
build-and-deploy	Build and Push Backend	2026-02-17T12:52:36.1095738Z  Context:           default
build-and-deploy	Build and Push Backend	2026-02-17T12:52:36.1096014Z 
build-and-deploy	Build and Push Backend	2026-02-17T12:52:36.1096188Z Server: Docker Engine - Community
build-and-deploy	Build and Push Backend	2026-02-17T12:52:36.1096634Z  Engine:
build-and-deploy	Build and Push Backend	2026-02-17T12:52:36.1096962Z   Version:          29.1.5
build-and-deploy	Build and Push Backend	2026-02-17T12:52:36.1097573Z   API version:      1.52 (minimum version 1.44)
build-and-deploy	Build and Push Backend	2026-02-17T12:52:36.1098387Z   Go version:       go1.25.6
build-and-deploy	Build and Push Backend	2026-02-17T12:52:36.1098798Z   Git commit:       3b01d64
build-and-deploy	Build and Push Backend	2026-02-17T12:52:36.1099260Z   Built:            Fri Jan 16 12:48:47 2026
build-and-deploy	Build and Push Backend	2026-02-17T12:52:36.1099766Z   OS/Arch:          linux/amd64
build-and-deploy	Build and Push Backend	2026-02-17T12:52:36.1100381Z   Experimental:     false
build-and-deploy	Build and Push Backend	2026-02-17T12:52:36.1100798Z  containerd:
build-and-deploy	Build and Push Backend	2026-02-17T12:52:36.1101182Z   Version:          v2.2.1
build-and-deploy	Build and Push Backend	2026-02-17T12:52:36.1101705Z   GitCommit:        dea7da592f5d1d2b7755e3a161be07f43fad8f75
build-and-deploy	Build and Push Backend	2026-02-17T12:52:36.1102284Z  runc:
build-and-deploy	Build and Push Backend	2026-02-17T12:52:36.1102614Z   Version:          1.3.4
build-and-deploy	Build and Push Backend	2026-02-17T12:52:36.1103038Z   GitCommit:        v1.3.4-0-gd6d73eb8
build-and-deploy	Build and Push Backend	2026-02-17T12:52:36.1103524Z  docker-init:
build-and-deploy	Build and Push Backend	2026-02-17T12:52:36.1103884Z   Version:          0.19.0
build-and-deploy	Build and Push Backend	2026-02-17T12:52:36.1104300Z   GitCommit:        de40ad0
build-and-deploy	Build and Push Backend	2026-02-17T12:52:36.1143956Z [command]/usr/bin/docker info
build-and-deploy	Build and Push Backend	2026-02-17T12:52:36.3945916Z Client: Docker Engine - Community
build-and-deploy	Build and Push Backend	2026-02-17T12:52:36.3946482Z  Version:    29.1.5
build-and-deploy	Build and Push Backend	2026-02-17T12:52:36.3946934Z  Context:    default
build-and-deploy	Build and Push Backend	2026-02-17T12:52:36.3947344Z  Debug Mode: false
build-and-deploy	Build and Push Backend	2026-02-17T12:52:36.3947721Z  Plugins:
build-and-deploy	Build and Push Backend	2026-02-17T12:52:36.3948111Z   buildx: Docker Buildx (Docker Inc.)
build-and-deploy	Build and Push Backend	2026-02-17T12:52:36.3948890Z     Version:  v0.31.1
build-and-deploy	Build and Push Backend	2026-02-17T12:52:36.3949431Z     Path:     /usr/libexec/docker/cli-plugins/docker-buildx
build-and-deploy	Build and Push Backend	2026-02-17T12:52:36.3949815Z   compose: Docker Compose (Docker Inc.)
build-and-deploy	Build and Push Backend	2026-02-17T12:52:36.3950374Z     Version:  v2.40.3
build-and-deploy	Build and Push Backend	2026-02-17T12:52:36.3950674Z     Path:     /usr/libexec/docker/cli-plugins/docker-compose
build-and-deploy	Build and Push Backend	2026-02-17T12:52:36.3950916Z 
build-and-deploy	Build and Push Backend	2026-02-17T12:52:36.3950999Z Server:
build-and-deploy	Build and Push Backend	2026-02-17T12:52:36.3951185Z  Containers: 0
build-and-deploy	Build and Push Backend	2026-02-17T12:52:36.3951390Z   Running: 0
build-and-deploy	Build and Push Backend	2026-02-17T12:52:36.3951583Z   Paused: 0
build-and-deploy	Build and Push Backend	2026-02-17T12:52:36.3951777Z   Stopped: 0
build-and-deploy	Build and Push Backend	2026-02-17T12:52:36.3951965Z  Images: 2
build-and-deploy	Build and Push Backend	2026-02-17T12:52:36.3952158Z  Server Version: 29.1.5
build-and-deploy	Build and Push Backend	2026-02-17T12:52:36.3952397Z  Storage Driver: overlayfs
build-and-deploy	Build and Push Backend	2026-02-17T12:52:36.3952661Z   driver-type: io.containerd.snapshotter.v1
build-and-deploy	Build and Push Backend	2026-02-17T12:52:36.3953247Z  Logging Driver: json-file
build-and-deploy	Build and Push Backend	2026-02-17T12:52:36.3953487Z  Cgroup Driver: systemd
build-and-deploy	Build and Push Backend	2026-02-17T12:52:36.3953707Z  Cgroup Version: 2
build-and-deploy	Build and Push Backend	2026-02-17T12:52:36.3953910Z  Plugins:
build-and-deploy	Build and Push Backend	2026-02-17T12:52:36.3954135Z   Volume: local
build-and-deploy	Build and Push Backend	2026-02-17T12:52:36.3954388Z   Network: bridge host ipvlan macvlan null overlay
build-and-deploy	Build and Push Backend	2026-02-17T12:52:36.3954809Z   Log: awslogs fluentd gcplogs gelf journald json-file local splunk syslog
build-and-deploy	Build and Push Backend	2026-02-17T12:52:36.3955388Z  CDI spec directories:
build-and-deploy	Build and Push Backend	2026-02-17T12:52:36.3955612Z   /etc/cdi
build-and-deploy	Build and Push Backend	2026-02-17T12:52:36.3955796Z   /var/run/cdi
build-and-deploy	Build and Push Backend	2026-02-17T12:52:36.3955994Z  Swarm: inactive
build-and-deploy	Build and Push Backend	2026-02-17T12:52:36.3956225Z  Runtimes: io.containerd.runc.v2 runc
build-and-deploy	Build and Push Backend	2026-02-17T12:52:36.3956498Z  Default Runtime: runc
build-and-deploy	Build and Push Backend	2026-02-17T12:52:36.3956721Z  Init Binary: docker-init
build-and-deploy	Build and Push Backend	2026-02-17T12:52:36.3957045Z  containerd version: dea7da592f5d1d2b7755e3a161be07f43fad8f75
build-and-deploy	Build and Push Backend	2026-02-17T12:52:36.3957400Z  runc version: v1.3.4-0-gd6d73eb8
build-and-deploy	Build and Push Backend	2026-02-17T12:52:36.3957659Z  init version: de40ad0
build-and-deploy	Build and Push Backend	2026-02-17T12:52:36.3957888Z  Security Options:
build-and-deploy	Build and Push Backend	2026-02-17T12:52:36.3958107Z   apparmor
build-and-deploy	Build and Push Backend	2026-02-17T12:52:36.3958299Z   seccomp
build-and-deploy	Build and Push Backend	2026-02-17T12:52:36.3958490Z    Profile: builtin
build-and-deploy	Build and Push Backend	2026-02-17T12:52:36.3958697Z   cgroupns
build-and-deploy	Build and Push Backend	2026-02-17T12:52:36.3958899Z  Kernel Version: 6.14.0-1017-azure
build-and-deploy	Build and Push Backend	2026-02-17T12:52:36.3959207Z  Operating System: Ubuntu 24.04.3 LTS
build-and-deploy	Build and Push Backend	2026-02-17T12:52:36.3959466Z  OSType: linux
build-and-deploy	Build and Push Backend	2026-02-17T12:52:36.3959675Z  Architecture: x86_64
build-and-deploy	Build and Push Backend	2026-02-17T12:52:36.3959890Z  CPUs: 4
build-and-deploy	Build and Push Backend	2026-02-17T12:52:36.3960273Z  Total Memory: 15.62GiB
build-and-deploy	Build and Push Backend	2026-02-17T12:52:36.3960504Z  Name: runnervmjduv7
build-and-deploy	Build and Push Backend	2026-02-17T12:52:36.3960743Z  ID: 169aa517-19ec-4d49-bd61-4bb79f5886f6
build-and-deploy	Build and Push Backend	2026-02-17T12:52:36.3961028Z  Docker Root Dir: /var/lib/docker
build-and-deploy	Build and Push Backend	2026-02-17T12:52:36.3961268Z  Debug Mode: false
build-and-deploy	Build and Push Backend	2026-02-17T12:52:36.3961819Z  Username: ***
build-and-deploy	Build and Push Backend	2026-02-17T12:52:36.3962045Z  Experimental: false
build-and-deploy	Build and Push Backend	2026-02-17T12:52:36.3962384Z  Insecure Registries:
build-and-deploy	Build and Push Backend	2026-02-17T12:52:36.3967152Z   ::1/128
build-and-deploy	Build and Push Backend	2026-02-17T12:52:36.3967504Z   127.0.0.0/8
build-and-deploy	Build and Push Backend	2026-02-17T12:52:36.3967885Z  Live Restore Enabled: false
build-and-deploy	Build and Push Backend	2026-02-17T12:52:36.3968373Z  Firewall Backend: iptables
build-and-deploy	Build and Push Backend	2026-02-17T12:52:36.3968626Z 
build-and-deploy	Build and Push Backend	2026-02-17T12:52:36.3969159Z ##[endgroup]
build-and-deploy	Build and Push Backend	2026-02-17T12:52:36.3969827Z ##[group]Proxy configuration
build-and-deploy	Build and Push Backend	2026-02-17T12:52:36.3973387Z No proxy configuration found
build-and-deploy	Build and Push Backend	2026-02-17T12:52:36.3974213Z ##[endgroup]
build-and-deploy	Build and Push Backend	2026-02-17T12:52:36.4635269Z ##[group]Buildx version
build-and-deploy	Build and Push Backend	2026-02-17T12:52:36.4658415Z [command]/usr/bin/docker buildx version
build-and-deploy	Build and Push Backend	2026-02-17T12:52:36.5307998Z github.com/docker/buildx v0.31.1 a2675950d46b2cb171b23c2015ca44fb88607531
build-and-deploy	Build and Push Backend	2026-02-17T12:52:36.5343224Z ##[endgroup]
build-and-deploy	Build and Push Backend	2026-02-17T12:52:36.5343856Z ##[group]Builder info
build-and-deploy	Build and Push Backend	2026-02-17T12:52:36.6074472Z {
build-and-deploy	Build and Push Backend	2026-02-17T12:52:36.6074925Z   "nodes": [
build-and-deploy	Build and Push Backend	2026-02-17T12:52:36.6075269Z     {
build-and-deploy	Build and Push Backend	2026-02-17T12:52:36.6075595Z       "name": "default",
build-and-deploy	Build and Push Backend	2026-02-17T12:52:36.6075971Z       "endpoint": "default",
build-and-deploy	Build and Push Backend	2026-02-17T12:52:36.6076235Z       "status": "running",
build-and-deploy	Build and Push Backend	2026-02-17T12:52:36.6076477Z       "buildkit": "v0.26.3",
build-and-deploy	Build and Push Backend	2026-02-17T12:52:36.6076805Z       "platforms": "linux/amd64,linux/amd64/v2,linux/amd64/v3",
build-and-deploy	Build and Push Backend	2026-02-17T12:52:36.6077179Z       "features": {
build-and-deploy	Build and Push Backend	2026-02-17T12:52:36.6077507Z         "Automatically load images to the Docker Engine image store": true,
build-and-deploy	Build and Push Backend	2026-02-17T12:52:36.6077890Z         "Cache export": true,
build-and-deploy	Build and Push Backend	2026-02-17T12:52:36.6078139Z         "Direct push": true,
build-and-deploy	Build and Push Backend	2026-02-17T12:52:36.6078384Z         "Docker exporter": true,
build-and-deploy	Build and Push Backend	2026-02-17T12:52:36.6078642Z         "Multi-platform build": true,
build-and-deploy	Build and Push Backend	2026-02-17T12:52:36.6078922Z         "OCI exporter": true
build-and-deploy	Build and Push Backend	2026-02-17T12:52:36.6079150Z       },
build-and-deploy	Build and Push Backend	2026-02-17T12:52:36.6079334Z       "labels": {
build-and-deploy	Build and Push Backend	2026-02-17T12:52:36.6079685Z         "org.mobyproject.buildkit.worker.apparmor.profile": "docker-default",
build-and-deploy	Build and Push Backend	2026-02-17T12:52:36.6080693Z         "org.mobyproject.buildkit.worker.containerd.namespace": "moby",
build-and-deploy	Build and Push Backend	2026-02-17T12:52:36.6081287Z         "org.mobyproject.buildkit.worker.containerd.uuid": "1d24cf55-4f30-453a-b931-c9265de8620e",
build-and-deploy	Build and Push Backend	2026-02-17T12:52:36.6081842Z         "org.mobyproject.buildkit.worker.executor": "containerd",
build-and-deploy	Build and Push Backend	2026-02-17T12:52:36.6082278Z         "org.mobyproject.buildkit.worker.hostname": "runnervmjduv7",
build-and-deploy	Build and Push Backend	2026-02-17T12:52:36.6083013Z         "org.mobyproject.buildkit.worker.moby.host-gateway-ip": "172.17.0.1",
build-and-deploy	Build and Push Backend	2026-02-17T12:52:36.6083465Z         "org.mobyproject.buildkit.worker.network": "host",
build-and-deploy	Build and Push Backend	2026-02-17T12:52:36.6083871Z         "org.mobyproject.buildkit.worker.selinux.enabled": "false",
build-and-deploy	Build and Push Backend	2026-02-17T12:52:36.6084318Z         "org.mobyproject.buildkit.worker.snapshotter": "overlayfs"
build-and-deploy	Build and Push Backend	2026-02-17T12:52:36.6084862Z       },
build-and-deploy	Build and Push Backend	2026-02-17T12:52:36.6085049Z       "gcPolicy": [
build-and-deploy	Build and Push Backend	2026-02-17T12:52:36.6085247Z         {
build-and-deploy	Build and Push Backend	2026-02-17T12:52:36.6085427Z           "all": false,
build-and-deploy	Build and Push Backend	2026-02-17T12:52:36.6085641Z           "filter": [
build-and-deploy	Build and Push Backend	2026-02-17T12:52:36.6085856Z             "type==source.local",
build-and-deploy	Build and Push Backend	2026-02-17T12:52:36.6086109Z             "type==exec.cachemount",
build-and-deploy	Build and Push Backend	2026-02-17T12:52:36.6086382Z             "type==source.git.checkout"
build-and-deploy	Build and Push Backend	2026-02-17T12:52:36.6086632Z           ],
build-and-deploy	Build and Push Backend	2026-02-17T12:52:36.6099921Z           "keepDuration": "48h0m0s"
build-and-deploy	Build and Push Backend	2026-02-17T12:52:36.6100625Z         },
build-and-deploy	Build and Push Backend	2026-02-17T12:52:36.6100856Z         {
build-and-deploy	Build and Push Backend	2026-02-17T12:52:36.6101164Z           "all": false,
build-and-deploy	Build and Push Backend	2026-02-17T12:52:36.6101569Z           "keepDuration": "1440h0m0s"
build-and-deploy	Build and Push Backend	2026-02-17T12:52:36.6102000Z         },
build-and-deploy	Build and Push Backend	2026-02-17T12:52:36.6102319Z         {
build-and-deploy	Build and Push Backend	2026-02-17T12:52:36.6102651Z           "all": false
build-and-deploy	Build and Push Backend	2026-02-17T12:52:36.6103014Z         },
build-and-deploy	Build and Push Backend	2026-02-17T12:52:36.6103323Z         {
build-and-deploy	Build and Push Backend	2026-02-17T12:52:36.6103651Z           "all": true
build-and-deploy	Build and Push Backend	2026-02-17T12:52:36.6104024Z         }
build-and-deploy	Build and Push Backend	2026-02-17T12:52:36.6104333Z       ]
build-and-deploy	Build and Push Backend	2026-02-17T12:52:36.6104647Z     }
build-and-deploy	Build and Push Backend	2026-02-17T12:52:36.6104944Z   ],
build-and-deploy	Build and Push Backend	2026-02-17T12:52:36.6105258Z   "name": "default",
build-and-deploy	Build and Push Backend	2026-02-17T12:52:36.6105658Z   "driver": "docker",
build-and-deploy	Build and Push Backend	2026-02-17T12:52:36.6105936Z   "lastActivity": "2026-02-17T12:52:32.000Z"
build-and-deploy	Build and Push Backend	2026-02-17T12:52:36.6106214Z }
build-and-deploy	Build and Push Backend	2026-02-17T12:52:36.6106708Z ##[endgroup]
build-and-deploy	Build and Push Backend	2026-02-17T12:52:36.7644546Z [command]/usr/bin/docker buildx build --cache-from type=registry,ref=***/upgrade-backend:buildcache --cache-to type=registry,ref=***/upgrade-backend:buildcache,mode=max --file Dockerfile --iidfile /home/runner/work/_temp/docker-actions-toolkit-oB1Luh/build-iidfile-67456b1f9e.txt --tag ***/upgrade-backend:latest --metadata-file /home/runner/work/_temp/docker-actions-toolkit-oB1Luh/build-metadata-bec851c4a5.json --push .
build-and-deploy	Build and Push Backend	2026-02-17T12:52:37.0114083Z #0 building with "default" instance using docker driver
build-and-deploy	Build and Push Backend	2026-02-17T12:52:37.0114737Z 
build-and-deploy	Build and Push Backend	2026-02-17T12:52:37.0115027Z #1 [internal] load build definition from Dockerfile
build-and-deploy	Build and Push Backend	2026-02-17T12:52:37.0115794Z #1 transferring dockerfile: 413B done
build-and-deploy	Build and Push Backend	2026-02-17T12:52:37.0116279Z #1 DONE 0.0s
build-and-deploy	Build and Push Backend	2026-02-17T12:52:37.0116474Z 
build-and-deploy	Build and Push Backend	2026-02-17T12:52:37.0116772Z #2 [internal] load metadata for docker.io/library/node:20-alpine
build-and-deploy	Build and Push Backend	2026-02-17T12:52:37.2135150Z #2 ...
build-and-deploy	Build and Push Backend	2026-02-17T12:52:37.2135443Z 
build-and-deploy	Build and Push Backend	2026-02-17T12:52:37.2135806Z #3 [auth] library/node:pull token for registry-1.docker.io
build-and-deploy	Build and Push Backend	2026-02-17T12:52:37.2136512Z #3 DONE 0.0s
build-and-deploy	Build and Push Backend	2026-02-17T12:52:37.3627067Z 
build-and-deploy	Build and Push Backend	2026-02-17T12:52:37.3627496Z #2 [internal] load metadata for docker.io/library/node:20-alpine
build-and-deploy	Build and Push Backend	2026-02-17T12:52:37.8085858Z #2 DONE 0.9s
build-and-deploy	Build and Push Backend	2026-02-17T12:52:37.9839831Z 
build-and-deploy	Build and Push Backend	2026-02-17T12:52:37.9840262Z #4 [internal] load .dockerignore
build-and-deploy	Build and Push Backend	2026-02-17T12:52:37.9840714Z #4 transferring context: 91B done
build-and-deploy	Build and Push Backend	2026-02-17T12:52:37.9841155Z #4 DONE 0.0s
build-and-deploy	Build and Push Backend	2026-02-17T12:52:37.9841377Z 
build-and-deploy	Build and Push Backend	2026-02-17T12:52:37.9841532Z #5 [internal] load build context
build-and-deploy	Build and Push Backend	2026-02-17T12:52:37.9841793Z #5 DONE 0.0s
build-and-deploy	Build and Push Backend	2026-02-17T12:52:37.9841909Z 
build-and-deploy	Build and Push Backend	2026-02-17T12:52:37.9842287Z #6 [ 1/10] FROM docker.io/library/node:20-alpine@sha256:09e2b3d9726018aecf269bd35325f46bf75046a643a66d28360ec71132750ec8
build-and-deploy	Build and Push Backend	2026-02-17T12:52:37.9843143Z #6 resolve docker.io/library/node:20-alpine@sha256:09e2b3d9726018aecf269bd35325f46bf75046a643a66d28360ec71132750ec8 0.0s done
build-and-deploy	Build and Push Backend	2026-02-17T12:52:37.9843702Z #6 DONE 0.0s
build-and-deploy	Build and Push Backend	2026-02-17T12:52:37.9843812Z 
build-and-deploy	Build and Push Backend	2026-02-17T12:52:37.9844100Z #7 importing cache manifest from ***/upgrade-backend:buildcache
build-and-deploy	Build and Push Backend	2026-02-17T12:52:38.1709302Z #7 ...
build-and-deploy	Build and Push Backend	2026-02-17T12:52:38.1709464Z 
build-and-deploy	Build and Push Backend	2026-02-17T12:52:38.1709887Z #8 [auth] ***/upgrade-backend:pull token for registry-1.docker.io
build-and-deploy	Build and Push Backend	2026-02-17T12:52:38.1710767Z #8 DONE 0.0s
build-and-deploy	Build and Push Backend	2026-02-17T12:52:38.3212266Z 
build-and-deploy	Build and Push Backend	2026-02-17T12:52:38.3212665Z #7 importing cache manifest from ***/upgrade-backend:buildcache
build-and-deploy	Build and Push Backend	2026-02-17T12:52:38.3778060Z #7 inferred cache manifest type: application/vnd.oci.image.manifest.v1+json done
build-and-deploy	Build and Push Backend	2026-02-17T12:52:38.6310790Z #7 DONE 0.8s
build-and-deploy	Build and Push Backend	2026-02-17T12:52:38.7588042Z 
build-and-deploy	Build and Push Backend	2026-02-17T12:52:38.7588862Z #5 [internal] load build context
build-and-deploy	Build and Push Backend	2026-02-17T12:52:38.7590134Z #5 transferring context: 1.27MB 0.0s done
build-and-deploy	Build and Push Backend	2026-02-17T12:52:38.7590441Z #5 DONE 0.0s
build-and-deploy	Build and Push Backend	2026-02-17T12:52:38.7590568Z 
build-and-deploy	Build and Push Backend	2026-02-17T12:52:38.7590667Z #9 [ 2/10] WORKDIR /app
build-and-deploy	Build and Push Backend	2026-02-17T12:52:38.7590892Z #9 CACHED
build-and-deploy	Build and Push Backend	2026-02-17T12:52:38.7591006Z 
build-and-deploy	Build and Push Backend	2026-02-17T12:52:38.7591117Z #10 [ 3/10] COPY package*.json ./
build-and-deploy	Build and Push Backend	2026-02-17T12:52:38.7591376Z #10 CACHED
build-and-deploy	Build and Push Backend	2026-02-17T12:52:38.7591482Z 
build-and-deploy	Build and Push Backend	2026-02-17T12:52:38.7591625Z #11 [ 4/10] RUN npm ci
build-and-deploy	Build and Push Backend	2026-02-17T12:52:38.7592014Z #11 CACHED
build-and-deploy	Build and Push Backend	2026-02-17T12:52:38.7592229Z 
build-and-deploy	Build and Push Backend	2026-02-17T12:52:38.7592444Z #12 [ 5/10] COPY client/package*.json client/
build-and-deploy	Build and Push Backend	2026-02-17T12:52:38.7592969Z #12 CACHED
build-and-deploy	Build and Push Backend	2026-02-17T12:52:38.7593192Z 
build-and-deploy	Build and Push Backend	2026-02-17T12:52:38.7593323Z #13 [ 6/10] RUN cd client && npm ci
build-and-deploy	Build and Push Backend	2026-02-17T12:52:38.7593702Z #13 CACHED
build-and-deploy	Build and Push Backend	2026-02-17T12:52:38.9115996Z 
build-and-deploy	Build and Push Backend	2026-02-17T12:52:38.9116572Z #13 [ 6/10] RUN cd client && npm ci
build-and-deploy	Build and Push Backend	2026-02-17T12:52:38.9145903Z #13 sha256:3b90b08620d5de0b966f966b3d2fd23b2bffda870be744b9295ed8f51f1a3e2d 12.58MB / 81.15MB 0.2s
build-and-deploy	Build and Push Backend	2026-02-17T12:52:39.0228477Z #13 sha256:5285ab334e591a78b0cc476abe611b06e3adc45a41c8731ca721c4744455cd24 43.72kB / 43.72kB 0.2s done
build-and-deploy	Build and Push Backend	2026-02-17T12:52:39.0231673Z #13 sha256:7484bed79808a7c51825340b60074147a3eb9dce2fa3c88c746b283272edc679 0B / 231.20MB 0.2s
build-and-deploy	Build and Push Backend	2026-02-17T12:52:39.0234484Z #13 sha256:fbb15fc6ab406b9b3c3c490c9f82208de8c43a3c4212d69ce490c359db3a97e0 100.72kB / 100.72kB 0.3s done
build-and-deploy	Build and Push Backend	2026-02-17T12:52:39.1552636Z #13 sha256:3b90b08620d5de0b966f966b3d2fd23b2bffda870be744b9295ed8f51f1a3e2d 48.68MB / 81.15MB 0.3s
build-and-deploy	Build and Push Backend	2026-02-17T12:52:39.1554050Z #13 sha256:1b100f0c4d8d2f5b76484f9e31ed3f6b5764e9a7fbe538e9f38057541b03d6e1 93B / 93B 0.1s done
build-and-deploy	Build and Push Backend	2026-02-17T12:52:39.1555365Z #13 sha256:e31b2016552274339ed88ed4a438d78bf37e0f6bdf328d02207b2a598c1ef86d 445B / 445B 0.1s done
build-and-deploy	Build and Push Backend	2026-02-17T12:52:39.1556652Z #13 sha256:eb87f4721c91769ed5206f34a9ab6ec98fc1d5235c12c2fc956665b1155e9ecb 1.26MB / 1.26MB 0.1s done
build-and-deploy	Build and Push Backend	2026-02-17T12:52:39.2622022Z #13 sha256:3b90b08620d5de0b966f966b3d2fd23b2bffda870be744b9295ed8f51f1a3e2d 81.15MB / 81.15MB 0.5s done
build-and-deploy	Build and Push Backend	2026-02-17T12:52:39.2623383Z #13 sha256:ad6d96c196e3198e14ea37df8bba4f54bf92fb525eb65e49fa4027c7dee13f80 4.19MB / 42.78MB 0.2s
build-and-deploy	Build and Push Backend	2026-02-17T12:52:39.3690489Z #13 sha256:589002ba0eaed121a1dbf42f6648f29e5be55d5c8a6ee0f8eaa0285cc21ac153 3.86MB / 3.86MB 0.1s done
build-and-deploy	Build and Push Backend	2026-02-17T12:52:39.3691775Z #13 extracting sha256:589002ba0eaed121a1dbf42f6648f29e5be55d5c8a6ee0f8eaa0285cc21ac153
build-and-deploy	Build and Push Backend	2026-02-17T12:52:39.5195836Z #13 sha256:7484bed79808a7c51825340b60074147a3eb9dce2fa3c88c746b283272edc679 13.63MB / 231.20MB 0.8s
build-and-deploy	Build and Push Backend	2026-02-17T12:52:39.5197221Z #13 sha256:ad6d96c196e3198e14ea37df8bba4f54bf92fb525eb65e49fa4027c7dee13f80 42.78MB / 42.78MB 0.3s done
build-and-deploy	Build and Push Backend	2026-02-17T12:52:39.5198539Z #13 extracting sha256:589002ba0eaed121a1dbf42f6648f29e5be55d5c8a6ee0f8eaa0285cc21ac153 0.1s done
build-and-deploy	Build and Push Backend	2026-02-17T12:52:39.5199485Z #13 extracting sha256:ad6d96c196e3198e14ea37df8bba4f54bf92fb525eb65e49fa4027c7dee13f80
build-and-deploy	Build and Push Backend	2026-02-17T12:52:39.9695810Z #13 sha256:7484bed79808a7c51825340b60074147a3eb9dce2fa3c88c746b283272edc679 27.26MB / 231.20MB 1.2s
build-and-deploy	Build and Push Backend	2026-02-17T12:52:40.3895957Z #13 extracting sha256:ad6d96c196e3198e14ea37df8bba4f54bf92fb525eb65e49fa4027c7dee13f80 0.9s done
build-and-deploy	Build and Push Backend	2026-02-17T12:52:40.5686406Z #13 sha256:7484bed79808a7c51825340b60074147a3eb9dce2fa3c88c746b283272edc679 97.52MB / 231.20MB 1.8s
build-and-deploy	Build and Push Backend	2026-02-17T12:52:40.5687733Z #13 extracting sha256:eb87f4721c91769ed5206f34a9ab6ec98fc1d5235c12c2fc956665b1155e9ecb 0.0s done
build-and-deploy	Build and Push Backend	2026-02-17T12:52:40.5688885Z #13 extracting sha256:e31b2016552274339ed88ed4a438d78bf37e0f6bdf328d02207b2a598c1ef86d done
build-and-deploy	Build and Push Backend	2026-02-17T12:52:40.5690180Z #13 extracting sha256:1b100f0c4d8d2f5b76484f9e31ed3f6b5764e9a7fbe538e9f38057541b03d6e1 done
build-and-deploy	Build and Push Backend	2026-02-17T12:52:40.5691352Z #13 extracting sha256:fbb15fc6ab406b9b3c3c490c9f82208de8c43a3c4212d69ce490c359db3a97e0 done
build-and-deploy	Build and Push Backend	2026-02-17T12:52:40.7185982Z #13 sha256:7484bed79808a7c51825340b60074147a3eb9dce2fa3c88c746b283272edc679 145.75MB / 231.20MB 2.0s
build-and-deploy	Build and Push Backend	2026-02-17T12:52:40.8690301Z #13 sha256:7484bed79808a7c51825340b60074147a3eb9dce2fa3c88c746b283272edc679 186.65MB / 231.20MB 2.1s
build-and-deploy	Build and Push Backend	2026-02-17T12:52:41.0192984Z #13 sha256:7484bed79808a7c51825340b60074147a3eb9dce2fa3c88c746b283272edc679 221.25MB / 231.20MB 2.3s
build-and-deploy	Build and Push Backend	2026-02-17T12:52:41.5012028Z #13 sha256:7484bed79808a7c51825340b60074147a3eb9dce2fa3c88c746b283272edc679 231.20MB / 231.20MB 2.6s done
build-and-deploy	Build and Push Backend	2026-02-17T12:52:41.5013276Z #13 extracting sha256:7484bed79808a7c51825340b60074147a3eb9dce2fa3c88c746b283272edc679
build-and-deploy	Build and Push Backend	2026-02-17T12:52:49.3084781Z #13 extracting sha256:7484bed79808a7c51825340b60074147a3eb9dce2fa3c88c746b283272edc679 8.0s done
build-and-deploy	Build and Push Backend	2026-02-17T12:52:49.3086051Z #13 DONE 10.6s
build-and-deploy	Build and Push Backend	2026-02-17T12:52:49.4655788Z 
build-and-deploy	Build and Push Backend	2026-02-17T12:52:49.4656159Z #13 [ 6/10] RUN cd client && npm ci
build-and-deploy	Build and Push Backend	2026-02-17T12:52:49.4656932Z #13 extracting sha256:5285ab334e591a78b0cc476abe611b06e3adc45a41c8731ca721c4744455cd24 done
build-and-deploy	Build and Push Backend	2026-02-17T12:52:49.4657633Z #13 extracting sha256:3b90b08620d5de0b966f966b3d2fd23b2bffda870be744b9295ed8f51f1a3e2d
build-and-deploy	Build and Push Backend	2026-02-17T12:52:58.9574842Z #13 extracting sha256:3b90b08620d5de0b966f966b3d2fd23b2bffda870be744b9295ed8f51f1a3e2d 9.6s done
build-and-deploy	Build and Push Backend	2026-02-17T12:52:58.9575863Z #13 DONE 20.3s
build-and-deploy	Build and Push Backend	2026-02-17T12:52:59.1087146Z 
build-and-deploy	Build and Push Backend	2026-02-17T12:52:59.1087498Z #14 [ 7/10] COPY . .
build-and-deploy	Build and Push Backend	2026-02-17T12:53:02.2484916Z #14 DONE 3.3s
build-and-deploy	Build and Push Backend	2026-02-17T12:53:02.3997393Z 
build-and-deploy	Build and Push Backend	2026-02-17T12:53:02.3998011Z #15 [ 8/10] RUN cd client && npm run build
build-and-deploy	Build and Push Backend	2026-02-17T12:53:02.5320807Z #15 0.283 
build-and-deploy	Build and Push Backend	2026-02-17T12:53:02.5321380Z #15 0.283 > client@0.0.0 build
build-and-deploy	Build and Push Backend	2026-02-17T12:53:02.5321890Z #15 0.283 > tsc -b && vite build
build-and-deploy	Build and Push Backend	2026-02-17T12:53:02.5322344Z #15 0.283 
build-and-deploy	Build and Push Backend	2026-02-17T12:53:07.6604082Z #15 5.411 vite v7.3.1 building client environment for production...
build-and-deploy	Build and Push Backend	2026-02-17T12:53:07.8734010Z #15 5.474 transforming...
build-and-deploy	Build and Push Backend	2026-02-17T12:53:23.3541799Z #15 21.10 ✓ 9941 modules transformed.
build-and-deploy	Build and Push Backend	2026-02-17T12:53:24.5442300Z #15 22.29 rendering chunks...
build-and-deploy	Build and Push Backend	2026-02-17T12:53:24.7731893Z #15 22.32 computing gzip size...
build-and-deploy	Build and Push Backend	2026-02-17T12:53:24.7733460Z #15 22.37 dist/index.html                     0.45 kB │ gzip:   0.29 kB
build-and-deploy	Build and Push Backend	2026-02-17T12:53:24.7734204Z #15 22.37 dist/assets/index-CvivjFEo.css      1.19 kB │ gzip:   0.57 kB
build-and-deploy	Build and Push Backend	2026-02-17T12:53:24.7734735Z #15 22.37 dist/assets/index-DAkxJcHi.js   1,976.16 kB │ gzip: 630.37 kB
build-and-deploy	Build and Push Backend	2026-02-17T12:53:24.7735121Z #15 22.37 
build-and-deploy	Build and Push Backend	2026-02-17T12:53:24.7735423Z #15 22.37 (!) Some chunks are larger than 500 kB after minification. Consider:
build-and-deploy	Build and Push Backend	2026-02-17T12:53:24.7735892Z #15 22.37 - Using dynamic import() to code-split the application
build-and-deploy	Build and Push Backend	2026-02-17T12:53:24.7736641Z #15 22.37 - Use build.rollupOptions.output.manualChunks to improve chunking: https://rollupjs.org/configuration-options/#output-manualchunks
build-and-deploy	Build and Push Backend	2026-02-17T12:53:24.7737426Z #15 22.37 - Adjust chunk size limit for this warning via build.chunkSizeWarningLimit.
build-and-deploy	Build and Push Backend	2026-02-17T12:53:24.7737876Z #15 22.37 ✓ built in 16.94s
build-and-deploy	Build and Push Backend	2026-02-17T12:53:24.8352526Z #15 DONE 22.6s
build-and-deploy	Build and Push Backend	2026-02-17T12:53:24.9872961Z 
build-and-deploy	Build and Push Backend	2026-02-17T12:53:24.9873718Z #16 [ 9/10] RUN npx prisma generate
build-and-deploy	Build and Push Backend	2026-02-17T12:53:26.5634589Z #16 1.727 Loaded Prisma config from prisma.config.ts.
build-and-deploy	Build and Push Backend	2026-02-17T12:53:26.5635089Z #16 1.727 
build-and-deploy	Build and Push Backend	2026-02-17T12:53:26.6918257Z #16 1.855 Prisma schema loaded from prisma/schema.prisma.
build-and-deploy	Build and Push Backend	2026-02-17T12:53:27.0953106Z #16 2.258 
build-and-deploy	Build and Push Backend	2026-02-17T12:53:27.0954122Z #16 2.258 ✔ Generated Prisma Client (v7.4.0) to ./node_modules/@prisma/client in 234ms
build-and-deploy	Build and Push Backend	2026-02-17T12:53:27.0954621Z #16 2.258 
build-and-deploy	Build and Push Backend	2026-02-17T12:53:27.0955033Z #16 2.258 Start by importing your Prisma Client (See: https://pris.ly/d/importing-client)
build-and-deploy	Build and Push Backend	2026-02-17T12:53:27.0955470Z #16 2.258 
build-and-deploy	Build and Push Backend	2026-02-17T12:53:27.0955652Z #16 2.258 
build-and-deploy	Build and Push Backend	2026-02-17T12:53:27.3029694Z #16 DONE 2.3s
build-and-deploy	Build and Push Backend	2026-02-17T12:53:27.3030376Z 
build-and-deploy	Build and Push Backend	2026-02-17T12:53:27.3030945Z #17 [10/10] RUN npm run build
build-and-deploy	Build and Push Backend	2026-02-17T12:53:27.4285088Z #17 0.276 
build-and-deploy	Build and Push Backend	2026-02-17T12:53:27.4285744Z #17 0.276 > upgrade-crm@0.0.1 build
build-and-deploy	Build and Push Backend	2026-02-17T12:53:27.4288565Z #17 0.276 > nest build
build-and-deploy	Build and Push Backend	2026-02-17T12:53:27.4289016Z #17 0.276 
build-and-deploy	Build and Push Backend	2026-02-17T12:53:32.1606643Z #17 DONE 5.0s
build-and-deploy	Build and Push Backend	2026-02-17T12:53:32.3125287Z 
build-and-deploy	Build and Push Backend	2026-02-17T12:53:32.3127790Z #18 exporting to image
build-and-deploy	Build and Push Backend	2026-02-17T12:53:32.3128653Z #18 exporting layers
build-and-deploy	Build and Push Backend	2026-02-17T12:53:32.5331050Z #18 exporting layers 0.4s done
build-and-deploy	Build and Push Backend	2026-02-17T12:53:32.7130180Z #18 exporting manifest sha256:c845fc21971ff5bcde426ae393a9d31defc45ed6b0d1457b651f146e9beb8b3a done
build-and-deploy	Build and Push Backend	2026-02-17T12:53:32.7131211Z #18 exporting config sha256:8e8f0b8311b29f8add9019f44ad79fe1b2fa77e37cbb9420673f9320a6494e40 done
build-and-deploy	Build and Push Backend	2026-02-17T12:53:32.7132455Z #18 exporting attestation manifest sha256:b7e070d3ce6f86bdd8abeab4d7556afb1edfd2843c1aabf1494312d0d64c42e6 done
build-and-deploy	Build and Push Backend	2026-02-17T12:53:32.7133338Z #18 exporting manifest list sha256:2b87f36e2d8c6a266fee994c10c7c3a95b1b2ca3a3408a31587933fe03fe97da done
build-and-deploy	Build and Push Backend	2026-02-17T12:53:32.7134095Z #18 naming to docker.io/***/upgrade-backend:latest done
build-and-deploy	Build and Push Backend	2026-02-17T12:53:32.7134475Z #18 pushing layers
build-and-deploy	Build and Push Backend	2026-02-17T12:53:32.9170973Z #18 ...
build-and-deploy	Build and Push Backend	2026-02-17T12:53:32.9171176Z 
build-and-deploy	Build and Push Backend	2026-02-17T12:53:32.9171579Z #19 [auth] ***/upgrade-backend:pull,push token for registry-1.docker.io
build-and-deploy	Build and Push Backend	2026-02-17T12:53:32.9172041Z #19 DONE 0.0s
build-and-deploy	Build and Push Backend	2026-02-17T12:53:33.0672031Z 
build-and-deploy	Build and Push Backend	2026-02-17T12:53:33.0672227Z #18 exporting to image
build-and-deploy	Build and Push Backend	2026-02-17T12:53:35.3007485Z #18 pushing layers 2.7s done
build-and-deploy	Build and Push Backend	2026-02-17T12:53:35.3008685Z #18 pushing manifest for docker.io/***/upgrade-backend:latest@sha256:2b87f36e2d8c6a266fee994c10c7c3a95b1b2ca3a3408a31587933fe03fe97da
build-and-deploy	Build and Push Backend	2026-02-17T12:53:38.1300291Z #18 pushing manifest for docker.io/***/upgrade-backend:latest@sha256:2b87f36e2d8c6a266fee994c10c7c3a95b1b2ca3a3408a31587933fe03fe97da 2.8s done
build-and-deploy	Build and Push Backend	2026-02-17T12:53:38.2984333Z #18 DONE 6.0s
build-and-deploy	Build and Push Backend	2026-02-17T12:53:38.2984967Z 
build-and-deploy	Build and Push Backend	2026-02-17T12:53:38.2985435Z #20 exporting cache to registry
build-and-deploy	Build and Push Backend	2026-02-17T12:53:38.2986055Z #20 preparing build cache for export
build-and-deploy	Build and Push Backend	2026-02-17T12:53:38.3156330Z #20 writing layer sha256:070908bfb6f3ad860d79bb813bbdfe0438b15879718dd2ae24a4ecc0155f3cb2
build-and-deploy	Build and Push Backend	2026-02-17T12:53:38.4609666Z #20 writing layer sha256:070908bfb6f3ad860d79bb813bbdfe0438b15879718dd2ae24a4ecc0155f3cb2 0.1s done
build-and-deploy	Build and Push Backend	2026-02-17T12:53:38.4610839Z #20 writing layer sha256:1b100f0c4d8d2f5b76484f9e31ed3f6b5764e9a7fbe538e9f38057541b03d6e1 0.1s done
build-and-deploy	Build and Push Backend	2026-02-17T12:53:38.4611565Z #20 writing layer sha256:39a964c678083d438edd1498e3480b186b14f163d60f6c95d393036fc5b2efd3
build-and-deploy	Build and Push Backend	2026-02-17T12:53:38.6073357Z #20 writing layer sha256:39a964c678083d438edd1498e3480b186b14f163d60f6c95d393036fc5b2efd3 0.1s done
build-and-deploy	Build and Push Backend	2026-02-17T12:53:38.6074341Z #20 writing layer sha256:3b90b08620d5de0b966f966b3d2fd23b2bffda870be744b9295ed8f51f1a3e2d 0.1s done
build-and-deploy	Build and Push Backend	2026-02-17T12:53:38.6075228Z #20 writing layer sha256:5285ab334e591a78b0cc476abe611b06e3adc45a41c8731ca721c4744455cd24
build-and-deploy	Build and Push Backend	2026-02-17T12:53:38.7558988Z #20 writing layer sha256:5285ab334e591a78b0cc476abe611b06e3adc45a41c8731ca721c4744455cd24 0.1s done
build-and-deploy	Build and Push Backend	2026-02-17T12:53:38.7560309Z #20 writing layer sha256:589002ba0eaed121a1dbf42f6648f29e5be55d5c8a6ee0f8eaa0285cc21ac153 0.1s done
build-and-deploy	Build and Push Backend	2026-02-17T12:53:38.7561251Z #20 writing layer sha256:6b9f9ab4fcc91bf08fc7e53e25c2544ff04c8c13ba4a1a032d82d1e076f87fa1
build-and-deploy	Build and Push Backend	2026-02-17T12:53:38.9026207Z #20 writing layer sha256:6b9f9ab4fcc91bf08fc7e53e25c2544ff04c8c13ba4a1a032d82d1e076f87fa1 0.1s done
build-and-deploy	Build and Push Backend	2026-02-17T12:53:38.9027586Z #20 writing layer sha256:6fdda87a9068ef168009c2ab80caecb6a4a9c717189f9cf384d294ea678e70a9 0.1s done
build-and-deploy	Build and Push Backend	2026-02-17T12:53:38.9028323Z #20 writing layer sha256:7484bed79808a7c51825340b60074147a3eb9dce2fa3c88c746b283272edc679
build-and-deploy	Build and Push Backend	2026-02-17T12:53:39.0526519Z #20 writing layer sha256:7484bed79808a7c51825340b60074147a3eb9dce2fa3c88c746b283272edc679 0.1s done
build-and-deploy	Build and Push Backend	2026-02-17T12:53:39.0528044Z #20 writing layer sha256:ad6d96c196e3198e14ea37df8bba4f54bf92fb525eb65e49fa4027c7dee13f80 0.1s done
build-and-deploy	Build and Push Backend	2026-02-17T12:53:39.0528941Z #20 writing layer sha256:e31b2016552274339ed88ed4a438d78bf37e0f6bdf328d02207b2a598c1ef86d
build-and-deploy	Build and Push Backend	2026-02-17T12:53:39.2025900Z #20 writing layer sha256:e31b2016552274339ed88ed4a438d78bf37e0f6bdf328d02207b2a598c1ef86d 0.1s done
build-and-deploy	Build and Push Backend	2026-02-17T12:53:39.2026718Z #20 writing layer sha256:eb87f4721c91769ed5206f34a9ab6ec98fc1d5235c12c2fc956665b1155e9ecb 0.1s done
build-and-deploy	Build and Push Backend	2026-02-17T12:53:39.2027448Z #20 writing layer sha256:fbb15fc6ab406b9b3c3c490c9f82208de8c43a3c4212d69ce490c359db3a97e0
build-and-deploy	Build and Push Backend	2026-02-17T12:53:39.4283567Z #20 writing layer sha256:fbb15fc6ab406b9b3c3c490c9f82208de8c43a3c4212d69ce490c359db3a97e0 0.1s done
build-and-deploy	Build and Push Backend	2026-02-17T12:53:39.4284362Z #20 writing config sha256:da44370d2f6e47ba8d30ae31cccd0f7136d6bf3e19b32fb140a65fd995853813
build-and-deploy	Build and Push Backend	2026-02-17T12:53:40.2874630Z #20 writing config sha256:da44370d2f6e47ba8d30ae31cccd0f7136d6bf3e19b32fb140a65fd995853813 1.0s done
build-and-deploy	Build and Push Backend	2026-02-17T12:53:40.4379682Z #20 writing cache image manifest sha256:99822a05d3f81c9001755e3243720ad6c2f5065635392b4008e35868862ecb1e
build-and-deploy	Build and Push Backend	2026-02-17T12:53:42.0267914Z #20 preparing build cache for export 3.9s done
build-and-deploy	Build and Push Backend	2026-02-17T12:53:42.0269020Z #20 writing cache image manifest sha256:99822a05d3f81c9001755e3243720ad6c2f5065635392b4008e35868862ecb1e 1.7s done
build-and-deploy	Build and Push Backend	2026-02-17T12:53:42.0270151Z #20 DONE 3.9s
build-and-deploy	Build and Push Backend	2026-02-17T12:53:42.0755033Z 
build-and-deploy	Build and Push Backend	2026-02-17T12:53:42.0755365Z #21 resolving provenance for metadata file
build-and-deploy	Build and Push Backend	2026-02-17T12:53:42.0755739Z #21 DONE 0.0s
build-and-deploy	Build and Push Backend	2026-02-17T12:53:42.0814747Z ##[group]ImageID
build-and-deploy	Build and Push Backend	2026-02-17T12:53:42.0815165Z sha256:2b87f36e2d8c6a266fee994c10c7c3a95b1b2ca3a3408a31587933fe03fe97da
build-and-deploy	Build and Push Backend	2026-02-17T12:53:42.0818266Z ##[endgroup]
build-and-deploy	Build and Push Backend	2026-02-17T12:53:42.0818751Z ##[group]Digest
build-and-deploy	Build and Push Backend	2026-02-17T12:53:42.0819100Z sha256:2b87f36e2d8c6a266fee994c10c7c3a95b1b2ca3a3408a31587933fe03fe97da
build-and-deploy	Build and Push Backend	2026-02-17T12:53:42.0819831Z ##[endgroup]
build-and-deploy	Build and Push Backend	2026-02-17T12:53:42.0820585Z ##[group]Metadata
build-and-deploy	Build and Push Backend	2026-02-17T12:53:42.0820978Z {
build-and-deploy	Build and Push Backend	2026-02-17T12:53:42.0821186Z   "buildx.build.provenance": {
build-and-deploy	Build and Push Backend	2026-02-17T12:53:42.0821451Z     "builder": {
build-and-deploy	Build and Push Backend	2026-02-17T12:53:42.0821678Z       "id": ""
build-and-deploy	Build and Push Backend	2026-02-17T12:53:42.0821934Z     },
build-and-deploy	Build and Push Backend	2026-02-17T12:53:42.0822206Z     "buildType": "https://mobyproject.org/buildkit@v1",
build-and-deploy	Build and Push Backend	2026-02-17T12:53:42.0822525Z     "materials": [
build-and-deploy	Build and Push Backend	2026-02-17T12:53:42.0822724Z       {
build-and-deploy	Build and Push Backend	2026-02-17T12:53:42.0823008Z         "uri": "pkg:docker/node@20-alpine?platform=linux%2Famd64",
build-and-deploy	Build and Push Backend	2026-02-17T12:53:42.0823343Z         "digest": {
build-and-deploy	Build and Push Backend	2026-02-17T12:53:42.0823680Z           "sha256": "09e2b3d9726018aecf269bd35325f46bf75046a643a66d28360ec71132750ec8"
build-and-deploy	Build and Push Backend	2026-02-17T12:53:42.0824084Z         }
build-and-deploy	Build and Push Backend	2026-02-17T12:53:42.0824317Z       }
build-and-deploy	Build and Push Backend	2026-02-17T12:53:42.0824537Z     ],
build-and-deploy	Build and Push Backend	2026-02-17T12:53:42.0824719Z     "invocation": {
build-and-deploy	Build and Push Backend	2026-02-17T12:53:42.0824928Z       "configSource": {
build-and-deploy	Build and Push Backend	2026-02-17T12:53:42.0825188Z         "entryPoint": "Dockerfile"
build-and-deploy	Build and Push Backend	2026-02-17T12:53:42.0825431Z       },
build-and-deploy	Build and Push Backend	2026-02-17T12:53:42.0825640Z       "parameters": {
build-and-deploy	Build and Push Backend	2026-02-17T12:53:42.0825881Z         "frontend": "dockerfile.v0",
build-and-deploy	Build and Push Backend	2026-02-17T12:53:42.0826155Z         "locals": [
build-and-deploy	Build and Push Backend	2026-02-17T12:53:42.0826375Z           {
build-and-deploy	Build and Push Backend	2026-02-17T12:53:42.0826587Z             "name": "context"
build-and-deploy	Build and Push Backend	2026-02-17T12:53:42.0826839Z           },
build-and-deploy	Build and Push Backend	2026-02-17T12:53:42.0827055Z           {
build-and-deploy	Build and Push Backend	2026-02-17T12:53:42.0827250Z             "name": "dockerfile"
build-and-deploy	Build and Push Backend	2026-02-17T12:53:42.0827505Z           }
build-and-deploy	Build and Push Backend	2026-02-17T12:53:42.0827707Z         ]
build-and-deploy	Build and Push Backend	2026-02-17T12:53:42.0827900Z       },
build-and-deploy	Build and Push Backend	2026-02-17T12:53:42.0828106Z       "environment": {
build-and-deploy	Build and Push Backend	2026-02-17T12:53:42.0828345Z         "platform": "linux/amd64"
build-and-deploy	Build and Push Backend	2026-02-17T12:53:42.0828625Z       }
build-and-deploy	Build and Push Backend	2026-02-17T12:53:42.0828811Z     }
build-and-deploy	Build and Push Backend	2026-02-17T12:53:42.0829002Z   },
build-and-deploy	Build and Push Backend	2026-02-17T12:53:42.0829294Z   "buildx.build.ref": "default/default/51928r8sf90r7vowj8z280hio",
build-and-deploy	Build and Push Backend	2026-02-17T12:53:42.0830380Z   "cache.manifest": "{\"mediaType\":\"application/vnd.oci.image.manifest.v1+json\",\"digest\":\"sha256:99822a05d3f81c9001755e3243720ad6c2f5065635392b4008e35868862ecb1e\",\"size\":4536}",
build-and-deploy	Build and Push Backend	2026-02-17T12:53:42.0831232Z   "containerimage.descriptor": {
build-and-deploy	Build and Push Backend	2026-02-17T12:53:42.0831607Z     "mediaType": "application/vnd.oci.image.index.v1+json",
build-and-deploy	Build and Push Backend	2026-02-17T12:53:42.0832126Z     "digest": "sha256:2b87f36e2d8c6a266fee994c10c7c3a95b1b2ca3a3408a31587933fe03fe97da",
build-and-deploy	Build and Push Backend	2026-02-17T12:53:42.0832576Z     "size": 856
build-and-deploy	Build and Push Backend	2026-02-17T12:53:42.0832774Z   },
build-and-deploy	Build and Push Backend	2026-02-17T12:53:42.0833208Z   "containerimage.digest": "sha256:2b87f36e2d8c6a266fee994c10c7c3a95b1b2ca3a3408a31587933fe03fe97da",
build-and-deploy	Build and Push Backend	2026-02-17T12:53:42.0834024Z   "image.name": "docker.io/***/upgrade-backend:latest"
build-and-deploy	Build and Push Backend	2026-02-17T12:53:42.0834364Z }
build-and-deploy	Build and Push Backend	2026-02-17T12:53:42.0834942Z ##[endgroup]
build-and-deploy	Build and Push Frontend	﻿2026-02-17T12:53:42.0981493Z ##[group]Run docker/build-push-action@v5
build-and-deploy	Build and Push Frontend	2026-02-17T12:53:42.0981839Z with:
build-and-deploy	Build and Push Frontend	2026-02-17T12:53:42.0982049Z   context: ./client
build-and-deploy	Build and Push Frontend	2026-02-17T12:53:42.0982277Z   file: client/Dockerfile
build-and-deploy	Build and Push Frontend	2026-02-17T12:53:42.0982516Z   push: true
build-and-deploy	Build and Push Frontend	2026-02-17T12:53:42.0982783Z   tags: ***/upgrade-frontend:latest
build-and-deploy	Build and Push Frontend	2026-02-17T12:53:42.0983066Z   no-cache: true
build-and-deploy	Build and Push Frontend	2026-02-17T12:53:42.0983427Z   cache-from: type=registry,ref=***/upgrade-frontend:buildcache
build-and-deploy	Build and Push Frontend	2026-02-17T12:53:42.0983931Z   cache-to: type=registry,ref=***/upgrade-frontend:buildcache,mode=max
build-and-deploy	Build and Push Frontend	2026-02-17T12:53:42.0984297Z   load: false
build-and-deploy	Build and Push Frontend	2026-02-17T12:53:42.0984499Z   pull: false
build-and-deploy	Build and Push Frontend	2026-02-17T12:53:42.0984798Z   github-token: ***
build-and-deploy	Build and Push Frontend	2026-02-17T12:53:42.0985016Z ##[endgroup]
build-and-deploy	Build and Push Frontend	2026-02-17T12:53:42.3248659Z ##[group]GitHub Actions runtime token ACs
build-and-deploy	Build and Push Frontend	2026-02-17T12:53:42.3259899Z refs/heads/main: read/write
build-and-deploy	Build and Push Frontend	2026-02-17T12:53:42.3261496Z ##[endgroup]
build-and-deploy	Build and Push Frontend	2026-02-17T12:53:42.3262639Z ##[group]Docker info
build-and-deploy	Build and Push Frontend	2026-02-17T12:53:42.3309464Z [command]/usr/bin/docker version
build-and-deploy	Build and Push Frontend	2026-02-17T12:53:42.3496764Z Client: Docker Engine - Community
build-and-deploy	Build and Push Frontend	2026-02-17T12:53:42.3497772Z  Version:           29.1.5
build-and-deploy	Build and Push Frontend	2026-02-17T12:53:42.3499065Z  API version:       1.52
build-and-deploy	Build and Push Frontend	2026-02-17T12:53:42.3499581Z  Go version:        go1.25.6
build-and-deploy	Build and Push Frontend	2026-02-17T12:53:42.3500286Z  Git commit:        0e6fee6
build-and-deploy	Build and Push Frontend	2026-02-17T12:53:42.3500805Z  Built:             Fri Jan 16 12:48:47 2026
build-and-deploy	Build and Push Frontend	2026-02-17T12:53:42.3501348Z  OS/Arch:           linux/amd64
build-and-deploy	Build and Push Frontend	2026-02-17T12:53:42.3501818Z  Context:           default
build-and-deploy	Build and Push Frontend	2026-02-17T12:53:42.3502137Z 
build-and-deploy	Build and Push Frontend	2026-02-17T12:53:42.3502423Z Server: Docker Engine - Community
build-and-deploy	Build and Push Frontend	2026-02-17T12:53:42.3502877Z  Engine:
build-and-deploy	Build and Push Frontend	2026-02-17T12:53:42.3503196Z   Version:          29.1.5
build-and-deploy	Build and Push Frontend	2026-02-17T12:53:42.3503643Z   API version:      1.52 (minimum version 1.44)
build-and-deploy	Build and Push Frontend	2026-02-17T12:53:42.3504149Z   Go version:       go1.25.6
build-and-deploy	Build and Push Frontend	2026-02-17T12:53:42.3504563Z   Git commit:       3b01d64
build-and-deploy	Build and Push Frontend	2026-02-17T12:53:42.3504983Z   Built:            Fri Jan 16 12:48:47 2026
build-and-deploy	Build and Push Frontend	2026-02-17T12:53:42.3505505Z   OS/Arch:          linux/amd64
build-and-deploy	Build and Push Frontend	2026-02-17T12:53:42.3505933Z   Experimental:     false
build-and-deploy	Build and Push Frontend	2026-02-17T12:53:42.3506361Z  containerd:
build-and-deploy	Build and Push Frontend	2026-02-17T12:53:42.3506698Z   Version:          v2.2.1
build-and-deploy	Build and Push Frontend	2026-02-17T12:53:42.3507198Z   GitCommit:        dea7da592f5d1d2b7755e3a161be07f43fad8f75
build-and-deploy	Build and Push Frontend	2026-02-17T12:53:42.3507753Z  runc:
build-and-deploy	Build and Push Frontend	2026-02-17T12:53:42.3508069Z   Version:          1.3.4
build-and-deploy	Build and Push Frontend	2026-02-17T12:53:42.3508470Z   GitCommit:        v1.3.4-0-gd6d73eb8
build-and-deploy	Build and Push Frontend	2026-02-17T12:53:42.3508922Z  docker-init:
build-and-deploy	Build and Push Frontend	2026-02-17T12:53:42.3509904Z   Version:          0.19.0
build-and-deploy	Build and Push Frontend	2026-02-17T12:53:42.3510569Z   GitCommit:        de40ad0
build-and-deploy	Build and Push Frontend	2026-02-17T12:53:42.3550806Z [command]/usr/bin/docker info
build-and-deploy	Build and Push Frontend	2026-02-17T12:53:42.4067573Z Client: Docker Engine - Community
build-and-deploy	Build and Push Frontend	2026-02-17T12:53:42.4068186Z  Version:    29.1.5
build-and-deploy	Build and Push Frontend	2026-02-17T12:53:42.4068571Z  Context:    default
build-and-deploy	Build and Push Frontend	2026-02-17T12:53:42.4068953Z  Debug Mode: false
build-and-deploy	Build and Push Frontend	2026-02-17T12:53:42.4069318Z  Plugins:
build-and-deploy	Build and Push Frontend	2026-02-17T12:53:42.4069679Z   buildx: Docker Buildx (Docker Inc.)
build-and-deploy	Build and Push Frontend	2026-02-17T12:53:42.4070303Z     Version:  v0.31.1
build-and-deploy	Build and Push Frontend	2026-02-17T12:53:42.4070736Z     Path:     /usr/libexec/docker/cli-plugins/docker-buildx
build-and-deploy	Build and Push Frontend	2026-02-17T12:53:42.4071131Z   compose: Docker Compose (Docker Inc.)
build-and-deploy	Build and Push Frontend	2026-02-17T12:53:42.4071404Z     Version:  v2.40.3
build-and-deploy	Build and Push Frontend	2026-02-17T12:53:42.4071694Z     Path:     /usr/libexec/docker/cli-plugins/docker-compose
build-and-deploy	Build and Push Frontend	2026-02-17T12:53:42.4071931Z 
build-and-deploy	Build and Push Frontend	2026-02-17T12:53:42.4072007Z Server:
build-and-deploy	Build and Push Frontend	2026-02-17T12:53:42.4072198Z  Containers: 0
build-and-deploy	Build and Push Frontend	2026-02-17T12:53:42.4072403Z   Running: 0
build-and-deploy	Build and Push Frontend	2026-02-17T12:53:42.4072595Z   Paused: 0
build-and-deploy	Build and Push Frontend	2026-02-17T12:53:42.4072786Z   Stopped: 0
build-and-deploy	Build and Push Frontend	2026-02-17T12:53:42.4072972Z  Images: 3
build-and-deploy	Build and Push Frontend	2026-02-17T12:53:42.4073166Z  Server Version: 29.1.5
build-and-deploy	Build and Push Frontend	2026-02-17T12:53:42.4073400Z  Storage Driver: overlayfs
build-and-deploy	Build and Push Frontend	2026-02-17T12:53:42.4073664Z   driver-type: io.containerd.snapshotter.v1
build-and-deploy	Build and Push Frontend	2026-02-17T12:53:42.4073958Z  Logging Driver: json-file
build-and-deploy	Build and Push Frontend	2026-02-17T12:53:42.4074188Z  Cgroup Driver: systemd
build-and-deploy	Build and Push Frontend	2026-02-17T12:53:42.4074408Z  Cgroup Version: 2
build-and-deploy	Build and Push Frontend	2026-02-17T12:53:42.4074618Z  Plugins:
build-and-deploy	Build and Push Frontend	2026-02-17T12:53:42.4074831Z   Volume: local
build-and-deploy	Build and Push Frontend	2026-02-17T12:53:42.4075085Z   Network: bridge host ipvlan macvlan null overlay
build-and-deploy	Build and Push Frontend	2026-02-17T12:53:42.4075490Z   Log: awslogs fluentd gcplogs gelf journald json-file local splunk syslog
build-and-deploy	Build and Push Frontend	2026-02-17T12:53:42.4076366Z  CDI spec directories:
build-and-deploy	Build and Push Frontend	2026-02-17T12:53:42.4076589Z   /etc/cdi
build-and-deploy	Build and Push Frontend	2026-02-17T12:53:42.4076776Z   /var/run/cdi
build-and-deploy	Build and Push Frontend	2026-02-17T12:53:42.4076998Z  Swarm: inactive
build-and-deploy	Build and Push Frontend	2026-02-17T12:53:42.4077291Z  Runtimes: runc io.containerd.runc.v2
build-and-deploy	Build and Push Frontend	2026-02-17T12:53:42.4077566Z  Default Runtime: runc
build-and-deploy	Build and Push Frontend	2026-02-17T12:53:42.4077793Z  Init Binary: docker-init
build-and-deploy	Build and Push Frontend	2026-02-17T12:53:42.4078102Z  containerd version: dea7da592f5d1d2b7755e3a161be07f43fad8f75
build-and-deploy	Build and Push Frontend	2026-02-17T12:53:42.4078495Z  runc version: v1.3.4-0-gd6d73eb8
build-and-deploy	Build and Push Frontend	2026-02-17T12:53:42.4078749Z  init version: de40ad0
build-and-deploy	Build and Push Frontend	2026-02-17T12:53:42.4078971Z  Security Options:
build-and-deploy	Build and Push Frontend	2026-02-17T12:53:42.4079175Z   apparmor
build-and-deploy	Build and Push Frontend	2026-02-17T12:53:42.4079362Z   seccomp
build-and-deploy	Build and Push Frontend	2026-02-17T12:53:42.4079556Z    Profile: builtin
build-and-deploy	Build and Push Frontend	2026-02-17T12:53:42.4079762Z   cgroupns
build-and-deploy	Build and Push Frontend	2026-02-17T12:53:42.4080140Z  Kernel Version: 6.14.0-1017-azure
build-and-deploy	Build and Push Frontend	2026-02-17T12:53:42.4080489Z  Operating System: Ubuntu 24.04.3 LTS
build-and-deploy	Build and Push Frontend	2026-02-17T12:53:42.4080760Z  OSType: linux
build-and-deploy	Build and Push Frontend	2026-02-17T12:53:42.4081342Z  Architecture: x86_64
build-and-deploy	Build and Push Frontend	2026-02-17T12:53:42.4081729Z  CPUs: 4
build-and-deploy	Build and Push Frontend	2026-02-17T12:53:42.4082072Z  Total Memory: 15.62GiB
build-and-deploy	Build and Push Frontend	2026-02-17T12:53:42.4082482Z  Name: runnervmjduv7
build-and-deploy	Build and Push Frontend	2026-02-17T12:53:42.4082911Z  ID: 169aa517-19ec-4d49-bd61-4bb79f5886f6
build-and-deploy	Build and Push Frontend	2026-02-17T12:53:42.4083422Z  Docker Root Dir: /var/lib/docker
build-and-deploy	Build and Push Frontend	2026-02-17T12:53:42.4083923Z  Debug Mode: false
build-and-deploy	Build and Push Frontend	2026-02-17T12:53:42.4084425Z  Username: ***
build-and-deploy	Build and Push Frontend	2026-02-17T12:53:42.4084827Z  Experimental: false
build-and-deploy	Build and Push Frontend	2026-02-17T12:53:42.4085259Z  Insecure Registries:
build-and-deploy	Build and Push Frontend	2026-02-17T12:53:42.4085692Z   ::1/128
build-and-deploy	Build and Push Frontend	2026-02-17T12:53:42.4086038Z   127.0.0.0/8
build-and-deploy	Build and Push Frontend	2026-02-17T12:53:42.4086407Z  Live Restore Enabled: false
build-and-deploy	Build and Push Frontend	2026-02-17T12:53:42.4086876Z  Firewall Backend: iptables
build-and-deploy	Build and Push Frontend	2026-02-17T12:53:42.4087162Z 
build-and-deploy	Build and Push Frontend	2026-02-17T12:53:42.4090632Z ##[endgroup]
build-and-deploy	Build and Push Frontend	2026-02-17T12:53:42.4091753Z ##[group]Proxy configuration
build-and-deploy	Build and Push Frontend	2026-02-17T12:53:42.4092823Z No proxy configuration found
build-and-deploy	Build and Push Frontend	2026-02-17T12:53:42.4094264Z ##[endgroup]
build-and-deploy	Build and Push Frontend	2026-02-17T12:53:42.4794124Z ##[group]Buildx version
build-and-deploy	Build and Push Frontend	2026-02-17T12:53:42.4818348Z [command]/usr/bin/docker buildx version
build-and-deploy	Build and Push Frontend	2026-02-17T12:53:42.5367175Z github.com/docker/buildx v0.31.1 a2675950d46b2cb171b23c2015ca44fb88607531
build-and-deploy	Build and Push Frontend	2026-02-17T12:53:42.5401922Z ##[endgroup]
build-and-deploy	Build and Push Frontend	2026-02-17T12:53:42.5402631Z ##[group]Builder info
build-and-deploy	Build and Push Frontend	2026-02-17T12:53:42.6239162Z {
build-and-deploy	Build and Push Frontend	2026-02-17T12:53:42.6239615Z   "nodes": [
build-and-deploy	Build and Push Frontend	2026-02-17T12:53:42.6240211Z     {
build-and-deploy	Build and Push Frontend	2026-02-17T12:53:42.6240577Z       "name": "default",
build-and-deploy	Build and Push Frontend	2026-02-17T12:53:42.6241057Z       "endpoint": "default",
build-and-deploy	Build and Push Frontend	2026-02-17T12:53:42.6254949Z       "status": "running",
build-and-deploy	Build and Push Frontend	2026-02-17T12:53:42.6255433Z       "buildkit": "v0.26.3",
build-and-deploy	Build and Push Frontend	2026-02-17T12:53:42.6256009Z       "platforms": "linux/amd64,linux/amd64/v2,linux/amd64/v3",
build-and-deploy	Build and Push Frontend	2026-02-17T12:53:42.6256627Z       "features": {
build-and-deploy	Build and Push Frontend	2026-02-17T12:53:42.6257227Z         "Automatically load images to the Docker Engine image store": true,
build-and-deploy	Build and Push Frontend	2026-02-17T12:53:42.6257944Z         "Cache export": true,
build-and-deploy	Build and Push Frontend	2026-02-17T12:53:42.6260126Z         "Direct push": true,
build-and-deploy	Build and Push Frontend	2026-02-17T12:53:42.6260645Z         "Docker exporter": true,
build-and-deploy	Build and Push Frontend	2026-02-17T12:53:42.6261156Z         "Multi-platform build": true,
build-and-deploy	Build and Push Frontend	2026-02-17T12:53:42.6261730Z         "OCI exporter": true
build-and-deploy	Build and Push Frontend	2026-02-17T12:53:42.6262189Z       },
build-and-deploy	Build and Push Frontend	2026-02-17T12:53:42.6262534Z       "labels": {
build-and-deploy	Build and Push Frontend	2026-02-17T12:53:42.6263210Z         "org.mobyproject.buildkit.worker.apparmor.profile": "docker-default",
build-and-deploy	Build and Push Frontend	2026-02-17T12:53:42.6264259Z         "org.mobyproject.buildkit.worker.containerd.namespace": "moby",
build-and-deploy	Build and Push Frontend	2026-02-17T12:53:42.6265428Z         "org.mobyproject.buildkit.worker.containerd.uuid": "1d24cf55-4f30-453a-b931-c9265de8620e",
build-and-deploy	Build and Push Frontend	2026-02-17T12:53:42.6266555Z         "org.mobyproject.buildkit.worker.executor": "containerd",
build-and-deploy	Build and Push Frontend	2026-02-17T12:53:42.6267423Z         "org.mobyproject.buildkit.worker.hostname": "runnervmjduv7",
build-and-deploy	Build and Push Frontend	2026-02-17T12:53:42.6268381Z         "org.mobyproject.buildkit.worker.moby.host-gateway-ip": "172.17.0.1",
build-and-deploy	Build and Push Frontend	2026-02-17T12:53:42.6269282Z         "org.mobyproject.buildkit.worker.network": "host",
build-and-deploy	Build and Push Frontend	2026-02-17T12:53:42.6271093Z         "org.mobyproject.buildkit.worker.selinux.enabled": "false",
build-and-deploy	Build and Push Frontend	2026-02-17T12:53:42.6271993Z         "org.mobyproject.buildkit.worker.snapshotter": "overlayfs"
build-and-deploy	Build and Push Frontend	2026-02-17T12:53:42.6273184Z       },
build-and-deploy	Build and Push Frontend	2026-02-17T12:53:42.6273525Z       "gcPolicy": [
build-and-deploy	Build and Push Frontend	2026-02-17T12:53:42.6273896Z         {
build-and-deploy	Build and Push Frontend	2026-02-17T12:53:42.6274225Z           "all": false,
build-and-deploy	Build and Push Frontend	2026-02-17T12:53:42.6274612Z           "filter": [
build-and-deploy	Build and Push Frontend	2026-02-17T12:53:42.6275007Z             "type==source.local",
build-and-deploy	Build and Push Frontend	2026-02-17T12:53:42.6275476Z             "type==exec.cachemount",
build-and-deploy	Build and Push Frontend	2026-02-17T12:53:42.6275981Z             "type==source.git.checkout"
build-and-deploy	Build and Push Frontend	2026-02-17T12:53:42.6276466Z           ],
build-and-deploy	Build and Push Frontend	2026-02-17T12:53:42.6276846Z           "keepDuration": "48h0m0s"
build-and-deploy	Build and Push Frontend	2026-02-17T12:53:42.6277313Z         },
build-and-deploy	Build and Push Frontend	2026-02-17T12:53:42.6277618Z         {
build-and-deploy	Build and Push Frontend	2026-02-17T12:53:42.6277954Z           "all": false,
build-and-deploy	Build and Push Frontend	2026-02-17T12:53:42.6278389Z           "keepDuration": "1440h0m0s"
build-and-deploy	Build and Push Frontend	2026-02-17T12:53:42.6278865Z         },
build-and-deploy	Build and Push Frontend	2026-02-17T12:53:42.6279215Z         {
build-and-deploy	Build and Push Frontend	2026-02-17T12:53:42.6279563Z           "all": false
build-and-deploy	Build and Push Frontend	2026-02-17T12:53:42.6280167Z         },
build-and-deploy	Build and Push Frontend	2026-02-17T12:53:42.6280515Z         {
build-and-deploy	Build and Push Frontend	2026-02-17T12:53:42.6280875Z           "all": true
build-and-deploy	Build and Push Frontend	2026-02-17T12:53:42.6281265Z         }
build-and-deploy	Build and Push Frontend	2026-02-17T12:53:42.6281588Z       ]
build-and-deploy	Build and Push Frontend	2026-02-17T12:53:42.6281913Z     }
build-and-deploy	Build and Push Frontend	2026-02-17T12:53:42.6282248Z   ],
build-and-deploy	Build and Push Frontend	2026-02-17T12:53:42.6282588Z   "name": "default",
build-and-deploy	Build and Push Frontend	2026-02-17T12:53:42.6282993Z   "driver": "docker",
build-and-deploy	Build and Push Frontend	2026-02-17T12:53:42.6283449Z   "lastActivity": "2026-02-17T12:52:36.000Z"
build-and-deploy	Build and Push Frontend	2026-02-17T12:53:42.6283942Z }
build-and-deploy	Build and Push Frontend	2026-02-17T12:53:42.6284649Z ##[endgroup]
build-and-deploy	Build and Push Frontend	2026-02-17T12:53:42.7855562Z [command]/usr/bin/docker buildx build --cache-from type=registry,ref=***/upgrade-frontend:buildcache --cache-to type=registry,ref=***/upgrade-frontend:buildcache,mode=max --file client/Dockerfile --iidfile /home/runner/work/_temp/docker-actions-toolkit-ID7PLt/build-iidfile-c167cacf9e.txt --tag ***/upgrade-frontend:latest --metadata-file /home/runner/work/_temp/docker-actions-toolkit-ID7PLt/build-metadata-4bb868668c.json --no-cache --push ./client
build-and-deploy	Build and Push Frontend	2026-02-17T12:53:43.0290915Z #0 building with "default" instance using docker driver
build-and-deploy	Build and Push Frontend	2026-02-17T12:53:43.0291329Z 
build-and-deploy	Build and Push Frontend	2026-02-17T12:53:43.0291555Z #1 [internal] load build definition from Dockerfile
build-and-deploy	Build and Push Frontend	2026-02-17T12:53:43.0292021Z #1 transferring dockerfile: 342B done
build-and-deploy	Build and Push Frontend	2026-02-17T12:53:43.0292390Z #1 DONE 0.0s
build-and-deploy	Build and Push Frontend	2026-02-17T12:53:43.0292552Z 
build-and-deploy	Build and Push Frontend	2026-02-17T12:53:43.0292797Z #2 [internal] load metadata for docker.io/library/node:18-alpine
build-and-deploy	Build and Push Frontend	2026-02-17T12:53:43.2296678Z #2 ...
build-and-deploy	Build and Push Frontend	2026-02-17T12:53:43.2296929Z 
build-and-deploy	Build and Push Frontend	2026-02-17T12:53:43.2297172Z #3 [auth] library/nginx:pull token for registry-1.docker.io
build-and-deploy	Build and Push Frontend	2026-02-17T12:53:43.2297618Z #3 DONE 0.0s
build-and-deploy	Build and Push Frontend	2026-02-17T12:53:43.3800363Z 
build-and-deploy	Build and Push Frontend	2026-02-17T12:53:43.3800825Z #4 [internal] load metadata for docker.io/library/nginx:alpine
build-and-deploy	Build and Push Frontend	2026-02-17T12:53:43.6014660Z #4 ...
build-and-deploy	Build and Push Frontend	2026-02-17T12:53:43.6014912Z 
build-and-deploy	Build and Push Frontend	2026-02-17T12:53:43.6015226Z #2 [internal] load metadata for docker.io/library/node:18-alpine
build-and-deploy	Build and Push Frontend	2026-02-17T12:53:43.6015844Z #2 DONE 0.7s
build-and-deploy	Build and Push Frontend	2026-02-17T12:53:43.7518459Z 
build-and-deploy	Build and Push Frontend	2026-02-17T12:53:43.7518909Z #4 [internal] load metadata for docker.io/library/nginx:alpine
build-and-deploy	Build and Push Frontend	2026-02-17T12:53:43.7656918Z #4 DONE 0.9s
build-and-deploy	Build and Push Frontend	2026-02-17T12:53:43.9425845Z 
build-and-deploy	Build and Push Frontend	2026-02-17T12:53:43.9426433Z #5 [internal] load .dockerignore
build-and-deploy	Build and Push Frontend	2026-02-17T12:53:43.9426965Z #5 transferring context: 2B done
build-and-deploy	Build and Push Frontend	2026-02-17T12:53:43.9427407Z #5 DONE 0.0s
build-and-deploy	Build and Push Frontend	2026-02-17T12:53:43.9427628Z 
build-and-deploy	Build and Push Frontend	2026-02-17T12:53:43.9427795Z #6 [internal] load build context
build-and-deploy	Build and Push Frontend	2026-02-17T12:53:43.9428119Z #6 DONE 0.0s
build-and-deploy	Build and Push Frontend	2026-02-17T12:53:43.9428237Z 
build-and-deploy	Build and Push Frontend	2026-02-17T12:53:43.9428645Z #7 [build 1/6] FROM docker.io/library/node:18-alpine@sha256:8d6421d663b4c28fd3ebc498332f249011d118945588d0a35cb9bc4b8ca09d9e
build-and-deploy	Build and Push Frontend	2026-02-17T12:53:43.9429542Z #7 resolve docker.io/library/node:18-alpine@sha256:8d6421d663b4c28fd3ebc498332f249011d118945588d0a35cb9bc4b8ca09d9e 0.0s done
build-and-deploy	Build and Push Frontend	2026-02-17T12:53:43.9430306Z #7 DONE 0.0s
build-and-deploy	Build and Push Frontend	2026-02-17T12:53:43.9430433Z 
build-and-deploy	Build and Push Frontend	2026-02-17T12:53:43.9430830Z #8 [stage-1 1/3] FROM docker.io/library/nginx:alpine@sha256:1d13701a5f9f3fb01aaa88cef2344d65b6b5bf6b7d9fa4cf0dca557a8d7702ba
build-and-deploy	Build and Push Frontend	2026-02-17T12:53:43.9431775Z #8 resolve docker.io/library/nginx:alpine@sha256:1d13701a5f9f3fb01aaa88cef2344d65b6b5bf6b7d9fa4cf0dca557a8d7702ba 0.0s done
build-and-deploy	Build and Push Frontend	2026-02-17T12:53:43.9432800Z #8 DONE 0.0s
build-and-deploy	Build and Push Frontend	2026-02-17T12:53:43.9432929Z 
build-and-deploy	Build and Push Frontend	2026-02-17T12:53:43.9433241Z #9 importing cache manifest from ***/upgrade-frontend:buildcache
build-and-deploy	Build and Push Frontend	2026-02-17T12:53:44.1316579Z #9 ...
build-and-deploy	Build and Push Frontend	2026-02-17T12:53:44.1316819Z 
build-and-deploy	Build and Push Frontend	2026-02-17T12:53:44.1317173Z #10 [auth] ***/upgrade-frontend:pull token for registry-1.docker.io
build-and-deploy	Build and Push Frontend	2026-02-17T12:53:44.1317557Z #10 DONE 0.0s
build-and-deploy	Build and Push Frontend	2026-02-17T12:53:44.2820367Z 
build-and-deploy	Build and Push Frontend	2026-02-17T12:53:44.2820966Z #9 importing cache manifest from ***/upgrade-frontend:buildcache
build-and-deploy	Build and Push Frontend	2026-02-17T12:53:44.3468795Z #9 inferred cache manifest type: application/vnd.oci.image.manifest.v1+json done
build-and-deploy	Build and Push Frontend	2026-02-17T12:53:44.6774052Z #9 DONE 0.9s
build-and-deploy	Build and Push Frontend	2026-02-17T12:53:44.8121749Z 
build-and-deploy	Build and Push Frontend	2026-02-17T12:53:44.8123925Z #6 [internal] load build context
build-and-deploy	Build and Push Frontend	2026-02-17T12:53:44.8125604Z #6 transferring context: 258.29kB 0.0s done
build-and-deploy	Build and Push Frontend	2026-02-17T12:53:44.8126131Z #6 DONE 0.0s
build-and-deploy	Build and Push Frontend	2026-02-17T12:53:44.8126333Z 
build-and-deploy	Build and Push Frontend	2026-02-17T12:53:44.8126984Z #8 [stage-1 1/3] FROM docker.io/library/nginx:alpine@sha256:1d13701a5f9f3fb01aaa88cef2344d65b6b5bf6b7d9fa4cf0dca557a8d7702ba
build-and-deploy	Build and Push Frontend	2026-02-17T12:53:44.9623672Z #8 sha256:5e7756927bef33a266e1221356d5da8553139cb80bc5b1b3827010811d9ea268 0B / 20.24MB 0.2s
build-and-deploy	Build and Push Frontend	2026-02-17T12:53:44.9625681Z #8 sha256:6d397a54a185dd0b6638d1a3934b81daef7a140741e12697377d6279066f7ca7 0B / 1.40kB 0.2s
build-and-deploy	Build and Push Frontend	2026-02-17T12:53:44.9627444Z #8 sha256:955a8478f9aceb66cbf2f579fa3c24e1af278d1fa3ffd3043d6260e21d2f7416 0B / 1.21kB 0.2s
build-and-deploy	Build and Push Frontend	2026-02-17T12:53:44.9628571Z #8 sha256:399d0898a94e0084f81499a3e3c29824357118c7ce551648ea1dbab813884661 0B / 404B 0.2s
build-and-deploy	Build and Push Frontend	2026-02-17T12:53:45.0876877Z #8 sha256:5e7756927bef33a266e1221356d5da8553139cb80bc5b1b3827010811d9ea268 8.39MB / 20.24MB 0.3s
build-and-deploy	Build and Push Frontend	2026-02-17T12:53:45.0879340Z #8 sha256:6d397a54a185dd0b6638d1a3934b81daef7a140741e12697377d6279066f7ca7 1.40kB / 1.40kB 0.3s done
build-and-deploy	Build and Push Frontend	2026-02-17T12:53:45.0880740Z #8 sha256:399d0898a94e0084f81499a3e3c29824357118c7ce551648ea1dbab813884661 404B / 404B 0.3s done
build-and-deploy	Build and Push Frontend	2026-02-17T12:53:45.1882173Z #8 sha256:955a8478f9aceb66cbf2f579fa3c24e1af278d1fa3ffd3043d6260e21d2f7416 1.21kB / 1.21kB 0.4s done
build-and-deploy	Build and Push Frontend	2026-02-17T12:53:45.1883873Z #8 sha256:6b7b6c7061b76cdb8601e18722d12ae3232f0ddcfa1d2983754abcc6ce0a8a83 0B / 954B 0.2s
build-and-deploy	Build and Push Frontend	2026-02-17T12:53:45.3003370Z #8 sha256:5e7756927bef33a266e1221356d5da8553139cb80bc5b1b3827010811d9ea268 12.58MB / 20.24MB 0.5s
build-and-deploy	Build and Push Frontend	2026-02-17T12:53:45.3004708Z #8 sha256:6b7b6c7061b76cdb8601e18722d12ae3232f0ddcfa1d2983754abcc6ce0a8a83 954B / 954B 0.2s done
build-and-deploy	Build and Push Frontend	2026-02-17T12:53:45.3005896Z #8 sha256:bca5d04786e112d958f100a66f8257b2aeefc14b64d81e405c3c44acff2fb000 0B / 1.86MB 0.2s
build-and-deploy	Build and Push Frontend	2026-02-17T12:53:45.3007089Z #8 sha256:3e2c181db1b0985ce357c7aaf48ac615f30f392cd15d5c5ba34c4faa1f4f39a2 626B / 626B 0.2s done
build-and-deploy	Build and Push Frontend	2026-02-17T12:53:45.4008169Z #8 sha256:5e7756927bef33a266e1221356d5da8553139cb80bc5b1b3827010811d9ea268 20.24MB / 20.24MB 0.7s done
build-and-deploy	Build and Push Frontend	2026-02-17T12:53:45.4009568Z #8 sha256:bca5d04786e112d958f100a66f8257b2aeefc14b64d81e405c3c44acff2fb000 1.86MB / 1.86MB 0.3s done
build-and-deploy	Build and Push Frontend	2026-02-17T12:53:45.4010723Z #8 extracting sha256:bca5d04786e112d958f100a66f8257b2aeefc14b64d81e405c3c44acff2fb000
build-and-deploy	Build and Push Frontend	2026-02-17T12:53:45.5063682Z #8 extracting sha256:bca5d04786e112d958f100a66f8257b2aeefc14b64d81e405c3c44acff2fb000 0.1s done
build-and-deploy	Build and Push Frontend	2026-02-17T12:53:45.5067154Z #8 extracting sha256:3e2c181db1b0985ce357c7aaf48ac615f30f392cd15d5c5ba34c4faa1f4f39a2 done
build-and-deploy	Build and Push Frontend	2026-02-17T12:53:45.5068768Z #8 extracting sha256:6b7b6c7061b76cdb8601e18722d12ae3232f0ddcfa1d2983754abcc6ce0a8a83 done
build-and-deploy	Build and Push Frontend	2026-02-17T12:53:45.5069573Z #8 DONE 0.8s
build-and-deploy	Build and Push Frontend	2026-02-17T12:53:45.5069782Z 
build-and-deploy	Build and Push Frontend	2026-02-17T12:53:45.5070370Z #11 [build 2/6] WORKDIR /app
build-and-deploy	Build and Push Frontend	2026-02-17T12:53:45.5071154Z #11 sha256:811b30919085567ba617d21d484399608a50ea03dae6df2df826d7378aebdf3e 93B / 93B 0.1s done
build-and-deploy	Build and Push Frontend	2026-02-17T12:53:45.5072829Z #11 sha256:25ff2da83641908f65c3a74d80409d6b1b62ccfaab220b9ea70b80df5a2e0549 446B / 446B 0.2s done
build-and-deploy	Build and Push Frontend	2026-02-17T12:53:45.5073809Z #11 sha256:1e5a4c89cee5c0826c540ab06d4b6b491c96eda01837f430bd47f0d26702d6e3 1.26MB / 1.26MB 0.3s done
build-and-deploy	Build and Push Frontend	2026-02-17T12:53:45.5075361Z #11 sha256:f18232174bc91741fdf3da96d85011092101a032a93a388b79e99e69c2d5c870 3.64MB / 3.64MB 0.3s done
build-and-deploy	Build and Push Frontend	2026-02-17T12:53:45.5077148Z #11 sha256:dd71dde834b5c203d162902e6b8994cb2309ae049a0eabc4efea161b2b5a3d0e 40.01MB / 40.01MB 0.5s done
build-and-deploy	Build and Push Frontend	2026-02-17T12:53:45.5078338Z #11 extracting sha256:f18232174bc91741fdf3da96d85011092101a032a93a388b79e99e69c2d5c870 0.1s done
build-and-deploy	Build and Push Frontend	2026-02-17T12:53:45.5079152Z #11 extracting sha256:dd71dde834b5c203d162902e6b8994cb2309ae049a0eabc4efea161b2b5a3d0e
build-and-deploy	Build and Push Frontend	2026-02-17T12:53:45.9259154Z #11 ...
build-and-deploy	Build and Push Frontend	2026-02-17T12:53:45.9259511Z 
build-and-deploy	Build and Push Frontend	2026-02-17T12:53:45.9260458Z #8 [stage-1 1/3] FROM docker.io/library/nginx:alpine@sha256:1d13701a5f9f3fb01aaa88cef2344d65b6b5bf6b7d9fa4cf0dca557a8d7702ba
build-and-deploy	Build and Push Frontend	2026-02-17T12:53:45.9261779Z #8 extracting sha256:399d0898a94e0084f81499a3e3c29824357118c7ce551648ea1dbab813884661 done
build-and-deploy	Build and Push Frontend	2026-02-17T12:53:45.9262875Z #8 extracting sha256:955a8478f9aceb66cbf2f579fa3c24e1af278d1fa3ffd3043d6260e21d2f7416 done
build-and-deploy	Build and Push Frontend	2026-02-17T12:53:45.9263888Z #8 extracting sha256:6d397a54a185dd0b6638d1a3934b81daef7a140741e12697377d6279066f7ca7 done
build-and-deploy	Build and Push Frontend	2026-02-17T12:53:45.9264543Z #8 extracting sha256:5e7756927bef33a266e1221356d5da8553139cb80bc5b1b3827010811d9ea268 0.4s done
build-and-deploy	Build and Push Frontend	2026-02-17T12:53:45.9265039Z #8 DONE 1.3s
build-and-deploy	Build and Push Frontend	2026-02-17T12:53:46.0762895Z 
build-and-deploy	Build and Push Frontend	2026-02-17T12:53:46.0763147Z #11 [build 2/6] WORKDIR /app
build-and-deploy	Build and Push Frontend	2026-02-17T12:53:46.2100457Z #11 extracting sha256:dd71dde834b5c203d162902e6b8994cb2309ae049a0eabc4efea161b2b5a3d0e 0.9s done
build-and-deploy	Build and Push Frontend	2026-02-17T12:53:46.2101406Z #11 DONE 1.5s
build-and-deploy	Build and Push Frontend	2026-02-17T12:53:46.4015903Z 
build-and-deploy	Build and Push Frontend	2026-02-17T12:53:46.4016583Z #11 [build 2/6] WORKDIR /app
build-and-deploy	Build and Push Frontend	2026-02-17T12:53:46.4017475Z #11 extracting sha256:1e5a4c89cee5c0826c540ab06d4b6b491c96eda01837f430bd47f0d26702d6e3 0.0s done
build-and-deploy	Build and Push Frontend	2026-02-17T12:53:46.4018628Z #11 extracting sha256:25ff2da83641908f65c3a74d80409d6b1b62ccfaab220b9ea70b80df5a2e0549 done
build-and-deploy	Build and Push Frontend	2026-02-17T12:53:46.4019710Z #11 extracting sha256:811b30919085567ba617d21d484399608a50ea03dae6df2df826d7378aebdf3e done
build-and-deploy	Build and Push Frontend	2026-02-17T12:53:46.4020693Z #11 DONE 1.6s
build-and-deploy	Build and Push Frontend	2026-02-17T12:53:46.4020909Z 
build-and-deploy	Build and Push Frontend	2026-02-17T12:53:46.4021089Z #12 [build 3/6] COPY package*.json ./
build-and-deploy	Build and Push Frontend	2026-02-17T12:53:46.4720057Z #12 DONE 0.2s
build-and-deploy	Build and Push Frontend	2026-02-17T12:53:46.6232947Z 
build-and-deploy	Build and Push Frontend	2026-02-17T12:53:46.6233523Z #13 [build 4/6] RUN npm ci
build-and-deploy	Build and Push Frontend	2026-02-17T12:53:47.3460699Z #13 0.873 npm warn EBADENGINE Unsupported engine {
build-and-deploy	Build and Push Frontend	2026-02-17T12:53:47.3461555Z #13 0.873 npm warn EBADENGINE   package: '@vitejs/plugin-react@5.1.4',
build-and-deploy	Build and Push Frontend	2026-02-17T12:53:47.3462416Z #13 0.873 npm warn EBADENGINE   required: { node: '^20.19.0 || >=22.12.0' },
build-and-deploy	Build and Push Frontend	2026-02-17T12:53:47.3463308Z #13 0.873 npm warn EBADENGINE   current: { node: 'v18.20.8', npm: '10.8.2' }
build-and-deploy	Build and Push Frontend	2026-02-17T12:53:47.3463989Z #13 0.873 npm warn EBADENGINE }
build-and-deploy	Build and Push Frontend	2026-02-17T12:53:47.5014247Z #13 0.877 npm warn EBADENGINE Unsupported engine {
build-and-deploy	Build and Push Frontend	2026-02-17T12:53:47.5016763Z #13 0.877 npm warn EBADENGINE   package: 'react-router@7.13.0',
build-and-deploy	Build and Push Frontend	2026-02-17T12:53:47.5017664Z #13 0.877 npm warn EBADENGINE   required: { node: '>=20.0.0' },
build-and-deploy	Build and Push Frontend	2026-02-17T12:53:47.5018496Z #13 0.877 npm warn EBADENGINE   current: { node: 'v18.20.8', npm: '10.8.2' }
build-and-deploy	Build and Push Frontend	2026-02-17T12:53:47.5019226Z #13 0.877 npm warn EBADENGINE }
build-and-deploy	Build and Push Frontend	2026-02-17T12:53:47.5019780Z #13 0.877 npm warn EBADENGINE Unsupported engine {
build-and-deploy	Build and Push Frontend	2026-02-17T12:53:47.5021187Z #13 0.877 npm warn EBADENGINE   package: 'react-router-dom@7.13.0',
build-and-deploy	Build and Push Frontend	2026-02-17T12:53:47.5022031Z #13 0.877 npm warn EBADENGINE   required: { node: '>=20.0.0' },
build-and-deploy	Build and Push Frontend	2026-02-17T12:53:47.5022921Z #13 0.877 npm warn EBADENGINE   current: { node: 'v18.20.8', npm: '10.8.2' }
build-and-deploy	Build and Push Frontend	2026-02-17T12:53:47.5023823Z #13 0.877 npm warn EBADENGINE }
build-and-deploy	Build and Push Frontend	2026-02-17T12:53:47.5024587Z #13 0.878 npm warn EBADENGINE Unsupported engine {
build-and-deploy	Build and Push Frontend	2026-02-17T12:53:47.5025421Z #13 0.878 npm warn EBADENGINE   package: 'vite@7.3.1',
build-and-deploy	Build and Push Frontend	2026-02-17T12:53:47.5026233Z #13 0.878 npm warn EBADENGINE   required: { node: '^20.19.0 || >=22.12.0' },
build-and-deploy	Build and Push Frontend	2026-02-17T12:53:47.5027137Z #13 0.878 npm warn EBADENGINE   current: { node: 'v18.20.8', npm: '10.8.2' }
build-and-deploy	Build and Push Frontend	2026-02-17T12:53:47.5027847Z #13 0.878 npm warn EBADENGINE }
build-and-deploy	Build and Push Frontend	2026-02-17T12:53:57.8128626Z #13 11.34 
build-and-deploy	Build and Push Frontend	2026-02-17T12:53:57.8129423Z #13 11.34 added 340 packages, and audited 341 packages in 11s
build-and-deploy	Build and Push Frontend	2026-02-17T12:53:57.9655058Z #13 11.34 
build-and-deploy	Build and Push Frontend	2026-02-17T12:53:57.9655558Z #13 11.34 53 packages are looking for funding
build-and-deploy	Build and Push Frontend	2026-02-17T12:53:57.9658339Z #13 11.34   run `npm fund` for details
build-and-deploy	Build and Push Frontend	2026-02-17T12:53:57.9659486Z #13 11.34 
build-and-deploy	Build and Push Frontend	2026-02-17T12:53:57.9659761Z #13 11.34 found 0 vulnerabilities
build-and-deploy	Build and Push Frontend	2026-02-17T12:53:57.9660462Z #13 11.34 npm notice
build-and-deploy	Build and Push Frontend	2026-02-17T12:53:57.9660902Z #13 11.34 npm notice New major version of npm available! 10.8.2 -> 11.10.0
build-and-deploy	Build and Push Frontend	2026-02-17T12:53:57.9661586Z #13 11.34 npm notice Changelog: https://github.com/npm/cli/releases/tag/v11.10.0
build-and-deploy	Build and Push Frontend	2026-02-17T12:53:57.9662209Z #13 11.34 npm notice To update run: npm install -g npm@11.10.0
build-and-deploy	Build and Push Frontend	2026-02-17T12:53:57.9662645Z #13 11.34 npm notice
build-and-deploy	Build and Push Frontend	2026-02-17T12:53:58.6583808Z #13 DONE 12.2s
build-and-deploy	Build and Push Frontend	2026-02-17T12:53:58.8092895Z 
build-and-deploy	Build and Push Frontend	2026-02-17T12:53:58.8093468Z #14 [build 5/6] COPY . .
build-and-deploy	Build and Push Frontend	2026-02-17T12:53:59.0565760Z #14 DONE 0.4s
build-and-deploy	Build and Push Frontend	2026-02-17T12:53:59.2077811Z 
build-and-deploy	Build and Push Frontend	2026-02-17T12:53:59.2078507Z #15 [build 6/6] RUN npm run build
build-and-deploy	Build and Push Frontend	2026-02-17T12:53:59.3484807Z #15 0.291 
build-and-deploy	Build and Push Frontend	2026-02-17T12:53:59.3485343Z #15 0.291 > client@0.0.0 build
build-and-deploy	Build and Push Frontend	2026-02-17T12:53:59.3485857Z #15 0.291 > tsc -b && vite build
build-and-deploy	Build and Push Frontend	2026-02-17T12:53:59.3486326Z #15 0.291 
build-and-deploy	Build and Push Frontend	2026-02-17T12:54:03.5045093Z #15 4.447 You are using Node.js 18.20.8. Vite requires Node.js version 20.19+ or 22.12+. Please upgrade your Node.js version.
build-and-deploy	Build and Push Frontend	2026-02-17T12:54:03.6879708Z #15 4.631 vite v7.3.1 building client environment for production...
build-and-deploy	Build and Push Frontend	2026-02-17T12:54:03.9075210Z #15 4.699 transforming...
build-and-deploy	Build and Push Frontend	2026-02-17T12:54:19.3806418Z #15 20.32 ✓ 9941 modules transformed.
build-and-deploy	Build and Push Frontend	2026-02-17T12:54:20.5043950Z #15 21.45 rendering chunks...
build-and-deploy	Build and Push Frontend	2026-02-17T12:54:20.7405262Z #15 21.48 computing gzip size...
build-and-deploy	Build and Push Frontend	2026-02-17T12:54:20.7406285Z #15 21.53 dist/index.html                     0.45 kB │ gzip:   0.29 kB
build-and-deploy	Build and Push Frontend	2026-02-17T12:54:20.7407087Z #15 21.53 dist/assets/index-CvivjFEo.css      1.19 kB │ gzip:   0.57 kB
build-and-deploy	Build and Push Frontend	2026-02-17T12:54:20.7407617Z #15 21.53 dist/assets/index-DAkxJcHi.js   1,976.16 kB │ gzip: 630.37 kB
build-and-deploy	Build and Push Frontend	2026-02-17T12:54:20.7407968Z #15 21.53 
build-and-deploy	Build and Push Frontend	2026-02-17T12:54:20.7408273Z #15 21.53 (!) Some chunks are larger than 500 kB after minification. Consider:
build-and-deploy	Build and Push Frontend	2026-02-17T12:54:20.7408743Z #15 21.53 - Using dynamic import() to code-split the application
build-and-deploy	Build and Push Frontend	2026-02-17T12:54:20.7409518Z #15 21.53 - Use build.rollupOptions.output.manualChunks to improve chunking: https://rollupjs.org/configuration-options/#output-manualchunks
build-and-deploy	Build and Push Frontend	2026-02-17T12:54:20.7410898Z #15 21.53 - Adjust chunk size limit for this warning via build.chunkSizeWarningLimit.
build-and-deploy	Build and Push Frontend	2026-02-17T12:54:20.7411417Z #15 21.53 ✓ built in 16.87s
build-and-deploy	Build and Push Frontend	2026-02-17T12:54:20.8015146Z #15 DONE 21.7s
build-and-deploy	Build and Push Frontend	2026-02-17T12:54:21.7554149Z 
build-and-deploy	Build and Push Frontend	2026-02-17T12:54:21.7556449Z #16 [stage-1 2/3] COPY --from=build /app/dist /usr/share/nginx/html
build-and-deploy	Build and Push Frontend	2026-02-17T12:54:21.8799926Z #16 DONE 0.0s
build-and-deploy	Build and Push Frontend	2026-02-17T12:54:21.8800428Z 
build-and-deploy	Build and Push Frontend	2026-02-17T12:54:21.8800759Z #17 [stage-1 3/3] COPY nginx.conf /etc/nginx/conf.d/default.conf
build-and-deploy	Build and Push Frontend	2026-02-17T12:54:21.8801208Z #17 DONE 0.0s
build-and-deploy	Build and Push Frontend	2026-02-17T12:54:21.8801343Z 
build-and-deploy	Build and Push Frontend	2026-02-17T12:54:21.8801446Z #18 exporting to image
build-and-deploy	Build and Push Frontend	2026-02-17T12:54:21.8801686Z #18 exporting layers 0.1s done
build-and-deploy	Build and Push Frontend	2026-02-17T12:54:22.0592582Z #18 exporting manifest sha256:ba1863f8e553f11e6122a18d10ca5417e124f63b587ca47e2908d53ecbaf0f7f done
build-and-deploy	Build and Push Frontend	2026-02-17T12:54:22.0593554Z #18 exporting config sha256:06460874957512a1d6170bf80bf648bb3a1165759a1cbb3a45b8c21e835f57ab done
build-and-deploy	Build and Push Frontend	2026-02-17T12:54:22.0594522Z #18 exporting attestation manifest sha256:e48c2d2678c13d1147f7bac5c98fe863748e9eec8f9e258295aa467f6049f2ea done
build-and-deploy	Build and Push Frontend	2026-02-17T12:54:22.0595481Z #18 exporting manifest list sha256:905f79d1dbd46bdb0f854ab065260ae47d0b4a847200d3aa6c0be5830a4674d4 done
build-and-deploy	Build and Push Frontend	2026-02-17T12:54:22.0596330Z #18 naming to docker.io/***/upgrade-frontend:latest done
build-and-deploy	Build and Push Frontend	2026-02-17T12:54:22.0596753Z #18 pushing layers
build-and-deploy	Build and Push Frontend	2026-02-17T12:54:22.2636372Z #18 ...
build-and-deploy	Build and Push Frontend	2026-02-17T12:54:22.2636626Z 
build-and-deploy	Build and Push Frontend	2026-02-17T12:54:22.2637249Z #19 [auth] ***/upgrade-frontend:pull,push token for registry-1.docker.io
build-and-deploy	Build and Push Frontend	2026-02-17T12:54:22.2637957Z #19 DONE 0.0s
build-and-deploy	Build and Push Frontend	2026-02-17T12:54:22.4138508Z 
build-and-deploy	Build and Push Frontend	2026-02-17T12:54:22.4138987Z #18 exporting to image
build-and-deploy	Build and Push Frontend	2026-02-17T12:54:23.8331829Z #18 pushing layers 1.9s done
build-and-deploy	Build and Push Frontend	2026-02-17T12:54:23.8334375Z #18 pushing manifest for docker.io/***/upgrade-frontend:latest@sha256:905f79d1dbd46bdb0f854ab065260ae47d0b4a847200d3aa6c0be5830a4674d4
build-and-deploy	Build and Push Frontend	2026-02-17T12:54:26.4563655Z #18 pushing manifest for docker.io/***/upgrade-frontend:latest@sha256:905f79d1dbd46bdb0f854ab065260ae47d0b4a847200d3aa6c0be5830a4674d4 2.6s done
build-and-deploy	Build and Push Frontend	2026-02-17T12:54:26.6236354Z #18 DONE 4.7s
build-and-deploy	Build and Push Frontend	2026-02-17T12:54:26.6236711Z 
build-and-deploy	Build and Push Frontend	2026-02-17T12:54:26.6236928Z #20 exporting cache to registry
build-and-deploy	Build and Push Frontend	2026-02-17T12:54:26.6237533Z #20 preparing build cache for export
build-and-deploy	Build and Push Frontend	2026-02-17T12:54:37.4103352Z #20 writing layer sha256:076f1226c8ad6b53c91dae493ebf6741bafee12f6741489b3b04e729f0a244a8
build-and-deploy	Build and Push Frontend	2026-02-17T12:54:38.3764919Z #20 writing layer sha256:076f1226c8ad6b53c91dae493ebf6741bafee12f6741489b3b04e729f0a244a8 1.0s done
build-and-deploy	Build and Push Frontend	2026-02-17T12:54:38.3765925Z #20 writing layer sha256:0ed7dbcf076df692fb46971209d7d301f67592badb360c194619eb5d84724773
build-and-deploy	Build and Push Frontend	2026-02-17T12:54:39.5577923Z #20 writing layer sha256:0ed7dbcf076df692fb46971209d7d301f67592badb360c194619eb5d84724773 1.2s done
build-and-deploy	Build and Push Frontend	2026-02-17T12:54:39.5578750Z #20 writing layer sha256:1e5a4c89cee5c0826c540ab06d4b6b491c96eda01837f430bd47f0d26702d6e3
build-and-deploy	Build and Push Frontend	2026-02-17T12:54:39.7023704Z #20 writing layer sha256:1e5a4c89cee5c0826c540ab06d4b6b491c96eda01837f430bd47f0d26702d6e3 0.1s done
build-and-deploy	Build and Push Frontend	2026-02-17T12:54:39.7024862Z #20 writing layer sha256:25ff2da83641908f65c3a74d80409d6b1b62ccfaab220b9ea70b80df5a2e0549 0.1s done
build-and-deploy	Build and Push Frontend	2026-02-17T12:54:39.7025851Z #20 writing layer sha256:399d0898a94e0084f81499a3e3c29824357118c7ce551648ea1dbab813884661
build-and-deploy	Build and Push Frontend	2026-02-17T12:54:39.8450747Z #20 writing layer sha256:399d0898a94e0084f81499a3e3c29824357118c7ce551648ea1dbab813884661 0.1s done
build-and-deploy	Build and Push Frontend	2026-02-17T12:54:39.8452348Z #20 writing layer sha256:3e2c181db1b0985ce357c7aaf48ac615f30f392cd15d5c5ba34c4faa1f4f39a2 0.1s done
build-and-deploy	Build and Push Frontend	2026-02-17T12:54:39.8453068Z #20 writing layer sha256:589002ba0eaed121a1dbf42f6648f29e5be55d5c8a6ee0f8eaa0285cc21ac153
build-and-deploy	Build and Push Frontend	2026-02-17T12:54:39.9835237Z #20 writing layer sha256:589002ba0eaed121a1dbf42f6648f29e5be55d5c8a6ee0f8eaa0285cc21ac153 0.1s done
build-and-deploy	Build and Push Frontend	2026-02-17T12:54:39.9836058Z #20 writing layer sha256:5e7756927bef33a266e1221356d5da8553139cb80bc5b1b3827010811d9ea268 0.1s done
build-and-deploy	Build and Push Frontend	2026-02-17T12:54:39.9836789Z #20 writing layer sha256:6b7b6c7061b76cdb8601e18722d12ae3232f0ddcfa1d2983754abcc6ce0a8a83
build-and-deploy	Build and Push Frontend	2026-02-17T12:54:40.1247358Z #20 writing layer sha256:6b7b6c7061b76cdb8601e18722d12ae3232f0ddcfa1d2983754abcc6ce0a8a83 0.1s done
build-and-deploy	Build and Push Frontend	2026-02-17T12:54:40.1248283Z #20 writing layer sha256:6d397a54a185dd0b6638d1a3934b81daef7a140741e12697377d6279066f7ca7 0.1s done
build-and-deploy	Build and Push Frontend	2026-02-17T12:54:40.1249076Z #20 writing layer sha256:6e5d742e0b102f985402581e4afd8d7207704a0becd687e54c4787bc07ce8129
build-and-deploy	Build and Push Frontend	2026-02-17T12:54:40.3470236Z #20 writing layer sha256:6e5d742e0b102f985402581e4afd8d7207704a0becd687e54c4787bc07ce8129 0.1s done
build-and-deploy	Build and Push Frontend	2026-02-17T12:54:40.3471161Z #20 writing layer sha256:7d733f5b6f13945f35d8ff3aa9aa8495ae127f611f402ecf241d352be819b89b
build-and-deploy	Build and Push Frontend	2026-02-17T12:54:44.6226779Z #20 writing layer sha256:7d733f5b6f13945f35d8ff3aa9aa8495ae127f611f402ecf241d352be819b89b 4.4s done
build-and-deploy	Build and Push Frontend	2026-02-17T12:54:44.6227517Z #20 writing layer sha256:811b30919085567ba617d21d484399608a50ea03dae6df2df826d7378aebdf3e
build-and-deploy	Build and Push Frontend	2026-02-17T12:54:44.7701917Z #20 writing layer sha256:811b30919085567ba617d21d484399608a50ea03dae6df2df826d7378aebdf3e 0.1s done
build-and-deploy	Build and Push Frontend	2026-02-17T12:54:44.7703060Z #20 writing layer sha256:955a8478f9aceb66cbf2f579fa3c24e1af278d1fa3ffd3043d6260e21d2f7416 0.1s done
build-and-deploy	Build and Push Frontend	2026-02-17T12:54:44.7704054Z #20 writing layer sha256:addb217e4af47881bcc732fe2df72452befef2ccef80f32d0a2c958cfedc2f34
build-and-deploy	Build and Push Frontend	2026-02-17T12:54:45.6922595Z #20 writing layer sha256:addb217e4af47881bcc732fe2df72452befef2ccef80f32d0a2c958cfedc2f34 0.9s done
build-and-deploy	Build and Push Frontend	2026-02-17T12:54:45.6923496Z #20 writing layer sha256:bca5d04786e112d958f100a66f8257b2aeefc14b64d81e405c3c44acff2fb000
build-and-deploy	Build and Push Frontend	2026-02-17T12:54:45.8412048Z #20 writing layer sha256:bca5d04786e112d958f100a66f8257b2aeefc14b64d81e405c3c44acff2fb000 0.1s done
build-and-deploy	Build and Push Frontend	2026-02-17T12:54:45.8413323Z #20 writing layer sha256:cbfd47f303d8ac0a71b74c74d4146d71b52c0bcb6b2826918cef9f620a9d5c90 0.1s done
build-and-deploy	Build and Push Frontend	2026-02-17T12:54:45.8414146Z #20 writing layer sha256:dd71dde834b5c203d162902e6b8994cb2309ae049a0eabc4efea161b2b5a3d0e
build-and-deploy	Build and Push Frontend	2026-02-17T12:54:45.9877338Z #20 writing layer sha256:dd71dde834b5c203d162902e6b8994cb2309ae049a0eabc4efea161b2b5a3d0e 0.1s done
build-and-deploy	Build and Push Frontend	2026-02-17T12:54:45.9878644Z #20 writing layer sha256:f18232174bc91741fdf3da96d85011092101a032a93a388b79e99e69c2d5c870 0.1s done
build-and-deploy	Build and Push Frontend	2026-02-17T12:54:45.9879532Z #20 writing config sha256:577238c4d951b2b6712764cee2c86b40a0967872127aadd1d723ea1c6de98891
build-and-deploy	Build and Push Frontend	2026-02-17T12:54:46.8988776Z #20 writing config sha256:577238c4d951b2b6712764cee2c86b40a0967872127aadd1d723ea1c6de98891 0.9s done
build-and-deploy	Build and Push Frontend	2026-02-17T12:54:47.0491745Z #20 writing cache image manifest sha256:100dbc66730c76c43741e860bcd8d8e73bbc93ad1b88982dc6f375287d740382
build-and-deploy	Build and Push Frontend	2026-02-17T12:54:48.8474911Z #20 preparing build cache for export 22.4s done
build-and-deploy	Build and Push Frontend	2026-02-17T12:54:48.8476343Z #20 writing cache image manifest sha256:100dbc66730c76c43741e860bcd8d8e73bbc93ad1b88982dc6f375287d740382 1.9s done
build-and-deploy	Build and Push Frontend	2026-02-17T12:54:48.8477338Z #20 DONE 22.4s
build-and-deploy	Build and Push Frontend	2026-02-17T12:54:48.9016919Z 
build-and-deploy	Build and Push Frontend	2026-02-17T12:54:48.9017514Z #21 resolving provenance for metadata file
build-and-deploy	Build and Push Frontend	2026-02-17T12:54:48.9017908Z #21 DONE 0.0s
build-and-deploy	Build and Push Frontend	2026-02-17T12:54:48.9080672Z ##[group]ImageID
build-and-deploy	Build and Push Frontend	2026-02-17T12:54:48.9083450Z sha256:905f79d1dbd46bdb0f854ab065260ae47d0b4a847200d3aa6c0be5830a4674d4
build-and-deploy	Build and Push Frontend	2026-02-17T12:54:48.9084796Z ##[endgroup]
build-and-deploy	Build and Push Frontend	2026-02-17T12:54:48.9086566Z ##[group]Digest
build-and-deploy	Build and Push Frontend	2026-02-17T12:54:48.9087200Z sha256:905f79d1dbd46bdb0f854ab065260ae47d0b4a847200d3aa6c0be5830a4674d4
build-and-deploy	Build and Push Frontend	2026-02-17T12:54:48.9088469Z ##[endgroup]
build-and-deploy	Build and Push Frontend	2026-02-17T12:54:48.9089121Z ##[group]Metadata
build-and-deploy	Build and Push Frontend	2026-02-17T12:54:48.9089500Z {
build-and-deploy	Build and Push Frontend	2026-02-17T12:54:48.9089839Z   "buildx.build.provenance": {
build-and-deploy	Build and Push Frontend	2026-02-17T12:54:48.9092725Z     "builder": {
build-and-deploy	Build and Push Frontend	2026-02-17T12:54:48.9093306Z       "id": ""
build-and-deploy	Build and Push Frontend	2026-02-17T12:54:48.9093511Z     },
build-and-deploy	Build and Push Frontend	2026-02-17T12:54:48.9093797Z     "buildType": "https://mobyproject.org/buildkit@v1",
build-and-deploy	Build and Push Frontend	2026-02-17T12:54:48.9094131Z     "materials": [
build-and-deploy	Build and Push Frontend	2026-02-17T12:54:48.9094345Z       {
build-and-deploy	Build and Push Frontend	2026-02-17T12:54:48.9094613Z         "uri": "pkg:docker/nginx@alpine?platform=linux%2Famd64",
build-and-deploy	Build and Push Frontend	2026-02-17T12:54:48.9094938Z         "digest": {
build-and-deploy	Build and Push Frontend	2026-02-17T12:54:48.9095319Z           "sha256": "1d13701a5f9f3fb01aaa88cef2344d65b6b5bf6b7d9fa4cf0dca557a8d7702ba"
build-and-deploy	Build and Push Frontend	2026-02-17T12:54:48.9095863Z         }
build-and-deploy	Build and Push Frontend	2026-02-17T12:54:48.9096088Z       },
build-and-deploy	Build and Push Frontend	2026-02-17T12:54:48.9096275Z       {
build-and-deploy	Build and Push Frontend	2026-02-17T12:54:48.9096641Z         "uri": "pkg:docker/node@18-alpine?platform=linux%2Famd64",
build-and-deploy	Build and Push Frontend	2026-02-17T12:54:48.9096992Z         "digest": {
build-and-deploy	Build and Push Frontend	2026-02-17T12:54:48.9097333Z           "sha256": "8d6421d663b4c28fd3ebc498332f249011d118945588d0a35cb9bc4b8ca09d9e"
build-and-deploy	Build and Push Frontend	2026-02-17T12:54:48.9097997Z         }
build-and-deploy	Build and Push Frontend	2026-02-17T12:54:48.9098342Z       }
build-and-deploy	Build and Push Frontend	2026-02-17T12:54:48.9098661Z     ],
build-and-deploy	Build and Push Frontend	2026-02-17T12:54:48.9099012Z     "invocation": {
build-and-deploy	Build and Push Frontend	2026-02-17T12:54:48.9099408Z       "configSource": {
build-and-deploy	Build and Push Frontend	2026-02-17T12:54:48.9099851Z         "entryPoint": "Dockerfile"
build-and-deploy	Build and Push Frontend	2026-02-17T12:54:48.9100621Z       },
build-and-deploy	Build and Push Frontend	2026-02-17T12:54:48.9100987Z       "parameters": {
build-and-deploy	Build and Push Frontend	2026-02-17T12:54:48.9101436Z         "frontend": "dockerfile.v0",
build-and-deploy	Build and Push Frontend	2026-02-17T12:54:48.9101907Z         "args": {
build-and-deploy	Build and Push Frontend	2026-02-17T12:54:48.9102292Z           "no-cache": ""
build-and-deploy	Build and Push Frontend	2026-02-17T12:54:48.9102536Z         },
build-and-deploy	Build and Push Frontend	2026-02-17T12:54:48.9102722Z         "locals": [
build-and-deploy	Build and Push Frontend	2026-02-17T12:54:48.9102948Z           {
build-and-deploy	Build and Push Frontend	2026-02-17T12:54:48.9103171Z             "name": "context"
build-and-deploy	Build and Push Frontend	2026-02-17T12:54:48.9103434Z           },
build-and-deploy	Build and Push Frontend	2026-02-17T12:54:48.9103617Z           {
build-and-deploy	Build and Push Frontend	2026-02-17T12:54:48.9103831Z             "name": "dockerfile"
build-and-deploy	Build and Push Frontend	2026-02-17T12:54:48.9104099Z           }
build-and-deploy	Build and Push Frontend	2026-02-17T12:54:48.9104304Z         ]
build-and-deploy	Build and Push Frontend	2026-02-17T12:54:48.9104498Z       },
build-and-deploy	Build and Push Frontend	2026-02-17T12:54:48.9104694Z       "environment": {
build-and-deploy	Build and Push Frontend	2026-02-17T12:54:48.9104946Z         "platform": "linux/amd64"
build-and-deploy	Build and Push Frontend	2026-02-17T12:54:48.9105214Z       }
build-and-deploy	Build and Push Frontend	2026-02-17T12:54:48.9105419Z     }
build-and-deploy	Build and Push Frontend	2026-02-17T12:54:48.9105610Z   },
build-and-deploy	Build and Push Frontend	2026-02-17T12:54:48.9105912Z   "buildx.build.ref": "default/default/k1yxj72r09ta5bzedzt08duuj",
build-and-deploy	Build and Push Frontend	2026-02-17T12:54:48.9106826Z   "cache.manifest": "{\"mediaType\":\"application/vnd.oci.image.manifest.v1+json\",\"digest\":\"sha256:100dbc66730c76c43741e860bcd8d8e73bbc93ad1b88982dc6f375287d740382\",\"size\":6502}",
build-and-deploy	Build and Push Frontend	2026-02-17T12:54:48.9107652Z   "containerimage.descriptor": {
build-and-deploy	Build and Push Frontend	2026-02-17T12:54:48.9108008Z     "mediaType": "application/vnd.oci.image.index.v1+json",
build-and-deploy	Build and Push Frontend	2026-02-17T12:54:48.9108533Z     "digest": "sha256:905f79d1dbd46bdb0f854ab065260ae47d0b4a847200d3aa6c0be5830a4674d4",
build-and-deploy	Build and Push Frontend	2026-02-17T12:54:48.9109398Z     "size": 856
build-and-deploy	Build and Push Frontend	2026-02-17T12:54:48.9109596Z   },
build-and-deploy	Build and Push Frontend	2026-02-17T12:54:48.9110722Z   "containerimage.digest": "sha256:905f79d1dbd46bdb0f854ab065260ae47d0b4a847200d3aa6c0be5830a4674d4",
build-and-deploy	Build and Push Frontend	2026-02-17T12:54:48.9111748Z   "image.name": "docker.io/***/upgrade-frontend:latest"
build-and-deploy	Build and Push Frontend	2026-02-17T12:54:48.9112364Z }
build-and-deploy	Build and Push Frontend	2026-02-17T12:54:48.9113006Z ##[endgroup]
build-and-deploy	Deploy to Server via SSH	﻿2026-02-17T12:54:48.9256961Z ##[group]Run appleboy/ssh-action@v1.0.3
build-and-deploy	Deploy to Server via SSH	2026-02-17T12:54:48.9257304Z with:
build-and-deploy	Deploy to Server via SSH	2026-02-17T12:54:48.9257601Z   host: ***
build-and-deploy	Deploy to Server via SSH	2026-02-17T12:54:48.9257813Z   username: ***
build-and-deploy	Deploy to Server via SSH	2026-02-17T12:54:48.9259630Z   key: ***
build-and-deploy	Deploy to Server via SSH	2026-02-17T12:54:48.9269010Z   script: # Export variables for docker-compose
build-and-deploy	Deploy to Server via SSH	export DOCKER_USERNAME=***
build-and-deploy	Deploy to Server via SSH	
build-and-deploy	Deploy to Server via SSH	# Login to Docker Hub to avoid rate limits
build-and-deploy	Deploy to Server via SSH	echo "***" | docker login -u "***" --password-stdin
build-and-deploy	Deploy to Server via SSH	
build-and-deploy	Deploy to Server via SSH	# Pull the latest images
build-and-deploy	Deploy to Server via SSH	docker pull ***/upgrade-backend:latest
build-and-deploy	Deploy to Server via SSH	docker pull ***/upgrade-frontend:latest
build-and-deploy	Deploy to Server via SSH	
build-and-deploy	Deploy to Server via SSH	# Create project directory if it doesn't exist
build-and-deploy	Deploy to Server via SSH	mkdir -p ~/upgrade-crm
build-and-deploy	Deploy to Server via SSH	cd ~/upgrade-crm
build-and-deploy	Deploy to Server via SSH	
build-and-deploy	Deploy to Server via SSH	# Copy docker-compose.prod.yml if it's not there (this is a patch, ideally it should be copied from the repo)
build-and-deploy	Deploy to Server via SSH	# Since we can't easily copy from the runner to the server without SCP, we'll rely on the repo being there or creating the file.
build-and-deploy	Deploy to Server via SSH	# BETTER APPROACH: Clone/Pull the repo to get the latest docker-compose.prod.yml
build-and-deploy	Deploy to Server via SSH	
build-and-deploy	Deploy to Server via SSH	# Force sync with repository
build-and-deploy	Deploy to Server via SSH	if [ ! -d ".git" ]; then
build-and-deploy	Deploy to Server via SSH	  git clone https://github.com/stanisloveme-cloud/UPGRADE.git .
build-and-deploy	Deploy to Server via SSH	else
build-and-deploy	Deploy to Server via SSH	  git fetch --all
build-and-deploy	Deploy to Server via SSH	  git reset --hard origin/main
build-and-deploy	Deploy to Server via SSH	fi
build-and-deploy	Deploy to Server via SSH	
build-and-deploy	Deploy to Server via SSH	# DEBUG: Verify config file content
build-and-deploy	Deploy to Server via SSH	echo "=== DOCKER COMPOSE CONFIG ==="
build-and-deploy	Deploy to Server via SSH	cat docker-compose.prod.yml
build-and-deploy	Deploy to Server via SSH	
build-and-deploy	Deploy to Server via SSH	# Restart services using new images
build-and-deploy	Deploy to Server via SSH	# Tries 'docker compose' (v2) first, then 'docker-compose' (v1)
build-and-deploy	Deploy to Server via SSH	if command -v docker-compose &> /dev/null; then
build-and-deploy	Deploy to Server via SSH	    docker-compose -f docker-compose.prod.yml down
build-and-deploy	Deploy to Server via SSH	    docker-compose -f docker-compose.prod.yml up -d
build-and-deploy	Deploy to Server via SSH	else
build-and-deploy	Deploy to Server via SSH	    docker compose -f docker-compose.prod.yml down
build-and-deploy	Deploy to Server via SSH	    docker compose -f docker-compose.prod.yml up -d
build-and-deploy	Deploy to Server via SSH	fi
build-and-deploy	Deploy to Server via SSH	
build-and-deploy	Deploy to Server via SSH	# Run database migrations
build-and-deploy	Deploy to Server via SSH	echo "=== RUNNING MIGRATIONS ==="
build-and-deploy	Deploy to Server via SSH	# Wait for DB to be potentially ready (though healthcheck handles it)
build-and-deploy	Deploy to Server via SSH	sleep 10
build-and-deploy	Deploy to Server via SSH	# Run migration inside the app container
build-and-deploy	Deploy to Server via SSH	if command -v docker-compose &> /dev/null; then
build-and-deploy	Deploy to Server via SSH	    docker-compose -f docker-compose.prod.yml exec -T app npx prisma migrate deploy
build-and-deploy	Deploy to Server via SSH	else
build-and-deploy	Deploy to Server via SSH	    docker compose -f docker-compose.prod.yml exec -T app npx prisma migrate deploy
build-and-deploy	Deploy to Server via SSH	fi
build-and-deploy	Deploy to Server via SSH	
build-and-deploy	Deploy to Server via SSH	# Run database seeding (Create Admin, Events)
build-and-deploy	Deploy to Server via SSH	echo "=== RUNNING SEEDING ==="
build-and-deploy	Deploy to Server via SSH	if command -v docker-compose &> /dev/null; then
build-and-deploy	Deploy to Server via SSH	     docker-compose -f docker-compose.prod.yml exec -T app npx prisma db seed
build-and-deploy	Deploy to Server via SSH	else
build-and-deploy	Deploy to Server via SSH	     docker compose -f docker-compose.prod.yml exec -T app npx prisma db seed
build-and-deploy	Deploy to Server via SSH	fi
build-and-deploy	Deploy to Server via SSH	
build-and-deploy	Deploy to Server via SSH	# Prune unused images to save space
build-and-deploy	Deploy to Server via SSH	docker image prune -f
build-and-deploy	Deploy to Server via SSH	
build-and-deploy	Deploy to Server via SSH	# DEBUG: Show running containers and logs
build-and-deploy	Deploy to Server via SSH	echo "=== RUNNING CONTAINERS ==="
build-and-deploy	Deploy to Server via SSH	docker ps -a
build-and-deploy	Deploy to Server via SSH	
build-and-deploy	Deploy to Server via SSH	echo "=== NGINX CONFIG CHECKSUM ==="
build-and-deploy	Deploy to Server via SSH	# Check what config is actually running
build-and-deploy	Deploy to Server via SSH	if command -v docker-compose &> /dev/null; then
build-and-deploy	Deploy to Server via SSH	     docker-compose -f docker-compose.prod.yml exec -T frontend cat /etc/nginx/conf.d/default.conf
build-and-deploy	Deploy to Server via SSH	else
build-and-deploy	Deploy to Server via SSH	     docker compose -f docker-compose.prod.yml exec -T frontend cat /etc/nginx/conf.d/default.conf
build-and-deploy	Deploy to Server via SSH	fi
build-and-deploy	Deploy to Server via SSH	
build-and-deploy	Deploy to Server via SSH	echo "=== FRONTEND LOGS ==="
build-and-deploy	Deploy to Server via SSH	docker logs -n 20 upgrade-crm-frontend-1 || docker logs -n 20 upgrade-crm_frontend_1 || echo "Container name prediction failed"
build-and-deploy	Deploy to Server via SSH	
build-and-deploy	Deploy to Server via SSH	echo "=== BACKEND LOGS ==="
build-and-deploy	Deploy to Server via SSH	docker logs -n 50 upgrade-crm-app-1 || docker logs -n 50 upgrade-crm_app_1 || echo "Container name prediction failed"
build-and-deploy	Deploy to Server via SSH	
build-and-deploy	Deploy to Server via SSH	2026-02-17T12:54:48.9278416Z   port: 22
build-and-deploy	Deploy to Server via SSH	2026-02-17T12:54:48.9278617Z   timeout: 30s
build-and-deploy	Deploy to Server via SSH	2026-02-17T12:54:48.9278822Z   command_timeout: 10m
build-and-deploy	Deploy to Server via SSH	2026-02-17T12:54:48.9279049Z   proxy_port: 22
build-and-deploy	Deploy to Server via SSH	2026-02-17T12:54:48.9279253Z   proxy_timeout: 30s
build-and-deploy	Deploy to Server via SSH	2026-02-17T12:54:48.9279474Z ##[endgroup]
build-and-deploy	Deploy to Server via SSH	2026-02-17T12:54:48.9395485Z ##[command]/usr/bin/docker run --name f210ef09ebc799a4de2a08a9853879af676_7b69c9 --label 765f21 --workdir /github/workspace --rm -e "INPUT_HOST" -e "INPUT_USERNAME" -e "INPUT_KEY" -e "INPUT_SCRIPT" -e "INPUT_PORT" -e "INPUT_PASSPHRASE" -e "INPUT_PASSWORD" -e "INPUT_SYNC" -e "INPUT_USE_INSECURE_CIPHER" -e "INPUT_CIPHER" -e "INPUT_TIMEOUT" -e "INPUT_COMMAND_TIMEOUT" -e "INPUT_KEY_PATH" -e "INPUT_FINGERPRINT" -e "INPUT_PROXY_HOST" -e "INPUT_PROXY_PORT" -e "INPUT_PROXY_USERNAME" -e "INPUT_PROXY_PASSWORD" -e "INPUT_PROXY_PASSPHRASE" -e "INPUT_PROXY_TIMEOUT" -e "INPUT_PROXY_KEY" -e "INPUT_PROXY_KEY_PATH" -e "INPUT_PROXY_FINGERPRINT" -e "INPUT_PROXY_CIPHER" -e "INPUT_PROXY_USE_INSECURE_CIPHER" -e "INPUT_SCRIPT_STOP" -e "INPUT_ENVS" -e "INPUT_ENVS_FORMAT" -e "INPUT_DEBUG" -e "INPUT_ALLENVS" -e "INPUT_REQUEST_PTY" -e "HOME" -e "GITHUB_JOB" -e "GITHUB_REF" -e "GITHUB_SHA" -e "GITHUB_REPOSITORY" -e "GITHUB_REPOSITORY_OWNER" -e "GITHUB_REPOSITORY_OWNER_ID" -e "GITHUB_RUN_ID" -e "GITHUB_RUN_NUMBER" -e "GITHUB_RETENTION_DAYS" -e "GITHUB_RUN_ATTEMPT" -e "GITHUB_ACTOR_ID" -e "GITHUB_ACTOR" -e "GITHUB_WORKFLOW" -e "GITHUB_HEAD_REF" -e "GITHUB_BASE_REF" -e "GITHUB_EVENT_NAME" -e "GITHUB_SERVER_URL" -e "GITHUB_API_URL" -e "GITHUB_GRAPHQL_URL" -e "GITHUB_REF_NAME" -e "GITHUB_REF_PROTECTED" -e "GITHUB_REF_TYPE" -e "GITHUB_WORKFLOW_REF" -e "GITHUB_WORKFLOW_SHA" -e "GITHUB_REPOSITORY_ID" -e "GITHUB_TRIGGERING_ACTOR" -e "GITHUB_WORKSPACE" -e "GITHUB_ACTION" -e "GITHUB_EVENT_PATH" -e "GITHUB_ACTION_REPOSITORY" -e "GITHUB_ACTION_REF" -e "GITHUB_PATH" -e "GITHUB_ENV" -e "GITHUB_STEP_SUMMARY" -e "GITHUB_STATE" -e "GITHUB_OUTPUT" -e "RUNNER_OS" -e "RUNNER_ARCH" -e "RUNNER_NAME" -e "RUNNER_ENVIRONMENT" -e "RUNNER_TOOL_CACHE" -e "RUNNER_TEMP" -e "RUNNER_WORKSPACE" -e "ACTIONS_RUNTIME_URL" -e "ACTIONS_RUNTIME_TOKEN" -e "ACTIONS_CACHE_URL" -e "ACTIONS_RESULTS_URL" -e "ACTIONS_ORCHESTRATION_ID" -e GITHUB_ACTIONS=true -e CI=true -v "/var/run/docker.sock":"/var/run/docker.sock" -v "/home/runner/work/_temp":"/github/runner_temp" -v "/home/runner/work/_temp/_github_home":"/github/home" -v "/home/runner/work/_temp/_github_workflow":"/github/workflow" -v "/home/runner/work/_temp/_runner_file_commands":"/github/file_commands" -v "/home/runner/work/UPGRADE/UPGRADE":"/github/workspace" 765f21:0ef09ebc799a4de2a08a9853879af676
build-and-deploy	Deploy to Server via SSH	2026-02-17T12:54:49.1168205Z ======CMD======
build-and-deploy	Deploy to Server via SSH	2026-02-17T12:54:49.1168804Z # Export variables for docker-compose
build-and-deploy	Deploy to Server via SSH	2026-02-17T12:54:49.1169430Z export DOCKER_USERNAME=***
build-and-deploy	Deploy to Server via SSH	2026-02-17T12:54:49.1169739Z 
build-and-deploy	Deploy to Server via SSH	2026-02-17T12:54:49.1169877Z # Login to Docker Hub to avoid rate limits
build-and-deploy	Deploy to Server via SSH	2026-02-17T12:54:49.1170750Z echo "***" | docker login -u "***" --password-stdin
build-and-deploy	Deploy to Server via SSH	2026-02-17T12:54:49.1170988Z 
build-and-deploy	Deploy to Server via SSH	2026-02-17T12:54:49.1171093Z # Pull the latest images
build-and-deploy	Deploy to Server via SSH	2026-02-17T12:54:49.1171391Z docker pull ***/upgrade-backend:latest
build-and-deploy	Deploy to Server via SSH	2026-02-17T12:54:49.1171759Z docker pull ***/upgrade-frontend:latest
build-and-deploy	Deploy to Server via SSH	2026-02-17T12:54:49.1171959Z 
build-and-deploy	Deploy to Server via SSH	2026-02-17T12:54:49.1172084Z # Create project directory if it doesn't exist
build-and-deploy	Deploy to Server via SSH	2026-02-17T12:54:49.1172404Z mkdir -p ~/upgrade-crm
build-and-deploy	Deploy to Server via SSH	2026-02-17T12:54:49.1172642Z cd ~/upgrade-crm
build-and-deploy	Deploy to Server via SSH	2026-02-17T12:54:49.1172775Z 
build-and-deploy	Deploy to Server via SSH	2026-02-17T12:54:49.1173099Z # Copy docker-compose.prod.yml if it's not there (this is a patch, ideally it should be copied from the repo)
build-and-deploy	Deploy to Server via SSH	2026-02-17T12:54:49.1173850Z # Since we can't easily copy from the runner to the server without SCP, we'll rely on the repo being there or creating the file.
build-and-deploy	Deploy to Server via SSH	2026-02-17T12:54:49.1174528Z # BETTER APPROACH: Clone/Pull the repo to get the latest docker-compose.prod.yml
build-and-deploy	Deploy to Server via SSH	2026-02-17T12:54:49.1174859Z 
build-and-deploy	Deploy to Server via SSH	2026-02-17T12:54:49.1174972Z # Force sync with repository
build-and-deploy	Deploy to Server via SSH	2026-02-17T12:54:49.1175222Z if [ ! -d ".git" ]; then
build-and-deploy	Deploy to Server via SSH	2026-02-17T12:54:49.1175569Z   git clone https://github.com/stanisloveme-cloud/UPGRADE.git .
build-and-deploy	Deploy to Server via SSH	2026-02-17T12:54:49.1175926Z else
build-and-deploy	Deploy to Server via SSH	2026-02-17T12:54:49.1176122Z   git fetch --all
build-and-deploy	Deploy to Server via SSH	2026-02-17T12:54:49.1176350Z   git reset --hard origin/main
build-and-deploy	Deploy to Server via SSH	2026-02-17T12:54:49.1176591Z fi
build-and-deploy	Deploy to Server via SSH	2026-02-17T12:54:49.1176691Z 
build-and-deploy	Deploy to Server via SSH	2026-02-17T12:54:49.1176788Z # DEBUG: Verify config file content
build-and-deploy	Deploy to Server via SSH	2026-02-17T12:54:49.1177067Z echo "=== DOCKER COMPOSE CONFIG ==="
build-and-deploy	Deploy to Server via SSH	2026-02-17T12:54:49.1177346Z cat docker-compose.prod.yml
build-and-deploy	Deploy to Server via SSH	2026-02-17T12:54:49.1177511Z 
build-and-deploy	Deploy to Server via SSH	2026-02-17T12:54:49.1177616Z # Restart services using new images
build-and-deploy	Deploy to Server via SSH	2026-02-17T12:54:49.1177957Z # Tries 'docker compose' (v2) first, then 'docker-compose' (v1)
build-and-deploy	Deploy to Server via SSH	2026-02-17T12:54:49.1178626Z if command -v docker-compose &> /dev/null; then
build-and-deploy	Deploy to Server via SSH	2026-02-17T12:54:49.1178977Z     docker-compose -f docker-compose.prod.yml down
build-and-deploy	Deploy to Server via SSH	2026-02-17T12:54:49.1179335Z     docker-compose -f docker-compose.prod.yml up -d
build-and-deploy	Deploy to Server via SSH	2026-02-17T12:54:49.1179641Z else
build-and-deploy	Deploy to Server via SSH	2026-02-17T12:54:49.1179869Z     docker compose -f docker-compose.prod.yml down
build-and-deploy	Deploy to Server via SSH	2026-02-17T12:54:49.1180717Z     docker compose -f docker-compose.prod.yml up -d
build-and-deploy	Deploy to Server via SSH	2026-02-17T12:54:49.1181231Z fi
build-and-deploy	Deploy to Server via SSH	2026-02-17T12:54:49.1181405Z 
build-and-deploy	Deploy to Server via SSH	2026-02-17T12:54:49.1181713Z # Run database migrations
build-and-deploy	Deploy to Server via SSH	2026-02-17T12:54:49.1181980Z echo "=== RUNNING MIGRATIONS ==="
build-and-deploy	Deploy to Server via SSH	2026-02-17T12:54:49.1182341Z # Wait for DB to be potentially ready (though healthcheck handles it)
build-and-deploy	Deploy to Server via SSH	2026-02-17T12:54:49.1182695Z sleep 10
build-and-deploy	Deploy to Server via SSH	2026-02-17T12:54:49.1182912Z # Run migration inside the app container
build-and-deploy	Deploy to Server via SSH	2026-02-17T12:54:49.1183232Z if command -v docker-compose &> /dev/null; then
build-and-deploy	Deploy to Server via SSH	2026-02-17T12:54:49.1183688Z     docker-compose -f docker-compose.prod.yml exec -T app npx prisma migrate deploy
build-and-deploy	Deploy to Server via SSH	2026-02-17T12:54:49.1184102Z else
build-and-deploy	Deploy to Server via SSH	2026-02-17T12:54:49.1184430Z     docker compose -f docker-compose.prod.yml exec -T app npx prisma migrate deploy
build-and-deploy	Deploy to Server via SSH	2026-02-17T12:54:49.1184828Z fi
build-and-deploy	Deploy to Server via SSH	2026-02-17T12:54:49.1184925Z 
build-and-deploy	Deploy to Server via SSH	2026-02-17T12:54:49.1185045Z # Run database seeding (Create Admin, Events)
build-and-deploy	Deploy to Server via SSH	2026-02-17T12:54:49.1185334Z echo "=== RUNNING SEEDING ==="
build-and-deploy	Deploy to Server via SSH	2026-02-17T12:54:49.1185623Z if command -v docker-compose &> /dev/null; then
build-and-deploy	Deploy to Server via SSH	2026-02-17T12:54:49.1186040Z      docker-compose -f docker-compose.prod.yml exec -T app npx prisma db seed
build-and-deploy	Deploy to Server via SSH	2026-02-17T12:54:49.1186426Z else
build-and-deploy	Deploy to Server via SSH	2026-02-17T12:54:49.1186728Z      docker compose -f docker-compose.prod.yml exec -T app npx prisma db seed
build-and-deploy	Deploy to Server via SSH	2026-02-17T12:54:49.1187096Z fi
build-and-deploy	Deploy to Server via SSH	2026-02-17T12:54:49.1187197Z 
build-and-deploy	Deploy to Server via SSH	2026-02-17T12:54:49.1187302Z # Prune unused images to save space
build-and-deploy	Deploy to Server via SSH	2026-02-17T12:54:49.1187573Z docker image prune -f
build-and-deploy	Deploy to Server via SSH	2026-02-17T12:54:49.1187728Z 
build-and-deploy	Deploy to Server via SSH	2026-02-17T12:54:49.1187836Z # DEBUG: Show running containers and logs
build-and-deploy	Deploy to Server via SSH	2026-02-17T12:54:49.1188131Z echo "=== RUNNING CONTAINERS ==="
build-and-deploy	Deploy to Server via SSH	2026-02-17T12:54:49.1188392Z docker ps -a
build-and-deploy	Deploy to Server via SSH	2026-02-17T12:54:49.1188523Z 
build-and-deploy	Deploy to Server via SSH	2026-02-17T12:54:49.1188625Z echo "=== NGINX CONFIG CHECKSUM ==="
build-and-deploy	Deploy to Server via SSH	2026-02-17T12:54:49.1188903Z # Check what config is actually running
build-and-deploy	Deploy to Server via SSH	2026-02-17T12:54:49.1203115Z if command -v docker-compose &> /dev/null; then
build-and-deploy	Deploy to Server via SSH	2026-02-17T12:54:49.1203934Z      docker-compose -f docker-compose.prod.yml exec -T frontend cat /etc/nginx/conf.d/default.conf
build-and-deploy	Deploy to Server via SSH	2026-02-17T12:54:49.1204439Z else
build-and-deploy	Deploy to Server via SSH	2026-02-17T12:54:49.1204839Z      docker compose -f docker-compose.prod.yml exec -T frontend cat /etc/nginx/conf.d/default.conf
build-and-deploy	Deploy to Server via SSH	2026-02-17T12:54:49.1205313Z fi
build-and-deploy	Deploy to Server via SSH	2026-02-17T12:54:49.1205429Z 
build-and-deploy	Deploy to Server via SSH	2026-02-17T12:54:49.1205535Z echo "=== FRONTEND LOGS ==="
build-and-deploy	Deploy to Server via SSH	2026-02-17T12:54:49.1206109Z docker logs -n 20 upgrade-crm-frontend-1 || docker logs -n 20 upgrade-crm_frontend_1 || echo "Container name prediction failed"
build-and-deploy	Deploy to Server via SSH	2026-02-17T12:54:49.1206581Z 
build-and-deploy	Deploy to Server via SSH	2026-02-17T12:54:49.1206700Z echo "=== BACKEND LOGS ==="
build-and-deploy	Deploy to Server via SSH	2026-02-17T12:54:49.1207211Z docker logs -n 50 upgrade-crm-app-1 || docker logs -n 50 upgrade-crm_app_1 || echo "Container name prediction failed"
build-and-deploy	Deploy to Server via SSH	2026-02-17T12:54:49.1207646Z 
build-and-deploy	Deploy to Server via SSH	2026-02-17T12:54:49.1207730Z ======END======
build-and-deploy	Deploy to Server via SSH	2026-02-17T12:54:52.5715175Z out: Login Succeeded
build-and-deploy	Deploy to Server via SSH	2026-02-17T12:54:54.0007302Z out: latest: Pulling from ***/upgrade-backend
build-and-deploy	Deploy to Server via SSH	2026-02-17T12:54:54.4684905Z out: 589002ba0eae: Already exists
build-and-deploy	Deploy to Server via SSH	2026-02-17T12:54:54.4763559Z out: ad6d96c196e3: Already exists
build-and-deploy	Deploy to Server via SSH	2026-02-17T12:54:54.4803581Z out: eb87f4721c91: Already exists
build-and-deploy	Deploy to Server via SSH	2026-02-17T12:54:54.4864206Z out: e31b20165522: Already exists
build-and-deploy	Deploy to Server via SSH	2026-02-17T12:54:54.4942144Z out: 1b100f0c4d8d: Already exists
build-and-deploy	Deploy to Server via SSH	2026-02-17T12:54:54.5026610Z out: fbb15fc6ab40: Already exists
build-and-deploy	Deploy to Server via SSH	2026-02-17T12:54:54.5075589Z out: 7484bed79808: Already exists
build-and-deploy	Deploy to Server via SSH	2026-02-17T12:54:54.5124078Z out: 5285ab334e59: Already exists
build-and-deploy	Deploy to Server via SSH	2026-02-17T12:54:54.5164226Z out: 3b90b08620d5: Already exists
build-and-deploy	Deploy to Server via SSH	2026-02-17T12:54:54.5207163Z out: 6fdda87a9068: Pulling fs layer
build-and-deploy	Deploy to Server via SSH	2026-02-17T12:54:54.6153676Z out: 6b9f9ab4fcc9: Pulling fs layer
build-and-deploy	Deploy to Server via SSH	2026-02-17T12:54:54.6154235Z out: 070908bfb6f3: Pulling fs layer
build-and-deploy	Deploy to Server via SSH	2026-02-17T12:54:54.6154734Z out: 39a964c67808: Pulling fs layer
build-and-deploy	Deploy to Server via SSH	2026-02-17T12:54:54.6155352Z out: 39a964c67808: Waiting
build-and-deploy	Deploy to Server via SSH	2026-02-17T12:54:55.1387470Z out: 6b9f9ab4fcc9: Verifying Checksum
build-and-deploy	Deploy to Server via SSH	2026-02-17T12:54:55.1395816Z out: 6b9f9ab4fcc9: Download complete
build-and-deploy	Deploy to Server via SSH	2026-02-17T12:54:55.1467682Z out: 070908bfb6f3: Verifying Checksum
build-and-deploy	Deploy to Server via SSH	2026-02-17T12:54:55.1468157Z out: 070908bfb6f3: Download complete
build-and-deploy	Deploy to Server via SSH	2026-02-17T12:54:55.4015322Z out: 6fdda87a9068: Verifying Checksum
build-and-deploy	Deploy to Server via SSH	2026-02-17T12:54:55.4016094Z out: 6fdda87a9068: Download complete
build-and-deploy	Deploy to Server via SSH	2026-02-17T12:54:55.5400921Z out: 6fdda87a9068: Pull complete
build-and-deploy	Deploy to Server via SSH	2026-02-17T12:54:55.6374250Z out: 6b9f9ab4fcc9: Pull complete
build-and-deploy	Deploy to Server via SSH	2026-02-17T12:54:55.7780476Z out: 070908bfb6f3: Pull complete
build-and-deploy	Deploy to Server via SSH	2026-02-17T12:54:55.8681397Z out: 39a964c67808: Verifying Checksum
build-and-deploy	Deploy to Server via SSH	2026-02-17T12:54:55.8682115Z out: 39a964c67808: Download complete
build-and-deploy	Deploy to Server via SSH	2026-02-17T12:54:55.9536581Z out: 39a964c67808: Pull complete
build-and-deploy	Deploy to Server via SSH	2026-02-17T12:54:55.9686101Z out: Digest: sha256:2b87f36e2d8c6a266fee994c10c7c3a95b1b2ca3a3408a31587933fe03fe97da
build-and-deploy	Deploy to Server via SSH	2026-02-17T12:54:55.9799117Z out: Status: Downloaded newer image for ***/upgrade-backend:latest
build-and-deploy	Deploy to Server via SSH	2026-02-17T12:54:55.9808898Z out: docker.io/***/upgrade-backend:latest
build-and-deploy	Deploy to Server via SSH	2026-02-17T12:54:57.4481512Z out: latest: Pulling from ***/upgrade-frontend
build-and-deploy	Deploy to Server via SSH	2026-02-17T12:54:57.8829173Z out: 589002ba0eae: Already exists
build-and-deploy	Deploy to Server via SSH	2026-02-17T12:54:57.8889125Z out: bca5d04786e1: Already exists
build-and-deploy	Deploy to Server via SSH	2026-02-17T12:54:57.8937974Z out: 3e2c181db1b0: Already exists
build-and-deploy	Deploy to Server via SSH	2026-02-17T12:54:57.8996510Z out: 6b7b6c7061b7: Already exists
build-and-deploy	Deploy to Server via SSH	2026-02-17T12:54:57.9034919Z out: 399d0898a94e: Already exists
build-and-deploy	Deploy to Server via SSH	2026-02-17T12:54:57.9082862Z out: 955a8478f9ac: Already exists
build-and-deploy	Deploy to Server via SSH	2026-02-17T12:54:57.9125832Z out: 6d397a54a185: Already exists
build-and-deploy	Deploy to Server via SSH	2026-02-17T12:54:57.9171838Z out: 5e7756927bef: Already exists
build-and-deploy	Deploy to Server via SSH	2026-02-17T12:54:57.9209402Z out: 6e5d742e0b10: Pulling fs layer
build-and-deploy	Deploy to Server via SSH	2026-02-17T12:54:57.9210279Z out: cbfd47f303d8: Pulling fs layer
build-and-deploy	Deploy to Server via SSH	2026-02-17T12:54:58.5962127Z out: cbfd47f303d8: Verifying Checksum
build-and-deploy	Deploy to Server via SSH	2026-02-17T12:54:58.5962638Z out: cbfd47f303d8: Download complete
build-and-deploy	Deploy to Server via SSH	2026-02-17T12:54:58.8632740Z out: 6e5d742e0b10: Verifying Checksum
build-and-deploy	Deploy to Server via SSH	2026-02-17T12:54:58.8633324Z out: 6e5d742e0b10: Download complete
build-and-deploy	Deploy to Server via SSH	2026-02-17T12:54:58.9298946Z out: 6e5d742e0b10: Pull complete
build-and-deploy	Deploy to Server via SSH	2026-02-17T12:54:58.9685862Z out: cbfd47f303d8: Pull complete
build-and-deploy	Deploy to Server via SSH	2026-02-17T12:54:58.9892384Z out: Digest: sha256:905f79d1dbd46bdb0f854ab065260ae47d0b4a847200d3aa6c0be5830a4674d4
build-and-deploy	Deploy to Server via SSH	2026-02-17T12:54:58.9970491Z out: Status: Downloaded newer image for ***/upgrade-frontend:latest
build-and-deploy	Deploy to Server via SSH	2026-02-17T12:54:59.0008342Z out: docker.io/***/upgrade-frontend:latest
build-and-deploy	Deploy to Server via SSH	2026-02-17T12:54:59.6428617Z err: From https://github.com/stanisloveme-cloud/UPGRADE
build-and-deploy	Deploy to Server via SSH	2026-02-17T12:54:59.6429235Z err:    79b47e2..30ac81d  main       -> origin/main
build-and-deploy	Deploy to Server via SSH	2026-02-17T12:54:59.6593237Z out: HEAD is now at 30ac81d chore(ci): add backend logs for debugging
build-and-deploy	Deploy to Server via SSH	2026-02-17T12:54:59.6596375Z out: === DOCKER COMPOSE CONFIG ===
build-and-deploy	Deploy to Server via SSH	2026-02-17T12:54:59.6641336Z out: services:
build-and-deploy	Deploy to Server via SSH	2026-02-17T12:54:59.6642191Z out:   app:
build-and-deploy	Deploy to Server via SSH	2026-02-17T12:54:59.6642811Z out:     # Use image from Docker Hub (built by CI/CD)
build-and-deploy	Deploy to Server via SSH	2026-02-17T12:54:59.6643655Z out:     image: ${DOCKER_USERNAME}/upgrade-backend:latest
build-and-deploy	Deploy to Server via SSH	2026-02-17T12:54:59.6644391Z out:     ports:
build-and-deploy	Deploy to Server via SSH	2026-02-17T12:54:59.6644859Z out:       - '3000:3000'
build-and-deploy	Deploy to Server via SSH	2026-02-17T12:54:59.6645397Z out:     environment:
build-and-deploy	Deploy to Server via SSH	2026-02-17T12:54:59.6647878Z out:       DATABASE_URL: ***db:5432/upgrade_crm
build-and-deploy	Deploy to Server via SSH	2026-02-17T12:54:59.6648256Z out:       POSTGRES_USER: upgrade
build-and-deploy	Deploy to Server via SSH	2026-02-17T12:54:59.6648579Z out:       POSTGRES_PASSWORD: upgrade_pass
build-and-deploy	Deploy to Server via SSH	2026-02-17T12:54:59.6648915Z out:       POSTGRES_DB: upgrade_crm
build-and-deploy	Deploy to Server via SSH	2026-02-17T12:54:59.6649235Z out:       # Allow frontend CORS if needed
build-and-deploy	Deploy to Server via SSH	2026-02-17T12:54:59.6649637Z out:       FRONTEND_URL: http://devupgrade.***.ru
build-and-deploy	Deploy to Server via SSH	2026-02-17T12:54:59.6650157Z out:     depends_on:
build-and-deploy	Deploy to Server via SSH	2026-02-17T12:54:59.6650401Z out:       db:
build-and-deploy	Deploy to Server via SSH	2026-02-17T12:54:59.6650649Z out:         condition: service_healthy
build-and-deploy	Deploy to Server via SSH	2026-02-17T12:54:59.6650954Z out:     restart: always
build-and-deploy	Deploy to Server via SSH	2026-02-17T12:54:59.6651216Z out:   frontend:
build-and-deploy	Deploy to Server via SSH	2026-02-17T12:54:59.6651492Z out:     # Use image from Docker Hub (built by CI/CD)
build-and-deploy	Deploy to Server via SSH	2026-02-17T12:54:59.6651895Z out:     image: ${DOCKER_USERNAME}/upgrade-frontend:latest
build-and-deploy	Deploy to Server via SSH	2026-02-17T12:54:59.6652447Z out:     ports:
build-and-deploy	Deploy to Server via SSH	2026-02-17T12:54:59.6652675Z out:       - '80:80'
build-and-deploy	Deploy to Server via SSH	2026-02-17T12:54:59.6652911Z out:     depends_on:
build-and-deploy	Deploy to Server via SSH	2026-02-17T12:54:59.6653152Z out:       - app
build-and-deploy	Deploy to Server via SSH	2026-02-17T12:54:59.6653385Z out:     restart: always
build-and-deploy	Deploy to Server via SSH	2026-02-17T12:54:59.6653638Z out:   db:
build-and-deploy	Deploy to Server via SSH	2026-02-17T12:54:59.6653869Z out:     image: postgres:15-alpine
build-and-deploy	Deploy to Server via SSH	2026-02-17T12:54:59.6654166Z out:     environment:
build-and-deploy	Deploy to Server via SSH	2026-02-17T12:54:59.6654430Z out:       POSTGRES_USER: upgrade
build-and-deploy	Deploy to Server via SSH	2026-02-17T12:54:59.6654887Z out:       POSTGRES_PASSWORD: upgrade_pass
build-and-deploy	Deploy to Server via SSH	2026-02-17T12:54:59.6655215Z out:       POSTGRES_DB: upgrade_crm
build-and-deploy	Deploy to Server via SSH	2026-02-17T12:54:59.6655475Z out:     volumes:
build-and-deploy	Deploy to Server via SSH	2026-02-17T12:54:59.6655717Z out:       - pgdata:/var/lib/postgresql/data
build-and-deploy	Deploy to Server via SSH	2026-02-17T12:54:59.6656008Z out:     healthcheck:
build-and-deploy	Deploy to Server via SSH	2026-02-17T12:54:59.6656319Z out:       test: [ 'CMD-SHELL', 'pg_isready -U upgrade -d upgrade_crm' ]
build-and-deploy	Deploy to Server via SSH	2026-02-17T12:54:59.6656669Z out:       interval: 5s
build-and-deploy	Deploy to Server via SSH	2026-02-17T12:54:59.6656889Z out:       timeout: 5s
build-and-deploy	Deploy to Server via SSH	2026-02-17T12:54:59.6657104Z out:       retries: 5
build-and-deploy	Deploy to Server via SSH	2026-02-17T12:54:59.6657320Z out:     restart: always
build-and-deploy	Deploy to Server via SSH	2026-02-17T12:54:59.6657548Z out: volumes:
build-and-deploy	Deploy to Server via SSH	2026-02-17T12:54:59.6657741Z out:   pgdata:
build-and-deploy	Deploy to Server via SSH	2026-02-17T12:54:59.8521051Z err:  Container upgrade-crm-frontend-1  Stopping
build-and-deploy	Deploy to Server via SSH	2026-02-17T12:54:59.8628286Z err:  Container upgrade-crm-frontend-1  Stopped
build-and-deploy	Deploy to Server via SSH	2026-02-17T12:54:59.8628796Z err:  Container upgrade-crm-frontend-1  Removing
build-and-deploy	Deploy to Server via SSH	2026-02-17T12:54:59.8849377Z err:  Container upgrade-crm-frontend-1  Removed
build-and-deploy	Deploy to Server via SSH	2026-02-17T12:54:59.8863938Z err:  Container upgrade-crm-app-1  Stopping
build-and-deploy	Deploy to Server via SSH	2026-02-17T12:54:59.8938009Z err:  Container upgrade-crm-app-1  Stopped
build-and-deploy	Deploy to Server via SSH	2026-02-17T12:54:59.8938586Z err:  Container upgrade-crm-app-1  Removing
build-and-deploy	Deploy to Server via SSH	2026-02-17T12:54:59.9127243Z err:  Container upgrade-crm-app-1  Removed
build-and-deploy	Deploy to Server via SSH	2026-02-17T12:54:59.9128042Z err:  Container upgrade-crm-db-1  Stopping
build-and-deploy	Deploy to Server via SSH	2026-02-17T12:55:00.2438600Z err:  Container upgrade-crm-db-1  Stopped
build-and-deploy	Deploy to Server via SSH	2026-02-17T12:55:00.2439212Z err:  Container upgrade-crm-db-1  Removing
build-and-deploy	Deploy to Server via SSH	2026-02-17T12:55:00.2736737Z err:  Container upgrade-crm-db-1  Removed
build-and-deploy	Deploy to Server via SSH	2026-02-17T12:55:00.2767216Z err:  Network upgrade-crm_default  Removing
build-and-deploy	Deploy to Server via SSH	2026-02-17T12:55:00.2768057Z err:  Network upgrade-crm_default  Resource is still in use
build-and-deploy	Deploy to Server via SSH	2026-02-17T12:55:00.4354975Z err: time="2026-02-17T12:55:00Z" level=warning msg="Found orphan containers ([upgrade-crm-redis-1]) for this project. If you removed or renamed this service in your compose file, you can run this command with the --remove-orphans flag to clean it up."
build-and-deploy	Deploy to Server via SSH	2026-02-17T12:55:00.4356556Z err:  Container upgrade-crm-db-1  Creating
build-and-deploy	Deploy to Server via SSH	2026-02-17T12:55:00.5120409Z err:  Container upgrade-crm-db-1  Created
build-and-deploy	Deploy to Server via SSH	2026-02-17T12:55:00.5120948Z err:  Container upgrade-crm-app-1  Creating
build-and-deploy	Deploy to Server via SSH	2026-02-17T12:55:00.5837664Z err:  Container upgrade-crm-app-1  Created
build-and-deploy	Deploy to Server via SSH	2026-02-17T12:55:00.5838345Z err:  Container upgrade-crm-frontend-1  Creating
build-and-deploy	Deploy to Server via SSH	2026-02-17T12:55:00.6367421Z err:  Container upgrade-crm-frontend-1  Created
build-and-deploy	Deploy to Server via SSH	2026-02-17T12:55:00.6406404Z err:  Container upgrade-crm-db-1  Starting
build-and-deploy	Deploy to Server via SSH	2026-02-17T12:55:00.9262246Z err:  Container upgrade-crm-db-1  Started
build-and-deploy	Deploy to Server via SSH	2026-02-17T12:55:00.9263051Z err:  Container upgrade-crm-db-1  Waiting
build-and-deploy	Deploy to Server via SSH	2026-02-17T12:55:06.4304816Z err:  Container upgrade-crm-db-1  Healthy
build-and-deploy	Deploy to Server via SSH	2026-02-17T12:55:06.4305378Z err:  Container upgrade-crm-app-1  Starting
build-and-deploy	Deploy to Server via SSH	2026-02-17T12:55:06.7937674Z err:  Container upgrade-crm-app-1  Started
build-and-deploy	Deploy to Server via SSH	2026-02-17T12:55:06.7939839Z err:  Container upgrade-crm-frontend-1  Starting
build-and-deploy	Deploy to Server via SSH	2026-02-17T12:55:07.2762203Z err:  Container upgrade-crm-frontend-1  Started
build-and-deploy	Deploy to Server via SSH	2026-02-17T12:55:07.2918714Z out: === RUNNING MIGRATIONS ===
build-and-deploy	Deploy to Server via SSH	2026-02-17T12:55:17.5147696Z err: Error response from daemon: Container 03e46d1bebe049aaf189d5de2cb4a9b23b52748edd1c892547917c1528ed8a0c is restarting, wait until the container is running
build-and-deploy	Deploy to Server via SSH	2026-02-17T12:55:17.5244126Z out: === RUNNING SEEDING ===
build-and-deploy	Deploy to Server via SSH	2026-02-17T12:55:17.6762533Z err: Error response from daemon: Container 03e46d1bebe049aaf189d5de2cb4a9b23b52748edd1c892547917c1528ed8a0c is restarting, wait until the container is running
build-and-deploy	Deploy to Server via SSH	2026-02-17T12:55:17.7884063Z out: Deleted Images:
build-and-deploy	Deploy to Server via SSH	2026-02-17T12:55:17.7885424Z out: untagged: ***/upgrade-frontend@sha256:5fb98ef408a775d7db4e0e1bf0d270db70da25542c0dd7b6a18e61962ba5a974
build-and-deploy	Deploy to Server via SSH	2026-02-17T12:55:17.7886388Z out: deleted: sha256:d4988d51c8c1267344051c4518987b85070471a6433c7ac49e087cd1413a37e2
build-and-deploy	Deploy to Server via SSH	2026-02-17T12:55:17.7887190Z out: deleted: sha256:393592f01ae846066f9962e55560f6cdb31ae59a39de0602740d7975b82aa06f
build-and-deploy	Deploy to Server via SSH	2026-02-17T12:55:17.7887981Z out: deleted: sha256:f8925cdad763af2343a22245e816acf9a712a6523b8c1d3488c39b4967fe1aeb
build-and-deploy	Deploy to Server via SSH	2026-02-17T12:55:17.7889146Z out: untagged: ***/upgrade-backend@sha256:4dbaabd13089708be735702d2f546a1fe81c1108e75b33ebf8004cfbb1cbfc93
build-and-deploy	Deploy to Server via SSH	2026-02-17T12:55:17.7890231Z out: deleted: sha256:23635daa25b9dc0205b648688d94600cd04b32ea5239b7c503ccab50a89eb79c
build-and-deploy	Deploy to Server via SSH	2026-02-17T12:55:17.7891015Z out: deleted: sha256:15a83b5b82743f331f1909ea1f06138a63ea5baaa19dbe7b2014b91a0d6ede5c
build-and-deploy	Deploy to Server via SSH	2026-02-17T12:55:17.7891798Z out: deleted: sha256:780a7bc982204df872cdbd3748a71fa18fe81a76a0300464c2354991e7f5a6c4
build-and-deploy	Deploy to Server via SSH	2026-02-17T12:55:17.7892564Z out: deleted: sha256:fb121a7386e51364d760b6556a1ad12932772c8176fe32281613993e9d479974
build-and-deploy	Deploy to Server via SSH	2026-02-17T12:55:17.7893343Z out: deleted: sha256:0ddc93822c5df9249b340b387b8ad230f08c01c5d9a2b19efb8a582589a42354
build-and-deploy	Deploy to Server via SSH	2026-02-17T12:55:17.7893949Z out: Total reclaimed space: 15.27MB
build-and-deploy	Deploy to Server via SSH	2026-02-17T12:55:17.7920365Z out: === RUNNING CONTAINERS ===
build-and-deploy	Deploy to Server via SSH	2026-02-17T12:55:17.8323290Z out: CONTAINER ID   IMAGE                               COMMAND                  CREATED          STATUS                        PORTS                                         NAMES
build-and-deploy	Deploy to Server via SSH	2026-02-17T12:55:17.8325843Z out: 153ccd2b6483   ***/upgrade-frontend:latest   "/docker-entrypoint.…"   17 seconds ago   Up 5 seconds                  0.0.0.0:80->80/tcp, [::]:80->80/tcp           upgrade-crm-frontend-1
build-and-deploy	Deploy to Server via SSH	2026-02-17T12:55:17.8327427Z out: 03e46d1bebe0   ***/upgrade-backend:latest    "docker-entrypoint.s…"   17 seconds ago   Restarting (1) 1 second ago                                                 upgrade-crm-app-1
build-and-deploy	Deploy to Server via SSH	2026-02-17T12:55:17.8328831Z out: 601760bde012   postgres:15-alpine                  "docker-entrypoint.s…"   17 seconds ago   Up 17 seconds (healthy)       5432/tcp                                      upgrade-crm-db-1
build-and-deploy	Deploy to Server via SSH	2026-02-17T12:55:17.8330511Z out: 331916f55d37   redis:7-alpine                      "docker-entrypoint.s…"   29 hours ago     Up 29 hours                   0.0.0.0:6379->6379/tcp, [::]:6379->6379/tcp   upgrade-crm-redis-1
build-and-deploy	Deploy to Server via SSH	2026-02-17T12:55:17.8374146Z out: === NGINX CONFIG CHECKSUM ===
build-and-deploy	Deploy to Server via SSH	2026-02-17T12:55:18.0794124Z out: server {
build-and-deploy	Deploy to Server via SSH	2026-02-17T12:55:18.0794625Z out:     listen 80;
build-and-deploy	Deploy to Server via SSH	2026-02-17T12:55:18.0795107Z out:     server_name localhost;
build-and-deploy	Deploy to Server via SSH	2026-02-17T12:55:18.0795735Z out:     *** /usr/share/nginx/html;
build-and-deploy	Deploy to Server via SSH	2026-02-17T12:55:18.0796284Z out:     index index.html;
build-and-deploy	Deploy to Server via SSH	2026-02-17T12:55:18.0796782Z out:     location / {
build-and-deploy	Deploy to Server via SSH	2026-02-17T12:55:18.0797315Z out:         try_files $uri $uri/ /index.html;
build-and-deploy	Deploy to Server via SSH	2026-02-17T12:55:18.0797943Z out:     }
build-and-deploy	Deploy to Server via SSH	2026-02-17T12:55:18.0798231Z out:     location ^~ /api/ {
build-and-deploy	Deploy to Server via SSH	2026-02-17T12:55:18.0798668Z out:         proxy_pass http://app:3000;
build-and-deploy	Deploy to Server via SSH	2026-02-17T12:55:18.0799122Z out:         proxy_http_version 1.1;
build-and-deploy	Deploy to Server via SSH	2026-02-17T12:55:18.0799564Z out:         proxy_set_header Upgrade $http_upgrade;
build-and-deploy	Deploy to Server via SSH	2026-02-17T12:55:18.0800316Z out:         proxy_set_header Connection 'upgrade';
build-and-deploy	Deploy to Server via SSH	2026-02-17T12:55:18.0800746Z out:         proxy_set_header Host $host;
build-and-deploy	Deploy to Server via SSH	2026-02-17T12:55:18.0801086Z out:         proxy_cache_bypass $http_upgrade;
build-and-deploy	Deploy to Server via SSH	2026-02-17T12:55:18.0801381Z out:     }
build-and-deploy	Deploy to Server via SSH	2026-02-17T12:55:18.0801584Z out:     location ^~ /auth/ {
build-and-deploy	Deploy to Server via SSH	2026-02-17T12:55:18.0801870Z out:         proxy_pass http://app:3000;
build-and-deploy	Deploy to Server via SSH	2026-02-17T12:55:18.0802180Z out:         proxy_http_version 1.1;
build-and-deploy	Deploy to Server via SSH	2026-02-17T12:55:18.0802482Z out:         proxy_set_header Upgrade $http_upgrade;
build-and-deploy	Deploy to Server via SSH	2026-02-17T12:55:18.0802824Z out:         proxy_set_header Connection 'upgrade';
build-and-deploy	Deploy to Server via SSH	2026-02-17T12:55:18.0803140Z out:         proxy_set_header Host $host;
build-and-deploy	Deploy to Server via SSH	2026-02-17T12:55:18.0803446Z out:         proxy_cache_bypass $http_upgrade;
build-and-deploy	Deploy to Server via SSH	2026-02-17T12:55:18.0803723Z out:     }
build-and-deploy	Deploy to Server via SSH	2026-02-17T12:55:18.0803936Z out:     error_page 500 502 503 504 /50x.html;
build-and-deploy	Deploy to Server via SSH	2026-02-17T12:55:18.0804227Z out:     location = /50x.html {
build-and-deploy	Deploy to Server via SSH	2026-02-17T12:55:18.0804776Z out:         *** /usr/share/nginx/html;
build-and-deploy	Deploy to Server via SSH	2026-02-17T12:55:18.0805049Z out:     }
build-and-deploy	Deploy to Server via SSH	2026-02-17T12:55:18.0805232Z out: }
build-and-deploy	Deploy to Server via SSH	2026-02-17T12:55:18.1011484Z out: === FRONTEND LOGS ===
build-and-deploy	Deploy to Server via SSH	2026-02-17T12:55:18.1450224Z out: /docker-entrypoint.sh: Launching /docker-entrypoint.d/10-listen-on-ipv6-by-default.sh
build-and-deploy	Deploy to Server via SSH	2026-02-17T12:55:18.1456437Z err: 2026/02/17 12:55:07 [emerg] 1#1: host not found in upstream "app" in /etc/nginx/conf.d/default.conf:13
build-and-deploy	Deploy to Server via SSH	2026-02-17T12:55:18.1457992Z err: nginx: [emerg] host not found in upstream "app" in /etc/nginx/conf.d/default.conf:13
build-and-deploy	Deploy to Server via SSH	2026-02-17T12:55:18.1458674Z err: 2026/02/17 12:55:13 [emerg] 1#1: host not found in upstream "app" in /etc/nginx/conf.d/default.conf:13
build-and-deploy	Deploy to Server via SSH	2026-02-17T12:55:18.1459417Z out: 10-listen-on-ipv6-by-default.sh: info: Getting the checksum of /etc/nginx/conf.d/default.conf
build-and-deploy	Deploy to Server via SSH	2026-02-17T12:55:18.1460331Z err: nginx: [emerg] host not found in upstream "app" in /etc/nginx/conf.d/default.conf:13
build-and-deploy	Deploy to Server via SSH	2026-02-17T12:55:18.1461079Z out: 10-listen-on-ipv6-by-default.sh: info: /etc/nginx/conf.d/default.conf differs from the packaged version
build-and-deploy	Deploy to Server via SSH	2026-02-17T12:55:18.1461823Z out: /docker-entrypoint.sh: Sourcing /docker-entrypoint.d/15-local-resolvers.envsh
build-and-deploy	Deploy to Server via SSH	2026-02-17T12:55:18.1462466Z out: /docker-entrypoint.sh: Launching /docker-entrypoint.d/20-envsubst-on-templates.sh
build-and-deploy	Deploy to Server via SSH	2026-02-17T12:55:18.1463130Z out: /docker-entrypoint.sh: Launching /docker-entrypoint.d/30-tune-worker-processes.sh
build-and-deploy	Deploy to Server via SSH	2026-02-17T12:55:18.1463735Z out: /docker-entrypoint.sh: Configuration complete; ready for start up
build-and-deploy	Deploy to Server via SSH	2026-02-17T12:55:18.1464312Z out: /docker-entrypoint.sh: /docker-entrypoint.d/ is not empty, will attempt to perform configuration
build-and-deploy	Deploy to Server via SSH	2026-02-17T12:55:18.1464940Z out: /docker-entrypoint.sh: Looking for shell scripts in /docker-entrypoint.d/
build-and-deploy	Deploy to Server via SSH	2026-02-17T12:55:18.1465516Z out: /docker-entrypoint.sh: Launching /docker-entrypoint.d/10-listen-on-ipv6-by-default.sh
build-and-deploy	Deploy to Server via SSH	2026-02-17T12:55:18.1466151Z out: 10-listen-on-ipv6-by-default.sh: info: Getting the checksum of /etc/nginx/conf.d/default.conf
build-and-deploy	Deploy to Server via SSH	2026-02-17T12:55:18.1466826Z out: 10-listen-on-ipv6-by-default.sh: info: /etc/nginx/conf.d/default.conf differs from the packaged version
build-and-deploy	Deploy to Server via SSH	2026-02-17T12:55:18.1467457Z out: /docker-entrypoint.sh: Sourcing /docker-entrypoint.d/15-local-resolvers.envsh
build-and-deploy	Deploy to Server via SSH	2026-02-17T12:55:18.1468011Z out: /docker-entrypoint.sh: Launching /docker-entrypoint.d/20-envsubst-on-templates.sh
build-and-deploy	Deploy to Server via SSH	2026-02-17T12:55:18.1468581Z out: /docker-entrypoint.sh: Launching /docker-entrypoint.d/30-tune-worker-processes.sh
build-and-deploy	Deploy to Server via SSH	2026-02-17T12:55:18.1469105Z out: /docker-entrypoint.sh: Configuration complete; ready for start up
build-and-deploy	Deploy to Server via SSH	2026-02-17T12:55:18.1533320Z out: === BACKEND LOGS ===
build-and-deploy	Deploy to Server via SSH	2026-02-17T12:55:18.1866876Z err:     at Module._load (node:internal/modules/cjs/loader:1038:27)
build-and-deploy	Deploy to Server via SSH	2026-02-17T12:55:18.1867584Z err:     at Function.executeUserEntryPoint [as runMain] (node:internal/modules/run_main:164:12)
build-and-deploy	Deploy to Server via SSH	2026-02-17T12:55:18.1868143Z err:     at node:internal/main/run_main_module:28:49 {
build-and-deploy	Deploy to Server via SSH	2026-02-17T12:55:18.1868481Z err:   code: 'MODULE_NOT_FOUND',
build-and-deploy	Deploy to Server via SSH	2026-02-17T12:55:18.1868763Z err:   requireStack: []
build-and-deploy	Deploy to Server via SSH	2026-02-17T12:55:18.1868996Z err: }
build-and-deploy	Deploy to Server via SSH	2026-02-17T12:55:18.1869190Z err: Node.js v20.20.0
build-and-deploy	Deploy to Server via SSH	2026-02-17T12:55:18.1869451Z err: node:internal/modules/cjs/loader:1210
build-and-deploy	Deploy to Server via SSH	2026-02-17T12:55:18.1869740Z err:   throw err;
build-and-deploy	Deploy to Server via SSH	2026-02-17T12:55:18.1870170Z err:   ^
build-and-deploy	Deploy to Server via SSH	2026-02-17T12:55:18.1870472Z err: Error: Cannot find module '/app/dist/main'
build-and-deploy	Deploy to Server via SSH	2026-02-17T12:55:18.1870912Z err:     at Module._resolveFilename (node:internal/modules/cjs/loader:1207:15)
build-and-deploy	Deploy to Server via SSH	2026-02-17T12:55:18.1871402Z err:     at Module._load (node:internal/modules/cjs/loader:1038:27)
build-and-deploy	Deploy to Server via SSH	2026-02-17T12:55:18.1871960Z err:     at Function.executeUserEntryPoint [as runMain] (node:internal/modules/run_main:164:12)
build-and-deploy	Deploy to Server via SSH	2026-02-17T12:55:18.1872482Z err:     at node:internal/main/run_main_module:28:49 {
build-and-deploy	Deploy to Server via SSH	2026-02-17T12:55:18.1872812Z err:   code: 'MODULE_NOT_FOUND',
build-and-deploy	Deploy to Server via SSH	2026-02-17T12:55:18.1873064Z err:   requireStack: []
build-and-deploy	Deploy to Server via SSH	2026-02-17T12:55:18.1873276Z err: }
build-and-deploy	Deploy to Server via SSH	2026-02-17T12:55:18.1873465Z err: Node.js v20.20.0
build-and-deploy	Deploy to Server via SSH	2026-02-17T12:55:18.1873701Z err: node:internal/modules/cjs/loader:1210
build-and-deploy	Deploy to Server via SSH	2026-02-17T12:55:18.1874169Z err:   throw err;
build-and-deploy	Deploy to Server via SSH	2026-02-17T12:55:18.1874370Z err:   ^
build-and-deploy	Deploy to Server via SSH	2026-02-17T12:55:18.1874592Z err: Error: Cannot find module '/app/dist/main'
build-and-deploy	Deploy to Server via SSH	2026-02-17T12:55:18.1874998Z err:     at Module._resolveFilename (node:internal/modules/cjs/loader:1207:15)
build-and-deploy	Deploy to Server via SSH	2026-02-17T12:55:18.1875465Z err:     at Module._load (node:internal/modules/cjs/loader:1038:27)
build-and-deploy	Deploy to Server via SSH	2026-02-17T12:55:18.1875985Z err:     at Function.executeUserEntryPoint [as runMain] (node:internal/modules/run_main:164:12)
build-and-deploy	Deploy to Server via SSH	2026-02-17T12:55:18.1876601Z err:     at node:internal/main/run_main_module:28:49 {
build-and-deploy	Deploy to Server via SSH	2026-02-17T12:55:18.1876910Z err:   code: 'MODULE_NOT_FOUND',
build-and-deploy	Deploy to Server via SSH	2026-02-17T12:55:18.1877164Z err:   requireStack: []
build-and-deploy	Deploy to Server via SSH	2026-02-17T12:55:18.1877385Z err: }
build-and-deploy	Deploy to Server via SSH	2026-02-17T12:55:18.1877570Z err: Node.js v20.20.0
build-and-deploy	Deploy to Server via SSH	2026-02-17T12:55:18.1877818Z err: node:internal/modules/cjs/loader:1210
build-and-deploy	Deploy to Server via SSH	2026-02-17T12:55:18.1878317Z err:   throw err;
build-and-deploy	Deploy to Server via SSH	2026-02-17T12:55:18.1878769Z err:   ^
build-and-deploy	Deploy to Server via SSH	2026-02-17T12:55:18.1879191Z err: Error: Cannot find module '/app/dist/main'
build-and-deploy	Deploy to Server via SSH	2026-02-17T12:55:18.1880893Z err:     at Module._resolveFilename (node:internal/modules/cjs/loader:1207:15)
build-and-deploy	Deploy to Server via SSH	2026-02-17T12:55:18.1881411Z err:     at Module._load (node:internal/modules/cjs/loader:1038:27)
build-and-deploy	Deploy to Server via SSH	2026-02-17T12:55:18.1881948Z err:     at Function.executeUserEntryPoint [as runMain] (node:internal/modules/run_main:164:12)
build-and-deploy	Deploy to Server via SSH	2026-02-17T12:55:18.1882473Z err:     at node:internal/main/run_main_module:28:49 {
build-and-deploy	Deploy to Server via SSH	2026-02-17T12:55:18.1882791Z err:   code: 'MODULE_NOT_FOUND',
build-and-deploy	Deploy to Server via SSH	2026-02-17T12:55:18.1883052Z err:   requireStack: []
build-and-deploy	Deploy to Server via SSH	2026-02-17T12:55:18.1883269Z err: }
build-and-deploy	Deploy to Server via SSH	2026-02-17T12:55:18.1883473Z err: Node.js v20.20.0
build-and-deploy	Deploy to Server via SSH	2026-02-17T12:55:18.1924821Z ==============================================
build-and-deploy	Deploy to Server via SSH	2026-02-17T12:55:18.1925823Z ✅ Successfully executed commands to all host.
build-and-deploy	Deploy to Server via SSH	2026-02-17T12:55:18.1926368Z ==============================================
build-and-deploy	Post Build and Push Frontend	﻿2026-02-17T12:55:18.2753672Z Post job cleanup.
build-and-deploy	Post Build and Push Frontend	2026-02-17T12:55:18.4995495Z ##[group]Removing temp folder /home/runner/work/_temp/docker-actions-toolkit-ID7PLt
build-and-deploy	Post Build and Push Frontend	2026-02-17T12:55:18.5009084Z ##[endgroup]
build-and-deploy	Post Build and Push Frontend	2026-02-17T12:55:18.5009719Z ##[group]Post cache
build-and-deploy	Post Build and Push Frontend	2026-02-17T12:55:18.5011495Z State not set
build-and-deploy	Post Build and Push Frontend	2026-02-17T12:55:18.5012448Z ##[endgroup]
build-and-deploy	Post Build and Push Backend	﻿2026-02-17T12:55:18.5148108Z Post job cleanup.
build-and-deploy	Post Build and Push Backend	2026-02-17T12:55:18.7360851Z ##[group]Removing temp folder /home/runner/work/_temp/docker-actions-toolkit-oB1Luh
build-and-deploy	Post Build and Push Backend	2026-02-17T12:55:18.7375747Z ##[endgroup]
build-and-deploy	Post Build and Push Backend	2026-02-17T12:55:18.7401067Z ##[group]Post cache
build-and-deploy	Post Build and Push Backend	2026-02-17T12:55:18.7401509Z State not set
build-and-deploy	Post Build and Push Backend	2026-02-17T12:55:18.7402118Z ##[endgroup]
build-and-deploy	Post Log in to Docker Hub	﻿2026-02-17T12:55:18.7486493Z Post job cleanup.
build-and-deploy	Post Log in to Docker Hub	2026-02-17T12:55:19.0509526Z ##[group]Logout from docker.io
build-and-deploy	Post Log in to Docker Hub	2026-02-17T12:55:19.0556588Z [command]/usr/bin/docker logout docker.io
build-and-deploy	Post Log in to Docker Hub	2026-02-17T12:55:19.0685216Z Removing login credentials for docker.io
build-and-deploy	Post Log in to Docker Hub	2026-02-17T12:55:19.0715548Z ##[endgroup]
build-and-deploy	Post Log in to Docker Hub	2026-02-17T12:55:19.0716209Z ##[group]Post cache
build-and-deploy	Post Log in to Docker Hub	2026-02-17T12:55:19.0717391Z State not set
build-and-deploy	Post Log in to Docker Hub	2026-02-17T12:55:19.0718306Z ##[endgroup]
build-and-deploy	Post Checkout code	﻿2026-02-17T12:55:19.0854929Z Post job cleanup.
build-and-deploy	Post Checkout code	2026-02-17T12:55:19.1806580Z [command]/usr/bin/git version
build-and-deploy	Post Checkout code	2026-02-17T12:55:19.1849111Z git version 2.52.0
build-and-deploy	Post Checkout code	2026-02-17T12:55:19.1895032Z Temporarily overriding HOME='/home/runner/work/_temp/429e0abf-0310-4c8d-bfe5-adafc522a208' before making global git config changes
build-and-deploy	Post Checkout code	2026-02-17T12:55:19.1896399Z Adding repository directory to the temporary git global config as a safe directory
build-and-deploy	Post Checkout code	2026-02-17T12:55:19.1900716Z [command]/usr/bin/git config --global --add safe.directory /home/runner/work/UPGRADE/UPGRADE
build-and-deploy	Post Checkout code	2026-02-17T12:55:19.1942591Z [command]/usr/bin/git config --local --name-only --get-regexp core\.sshCommand
build-and-deploy	Post Checkout code	2026-02-17T12:55:19.1975652Z [command]/usr/bin/git submodule foreach --recursive sh -c "git config --local --name-only --get-regexp 'core\.sshCommand' && git config --local --unset-all 'core.sshCommand' || :"
build-and-deploy	Post Checkout code	2026-02-17T12:55:19.2214652Z [command]/usr/bin/git config --local --name-only --get-regexp http\.https\:\/\/github\.com\/\.extraheader
build-and-deploy	Post Checkout code	2026-02-17T12:55:19.2235666Z http.https://github.com/.extraheader
build-and-deploy	Post Checkout code	2026-02-17T12:55:19.2247822Z [command]/usr/bin/git config --local --unset-all http.https://github.com/.extraheader
build-and-deploy	Post Checkout code	2026-02-17T12:55:19.2280318Z [command]/usr/bin/git submodule foreach --recursive sh -c "git config --local --name-only --get-regexp 'http\.https\:\/\/github\.com\/\.extraheader' && git config --local --unset-all 'http.https://github.com/.extraheader' || :"
build-and-deploy	Post Checkout code	2026-02-17T12:55:19.2511814Z [command]/usr/bin/git config --local --name-only --get-regexp ^includeIf\.gitdir:
build-and-deploy	Post Checkout code	2026-02-17T12:55:19.2543279Z [command]/usr/bin/git submodule foreach --recursive git config --local --show-origin --name-only --get-regexp remote.origin.url
build-and-deploy	Complete job	﻿2026-02-17T12:55:19.2880171Z Cleaning up orphan processes
